npm : npm warn tar TAR_ENTRY_ERROR EPERM: operation not permitted, unlink 
'C:\Users\motaung\Desktop\Ark-main\Ark-main\node_modules\isexe\package.json.DELETE.9010d26edb58a5c80d31420dd8137793'
At line:1 char:58
+ ... esktop\Ark-main\Ark-main; npm install > build_output.txt 2>&1; npm ru ...
+                               ~~~~~~~~~~~~~~~~~~~~~~~~~~~~~~~~~~~
    + CategoryInfo          : NotSpecified: (npm warn tar TA...31420dd8137793':String) [], RemoteException
    + FullyQualifiedErrorId : NativeCommandError
 
npm warn tar TAR_ENTRY_ERROR EPERM: operation not permitted, unlink 
'C:\Users\motaung\Desktop\Ark-main\Ark-main\node_modules\escalade\license.DELETE.72df65955a6fdfab2225724adad8a01b'
npm warn tar TAR_ENTRY_ERROR EPERM: operation not permitted, unlink 'C:\Users\motaung\Desktop\Ark-main\Ark-main\node_mo
dules\@jridgewell\trace-mapping\LICENSE.DELETE.717750a87b10288c44af0cf841352ffc'
npm warn tar TAR_ENTRY_ERROR EPERM: operation not permitted, unlink 'C:\Users\motaung\Desktop\Ark-main\Ark-main\node_mo
dules\@jridgewell\sourcemap-codec\LICENSE.DELETE.62f07311a2363b7cf89196baa8cfe1e5'
npm warn tar TAR_ENTRY_ERROR EPERM: operation not permitted, unlink 'C:\Users\motaung\Desktop\Ark-main\Ark-main\node_mo
dules\@jridgewell\resolve-uri\LICENSE.DELETE.1b4cd3c85e0c05a4d4f420f7ce16659d'
npm warn tar TAR_ENTRY_ERROR EPERM: operation not permitted, unlink 
'C:\Users\motaung\Desktop\Ark-main\Ark-main\node_modules\string-width\license.DELETE.df6d60a15e951b8eb44f12331f786144'

npm warn tar TAR_ENTRY_ERROR EPERM: operation not permitted, unlink 'C:\Users\motaung\Desktop\Ark-main\Ark-main\node_mo
dules\@pkgjs\parseargs\.editorconfig.DELETE.de8bb0926ff9d168380f8997fb867237'

npm warn tar TAR_ENTRY_ERROR EPERM: operation not permitted, unlink 'C:\Users\motaung\Desktop\Ark-main\Ark-main\node_mo
dules\foreground-child\LICENSE.DELETE.00e73f79bec026617a9dedf138e503db'

npm warn tar TAR_ENTRY_ERROR EPERM: operation not permitted, unlink 
'C:\Users\motaung\Desktop\Ark-main\Ark-main\node_modules\tslib\tslib.es6.html.DELETE.065e362d4c4e4cbfff5c08b6969e600d'

npm warn tar TAR_ENTRY_ERROR EPERM: operation not permitted, unlink 
'C:\Users\motaung\Desktop\Ark-main\Ark-main\node_modules\tinyglobby\LICENSE.DELETE.1c2357875b3f5e215a11543cb5c36d8d'

npm warn tar TAR_ENTRY_ERROR EPERM: operation not permitted, unlink 
'C:\Users\motaung\Desktop\Ark-main\Ark-main\node_modules\which\LICENSE.DELETE.aa7e421495c7773235443e461538a74d'

npm warn tar TAR_ENTRY_ERROR EPERM: operation not permitted, unlink 
'C:\Users\motaung\Desktop\Ark-main\Ark-main\node_modules\ms\index.js.DELETE.178d510ee294d7e057cdbfafb4d5a7b9'

npm warn tar TAR_ENTRY_ERROR EPERM: operation not permitted, unlink 'C:\Users\motaung\Desktop\Ark-main\Ark-main\node_mo
dules\shebang-command\license.DELETE.7f67d8f3fa24cfd2036754ff63d5b30c'

npm warn tar TAR_ENTRY_ERROR EPERM: operation not permitted, unlink 'C:\Users\motaung\Desktop\Ark-main\Ark-main\node_mo
dules\color-name\package.json.DELETE.37909a34d5c219a39febbd7b88d5970e'

npm warn tar TAR_ENTRY_ERROR EPERM: operation not permitted, unlink 
'C:\Users\motaung\Desktop\Ark-main\Ark-main\node_modules\strip-ansi\license.DELETE.93c07387e066ca24f5d3de7c1e9b5753'

npm warn tar TAR_ENTRY_ERROR EPERM: operation not permitted, unlink 
'C:\Users\motaung\Desktop\Ark-main\Ark-main\node_modules\ansi-styles\license.DELETE.c1b7726c5c27537769107f3d47e4c51b'

npm warn tar TAR_ENTRY_ERROR EPERM: operation not permitted, unlink 'C:\Users\motaung\Desktop\Ark-main\Ark-main\node_mo
dules\color-convert\package.json.DELETE.06e2780f80c7cdbe0de0ef4018812aa8'

npm warn tar TAR_ENTRY_ERROR EPERM: operation not permitted, unlink 
'C:\Users\motaung\Desktop\Ark-main\Ark-main\node_modules\path-key\license.DELETE.e8f5171c38ef3f269090b4fb063d04a6'

npm warn tar TAR_ENTRY_ERROR UNKNOWN: unknown error, open 
'C:\Users\motaung\Desktop\Ark-main\Ark-main\node_modules\@jridgewell\gen-mapping\LICENSE'

npm warn tar TAR_ENTRY_ERROR UNKNOWN: unknown error, open 
'C:\Users\motaung\Desktop\Ark-main\Ark-main\node_modules\ansi-regex\license'

npm warn tar TAR_ENTRY_ERROR UNKNOWN: unknown error, open 
'C:\Users\motaung\Desktop\Ark-main\Ark-main\node_modules\is-fullwidth-code-point\package.json'

npm warn tar TAR_ENTRY_ERROR UNKNOWN: unknown error, open 
'C:\Users\motaung\Desktop\Ark-main\Ark-main\node_modules\js-tokens\package.json'

npm warn tar TAR_ENTRY_ERROR UNKNOWN: unknown error, open 
'C:\Users\motaung\Desktop\Ark-main\Ark-main\node_modules\source-map-js\LICENSE'

npm warn tar TAR_ENTRY_ERROR UNKNOWN: unknown error, open 
'C:\Users\motaung\Desktop\Ark-main\Ark-main\node_modules\shebang-regex\package.json'

npm warn tar TAR_ENTRY_ERROR UNKNOWN: unknown error, open 
'C:\Users\motaung\Desktop\Ark-main\Ark-main\node_modules\nanoid\LICENSE'

npm warn tar TAR_ENTRY_ERROR UNKNOWN: unknown error, open 
'C:\Users\motaung\Desktop\Ark-main\Ark-main\node_modules\lru-cache\LICENSE'

npm warn tar TAR_ENTRY_ERROR UNKNOWN: unknown error, open 
'C:\Users\motaung\Desktop\Ark-main\Ark-main\node_modules\balanced-match\index.js'

npm warn tar TAR_ENTRY_ERROR UNKNOWN: unknown error, open 
'C:\Users\motaung\Desktop\Ark-main\Ark-main\node_modules\strip-ansi-cjs\license'

npm warn tar TAR_ENTRY_ERROR UNKNOWN: unknown error, open 
'C:\Users\motaung\Desktop\Ark-main\Ark-main\node_modules\eastasianwidth\package.json'

npm warn tar TAR_ENTRY_ERROR ENOENT: no such file or directory, rename 
'C:\Users\motaung\Desktop\Ark-main\Ark-main\node_modules\baseline-browser-mapping\dist\cli.cjs' -> 'C:\Users\motaung\De
sktop\Ark-main\Ark-main\node_modules\baseline-browser-mapping\dist\cli.cjs.DELETE.d4397d45d628093326095b8d35cfaa7f'

npm warn tar TAR_ENTRY_ERROR ENOENT: no such file or directory, rename 
'C:\Users\motaung\Desktop\Ark-main\Ark-main\node_modules\signal-exit\dist\cjs\browser.js' -> 'C:\Users\motaung\Desktop\
Ark-main\Ark-main\node_modules\signal-exit\dist\cjs\browser.js.DELETE.bbaddb81a46c3d1d2c690d3e22a7737e'

npm warn tar TAR_ENTRY_ERROR ENOENT: no such file or directory, rename 
'C:\Users\motaung\Desktop\Ark-main\Ark-main\node_modules\minipass\dist\commonjs\index.js' -> 'C:\Users\motaung\Desktop\
Ark-main\Ark-main\node_modules\minipass\dist\commonjs\index.js.DELETE.62b23088cd7daa68f3a451cb96f92f89'

npm warn tar TAR_ENTRY_ERROR ENOENT: no such file or directory, rename 
'C:\Users\motaung\Desktop\Ark-main\Ark-main\node_modules\path-scurry\dist\commonjs\index.js' -> 'C:\Users\motaung\Deskt
op\Ark-main\Ark-main\node_modules\path-scurry\dist\commonjs\index.js.DELETE.57273980daf469214ba361924b9a98ca'

npm warn tar TAR_ENTRY_ERROR ENOENT: no such file or directory, rename 
'C:\Users\motaung\Desktop\Ark-main\Ark-main\node_modules\update-browserslist-db\check-npm-version.js' -> 'C:\Users\mota
ung\Desktop\Ark-main\Ark-main\node_modules\update-browserslist-db\check-npm-version.js.DELETE.b2514caae42e2f7e25917d429
c5d4c5d'

npm warn tar TAR_ENTRY_ERROR UNKNOWN: unknown error, open 
'C:\Users\motaung\Desktop\Ark-main\Ark-main\node_modules\wrap-ansi\node_modules\ansi-regex\index.js'

npm warn tar TAR_ENTRY_ERROR ENOENT: no such file or directory, rename 
'C:\Users\motaung\Desktop\Ark-main\Ark-main\node_modules\string-width-cjs\node_modules\emoji-regex\index.d.ts' -> 'C:\U
sers\motaung\Desktop\Ark-main\Ark-main\node_modules\string-width-cjs\node_modules\emoji-regex\index.d.ts.DELETE.416edaf
9c79b2a641878cae80b0dced6'

npm warn tar TAR_ENTRY_ERROR ENOENT: no such file or directory, rename 
'C:\Users\motaung\Desktop\Ark-main\Ark-main\node_modules\wrap-ansi-cjs\node_modules\emoji-regex\index.d.ts' -> 'C:\User
s\motaung\Desktop\Ark-main\Ark-main\node_modules\wrap-ansi-cjs\node_modules\emoji-regex\index.d.ts.DELETE.3bd55b2eb29da
4010b936489cb8cd2a1'

npm warn tar TAR_ENTRY_ERROR ENOENT: no such file or directory, rename 
'C:\Users\motaung\Desktop\Ark-main\Ark-main\node_modules\wrap-ansi\node_modules\strip-ansi\index.js' -> 'C:\Users\motau
ng\Desktop\Ark-main\Ark-main\node_modules\wrap-ansi\node_modules\strip-ansi\index.js.DELETE.19a65a1180ee55851cc619b0651
b825f'

npm warn tar TAR_ENTRY_ERROR ENOENT: no such file or directory, rename 
'C:\Users\motaung\Desktop\Ark-main\Ark-main\node_modules\picocolors\picocolors.browser.js' -> 'C:\Users\motaung\Desktop
\Ark-main\Ark-main\node_modules\picocolors\picocolors.browser.js.DELETE.afad650a5c6e92bc41b821e3ed9afdf1'

npm warn tar TAR_ENTRY_ERROR ENOENT: no such file or directory, rename 
'C:\Users\motaung\Desktop\Ark-main\Ark-main\node_modules\is-weakset\.editorconfig' -> 'C:\Users\motaung\Desktop\Ark-mai
n\Ark-main\node_modules\is-weakset\.editorconfig.DELETE.4c0c7ec22002ac2aa5f6af1d79e492f5'

npm warn tar TAR_ENTRY_ERROR ENOENT: no such file or directory, rename 
'C:\Users\motaung\Desktop\Ark-main\Ark-main\node_modules\is-number-object\.editorconfig' -> 'C:\Users\motaung\Desktop\A
rk-main\Ark-main\node_modules\is-number-object\.editorconfig.DELETE.396ca6e582c65dd20be29e7afbd4a906'

npm warn tar TAR_ENTRY_ERROR EPERM: operation not permitted, unlink 'C:\Users\motaung\Desktop\Ark-main\Ark-main\node_mo
dules\electron-to-chromium\chromium-versions.js.DELETE.d22492de70d2fd3aa7c210289f14b1f8'

npm warn tar TAR_ENTRY_ERROR EPERM: operation not permitted, unlink 'C:\Users\motaung\Desktop\Ark-main\Ark-main\node_mo
dules\eslint-plugin-react\node_modules\semver\range.bnf.DELETE.50b4399ab3f8e31462b369d23ca4d45b'

npm warn tar TAR_ENTRY_ERROR EPERM: operation not permitted, unlink 'C:\Users\motaung\Desktop\Ark-main\Ark-main\node_mo
dules\eslint-plugin-import\node_modules\semver\range.bnf.DELETE.384cddf5634df22c3c8e1fbb8fb0984e'

npm warn tar TAR_ENTRY_ERROR EPERM: operation not permitted, unlink 'C:\Users\motaung\Desktop\Ark-main\Ark-main\node_mo
dules\glob\node_modules\brace-expansion\index.js.DELETE.d8dbef231f096aefc3c5ea5cb0ba307f'

npm warn tar TAR_ENTRY_ERROR ENOENT: no such file or directory, rename 
'C:\Users\motaung\Desktop\Ark-main\Ark-main\node_modules\@jridgewell\gen-mapping\types\gen-mapping.d.cts' -> 'C:\Users\
motaung\Desktop\Ark-main\Ark-main\node_modules\@jridgewell\gen-mapping\types\gen-mapping.d.cts.DELETE.8ec2b64fc76d89efe
cb41c8a347eb3a7'

npm warn tar TAR_ENTRY_ERROR ENOENT: no such file or directory, rename 
'C:\Users\motaung\Desktop\Ark-main\Ark-main\node_modules\source-map-js\lib\array-set.js' -> 'C:\Users\motaung\Desktop\A
rk-main\Ark-main\node_modules\source-map-js\lib\array-set.js.DELETE.05c03471fc221e8418dd38f380dd02e0'

npm warn tar TAR_ENTRY_ERROR ENOENT: no such file or directory, rename 
'C:\Users\motaung\Desktop\Ark-main\Ark-main\node_modules\nanoid\async\index.browser.cjs' -> 'C:\Users\motaung\Desktop\A
rk-main\Ark-main\node_modules\nanoid\async\index.browser.cjs.DELETE.9fe5e6a12b9289292d50dc98136daf48'

npm warn tar TAR_ENTRY_ERROR ENOENT: no such file or directory, rename 
'C:\Users\motaung\Desktop\Ark-main\Ark-main\node_modules\debug\src\browser.js' -> 
'C:\Users\motaung\Desktop\Ark-main\Ark-main\node_modules\debug\src\browser.js.DELETE.71ec642c96b81f7d2ef588a483b72b5b'

npm warn tar TAR_ENTRY_ERROR EPERM: operation not permitted, unlink 'C:\Users\motaung\Desktop\Ark-main\Ark-main\node_mo
dules\@types\prop-types\README.md.DELETE.f1da5a9e9e7158ecdcd5c5eed3132466'

npm warn tar TAR_ENTRY_ERROR ENOENT: no such file or directory, unlink 'C:\Users\motaung\Desktop\Ark-main\Ark-main\node
_modules\tinyglobby\dist\index.cjs.DELETE.fdcd37951eea7d22f795153740e0ec66'

npm warn tar TAR_ENTRY_ERROR EPERM: operation not permitted, unlink 
'C:\Users\motaung\Desktop\Ark-main\Ark-main\node_modules\yaml\LICENSE.DELETE.b2d97329ce07cab5bc71bb372041843c'

npm warn tar TAR_ENTRY_ERROR UNKNOWN: unknown error, open 
'C:\Users\motaung\Desktop\Ark-main\Ark-main\node_modules\@napi-rs\wasm-runtime\LICENSE'

npm warn tar TAR_ENTRY_ERROR ENOENT: no such file or directory, rename 
'C:\Users\motaung\Desktop\Ark-main\Ark-main\node_modules\tinyglobby\node_modules\fdir\dist\index.cjs' -> 'C:\Users\mota
ung\Desktop\Ark-main\Ark-main\node_modules\tinyglobby\node_modules\fdir\dist\index.cjs.DELETE.1b1c5bc0cbee4e55cfc4510e5
3c90c3c'

npm warn tar TAR_ENTRY_ERROR ENOENT: no such file or directory, rename 
'C:\Users\motaung\Desktop\Ark-main\Ark-main\node_modules\tinyglobby\node_modules\picomatch\lib\constants.js' -> 'C:\Use
rs\motaung\Desktop\Ark-main\Ark-main\node_modules\tinyglobby\node_modules\picomatch\lib\constants.js.DELETE.1e6000746d1
75f820ddbefd71c0d41a4'

npm warn tar TAR_ENTRY_ERROR UNKNOWN: unknown error, open 
'C:\Users\motaung\Desktop\Ark-main\Ark-main\node_modules\@jridgewell\sourcemap-codec\types\scopes.d.cts'

npm warn tar TAR_ENTRY_ERROR ENOENT: no such file or directory, rename 
'C:\Users\motaung\Desktop\Ark-main\Ark-main\node_modules\foreground-child\dist\commonjs\all-signals.js' -> 'C:\Users\mo
taung\Desktop\Ark-main\Ark-main\node_modules\foreground-child\dist\commonjs\all-signals.js.DELETE.cf7dac06f188d41bb07af
e68d6a5f94b'

npm warn tar TAR_ENTRY_ERROR UNKNOWN: unknown error, open 
'C:\Users\motaung\Desktop\Ark-main\Ark-main\node_modules\is-weakset\.eslintrc'

npm warn tar TAR_ENTRY_ERROR EPERM: operation not permitted, unlink 
'C:\Users\motaung\Desktop\Ark-main\Ark-main\node_modules\@emnapi\core\LICENSE.DELETE.af2272f3592b105fb8626868c28d180e'

npm warn tar TAR_ENTRY_ERROR ENOENT: no such file or directory, rename 
'C:\Users\motaung\Desktop\Ark-main\Ark-main\node_modules\inflight\package.json' -> 
'C:\Users\motaung\Desktop\Ark-main\Ark-main\node_modules\inflight\package.json.DELETE.7196ab4208f9331000130b7a694adea2'

npm warn tar TAR_ENTRY_ERROR ENOENT: no such file or directory, rename 
'C:\Users\motaung\Desktop\Ark-main\Ark-main\node_modules\inherits\package.json' -> 
'C:\Users\motaung\Desktop\Ark-main\Ark-main\node_modules\inherits\package.json.DELETE.6089d79a4ce7a5bdb00090bf3d3693e4'

npm warn tar TAR_ENTRY_ERROR ENOENT: no such file or directory, rename 
'C:\Users\motaung\Desktop\Ark-main\Ark-main\node_modules\lru-cache\dist\commonjs\index.js' -> 'C:\Users\motaung\Desktop
\Ark-main\Ark-main\node_modules\lru-cache\dist\commonjs\index.js.DELETE.716735680263f97d5bcce8ac8aaca07e'

npm warn tar TAR_ENTRY_ERROR EPERM: operation not permitted, unlink 'C:\Users\motaung\Desktop\Ark-main\Ark-main\node_mo
dules\string-width\package.json.DELETE.8d6c50eae115a96047eb00b6b29afa53'

npm warn tar TAR_ENTRY_ERROR EPERM: operation not permitted, unlink 'C:\Users\motaung\Desktop\Ark-main\Ark-main\node_mo
dules\shebang-command\package.json.DELETE.a632b96753cad0229595ed4032191dd0'

npm warn tar TAR_ENTRY_ERROR EPERM: operation not permitted, unlink 
'C:\Users\motaung\Desktop\Ark-main\Ark-main\node_modules\color-name\LICENSE.DELETE.6e439c0ec3982844bde97e97240a84f4'

npm warn tar TAR_ENTRY_ERROR EPERM: operation not permitted, unlink 'C:\Users\motaung\Desktop\Ark-main\Ark-main\node_mo
dules\strip-ansi\package.json.DELETE.9c66a428428dd8298b236f54489c1a4f'

npm warn tar TAR_ENTRY_ERROR EPERM: operation not permitted, unlink 'C:\Users\motaung\Desktop\Ark-main\Ark-main\node_mo
dules\ansi-styles\package.json.DELETE.d16eb4774cc712853759caf4695f3836'

npm warn tar TAR_ENTRY_ERROR UNKNOWN: unknown error, open 
'C:\Users\motaung\Desktop\Ark-main\Ark-main\node_modules\sucrase\LICENSE'

npm warn tar TAR_ENTRY_ERROR UNKNOWN: unknown error, open 
'C:\Users\motaung\Desktop\Ark-main\Ark-main\node_modules\postcss-selector-parser\LICENSE-MIT'

npm warn tar TAR_ENTRY_ERROR UNKNOWN: unknown error, open 
'C:\Users\motaung\Desktop\Ark-main\Ark-main\node_modules\postcss-nested\LICENSE'

npm warn tar TAR_ENTRY_ERROR ENOENT: no such file or directory, rename 
'C:\Users\motaung\Desktop\Ark-main\Ark-main\node_modules\@types\prop-types\index.d.ts' -> 'C:\Users\motaung\Desktop\Ark
-main\Ark-main\node_modules\@types\prop-types\index.d.ts.DELETE.238abe1355b519ffd50a8c3d0bde3591'

npm warn tar TAR_ENTRY_ERROR ENOENT: no such file or directory, rename 
'C:\Users\motaung\Desktop\Ark-main\Ark-main\node_modules\ts-interface-checker\package.json' -> 'C:\Users\motaung\Deskto
p\Ark-main\Ark-main\node_modules\ts-interface-checker\package.json.DELETE.f00f6a534454cfb344579e0f24ef7fee'

npm warn tar TAR_ENTRY_ERROR EPERM: operation not permitted, unlink 'C:\Users\motaung\Desktop\Ark-main\Ark-main\node_mo
dules\color-convert\conversions.js.DELETE.ca0eb433e4cbd9f6561388aad457e4b5'

npm warn tar TAR_ENTRY_ERROR UNKNOWN: unknown error, open 
'C:\Users\motaung\Desktop\Ark-main\Ark-main\node_modules\postcss-js\LICENSE'

npm warn tar TAR_ENTRY_ERROR UNKNOWN: unknown error, open 
'C:\Users\motaung\Desktop\Ark-main\Ark-main\node_modules\normalize-path\package.json'

npm warn tar TAR_ENTRY_ERROR UNKNOWN: unknown error, open 
'C:\Users\motaung\Desktop\Ark-main\Ark-main\node_modules\object-hash\LICENSE'

npm warn tar TAR_ENTRY_ERROR UNKNOWN: unknown error, open 
'C:\Users\motaung\Desktop\Ark-main\Ark-main\node_modules\lilconfig\LICENSE'

npm warn tar TAR_ENTRY_ERROR UNKNOWN: unknown error, open 
'C:\Users\motaung\Desktop\Ark-main\Ark-main\node_modules\jiti\LICENSE'

npm warn tar TAR_ENTRY_ERROR UNKNOWN: unknown error, open 
'C:\Users\motaung\Desktop\Ark-main\Ark-main\node_modules\dlv\package.json'

npm warn tar TAR_ENTRY_ERROR UNKNOWN: unknown error, open 
'C:\Users\motaung\Desktop\Ark-main\Ark-main\node_modules\didyoumean\LICENSE'

npm warn tar TAR_ENTRY_ERROR UNKNOWN: unknown error, open 
'C:\Users\motaung\Desktop\Ark-main\Ark-main\node_modules\chokidar\LICENSE'

npm warn tar TAR_ENTRY_ERROR UNKNOWN: unknown error, open 
'C:\Users\motaung\Desktop\Ark-main\Ark-main\node_modules\postcss-import\LICENSE'

npm warn tar TAR_ENTRY_ERROR UNKNOWN: unknown error, open 
'C:\Users\motaung\Desktop\Ark-main\Ark-main\node_modules\has-flag\package.json'

npm warn tar TAR_ENTRY_ERROR UNKNOWN: unknown error, open 
'C:\Users\motaung\Desktop\Ark-main\Ark-main\node_modules\side-channel-weakmap\.editorconfig'

npm warn tar TAR_ENTRY_ERROR UNKNOWN: unknown error, open 
'C:\Users\motaung\Desktop\Ark-main\Ark-main\node_modules\@alloc\quick-lru\license'

npm warn tar TAR_ENTRY_ERROR UNKNOWN: unknown error, open 
'C:\Users\motaung\Desktop\Ark-main\Ark-main\node_modules\isarray\package.json'

npm warn tar TAR_ENTRY_ERROR UNKNOWN: unknown error, open 
'C:\Users\motaung\Desktop\Ark-main\Ark-main\node_modules\queue-microtask\LICENSE'

npm warn tar TAR_ENTRY_ERROR EPERM: operation not permitted, unlink 'C:\Users\motaung\Desktop\Ark-main\Ark-main\node_mo
dules\@unrs\resolver-binding-win32-x64-msvc\package.json.DELETE.11b5ae40fea26ea045b94819bc241d45'

npm warn tar TAR_ENTRY_ERROR EPERM: operation not permitted, unlink 'C:\Users\motaung\Desktop\Ark-main\Ark-main\node_mo
dules\strip-bom\package.json.DELETE.40698f3a1e414a0f874d389826057823'

npm warn tar TAR_ENTRY_ERROR ENOENT: no such file or directory, rename 
'C:\Users\motaung\Desktop\Ark-main\Ark-main\node_modules\browserslist\cli.js' -> 
'C:\Users\motaung\Desktop\Ark-main\Ark-main\node_modules\browserslist\cli.js.DELETE.d2d843d7ea162c9662dedc2209e9de2a'

npm warn tar TAR_ENTRY_ERROR UNKNOWN: unknown error, open 
'C:\Users\motaung\Desktop\Ark-main\Ark-main\node_modules\scheduler\LICENSE'

npm warn tar TAR_ENTRY_ERROR ENOENT: no such file or directory, rename 
'C:\Users\motaung\Desktop\Ark-main\Ark-main\node_modules\wrap-ansi-cjs\node_modules\string-width\package.json' -> 'C:\U
sers\motaung\Desktop\Ark-main\Ark-main\node_modules\wrap-ansi-cjs\node_modules\string-width\package.json.DELETE.53ddbe9
62fffe0d9d2230c1b54cb8ccd'

npm warn tar TAR_ENTRY_ERROR ENOENT: no such file or directory, rename 
'C:\Users\motaung\Desktop\Ark-main\Ark-main\node_modules\wrap-ansi\node_modules\ansi-styles\package.json' -> 'C:\Users\
motaung\Desktop\Ark-main\Ark-main\node_modules\wrap-ansi\node_modules\ansi-styles\package.json.DELETE.a2157f7cb3c14005d
0086440e85e2784'

npm warn tar TAR_ENTRY_ERROR ENOENT: no such file or directory, rename 
'C:\Users\motaung\Desktop\Ark-main\Ark-main\node_modules\string-width\node_modules\ansi-regex\package.json' -> 'C:\User
s\motaung\Desktop\Ark-main\Ark-main\node_modules\string-width\node_modules\ansi-regex\package.json.DELETE.69b26fb8523a1
fcb5c749a48e40285f6'

npm warn tar TAR_ENTRY_ERROR EPERM: operation not permitted, unlink 'C:\Users\motaung\Desktop\Ark-main\Ark-main\node_mo
dules\for-each\.editorconfig.DELETE.a7101fea599f278114755c6d46d073d1'

npm warn tar TAR_ENTRY_ERROR EPERM: operation not permitted, unlink 'C:\Users\motaung\Desktop\Ark-main\Ark-main\node_mo
dules\any-promise\package.json.DELETE.a55bec0e77419240b1e80cb839bad02f'

npm warn tar TAR_ENTRY_ERROR EPERM: operation not permitted, unlink 
'C:\Users\motaung\Desktop\Ark-main\Ark-main\node_modules\mz\package.json.DELETE.d6e46ae3d4415a19fdeaadc96a91aeb5'

npm warn tar TAR_ENTRY_ERROR EPERM: operation not permitted, unlink 
'C:\Users\motaung\Desktop\Ark-main\Ark-main\node_modules\pirates\LICENSE.DELETE.11ebf7b12ffc30df4ec737c6bcd4a8d4'

npm warn tar TAR_ENTRY_ERROR EPERM: operation not permitted, unlink 'C:\Users\motaung\Desktop\Ark-main\Ark-main\node_mo
dules\lines-and-columns\LICENSE.DELETE.01b3435ca862bf9f0d6fd4765ce37ad4'

npm warn tar TAR_ENTRY_ERROR UNKNOWN: unknown error, open 'C:\Users\motaung\Desktop\Ark-main\Ark-main\node_modules\glob
\node_modules\minimatch\dist\commonjs\assert-valid-pattern.js'

npm warn tar TAR_ENTRY_ERROR ENOENT: no such file or directory, rename 
'C:\Users\motaung\Desktop\Ark-main\Ark-main\node_modules\tinyglobby\node_modules\fdir\dist\index.d.cts' -> 'C:\Users\mo
taung\Desktop\Ark-main\Ark-main\node_modules\tinyglobby\node_modules\fdir\dist\index.d.cts.DELETE.eec98185e1b9276379127
73dbf4253e8'

npm warn tar TAR_ENTRY_ERROR ENOENT: no such file or directory, rename 
'C:\Users\motaung\Desktop\Ark-main\Ark-main\node_modules\tinyglobby\node_modules\picomatch\index.js' -> 'C:\Users\motau
ng\Desktop\Ark-main\Ark-main\node_modules\tinyglobby\node_modules\picomatch\index.js.DELETE.50a7079ae8331cf1e7683aea37b
9e086'

npm warn tar TAR_ENTRY_ERROR EPERM: operation not permitted, unlink 
'C:\Users\motaung\Desktop\Ark-main\Ark-main\node_modules\commander\LICENSE.DELETE.f4f28e5103278d8802042573c88cae67'

npm warn tar TAR_ENTRY_ERROR EPERM: operation not permitted, unlink 'C:\Users\motaung\Desktop\Ark-main\Ark-main\node_mo
dules\util-deprecate\package.json.DELETE.7e236146fcc8bcfcdca366dcc595d8b5'

npm warn tar TAR_ENTRY_ERROR EPERM: operation not permitted, unlink 'C:\Users\motaung\Desktop\Ark-main\Ark-main\node_mo
dules\camelcase-css\package.json.DELETE.9994183449e79a79be3e683ea0fdf44a'

npm warn tar TAR_ENTRY_ERROR EPERM: operation not permitted, unlink 
'C:\Users\motaung\Desktop\Ark-main\Ark-main\node_modules\readdirp\LICENSE.DELETE.96d026ac8f810346b07da7efaa6ebdc0'

npm warn tar TAR_ENTRY_ERROR ENOENT: no such file or directory, rename 
'C:\Users\motaung\Desktop\Ark-main\Ark-main\node_modules\@pkgjs\parseargs\internal\errors.js' -> 'C:\Users\motaung\Desk
top\Ark-main\Ark-main\node_modules\@pkgjs\parseargs\internal\errors.js.DELETE.0d72767e6387c4844bc965be8216ef42'

npm warn tar TAR_ENTRY_ERROR ENOENT: no such file or directory, rename 
'C:\Users\motaung\Desktop\Ark-main\Ark-main\node_modules\tslib\modules\index.js' -> 'C:\Users\motaung\Desktop\Ark-main\
Ark-main\node_modules\tslib\modules\index.js.DELETE.9736c66d7fefe60cb076d3bd1d0a1f98'

npm warn tar TAR_ENTRY_ERROR EPERM: operation not permitted, unlink 'C:\Users\motaung\Desktop\Ark-main\Ark-main\node_mo
dules\is-binary-path\package.json.DELETE.8fbde7769c0d79e397eacb8fb11aa3db'

npm warn tar TAR_ENTRY_ERROR EPERM: operation not permitted, unlink 
'C:\Users\motaung\Desktop\Ark-main\Ark-main\node_modules\thenify\LICENSE.DELETE.3947fdfd614e30c6e3993249ec8389b1'
npm warn tar TAR_ENTRY_ERROR EPERM: operation not permitted, unlink 'C:\Users\motaung\Desktop\Ark-main\Ark-main\node_mo
dules\binary-extensions\license.DELETE.2f64af4de2f739e0c65af6ee2ae66c43'
npm warn tar TAR_ENTRY_ERROR EPERM: operation not permitted, unlink 
'C:\Users\motaung\Desktop\Ark-main\Ark-main\node_modules\anymatch\LICENSE.DELETE.5ca069fc2f6e2a5d5c046e44315a496a'
npm warn tar TAR_ENTRY_ERROR ENOENT: no such file or directory, rename 
'C:\Users\motaung\Desktop\Ark-main\Ark-main\node_modules\is-weakmap\.eslintrc' -> 
'C:\Users\motaung\Desktop\Ark-main\Ark-main\node_modules\is-weakmap\.eslintrc.DELETE.1fbec6d98ae66fb23c579b1c00d7f898'
npm warn tar TAR_ENTRY_ERROR UNKNOWN: unknown error, open 
'C:\Users\motaung\Desktop\Ark-main\Ark-main\node_modules\path-key\package.json'
npm warn tar TAR_ENTRY_ERROR UNKNOWN: unknown error, open 
'C:\Users\motaung\Desktop\Ark-main\Ark-main\node_modules\ms\license.md'

npm warn tar TAR_ENTRY_ERROR ENOENT: no such file or directory, rename 
'C:\Users\motaung\Desktop\Ark-main\Ark-main\node_modules\inflight\README.md' -> 
'C:\Users\motaung\Desktop\Ark-main\Ark-main\node_modules\inflight\README.md.DELETE.21419b71b7acb01cb4bb00a70cc98bdc'

npm warn tar TAR_ENTRY_ERROR UNKNOWN: unknown error, open 
'C:\Users\motaung\Desktop\Ark-main\Ark-main\node_modules\is-finalizationregistry\.eslintrc'

npm warn tar TAR_ENTRY_ERROR UNKNOWN: unknown error, open 
'C:\Users\motaung\Desktop\Ark-main\Ark-main\node_modules\is-map\.editorconfig'

npm warn tar TAR_ENTRY_ERROR UNKNOWN: unknown error, open 
'C:\Users\motaung\Desktop\Ark-main\Ark-main\node_modules\which-builtin-type\.eslintrc'

npm warn tar TAR_ENTRY_ERROR ENOENT: no such file or directory, rename 
'C:\Users\motaung\Desktop\Ark-main\Ark-main\node_modules\json5\lib\cli.js' -> 
'C:\Users\motaung\Desktop\Ark-main\Ark-main\node_modules\json5\lib\cli.js.DELETE.b7ee23c202408c38d38a47fdd1bfb2d3'

npm warn tar TAR_ENTRY_ERROR UNKNOWN: unknown error, open 
'C:\Users\motaung\Desktop\Ark-main\Ark-main\node_modules\string-width\readme.md'

npm warn tar TAR_ENTRY_ERROR UNKNOWN: unknown error, open 
'C:\Users\motaung\Desktop\Ark-main\Ark-main\node_modules\color-name\README.md'

npm warn tar TAR_ENTRY_ERROR UNKNOWN: unknown error, open 
'C:\Users\motaung\Desktop\Ark-main\Ark-main\node_modules\strip-ansi\readme.md'

npm warn tar TAR_ENTRY_ERROR UNKNOWN: unknown error, open 
'C:\Users\motaung\Desktop\Ark-main\Ark-main\node_modules\ansi-styles\readme.md'

npm warn tar TAR_ENTRY_ERROR UNKNOWN: unknown error, open 
'C:\Users\motaung\Desktop\Ark-main\Ark-main\node_modules\debug\src\common.js'

npm warn tar TAR_ENTRY_ERROR UNKNOWN: unknown error, open 
'C:\Users\motaung\Desktop\Ark-main\Ark-main\node_modules\object-hash\index.js'

npm warn tar TAR_ENTRY_ERROR UNKNOWN: unknown error, open 
'C:\Users\motaung\Desktop\Ark-main\Ark-main\node_modules\side-channel-weakmap\.eslintrc'

npm warn tar TAR_ENTRY_ERROR UNKNOWN: unknown error, open 
'C:\Users\motaung\Desktop\Ark-main\Ark-main\node_modules\isarray\index.js'

npm warn tar TAR_ENTRY_ERROR UNKNOWN: unknown error, open 
'C:\Users\motaung\Desktop\Ark-main\Ark-main\node_modules\queue-microtask\index.js'

npm warn tar TAR_ENTRY_ERROR ENOENT: no such file or directory, rename 
'C:\Users\motaung\Desktop\Ark-main\Ark-main\node_modules\is-boolean-object\.eslintrc' -> 'C:\Users\motaung\Desktop\Ark-
main\Ark-main\node_modules\is-boolean-object\.eslintrc.DELETE.b0d29a870523e1e84f71b8ab5ed72c38'

npm warn tar TAR_ENTRY_ERROR UNKNOWN: unknown error, open 
'C:\Users\motaung\Desktop\Ark-main\Ark-main\node_modules\styled-jsx\babel-test.js'

npm warn tar TAR_ENTRY_ERROR UNKNOWN: unknown error, open 
'C:\Users\motaung\Desktop\Ark-main\Ark-main\node_modules\@swc\counter\index.js'

npm warn tar TAR_ENTRY_ERROR ENOENT: no such file or directory, rename 
'C:\Users\motaung\Desktop\Ark-main\Ark-main\node_modules\@unrs\resolver-binding-win32-x64-msvc\README.md' -> 'C:\Users\
motaung\Desktop\Ark-main\Ark-main\node_modules\@unrs\resolver-binding-win32-x64-msvc\README.md.DELETE.01b8608f865173bf5
deac159de936e97'

npm warn tar TAR_ENTRY_ERROR ENOENT: no such file or directory, rename 
'C:\Users\motaung\Desktop\Ark-main\Ark-main\node_modules\strip-bom\index.js' -> 
'C:\Users\motaung\Desktop\Ark-main\Ark-main\node_modules\strip-bom\index.js.DELETE.6265aa8b8fa0c1fa7dbb070d7bbfd24f'

npm warn tar TAR_ENTRY_ERROR ENOENT: no such file or directory, rename 
'C:\Users\motaung\Desktop\Ark-main\Ark-main\node_modules\browserslist\error.js' -> 
'C:\Users\motaung\Desktop\Ark-main\Ark-main\node_modules\browserslist\error.js.DELETE.5d79fa1dc2894e8a08c66eb116091d18'

npm warn tar TAR_ENTRY_ERROR EPERM: operation not permitted, unlink 'C:\Users\motaung\Desktop\Ark-main\Ark-main\node_mo
dules\caniuse-lite\data\features\aac.js.DELETE.53c473b5c9e341a6abd40509c54a2e44'

npm warn tar TAR_ENTRY_ERROR ENOENT: no such file or directory, rename 
'C:\Users\motaung\Desktop\Ark-main\Ark-main\node_modules\wrap-ansi\node_modules\ansi-regex\readme.md' -> 'C:\Users\mota
ung\Desktop\Ark-main\Ark-main\node_modules\wrap-ansi\node_modules\ansi-regex\readme.md.DELETE.61c87744929105725d99a5f48
8e8d57e'

npm warn tar TAR_ENTRY_ERROR ENOENT: no such file or directory, rename 
'C:\Users\motaung\Desktop\Ark-main\Ark-main\node_modules\string-width\node_modules\ansi-regex\readme.md' -> 'C:\Users\m
otaung\Desktop\Ark-main\Ark-main\node_modules\string-width\node_modules\ansi-regex\readme.md.DELETE.52afd6accf8f5543caf
23d5e41afba37'

npm warn tar TAR_ENTRY_ERROR ENOENT: no such file or directory, rename 
'C:\Users\motaung\Desktop\Ark-main\Ark-main\node_modules\for-each\.eslintrc' -> 
'C:\Users\motaung\Desktop\Ark-main\Ark-main\node_modules\for-each\.eslintrc.DELETE.3be90c265dfc02a042bd37a2c6c6213a'
npm warn tar TAR_ENTRY_ERROR ENOENT: no such file or directory, rename 
'C:\Users\motaung\Desktop\Ark-main\Ark-main\node_modules\any-promise\.npmignore' -> 'C:\Users\motaung\Desktop\Ark-main\
Ark-main\node_modules\any-promise\.npmignore.DELETE.8fbcc5c0cf211461121b7fff81c3480b'
npm warn tar TAR_ENTRY_ERROR ENOENT: no such file or directory, rename 
'C:\Users\motaung\Desktop\Ark-main\Ark-main\node_modules\mz\README.md' -> 
'C:\Users\motaung\Desktop\Ark-main\Ark-main\node_modules\mz\README.md.DELETE.b5736204a4b723ec77dcd021415870e0'
npm warn tar TAR_ENTRY_ERROR ENOENT: no such file or directory, rename 
'C:\Users\motaung\Desktop\Ark-main\Ark-main\node_modules\tinyglobby\node_modules\fdir\package.json' -> 'C:\Users\motaun
g\Desktop\Ark-main\Ark-main\node_modules\tinyglobby\node_modules\fdir\package.json.DELETE.9f2ee54db4e8fb2b64174e516bbf5
424'
npm warn tar TAR_ENTRY_ERROR ENOENT: no such file or directory, rename 
'C:\Users\motaung\Desktop\Ark-main\Ark-main\node_modules\string-width-cjs\node_modules\emoji-regex\LICENSE-MIT.txt' -> 
'C:\Users\motaung\Desktop\Ark-main\Ark-main\node_modules\string-width-cjs\node_modules\emoji-regex\LICENSE-MIT.txt.DELE
TE.fddb3524a2017b54d0ec0da6aa0e3ada'
npm warn tar TAR_ENTRY_ERROR ENOENT: no such file or directory, rename 
'C:\Users\motaung\Desktop\Ark-main\Ark-main\node_modules\wrap-ansi-cjs\node_modules\emoji-regex\LICENSE-MIT.txt' -> 'C:
\Users\motaung\Desktop\Ark-main\Ark-main\node_modules\wrap-ansi-cjs\node_modules\emoji-regex\LICENSE-MIT.txt.DELETE.57d
a7e50c8dbd836ed4271bbba7b7882'
npm warn tar TAR_ENTRY_ERROR UNKNOWN: unknown error, open 
'C:\Users\motaung\Desktop\Ark-main\Ark-main\node_modules\@jridgewell\sourcemap-codec\types\sourcemap-codec.d.cts'
npm warn tar TAR_ENTRY_ERROR ENOENT: no such file or directory, rename 
'C:\Users\motaung\Desktop\Ark-main\Ark-main\node_modules\util-deprecate\README.md' -> 'C:\Users\motaung\Desktop\Ark-mai
n\Ark-main\node_modules\util-deprecate\README.md.DELETE.0a9b92a40111c91554d665d1a29f2624'
npm warn tar TAR_ENTRY_ERROR ENOENT: no such file or directory, rename 
'C:\Users\motaung\Desktop\Ark-main\Ark-main\node_modules\wrap-ansi\node_modules\strip-ansi\readme.md' -> 'C:\Users\mota
ung\Desktop\Ark-main\Ark-main\node_modules\wrap-ansi\node_modules\strip-ansi\readme.md.DELETE.161e310fecbc24e7b2338bf94
f2d3297'

npm warn tar TAR_ENTRY_ERROR ENOENT: no such file or directory, rename 
'C:\Users\motaung\Desktop\Ark-main\Ark-main\node_modules\anymatch\index.js' -> 
'C:\Users\motaung\Desktop\Ark-main\Ark-main\node_modules\anymatch\index.js.DELETE.09b94b90ccdff32e018cb978e740a305'

npm warn tar TAR_ENTRY_ERROR ENOENT: no such file or directory, rename 
'C:\Users\motaung\Desktop\Ark-main\Ark-main\node_modules\picocolors\package.json' -> 'C:\Users\motaung\Desktop\Ark-main
\Ark-main\node_modules\picocolors\package.json.DELETE.337ae6f51699c111b6daea9ae542530b'

npm warn tar TAR_ENTRY_ERROR ENOENT: no such file or directory, rename 
'C:\Users\motaung\Desktop\Ark-main\Ark-main\node_modules\is-binary-path\index.d.ts' -> 'C:\Users\motaung\Desktop\Ark-ma
in\Ark-main\node_modules\is-binary-path\index.d.ts.DELETE.1eab5c4f5c824bc31a260a7c3d743c63'

npm warn tar TAR_ENTRY_ERROR UNKNOWN: unknown error, open 
'C:\Users\motaung\Desktop\Ark-main\Ark-main\node_modules\object-assign\package.json'

npm warn tar TAR_ENTRY_ERROR UNKNOWN: unknown error, open 
'C:\Users\motaung\Desktop\Ark-main\Ark-main\node_modules\loose-envify\package.json'

npm warn tar TAR_ENTRY_ERROR UNKNOWN: unknown error, open 
'C:\Users\motaung\Desktop\Ark-main\Ark-main\node_modules\p-limit\license'

npm warn tar TAR_ENTRY_ERROR UNKNOWN: unknown error, open 
'C:\Users\motaung\Desktop\Ark-main\Ark-main\node_modules\yocto-queue\license'

npm warn tar TAR_ENTRY_ERROR UNKNOWN: unknown error, open 
'C:\Users\motaung\Desktop\Ark-main\Ark-main\node_modules\callsites\package.json'

npm warn tar TAR_ENTRY_ERROR ENOENT: no such file or directory, rename 
'C:\Users\motaung\Desktop\Ark-main\Ark-main\node_modules\ms\readme.md' -> 
'C:\Users\motaung\Desktop\Ark-main\Ark-main\node_modules\ms\readme.md.DELETE.e9a98cf7cca473072a83bbf0b1c7c41c'

npm warn tar TAR_ENTRY_ERROR ENOENT: no such file or directory, rename 
'C:\Users\motaung\Desktop\Ark-main\Ark-main\node_modules\concat-map\package.json' -> 'C:\Users\motaung\Desktop\Ark-main
\Ark-main\node_modules\concat-map\package.json.DELETE.be4b03d23790bef884be20941703590b'

npm warn tar TAR_ENTRY_ERROR EPERM: operation not permitted, unlink 'C:\Users\motaung\Desktop\Ark-main\Ark-main\node_mo
dules\ts-interface-checker\LICENSE.DELETE.d1c958634780a391431845aa8cc87fdf'

npm warn tar TAR_ENTRY_ERROR ENOENT: no such file or directory, rename 
'C:\Users\motaung\Desktop\Ark-main\Ark-main\node_modules\@emnapi\core\dist\emnapi-core.cjs.js' -> 'C:\Users\motaung\Des
ktop\Ark-main\Ark-main\node_modules\@emnapi\core\dist\emnapi-core.cjs.js.DELETE.a6fcf1210366c0e5fc09dbdabe65a857'

npm warn tar TAR_ENTRY_ERROR ENOENT: no such file or directory, rename 
'C:\Users\motaung\Desktop\Ark-main\Ark-main\node_modules\@tybys\wasm-util\lib\cjs\asyncify.js' -> 'C:\Users\motaung\Des
ktop\Ark-main\Ark-main\node_modules\@tybys\wasm-util\lib\cjs\asyncify.js.DELETE.26f4ead58a646e9c87e874f3016ea276'

npm warn tar TAR_ENTRY_ERROR ENOENT: no such file or directory, rename 
'C:\Users\motaung\Desktop\Ark-main\Ark-main\node_modules\has-bigints\.nycrc' -> 
'C:\Users\motaung\Desktop\Ark-main\Ark-main\node_modules\has-bigints\.nycrc.DELETE.a78a67aef1f34ee1b6f4fb22d31f38dc'

npm warn tar TAR_ENTRY_ERROR EPERM: operation not permitted, unlink 'C:\Users\motaung\Desktop\Ark-main\Ark-main\node_mo
dules\wrap-ansi\node_modules\ansi-styles\readme.md.DELETE.66a9fdb4af6ec03734ce110a1c0c0cb0'

npm warn tar TAR_ENTRY_ERROR EPERM: operation not permitted, unlink 'C:\Users\motaung\Desktop\Ark-main\Ark-main\node_mo
dules\node-exports-info\node_modules\semver\bin\semver.js.DELETE.7c0cafa19a4880c7e109ee7b45fbb75b'

npm warn tar TAR_ENTRY_ERROR ENOENT: no such file or directory, rename 
'C:\Users\motaung\Desktop\Ark-main\Ark-main\node_modules\@jridgewell\gen-mapping\types\sourcemap-segment.d.cts' -> 'C:\
Users\motaung\Desktop\Ark-main\Ark-main\node_modules\@jridgewell\gen-mapping\types\sourcemap-segment.d.cts.DELETE.66eb0
a04e66f6abc76f6d4651bc850c6'

npm warn tar TAR_ENTRY_ERROR EPERM: operation not permitted, unlink 
'C:\Users\motaung\Desktop\Ark-main\Ark-main\node_modules\commander\index.js.DELETE.53e750ec1276bd8220bab6ee51337fea'

npm warn tar TAR_ENTRY_ERROR EPERM: operation not permitted, unlink 'C:\Users\motaung\Desktop\Ark-main\Ark-main\node_mo
dules\camelcase-css\index-es5.js.DELETE.e7364962cba75619427ed262b612393a'

npm warn tar TAR_ENTRY_ERROR EPERM: operation not permitted, unlink 'C:\Users\motaung\Desktop\Ark-main\Ark-main\node_mo
dules\tinyglobby\node_modules\picomatch\lib\parse.js.DELETE.db5198f60d4002d271cbf5edc73d04b9'

npm warn tar TAR_ENTRY_ERROR EPERM: operation not permitted, unlink 'C:\Users\motaung\Desktop\Ark-main\Ark-main\node_mo
dules\@pkgjs\parseargs\index.js.DELETE.13690cad90a87f6741834b91ffa1f857'

npm warn tar TAR_ENTRY_ERROR EPERM: operation not permitted, unlink 
'C:\Users\motaung\Desktop\Ark-main\Ark-main\node_modules\which\which.js.DELETE.f603e655bb1748217ba2762fdee28b18'

npm warn tar TAR_ENTRY_ERROR EPERM: operation not permitted, unlink 'C:\Users\motaung\Desktop\Ark-main\Ark-main\node_mo
dules\binary-extensions\index.js.DELETE.2f1e2a34a9867b674011d22cfaaec7a8'

npm warn tar TAR_ENTRY_ERROR EPERM: operation not permitted, unlink 
'C:\Users\motaung\Desktop\Ark-main\Ark-main\node_modules\tslib\tslib.es6.js.DELETE.3644104623eaf8d3b45a5e99b05cfab7'

npm warn tar TAR_ENTRY_ERROR EPERM: operation not permitted, unlink 'C:\Users\motaung\Desktop\Ark-main\Ark-main\node_mo
dules\node-exports-info\LICENSE.DELETE.07332076718d7dfa1534ec055f5d9aa6'

npm warn tar TAR_ENTRY_ERROR EPERM: operation not permitted, unlink 'C:\Users\motaung\Desktop\Ark-main\Ark-main\node_mo
dules\is-finalizationregistry\.nycrc.DELETE.7cdabfe9692b7640ddbb46544541573b'

npm warn tar TAR_ENTRY_ERROR EPERM: operation not permitted, unlink 'C:\Users\motaung\Desktop\Ark-main\Ark-main\node_mo
dules\reflect.getprototypeof\.nycrc.DELETE.4cbbfb0ab79e4a26be6c859c1687a5e1'

npm warn tar TAR_ENTRY_ERROR EPERM: operation not permitted, unlink 
'C:\Users\motaung\Desktop\Ark-main\Ark-main\node_modules\is-map\.eslintrc.DELETE.e7718ec1435d3a94763970e3b6264ddf'

npm warn tar TAR_ENTRY_ERROR EPERM: operation not permitted, unlink 
'C:\Users\motaung\Desktop\Ark-main\Ark-main\node_modules\sucrase\bin\sucrase.DELETE.445b317d4007dbd83208f3bf4a45cb33'

npm warn tar TAR_ENTRY_ERROR EPERM: operation not permitted, unlink 'C:\Users\motaung\Desktop\Ark-main\Ark-main\node_mo
dules\side-channel-list\.eslintrc.DELETE.08ae6795b4d045d8c3bbc6e6a69e4781'

npm warn tar TAR_ENTRY_ERROR ENOENT: no such file or directory, unlink 'C:\Users\motaung\Desktop\Ark-main\Ark-main\node
_modules\side-channel-map\.editorconfig.DELETE.1a9705f9e0fb156762be4f329c64b224'

npm warn tar TAR_ENTRY_ERROR UNKNOWN: unknown error, open 
'C:\Users\motaung\Desktop\Ark-main\Ark-main\node_modules\@napi-rs\wasm-runtime\runtime.cjs'

npm warn tar TAR_ENTRY_ERROR EPERM: operation not permitted, unlink 
'C:\Users\motaung\Desktop\Ark-main\Ark-main\node_modules\pirates\lib\index.js.DELETE.a9a92230bb8c2833b942f6e130d92c13'

npm warn tar TAR_ENTRY_ERROR UNKNOWN: unknown error, open 
'C:\Users\motaung\Desktop\Ark-main\Ark-main\node_modules\json5\dist\index.js'

npm warn tar TAR_ENTRY_ERROR ENOENT: no such file or directory, rename 
'C:\Users\motaung\Desktop\Ark-main\Ark-main\node_modules\electron-to-chromium\full-versions.js' -> 'C:\Users\motaung\De
sktop\Ark-main\Ark-main\node_modules\electron-to-chromium\full-versions.js.DELETE.701d57ae849d9f41e59499f0126e9d3a'

npm warn tar TAR_ENTRY_ERROR UNKNOWN: unknown error, open 
'C:\Users\motaung\Desktop\Ark-main\Ark-main\node_modules\lru-cache\dist\esm\index.js'

npm warn tar TAR_ENTRY_ERROR UNKNOWN: unknown error, open 
'C:\Users\motaung\Desktop\Ark-main\Ark-main\node_modules\tinyglobby\node_modules\picomatch\lib\picomatch.js'

npm warn tar TAR_ENTRY_ERROR UNKNOWN: unknown error, open 
'C:\Users\motaung\Desktop\Ark-main\Ark-main\node_modules\which\package.json'

npm warn tar TAR_ENTRY_ERROR UNKNOWN: unknown error, open 
'C:\Users\motaung\Desktop\Ark-main\Ark-main\node_modules\tinyglobby\package.json'

npm warn tar TAR_ENTRY_ERROR UNKNOWN: unknown error, open 
'C:\Users\motaung\Desktop\Ark-main\Ark-main\node_modules\yaml\browser\dist\nodes\addPairToJSMap.js'

npm warn tar TAR_ENTRY_ERROR EPERM: operation not permitted, unlink 
'C:\Users\motaung\Desktop\Ark-main\Ark-main\node_modules\arg\package.json.DELETE.e8b48af9c6df5ee59c09b1d2c78546f1'

npm warn tar TAR_ENTRY_ERROR EPERM: operation not permitted, unlink 
'C:\Users\motaung\Desktop\Ark-main\Ark-main\node_modules\type-check\LICENSE.DELETE.9480c14ad20c6763a222531dad372ab2'

npm warn tar TAR_ENTRY_ERROR ENOENT: no such file or directory, rename 
'C:\Users\motaung\Desktop\Ark-main\Ark-main\node_modules\node-releases\package.json' -> 'C:\Users\motaung\Desktop\Ark-m
ain\Ark-main\node_modules\node-releases\package.json.DELETE.8f79032b481bb90b2b12625be764eb2d'

npm warn tar TAR_ENTRY_ERROR ENOENT: no such file or directory, rename 
'C:\Users\motaung\Desktop\Ark-main\Ark-main\node_modules\argparse\LICENSE' -> 
'C:\Users\motaung\Desktop\Ark-main\Ark-main\node_modules\argparse\LICENSE.DELETE.6eeed41b857d675bcd6fc2f6c277277f'

npm warn tar TAR_ENTRY_ERROR ENOENT: no such file or directory, rename 
'C:\Users\motaung\Desktop\Ark-main\Ark-main\node_modules\node-exports-info\getCategoriesForRange.js' -> 'C:\Users\motau
ng\Desktop\Ark-main\Ark-main\node_modules\node-exports-info\getCategoriesForRange.js.DELETE.45b8ae0d2a484bdb6bc6b890f75
4cd0b'

npm warn tar TAR_ENTRY_ERROR ENOENT: no such file or directory, rename 
'C:\Users\motaung\Desktop\Ark-main\Ark-main\node_modules\is-finalizationregistry\LICENSE' -> 'C:\Users\motaung\Desktop\
Ark-main\Ark-main\node_modules\is-finalizationregistry\LICENSE.DELETE.f4733eb24d721224f02a2413001f0e7e'

npm warn tar TAR_ENTRY_ERROR UNKNOWN: unknown error, open 
'C:\Users\motaung\Desktop\Ark-main\Ark-main\node_modules\@emnapi\runtime\dist\emnapi.cjs.js'

npm warn tar TAR_ENTRY_ERROR UNKNOWN: unknown error, open 
'C:\Users\motaung\Desktop\Ark-main\Ark-main\node_modules\caniuse-lite\data\features\abortcontroller.js'

npm warn tar TAR_ENTRY_ERROR EPERM: operation not permitted, unlink 'C:\Users\motaung\Desktop\Ark-main\Ark-main\node_mo
dules\node-exports-info\node_modules\semver\semver.js.DELETE.41fdfe5f5dd19e487e34b8c0f870ed80'

npm warn tar TAR_ENTRY_ERROR EPERM: operation not permitted, unlink 'C:\Users\motaung\Desktop\Ark-main\Ark-main\node_mo
dules\eslint-plugin-import\node_modules\semver\semver.js.DELETE.16dde45aa6bc8b49201b61debbb2cc20'

npm warn tar TAR_ENTRY_ERROR EPERM: operation not permitted, unlink 'C:\Users\motaung\Desktop\Ark-main\Ark-main\node_mo
dules\eslint-plugin-react\node_modules\semver\semver.js.DELETE.6949ca29eaac00e164182742775c5b9a'

npm warn tar TAR_ENTRY_ERROR EPERM: operation not permitted, unlink 'C:\Users\motaung\Desktop\Ark-main\Ark-main\node_mo
dules\postcss-selector-parser\dist\selectors\attribute.js.DELETE.c8f4373c2bffa7ed256e3418a5bf0243'

npm warn tar TAR_ENTRY_ERROR ENOENT: no such file or directory, rename 
'C:\Users\motaung\Desktop\Ark-main\Ark-main\node_modules\postcss-nested\package.json' -> 'C:\Users\motaung\Desktop\Ark-
main\Ark-main\node_modules\postcss-nested\package.json.DELETE.3532bdf333a883ec29fd824bd0335015'

npm warn tar TAR_ENTRY_ERROR EPERM: operation not permitted, unlink 'C:\Users\motaung\Desktop\Ark-main\Ark-main\node_mo
dules\@next\env\dist\index.js.DELETE.b7f73c79773fb246afe760f83f606ef5'

npm warn tar TAR_ENTRY_ERROR ENOENT: no such file or directory, rename 
'C:\Users\motaung\Desktop\Ark-main\Ark-main\node_modules\which-collection\LICENSE' -> 'C:\Users\motaung\Desktop\Ark-mai
n\Ark-main\node_modules\which-collection\LICENSE.DELETE.0a555dfe8eefad5f1d8aaac6feaa6f51'

npm warn tar TAR_ENTRY_ERROR ENOENT: no such file or directory, rename 
'C:\Users\motaung\Desktop\Ark-main\Ark-main\node_modules\generator-function\index.js' -> 'C:\Users\motaung\Desktop\Ark-
main\Ark-main\node_modules\generator-function\index.js.DELETE.f7e2d480336d8c28d711c45afb417600'

npm warn tar TAR_ENTRY_ERROR UNKNOWN: unknown error, open 
'C:\Users\motaung\Desktop\Ark-main\Ark-main\node_modules\baseline-browser-mapping\dist\index.js'

npm warn tar TAR_ENTRY_ERROR ENOENT: no such file or directory, rename 
'C:\Users\motaung\Desktop\Ark-main\Ark-main\node_modules\which-builtin-type\LICENSE' -> 'C:\Users\motaung\Desktop\Ark-m
ain\Ark-main\node_modules\which-builtin-type\LICENSE.DELETE.d690acf63ea09329811dd398217ecf02'

npm warn tar TAR_ENTRY_ERROR ENOENT: no such file or directory, rename 
'C:\Users\motaung\Desktop\Ark-main\Ark-main\node_modules\electron-to-chromium\index.js' -> 'C:\Users\motaung\Desktop\Ar
k-main\Ark-main\node_modules\electron-to-chromium\index.js.DELETE.c2d341be3a48b33474337005fa2b8e76'

npm warn tar TAR_ENTRY_ERROR ENOENT: no such file or directory, rename 
'C:\Users\motaung\Desktop\Ark-main\Ark-main\node_modules\js-tokens\README.md' -> 
'C:\Users\motaung\Desktop\Ark-main\Ark-main\node_modules\js-tokens\README.md.DELETE.60c7627fb540f357b7e00fd0798e66cf'

npm warn tar TAR_ENTRY_ERROR ENOENT: no such file or directory, rename 
'C:\Users\motaung\Desktop\Ark-main\Ark-main\node_modules\which\CHANGELOG.md' -> 
'C:\Users\motaung\Desktop\Ark-main\Ark-main\node_modules\which\CHANGELOG.md.DELETE.f9c7b62ab25d54038bdc3b9e46706637'

npm warn tar TAR_ENTRY_ERROR UNKNOWN: unknown error, open 
'C:\Users\motaung\Desktop\Ark-main\Ark-main\node_modules\tinyglobby\README.md'

npm warn tar TAR_ENTRY_ERROR UNKNOWN: unknown error, open 
'C:\Users\motaung\Desktop\Ark-main\Ark-main\node_modules\is-boolean-object\LICENSE'

npm warn tar TAR_ENTRY_ERROR UNKNOWN: unknown error, open 
'C:\Users\motaung\Desktop\Ark-main\Ark-main\node_modules\supports-preserve-symlinks-flag\.nycrc'

npm warn tar TAR_ENTRY_ERROR UNKNOWN: unknown error, open 
'C:\Users\motaung\Desktop\Ark-main\Ark-main\node_modules\anymatch\README.md'

npm warn tar TAR_ENTRY_ERROR ENOENT: no such file or directory, rename 
'C:\Users\motaung\Desktop\Ark-main\Ark-main\node_modules\picocolors\picocolors.d.ts' -> 'C:\Users\motaung\Desktop\Ark-m
ain\Ark-main\node_modules\picocolors\picocolors.d.ts.DELETE.9f2d8c48257bb459d0251eddd6368671'

npm warn tar TAR_ENTRY_ERROR EPERM: operation not permitted, unlink 
'C:\Users\motaung\Desktop\Ark-main\Ark-main\node_modules\axe-core\LICENSE.DELETE.f8a4e3028def7caadb58ea2681e4f74c'

npm warn tar TAR_ENTRY_ERROR ENOENT: no such file or directory, rename 
'C:\Users\motaung\Desktop\Ark-main\Ark-main\node_modules\json-buffer\.travis.yml' -> 'C:\Users\motaung\Desktop\Ark-main
\Ark-main\node_modules\json-buffer\.travis.yml.DELETE.e4f5a6ac14afd46aaaa6e98b20cbcd08'

npm warn tar TAR_ENTRY_ERROR ENOENT: no such file or directory, rename 
'C:\Users\motaung\Desktop\Ark-main\Ark-main\node_modules\set-function-name\LICENSE' -> 'C:\Users\motaung\Desktop\Ark-ma
in\Ark-main\node_modules\set-function-name\LICENSE.DELETE.9fc31254bb8ad86518b781dbd5cccb2f'

npm warn tar TAR_ENTRY_ERROR ENOENT: no such file or directory, rename 
'C:\Users\motaung\Desktop\Ark-main\Ark-main\node_modules\parent-module\index.js' -> 'C:\Users\motaung\Desktop\Ark-main\
Ark-main\node_modules\parent-module\index.js.DELETE.aa7b1f452122bcb98ff449d116004bb5'

npm warn tar TAR_ENTRY_ERROR EPERM: operation not permitted, unlink 'C:\Users\motaung\Desktop\Ark-main\Ark-main\node_mo
dules\is-symbol\.editorconfig.DELETE.861cf73ebceefd019477edb69d007024'

npm warn tar TAR_ENTRY_ERROR ENOENT: no such file or directory, rename 
'C:\Users\motaung\Desktop\Ark-main\Ark-main\node_modules\napi-postinstall\lib\constants.js' -> 'C:\Users\motaung\Deskto
p\Ark-main\Ark-main\node_modules\napi-postinstall\lib\constants.js.DELETE.4d8621c241e5afa176af41ca97753b07'

npm warn tar TAR_ENTRY_ERROR EPERM: operation not permitted, unlink 
'C:\Users\motaung\Desktop\Ark-main\Ark-main\node_modules\strip-bom\readme.md.DELETE.ee36bbd26c53505b27038aab06ea0029'

npm warn tar TAR_ENTRY_ERROR ENOENT: no such file or directory, rename 
'C:\Users\motaung\Desktop\Ark-main\Ark-main\node_modules\source-map-js\lib\binary-search.js' -> 'C:\Users\motaung\Deskt
op\Ark-main\Ark-main\node_modules\source-map-js\lib\binary-search.js.DELETE.4ce8bf876df8bdb3ae78429f505bca68'

npm warn tar TAR_ENTRY_ERROR EPERM: operation not permitted, unlink 'C:\Users\motaung\Desktop\Ark-main\Ark-main\node_mo
dules\is-binary-path\license.DELETE.956d1dc7bce57a9fdc39b541222ccbfc'

npm warn tar TAR_ENTRY_ERROR EPERM: operation not permitted, unlink 
'C:\Users\motaung\Desktop\Ark-main\Ark-main\node_modules\is-weakset\LICENSE.DELETE.5ac9a8476a6525d156492c2ceab4349a'

npm warn tar TAR_ENTRY_ERROR EPERM: operation not permitted, unlink 'C:\Users\motaung\Desktop\Ark-main\Ark-main\node_mo
dules\@next\env\package.json.DELETE.fea33bf052b9cd36ff0262fc4aafedf4'

npm warn tar TAR_ENTRY_ERROR EPERM: operation not permitted, unlink 'C:\Users\motaung\Desktop\Ark-main\Ark-main\node_mo
dules\caniuse-lite\data\features\ac3-ec3.js.DELETE.ad9c994bb31824d6bf120c1b9292dedf'

npm warn tar TAR_ENTRY_ERROR ENOENT: no such file or directory, rename 
'C:\Users\motaung\Desktop\Ark-main\Ark-main\node_modules\readdirp\package.json' -> 
'C:\Users\motaung\Desktop\Ark-main\Ark-main\node_modules\readdirp\package.json.DELETE.f7927ae838877b145382dfa4be14a995'

npm warn tar TAR_ENTRY_ERROR ENOENT: no such file or directory, rename 
'C:\Users\motaung\Desktop\Ark-main\Ark-main\node_modules\prelude-ls\lib\Func.js' -> 'C:\Users\motaung\Desktop\Ark-main\
Ark-main\node_modules\prelude-ls\lib\Func.js.DELETE.5b357e3ab570f17265b9cf1d37dc3965'

npm warn tar TAR_ENTRY_ERROR ENOENT: no such file or directory, rename 
'C:\Users\motaung\Desktop\Ark-main\Ark-main\node_modules\mz\zlib.js' -> 
'C:\Users\motaung\Desktop\Ark-main\Ark-main\node_modules\mz\zlib.js.DELETE.2f86d0a22e0918bc6da262221d33affa'

npm warn tar TAR_ENTRY_ERROR EPERM: operation not permitted, unlink 'C:\Users\motaung\Desktop\Ark-main\Ark-main\node_mo
dules\typed-array-byte-offset\.eslintrc.DELETE.6768e389f00ef5f0cb9adcdd25fb3214'

npm warn tar TAR_ENTRY_ERROR ENOENT: no such file or directory, rename 
'C:\Users\motaung\Desktop\Ark-main\Ark-main\node_modules\react-is\index.js' -> 
'C:\Users\motaung\Desktop\Ark-main\Ark-main\node_modules\react-is\index.js.DELETE.964a128f08110da53d6fc9477a094f9a'

npm warn tar TAR_ENTRY_ERROR EPERM: operation not permitted, unlink 'C:\Users\motaung\Desktop\Ark-main\Ark-main\node_mo
dules\which-builtin-type\index.js.DELETE.9e68cc9ae58c5830c33849a2a76d2c3b'

npm warn tar TAR_ENTRY_ERROR EPERM: operation not permitted, unlink 'C:\Users\motaung\Desktop\Ark-main\Ark-main\node_mo
dules\array-union\index.d.ts.DELETE.1b0e1398499a96fce6d388a157005e7c'

npm warn tar TAR_ENTRY_ERROR EPERM: operation not permitted, unlink 'C:\Users\motaung\Desktop\Ark-main\Ark-main\node_mo
dules\@emnapi\wasi-threads\dist\wasi-threads.cjs.js.DELETE.43786beaefecdcb0ba57d50ed3e850c8'

npm warn tar TAR_ENTRY_ERROR EPERM: operation not permitted, unlink 
'C:\Users\motaung\Desktop\Ark-main\Ark-main\node_modules\any-promise\LICENSE.DELETE.09cd18b1404880c59cb9320f6f091ca1'

npm warn tar TAR_ENTRY_ERROR EPERM: operation not permitted, unlink 
'C:\Users\motaung\Desktop\Ark-main\Ark-main\node_modules\json5\lib\index.js.DELETE.b37fec7e23e8fb11b1cf33a9da974287'

npm warn tar TAR_ENTRY_ERROR ENOENT: no such file or directory, rename 
'C:\Users\motaung\Desktop\Ark-main\Ark-main\node_modules\@swc\helpers\cjs\_apply_decorated_descriptor.cjs' -> 'C:\Users
\motaung\Desktop\Ark-main\Ark-main\node_modules\@swc\helpers\cjs\_apply_decorated_descriptor.cjs.DELETE.97e84cef0abbd5f
eda504f525097f7d6'

npm warn tar TAR_ENTRY_ERROR EPERM: operation not permitted, unlink 
'C:\Users\motaung\Desktop\Ark-main\Ark-main\node_modules\camelcase-css\license.DELETE.7a76f6d08bda188e317e94e4c2c78799'

npm warn tar TAR_ENTRY_ERROR EPERM: operation not permitted, unlink 
'C:\Users\motaung\Desktop\Ark-main\Ark-main\node_modules\rimraf\bin.js.DELETE.32c69db357db638de33f44daacbb81e9'

npm warn tar TAR_ENTRY_ERROR EPERM: operation not permitted, unlink 
'C:\Users\motaung\Desktop\Ark-main\Ark-main\node_modules\locate-path\index.js.DELETE.3fc7f850f978eed93b3ade837a5b5b9f'

npm warn tar TAR_ENTRY_ERROR EPERM: operation not permitted, unlink 'C:\Users\motaung\Desktop\Ark-main\Ark-main\node_mo
dules\path-exists\index.d.ts.DELETE.e533a9f5a0c9e3a75f379a40255d504a'

npm warn tar TAR_ENTRY_ERROR EPERM: operation not permitted, unlink 
'C:\Users\motaung\Desktop\Ark-main\Ark-main\node_modules\flat-cache\README.md.DELETE.4e9190703b61fe2a97bbbbaf18dde08b'

npm warn tar TAR_ENTRY_ERROR EPERM: operation not permitted, unlink 'C:\Users\motaung\Desktop\Ark-main\Ark-main\node_mo
dules\balanced-match\.github\FUNDING.yml.DELETE.ac62d3bbcbde872020b935c06862031e'

npm warn tar TAR_ENTRY_ERROR EPERM: operation not permitted, unlink 'C:\Users\motaung\Desktop\Ark-main\Ark-main\node_mo
dules\iterator.prototype\LICENSE.DELETE.68c4f7f87033ad9c67733171b4b2dc05'

npm warn tar TAR_ENTRY_ERROR EPERM: operation not permitted, unlink 'C:\Users\motaung\Desktop\Ark-main\Ark-main\node_mo
dules\functions-have-names\.eslintrc.DELETE.86b78b27e5e87eab2160979b1d1e946e'

npm warn tar TAR_ENTRY_ERROR EPERM: operation not permitted, unlink 'C:\Users\motaung\Desktop\Ark-main\Ark-main\node_mo
dules\string.prototype.repeat\.gitattributes.DELETE.675cf4a50ea9033c9a63f5da1a0e6370'

npm warn tar TAR_ENTRY_ERROR EPERM: operation not permitted, unlink 'C:\Users\motaung\Desktop\Ark-main\Ark-main\node_mo
dules\prop-types\checkPropTypes.js.DELETE.65ebad40e1a52529ddedd93c5ba9c42b'

npm warn tar TAR_ENTRY_ERROR EPERM: operation not permitted, unlink 'C:\Users\motaung\Desktop\Ark-main\Ark-main\node_mo
dules\object.entries\.eslintrc.DELETE.c59834012a357687029085b5f10f016f'

npm warn tar TAR_ENTRY_ERROR EPERM: operation not permitted, unlink 
'C:\Users\motaung\Desktop\Ark-main\Ark-main\node_modules\acorn-jsx\index.js.DELETE.0a65d4d88bc989d725074d570872fe38'

npm warn tar TAR_ENTRY_ERROR EPERM: operation not permitted, unlink 'C:\Users\motaung\Desktop\Ark-main\Ark-main\node_mo
dules\string.prototype.matchall\.eslintrc.DELETE.0dc9e1fe3c4a2fb15d1fcd11bf25d964'

npm warn tar TAR_ENTRY_ERROR UNKNOWN: unknown error, open 
'C:\Users\motaung\Desktop\Ark-main\Ark-main\node_modules\has-flag\license'

npm warn tar TAR_ENTRY_ERROR ENOENT: no such file or directory, rename 
'C:\Users\motaung\Desktop\Ark-main\Ark-main\node_modules\object-assign\license' -> 
'C:\Users\motaung\Desktop\Ark-main\Ark-main\node_modules\object-assign\license.DELETE.ea364e155c9eefe5d9f54d170d9965c0'

npm warn tar TAR_ENTRY_ERROR ENOENT: no such file or directory, rename 
'C:\Users\motaung\Desktop\Ark-main\Ark-main\node_modules\loose-envify\custom.js' -> 'C:\Users\motaung\Desktop\Ark-main\
Ark-main\node_modules\loose-envify\custom.js.DELETE.a33400dce5ed59faf19cf89be60bd42d'

npm warn tar TAR_ENTRY_ERROR ENOENT: no such file or directory, rename 
'C:\Users\motaung\Desktop\Ark-main\Ark-main\node_modules\client-only\package.json' -> 'C:\Users\motaung\Desktop\Ark-mai
n\Ark-main\node_modules\client-only\package.json.DELETE.f27d9ff56e26e2d3920833c780aceaff'

npm warn tar TAR_ENTRY_ERROR ENOENT: no such file or directory, rename 
'C:\Users\motaung\Desktop\Ark-main\Ark-main\node_modules\p-limit\package.json' -> 
'C:\Users\motaung\Desktop\Ark-main\Ark-main\node_modules\p-limit\package.json.DELETE.35278136b62782b2b9a935314b844772'

npm warn tar TAR_ENTRY_ERROR ENOENT: no such file or directory, rename 
'C:\Users\motaung\Desktop\Ark-main\Ark-main\node_modules\regexp.prototype.flags\.editorconfig' -> 'C:\Users\motaung\Des
ktop\Ark-main\Ark-main\node_modules\regexp.prototype.flags\.editorconfig.DELETE.be2bf02b655c72c90c35685df7833640'

npm warn tar TAR_ENTRY_ERROR ENOENT: no such file or directory, rename 
'C:\Users\motaung\Desktop\Ark-main\Ark-main\node_modules\resolve-pkg-maps\dist\index.cjs' -> 'C:\Users\motaung\Desktop\
Ark-main\Ark-main\node_modules\resolve-pkg-maps\dist\index.cjs.DELETE.15e9fc9294298f41fc9982a46490089b'

npm warn tar TAR_ENTRY_ERROR UNKNOWN: unknown error, open 
'C:\Users\motaung\Desktop\Ark-main\Ark-main\node_modules\@tybys\wasm-util\lib\cjs\wasi\error.js'

npm warn tar TAR_ENTRY_ERROR ENOENT: no such file or directory, unlink 
'C:\Users\motaung\Desktop\Ark-main\Ark-main\node_modules\has-bigints\index.js.DELETE.4944298c5d5f9a243cbf13927125fec2'

npm warn tar TAR_ENTRY_ERROR UNKNOWN: unknown error, open 
'C:\Users\motaung\Desktop\Ark-main\Ark-main\node_modules\napi-postinstall\lib\fallback.js'

npm warn tar TAR_ENTRY_ERROR ENOENT: no such file or directory, rename 
'C:\Users\motaung\Desktop\Ark-main\Ark-main\node_modules\generator-function\test\index.js' -> 'C:\Users\motaung\Desktop
\Ark-main\Ark-main\node_modules\generator-function\test\index.js.DELETE.a9a574f59e6c5391ce3b9fd0d496e71b'

npm warn tar TAR_ENTRY_ERROR UNKNOWN: unknown error, open 
'C:\Users\motaung\Desktop\Ark-main\Ark-main\node_modules\is-shared-array-buffer\.eslintrc'

npm warn tar TAR_ENTRY_ERROR UNKNOWN: unknown error, open 
'C:\Users\motaung\Desktop\Ark-main\Ark-main\node_modules\fs.realpath\LICENSE'

npm warn tar TAR_ENTRY_ERROR ENOENT: no such file or directory, unlink 
'C:\Users\motaung\Desktop\Ark-main\Ark-main\node_modules\escalade\package.json.DELETE.e995d35de1f74cb27c4cc6102d7e9ef8'

npm warn tar TAR_ENTRY_ERROR ENOENT: no such file or directory, rename 
'C:\Users\motaung\Desktop\Ark-main\Ark-main\node_modules\reusify\benchmarks\createNoCodeFunction.js' -> 'C:\Users\motau
ng\Desktop\Ark-main\Ark-main\node_modules\reusify\benchmarks\createNoCodeFunction.js.DELETE.59bcb476f510c6b63b6b2eba8f1
3c3e9'

npm warn tar TAR_ENTRY_ERROR ENOENT: no such file or directory, rename 
'C:\Users\motaung\Desktop\Ark-main\Ark-main\node_modules\signal-exit\dist\mjs\index.js' -> 'C:\Users\motaung\Desktop\Ar
k-main\Ark-main\node_modules\signal-exit\dist\mjs\index.js.DELETE.d90ab2835685e5b4701870a5b7a3bf1e'

npm warn tar TAR_ENTRY_ERROR EPERM: operation not permitted, unlink 'C:\Users\motaung\Desktop\Ark-main\Ark-main\node_mo
dules\chokidar\lib\fsevents-handler.js.DELETE.94ff3705d483ff8c49e86246d85dfd7d'

npm warn tar TAR_ENTRY_ERROR UNKNOWN: unknown error, open 
'C:\Users\motaung\Desktop\Ark-main\Ark-main\node_modules\array.prototype.tosorted\.nycrc'

npm warn tar TAR_ENTRY_ERROR ENOENT: no such file or directory, open 
'C:\Users\motaung\Desktop\Ark-main\Ark-main\node_modules\picomatch\lib\constants.js'

npm warn tar TAR_ENTRY_ERROR UNKNOWN: unknown error, open 
'C:\Users\motaung\Desktop\Ark-main\Ark-main\node_modules\type-check\lib\check.js'

npm warn deprecated inflight@1.0.6: This module is not supported, and leaks memory. Do not use it. Check out lru-cache 
if you want a good and tested way to coalesce async requests by a key value, which is much more comprehensive and 
powerful.

npm warn tar TAR_ENTRY_ERROR UNKNOWN: unknown error, open 
'C:\Users\motaung\Desktop\Ark-main\Ark-main\node_modules\typed-array-byte-offset\.nycrc'

npm warn tar TAR_ENTRY_ERROR ENOENT: no such file or directory, rename 
'C:\Users\motaung\Desktop\Ark-main\Ark-main\node_modules\p-locate\package.json' -> 
'C:\Users\motaung\Desktop\Ark-main\Ark-main\node_modules\p-locate\package.json.DELETE.be150b9ab3a890819f9dc72f4e854d6f'

npm warn tar TAR_ENTRY_ERROR ENOENT: no such file or directory, rename 
'C:\Users\motaung\Desktop\Ark-main\Ark-main\node_modules\@emnapi\wasi-threads\dist\wasi-threads.cjs.min.js' -> 'C:\User
s\motaung\Desktop\Ark-main\Ark-main\node_modules\@emnapi\wasi-threads\dist\wasi-threads.cjs.min.js.DELETE.421c1288eba97
1b55a72e783588cbeb1'

npm warn tar TAR_ENTRY_ERROR ENOENT: no such file or directory, open 
'C:\Users\motaung\Desktop\Ark-main\Ark-main\node_modules\@swc\helpers\cjs\_apply_decs_2203_r.cjs'

npm warn tar TAR_ENTRY_ERROR EPERM: operation not permitted, unlink 'C:\Users\motaung\Desktop\Ark-main\Ark-main\node_mo
dules\@jridgewell\gen-mapping\dist\gen-mapping.umd.js.DELETE.74f4bdba8819ef4d87faaa4516875a7a'

npm warn tar TAR_ENTRY_ERROR UNKNOWN: unknown error, open 
'C:\Users\motaung\Desktop\Ark-main\Ark-main\node_modules\rimraf\rimraf.js'

npm warn tar TAR_ENTRY_ERROR EPERM: operation not permitted, unlink 
'C:\Users\motaung\Desktop\Ark-main\Ark-main\node_modules\dlv\dist\dlv.es.js.DELETE.e26ed65e503492b061e21ceed0cb656a'

npm warn tar TAR_ENTRY_ERROR ENOENT: no such file or directory, rename 
'C:\Users\motaung\Desktop\Ark-main\Ark-main\node_modules\object-assign\readme.md' -> 'C:\Users\motaung\Desktop\Ark-main
\Ark-main\node_modules\object-assign\readme.md.DELETE.cbaa3b3748498379c14e5ac61f72083d'

npm warn tar TAR_ENTRY_ERROR ENOENT: no such file or directory, rename 
'C:\Users\motaung\Desktop\Ark-main\Ark-main\node_modules\loose-envify\index.js' -> 
'C:\Users\motaung\Desktop\Ark-main\Ark-main\node_modules\loose-envify\index.js.DELETE.602da0b1713ebef02860342714eba07c'

npm warn tar TAR_ENTRY_ERROR UNKNOWN: unknown error, open 
'C:\Users\motaung\Desktop\Ark-main\Ark-main\node_modules\p-limit\readme.md'

npm warn tar TAR_ENTRY_ERROR EPERM: operation not permitted, unlink 'C:\Users\motaung\Desktop\Ark-main\Ark-main\node_mo
dules\ts-interface-checker\dist\index.d.ts.DELETE.7e072e2da0dfb7593f92143af8e4e455'

npm warn tar TAR_ENTRY_ERROR ENOENT: no such file or directory, rename 
'C:\Users\motaung\Desktop\Ark-main\Ark-main\node_modules\merge2\package.json' -> 
'C:\Users\motaung\Desktop\Ark-main\Ark-main\node_modules\merge2\package.json.DELETE.f4d069e4cb879150b6ae4f5e74f7e5bf'

npm warn tar TAR_ENTRY_ERROR ENOENT: no such file or directory, rename 
'C:\Users\motaung\Desktop\Ark-main\Ark-main\node_modules\dir-glob\license' -> 
'C:\Users\motaung\Desktop\Ark-main\Ark-main\node_modules\dir-glob\license.DELETE.560cbf3778b292c14b2829f5d712e815'

npm warn tar TAR_ENTRY_ERROR EPERM: operation not permitted, unlink 
'C:\Users\motaung\Desktop\Ark-main\Ark-main\node_modules\mz\child_process.js.DELETE.0aac7b044160142f0a6ef0c03f2fdbd1'

npm warn tar TAR_ENTRY_ERROR ENOENT: no such file or directory, rename 
'C:\Users\motaung\Desktop\Ark-main\Ark-main\node_modules\string.prototype.trimstart\.eslintrc' -> 'C:\Users\motaung\Des
ktop\Ark-main\Ark-main\node_modules\string.prototype.trimstart\.eslintrc.DELETE.a3d36275a33dd62a942ca48ce4f818b5'

npm warn tar TAR_ENTRY_ERROR UNKNOWN: unknown error, open 
'C:\Users\motaung\Desktop\Ark-main\Ark-main\node_modules\type-fest\readme.md'

npm warn tar TAR_ENTRY_ERROR ENOENT: no such file or directory, rename 
'C:\Users\motaung\Desktop\Ark-main\Ark-main\node_modules\@tybys\wasm-util\lib\cjs\wasi\fd.js' -> 'C:\Users\motaung\Desk
top\Ark-main\Ark-main\node_modules\@tybys\wasm-util\lib\cjs\wasi\fd.js.DELETE.4ad441088e1b18949bdc4078f9bbd9d2'

npm warn tar TAR_ENTRY_ERROR ENOENT: no such file or directory, rename 
'C:\Users\motaung\Desktop\Ark-main\Ark-main\node_modules\fs.realpath\index.js' -> 
'C:\Users\motaung\Desktop\Ark-main\Ark-main\node_modules\fs.realpath\index.js.DELETE.aea7056b3dea6d25554557052e8665fe'

npm warn tar TAR_ENTRY_ERROR ENOENT: no such file or directory, rename 
'C:\Users\motaung\Desktop\Ark-main\Ark-main\node_modules\slash\index.js' -> 
'C:\Users\motaung\Desktop\Ark-main\Ark-main\node_modules\slash\index.js.DELETE.125669c5ac55b228b2366d56a5094122'

npm warn tar TAR_ENTRY_ERROR EPERM: operation not permitted, unlink 'C:\Users\motaung\Desktop\Ark-main\Ark-main\node_mo
dules\ast-types-flow\lib\types.js.DELETE.cad0f095234c3ec970a254ae83a51566'

npm warn tar TAR_ENTRY_ERROR EPERM: operation not permitted, unlink 'C:\Users\motaung\Desktop\Ark-main\Ark-main\node_mo
dules\glob\node_modules\minimatch\dist\commonjs\ast.js.DELETE.91b05bf09b8bd4ae2605a6dff9793b84'

npm warn tar TAR_ENTRY_ERROR EPERM: operation not permitted, unlink 'C:\Users\motaung\Desktop\Ark-main\Ark-main\node_mo
dules\util-deprecate\node.js.DELETE.cf132f99f09fd845c2201fa28d4548bd'

npm warn tar TAR_ENTRY_ERROR ENOENT: no such file or directory, rename 
'C:\Users\motaung\Desktop\Ark-main\Ark-main\node_modules\dunder-proto\LICENSE' -> 
'C:\Users\motaung\Desktop\Ark-main\Ark-main\node_modules\dunder-proto\LICENSE.DELETE.7b537602d3aef49dab02c5b0f53bfcb8'

npm warn tar TAR_ENTRY_ERROR EPERM: operation not permitted, unlink 'C:\Users\motaung\Desktop\Ark-main\Ark-main\node_mo
dules\string.prototype.matchall\.nycrc.DELETE.b9d5192931ebe8b1baa8bdac6b3ddd8c'

npm warn tar TAR_ENTRY_ERROR EPERM: operation not permitted, unlink 'C:\Users\motaung\Desktop\Ark-main\Ark-main\node_mo
dules\postcss-selector-parser\dist\selectors\combinator.js.DELETE.a46a3fb8782ea9c7d0d02396e52f8f4f'

npm warn tar TAR_ENTRY_ERROR EPERM: operation not permitted, unlink 'C:\Users\motaung\Desktop\Ark-main\Ark-main\node_mo
dules\postcss-nested\index.d.ts.DELETE.72ab59ad1497f4534d752299ff96146e'

npm warn tar TAR_ENTRY_ERROR EPERM: operation not permitted, unlink 
'C:\Users\motaung\Desktop\Ark-main\Ark-main\node_modules\path-type\index.js.DELETE.dffe0ff12ba8d05eab39a3c1d9627612'

npm warn tar TAR_ENTRY_ERROR ENOENT: no such file or directory, rename 
'C:\Users\motaung\Desktop\Ark-main\Ark-main\node_modules\binary-extensions\readme.md' -> 'C:\Users\motaung\Desktop\Ark-
main\Ark-main\node_modules\binary-extensions\readme.md.DELETE.ad098af96d1e8a9c961d33dd815e2293'

npm warn tar TAR_ENTRY_ERROR EPERM: operation not permitted, unlink 'C:\Users\motaung\Desktop\Ark-main\Ark-main\node_mo
dules\stop-iteration-iterator\.nycrc.DELETE.aaf2e79b0dc273da96b5c5d980865b88'

npm warn tar TAR_ENTRY_ERROR ENOENT: no such file or directory, rename 
'C:\Users\motaung\Desktop\Ark-main\Ark-main\node_modules\fast-glob\out\utils\array.js' -> 'C:\Users\motaung\Desktop\Ark
-main\Ark-main\node_modules\fast-glob\out\utils\array.js.DELETE.4c4283383329e26fa925815703897e99'

npm warn tar TAR_ENTRY_ERROR ENOENT: no such file or directory, open 
'C:\Users\motaung\Desktop\Ark-main\Ark-main\node_modules\@swc\helpers\cjs\_array_like_to_array.cjs'

npm warn tar TAR_ENTRY_ERROR EPERM: operation not permitted, unlink 'C:\Users\motaung\Desktop\Ark-main\Ark-main\node_mo
dules\motion-dom\package.json.DELETE.8affa241e40b78058acda1e1b9066429'

npm warn tar TAR_ENTRY_ERROR ENOENT: no such file or directory, rename 
'C:\Users\motaung\Desktop\Ark-main\Ark-main\node_modules\object.entries\test\.eslintrc' -> 'C:\Users\motaung\Desktop\Ar
k-main\Ark-main\node_modules\object.entries\test\.eslintrc.DELETE.3dd0fe5fe7e532d38a0ef32fdcfa4413'

npm warn tar TAR_ENTRY_ERROR EPERM: operation not permitted, unlink 'C:\Users\motaung\Desktop\Ark-main\Ark-main\node_mo
dules\esrecurse\gulpfile.babel.js.DELETE.6524a66852342bf21617bcd456307d57'

npm warn tar TAR_ENTRY_ERROR EPERM: operation not permitted, unlink 'C:\Users\motaung\Desktop\Ark-main\Ark-main\node_mo
dules\estraverse\estraverse.js.DELETE.3c1953f7809f2c86e6430e10aef7acc6'

npm warn tar TAR_ENTRY_ERROR ENOENT: no such file or directory, rename 
'C:\Users\motaung\Desktop\Ark-main\Ark-main\node_modules\commander\CHANGELOG.md' -> 'C:\Users\motaung\Desktop\Ark-main\
Ark-main\node_modules\commander\CHANGELOG.md.DELETE.19cf015225cd5ace1fa120568bf6e24c'

npm warn tar TAR_ENTRY_ERROR EPERM: operation not permitted, unlink 
'C:\Users\motaung\Desktop\Ark-main\Ark-main\node_modules\postcss-js\parser.js.DELETE.977a8096741069bd535775842edef598'

npm warn tar TAR_ENTRY_ERROR ENOENT: no such file or directory, rename 
'C:\Users\motaung\Desktop\Ark-main\Ark-main\node_modules\language-tags\lib\index.js' -> 'C:\Users\motaung\Desktop\Ark-m
ain\Ark-main\node_modules\language-tags\lib\index.js.DELETE.76e00f9d04427183c45f99472050ee07'

npm warn tar TAR_ENTRY_ERROR EPERM: operation not permitted, unlink 'C:\Users\motaung\Desktop\Ark-main\Ark-main\node_mo
dules\async-function\test\index.js.DELETE.9045e74f0ef62e1b8f3e5de4a68f3057'

npm warn tar TAR_ENTRY_ERROR EPERM: operation not permitted, open 
'C:\Users\motaung\Desktop\Ark-main\Ark-main\node_modules\dlv\dist\dlv.es.js.map'

npm warn tar TAR_ENTRY_ERROR EPERM: operation not permitted, open 
'C:\Users\motaung\Desktop\Ark-main\Ark-main\node_modules\ts-interface-checker\dist\index.js'

npm warn tar TAR_ENTRY_ERROR ENOENT: no such file or directory, rename 
'C:\Users\motaung\Desktop\Ark-main\Ark-main\node_modules\object-inspect\.nycrc' -> 
'C:\Users\motaung\Desktop\Ark-main\Ark-main\node_modules\object-inspect\.nycrc.DELETE.2ebc621ea171e8025df400f4ff491ccf'

npm warn tar TAR_ENTRY_ERROR UNKNOWN: unknown error, open 
'C:\Users\motaung\Desktop\Ark-main\Ark-main\node_modules\is-set\.eslintrc'

npm warn tar TAR_ENTRY_ERROR ENOENT: no such file or directory, rename 
'C:\Users\motaung\Desktop\Ark-main\Ark-main\node_modules\is-weakref\.nycrc' -> 
'C:\Users\motaung\Desktop\Ark-main\Ark-main\node_modules\is-weakref\.nycrc.DELETE.93bee4d79d5cac8282b4fa5bb909f06c'

npm warn tar TAR_ENTRY_ERROR UNKNOWN: unknown error, open 
'C:\Users\motaung\Desktop\Ark-main\Ark-main\node_modules\is-data-view\.eslintrc'

npm warn tar TAR_ENTRY_ERROR UNKNOWN: unknown error, open 
'C:\Users\motaung\Desktop\Ark-main\Ark-main\node_modules\is-regex\.eslintrc'

npm warn tar TAR_ENTRY_ERROR UNKNOWN: unknown error, open 
'C:\Users\motaung\Desktop\Ark-main\Ark-main\node_modules\is-symbol\.nycrc'

npm warn tar TAR_ENTRY_ERROR ENOENT: no such file or directory, rename 
'C:\Users\motaung\Desktop\Ark-main\Ark-main\node_modules\is-date-object\.eslintrc' -> 'C:\Users\motaung\Desktop\Ark-mai
n\Ark-main\node_modules\is-date-object\.eslintrc.DELETE.40b5b44d93b3d0de8f71f1ed38f34583'

npm warn tar TAR_ENTRY_ERROR EPERM: operation not permitted, unlink 'C:\Users\motaung\Desktop\Ark-main\Ark-main\node_mo
dules\safe-push-apply\.nycrc.DELETE.a09a6802808e108f1e0dac4dff54329e'

npm warn tar TAR_ENTRY_ERROR EPERM: operation not permitted, unlink 'C:\Users\motaung\Desktop\Ark-main\Ark-main\node_mo
dules\safe-array-concat\.nycrc.DELETE.43ea7974d9f102b6f14f0c8e7b6b84ae'

npm warn tar TAR_ENTRY_ERROR EPERM: operation not permitted, unlink 'C:\Users\motaung\Desktop\Ark-main\Ark-main\node_mo
dules\object.assign\.eslintrc.DELETE.d020ecab163a0a6a79f63cc9a5bae385'

npm warn tar TAR_ENTRY_ERROR ENOENT: no such file or directory, rename 
'C:\Users\motaung\Desktop\Ark-main\Ark-main\node_modules\@tybys\wasm-util\lib\cjs\wasi\fs.js' -> 'C:\Users\motaung\Desk
top\Ark-main\Ark-main\node_modules\@tybys\wasm-util\lib\cjs\wasi\fs.js.DELETE.871e4343cf28ed0433dd19fc0e5de963'

npm warn tar TAR_ENTRY_ERROR ENOENT: no such file or directory, rename 
'C:\Users\motaung\Desktop\Ark-main\Ark-main\node_modules\has-bigints\test\index.js' -> 'C:\Users\motaung\Desktop\Ark-ma
in\Ark-main\node_modules\has-bigints\test\index.js.DELETE.bc94612176c4aa6aead11216c9a3bd3b'

npm warn tar TAR_ENTRY_ERROR ENOENT: no such file or directory, rename 
'C:\Users\motaung\Desktop\Ark-main\Ark-main\node_modules\which-collection\test\index.js' -> 'C:\Users\motaung\Desktop\A
rk-main\Ark-main\node_modules\which-collection\test\index.js.DELETE.6776e98b9d36caf83c81564a3d43113e'

npm warn tar TAR_ENTRY_ERROR UNKNOWN: unknown error, open 
'C:\Users\motaung\Desktop\Ark-main\Ark-main\node_modules\is-negative-zero\.eslintrc'

npm warn tar TAR_ENTRY_ERROR UNKNOWN: unknown error, open 
'C:\Users\motaung\Desktop\Ark-main\Ark-main\node_modules\has-symbols\.nycrc'

npm warn tar TAR_ENTRY_ERROR UNKNOWN: unknown error, open 
'C:\Users\motaung\Desktop\Ark-main\Ark-main\node_modules\function.prototype.name\.eslintrc'

npm warn tar TAR_ENTRY_ERROR UNKNOWN: unknown error, open 
'C:\Users\motaung\Desktop\Ark-main\Ark-main\node_modules\internal-slot\.eslintrc'

npm warn tar TAR_ENTRY_ERROR ENOENT: no such file or directory, rename 
'C:\Users\motaung\Desktop\Ark-main\Ark-main\node_modules\reflect.getprototypeof\implementation.js' -> 'C:\Users\motaung
\Desktop\Ark-main\Ark-main\node_modules\reflect.getprototypeof\implementation.js.DELETE.34ad829c11757f912fa3597802cd7f2
c'

npm warn tar TAR_ENTRY_ERROR UNKNOWN: unknown error, open 
'C:\Users\motaung\Desktop\Ark-main\Ark-main\node_modules\globalthis\.nycrc'

npm warn tar TAR_ENTRY_ERROR UNKNOWN: unknown error, open 
'C:\Users\motaung\Desktop\Ark-main\Ark-main\node_modules\get-symbol-description\.nycrc'

npm warn tar TAR_ENTRY_ERROR UNKNOWN: unknown error, open 
'C:\Users\motaung\Desktop\Ark-main\Ark-main\node_modules\has-proto\LICENSE'

npm warn tar TAR_ENTRY_ERROR ENOENT: no such file or directory, rename 
'C:\Users\motaung\Desktop\Ark-main\Ark-main\node_modules\path-parse\README.md' -> 
'C:\Users\motaung\Desktop\Ark-main\Ark-main\node_modules\path-parse\README.md.DELETE.72d362ac3f56bc53b9c372314439efb0'

npm warn tar TAR_ENTRY_ERROR UNKNOWN: unknown error, open 
'C:\Users\motaung\Desktop\Ark-main\Ark-main\node_modules\es-set-tostringtag\.nycrc'

npm warn tar TAR_ENTRY_ERROR UNKNOWN: unknown error, open 
'C:\Users\motaung\Desktop\Ark-main\Ark-main\node_modules\data-view-byte-offset\.nycrc'

npm warn tar TAR_ENTRY_ERROR UNKNOWN: unknown error, open 
'C:\Users\motaung\Desktop\Ark-main\Ark-main\node_modules\es-to-primitive\.eslintignore'

npm warn tar TAR_ENTRY_ERROR UNKNOWN: unknown error, open 
'C:\Users\motaung\Desktop\Ark-main\Ark-main\node_modules\get-proto\.nycrc'

npm warn tar TAR_ENTRY_ERROR UNKNOWN: unknown error, open 
'C:\Users\motaung\Desktop\Ark-main\Ark-main\node_modules\call-bound\.nycrc'

npm warn tar TAR_ENTRY_ERROR ENOENT: no such file or directory, open 
'C:\Users\motaung\Desktop\Ark-main\Ark-main\node_modules\is-async-function\test\index.js'

npm warn tar TAR_ENTRY_ERROR EPERM: operation not permitted, unlink 'C:\Users\motaung\Desktop\Ark-main\Ark-main\node_mo
dules\@emnapi\wasi-threads\dist\wasi-threads.esm-bundler.js.DELETE.2a3299973659fd6b16f09fd814020d77'

npm warn tar TAR_ENTRY_ERROR UNKNOWN: unknown error, open 
'C:\Users\motaung\Desktop\Ark-main\Ark-main\node_modules\define-properties\.eslintrc'

npm warn tar TAR_ENTRY_ERROR UNKNOWN: unknown error, open 
'C:\Users\motaung\Desktop\Ark-main\Ark-main\node_modules\punycode\package.json'

npm warn tar TAR_ENTRY_ERROR EPERM: operation not permitted, unlink 'C:\Users\motaung\Desktop\Ark-main\Ark-main\node_mo
dules\electron-to-chromium\chromium-versions.json.DELETE.1cbccbf8698f6b2309bbca60534d2213'

npm warn tar TAR_ENTRY_ERROR ENOENT: no such file or directory, rename 
'C:\Users\motaung\Desktop\Ark-main\Ark-main\node_modules\util-deprecate\History.md' -> 'C:\Users\motaung\Desktop\Ark-ma
in\Ark-main\node_modules\util-deprecate\History.md.DELETE.4bdeca78567b7792a966ec582bca890a'

npm warn tar TAR_ENTRY_ERROR ENOENT: no such file or directory, open 
'C:\Users\motaung\Desktop\Ark-main\Ark-main\node_modules\glob\node_modules\brace-expansion\.github\FUNDING.yml'

npm warn tar TAR_ENTRY_ERROR ENOENT: no such file or directory, rename 
'C:\Users\motaung\Desktop\Ark-main\Ark-main\node_modules\flatted\golang\pkg\flatted\flatted.go' -> 'C:\Users\motaung\De
sktop\Ark-main\Ark-main\node_modules\flatted\golang\pkg\flatted\flatted.go.DELETE.2e9a474ee1caf13aec2af2c0f9f4673b'

npm warn tar TAR_ENTRY_ERROR ENOENT: no such file or directory, rename 
'C:\Users\motaung\Desktop\Ark-main\Ark-main\node_modules\postcss-selector-parser\dist\selectors\comment.js' -> 'C:\User
s\motaung\Desktop\Ark-main\Ark-main\node_modules\postcss-selector-parser\dist\selectors\comment.js.DELETE.560334408aaf3
ed2d617029ec4d630a5'

npm warn tar TAR_ENTRY_ERROR UNKNOWN: unknown error, open 
'C:\Users\motaung\Desktop\Ark-main\Ark-main\node_modules\@jridgewell\resolve-uri\README.md'

npm warn tar TAR_ENTRY_ERROR ENOENT: no such file or directory, open 
'C:\Users\motaung\Desktop\Ark-main\Ark-main\node_modules\is-bigint\test\index.js'

npm warn tar TAR_ENTRY_ERROR UNKNOWN: unknown error, open 
'C:\Users\motaung\Desktop\Ark-main\Ark-main\node_modules\source-map-js\lib\quick-sort.js'

npm warn tar TAR_ENTRY_ERROR EPERM: operation not permitted, unlink 'C:\Users\motaung\Desktop\Ark-main\Ark-main\node_mo
dules\wrap-ansi-cjs\node_modules\emoji-regex\es2015\index.js.DELETE.c18457f2dfaed1716b6e75f4f6efced0'

npm warn tar TAR_ENTRY_ERROR ENOENT: no such file or directory, rename 
'C:\Users\motaung\Desktop\Ark-main\Ark-main\node_modules\damerau-levenshtein\test\test.js' -> 'C:\Users\motaung\Desktop
\Ark-main\Ark-main\node_modules\damerau-levenshtein\test\test.js.DELETE.0b71699915a6db501f774ede88c86c42'

npm warn tar TAR_ENTRY_ERROR ENOENT: no such file or directory, rename 
'C:\Users\motaung\Desktop\Ark-main\Ark-main\node_modules\graceful-fs\legacy-streams.js' -> 'C:\Users\motaung\Desktop\Ar
k-main\Ark-main\node_modules\graceful-fs\legacy-streams.js.DELETE.e244cbbea09005d7fa651f6820e07b9c'

npm warn tar TAR_ENTRY_ERROR ENOENT: no such file or directory, rename 
'C:\Users\motaung\Desktop\Ark-main\Ark-main\node_modules\path-type\license' -> 
'C:\Users\motaung\Desktop\Ark-main\Ark-main\node_modules\path-type\license.DELETE.78f54bc4e80d8ef66098aeda5318d644'

npm warn tar TAR_ENTRY_ERROR ENOENT: no such file or directory, rename 
'C:\Users\motaung\Desktop\Ark-main\Ark-main\node_modules\possible-typed-array-names\index.js' -> 'C:\Users\motaung\Desk
top\Ark-main\Ark-main\node_modules\possible-typed-array-names\index.js.DELETE.e01acb30aa0b3cff1c534348e5f9b2fa'

npm warn tar TAR_ENTRY_ERROR ENOENT: no such file or directory, rename 
'C:\Users\motaung\Desktop\Ark-main\Ark-main\node_modules\node-exports-info\getCategory.js' -> 'C:\Users\motaung\Desktop
\Ark-main\Ark-main\node_modules\node-exports-info\getCategory.js.DELETE.1967a321301447c0ed5060d4bdcbb568'

npm warn tar TAR_ENTRY_ERROR ENOENT: no such file or directory, open 
'C:\Users\motaung\Desktop\Ark-main\Ark-main\node_modules\is-finalizationregistry\test\index.js'

npm warn tar TAR_ENTRY_ERROR ENOENT: no such file or directory, rename 
'C:\Users\motaung\Desktop\Ark-main\Ark-main\node_modules\es-abstract\.nycrc' -> 
'C:\Users\motaung\Desktop\Ark-main\Ark-main\node_modules\es-abstract\.nycrc.DELETE.7e6023c0c931a9a4fd52c37e2b136557'

npm warn tar TAR_ENTRY_ERROR UNKNOWN: unknown error, open 
'C:\Users\motaung\Desktop\Ark-main\Ark-main\node_modules\array-union\license'

npm warn tar TAR_ENTRY_ERROR ENOENT: no such file or directory, rename 
'C:\Users\motaung\Desktop\Ark-main\Ark-main\node_modules\any-promise\implementation.js' -> 'C:\Users\motaung\Desktop\Ar
k-main\Ark-main\node_modules\any-promise\implementation.js.DELETE.59a42f1ca8e608f43d639b8fdcc6e840'

npm warn tar TAR_ENTRY_ERROR ENOENT: no such file or directory, open 
'C:\Users\motaung\Desktop\Ark-main\Ark-main\node_modules\@swc\helpers\cjs\_array_with_holes.cjs'

npm warn tar TAR_ENTRY_ERROR UNKNOWN: unknown error, open 
'C:\Users\motaung\Desktop\Ark-main\Ark-main\node_modules\pirates\index.d.ts'

npm warn tar TAR_ENTRY_ERROR ENOENT: no such file or directory, rename 
'C:\Users\motaung\Desktop\Ark-main\Ark-main\node_modules\array-includes\.eslintrc' -> 'C:\Users\motaung\Desktop\Ark-mai
n\Ark-main\node_modules\array-includes\.eslintrc.DELETE.54cdb3f8494837b04d768b15dc716a87'

npm warn tar TAR_ENTRY_ERROR ENOENT: no such file or directory, rename 
'C:\Users\motaung\Desktop\Ark-main\Ark-main\node_modules\string.prototype.repeat\implementation.js' -> 'C:\Users\motaun
g\Desktop\Ark-main\Ark-main\node_modules\string.prototype.repeat\implementation.js.DELETE.c368d276089cf1fef820aa8d1d090
7ce'

npm warn tar TAR_ENTRY_ERROR ENOENT: no such file or directory, rename 
'C:\Users\motaung\Desktop\Ark-main\Ark-main\node_modules\functions-have-names\LICENSE' -> 'C:\Users\motaung\Desktop\Ark
-main\Ark-main\node_modules\functions-have-names\LICENSE.DELETE.5a4331a64972a9cfe9f34f1a68394b48'

npm warn tar TAR_ENTRY_ERROR ENOENT: no such file or directory, rename 
'C:\Users\motaung\Desktop\Ark-main\Ark-main\node_modules\acorn\dist\acorn.js' -> 
'C:\Users\motaung\Desktop\Ark-main\Ark-main\node_modules\acorn\dist\acorn.js.DELETE.f67d18212cdf48b5e9c025b025d6afa7'

npm warn tar TAR_ENTRY_ERROR ENOENT: no such file or directory, rename 
'C:\Users\motaung\Desktop\Ark-main\Ark-main\node_modules\@nolyfill\is-core-module\package.json' -> 'C:\Users\motaung\De
sktop\Ark-main\Ark-main\node_modules\@nolyfill\is-core-module\package.json.DELETE.01d46c8ed87e4397aaa292e38c057287'

npm warn tar TAR_ENTRY_ERROR ENOENT: no such file or directory, rename 
'C:\Users\motaung\Desktop\Ark-main\Ark-main\node_modules\eslint-module-utils\LICENSE' -> 'C:\Users\motaung\Desktop\Ark-
main\Ark-main\node_modules\eslint-module-utils\LICENSE.DELETE.f8a0aa49f608e23b6e6d42876e09fd1c'

npm warn tar TAR_ENTRY_ERROR ENOENT: no such file or directory, rename 
'C:\Users\motaung\Desktop\Ark-main\Ark-main\node_modules\async-function\legacy.js' -> 'C:\Users\motaung\Desktop\Ark-mai
n\Ark-main\node_modules\async-function\legacy.js.DELETE.adda713c5d1aab03d972cd042cfccbae'

npm warn tar TAR_ENTRY_ERROR ENOENT: no such file or directory, rename 
'C:\Users\motaung\Desktop\Ark-main\Ark-main\node_modules\tsconfig-paths\LICENSE' -> 'C:\Users\motaung\Desktop\Ark-main\
Ark-main\node_modules\tsconfig-paths\LICENSE.DELETE.9f4f4b9cb14d1fa7dba74656625dd7f5'

npm warn tar TAR_ENTRY_ERROR ENOENT: no such file or directory, rename 
'C:\Users\motaung\Desktop\Ark-main\Ark-main\node_modules\is-weakmap\test\index.js' -> 'C:\Users\motaung\Desktop\Ark-mai
n\Ark-main\node_modules\is-weakmap\test\index.js.DELETE.a595e2ac57a1ae6146075a3ee169b9a6'

npm warn tar TAR_ENTRY_ERROR ENOENT: no such file or directory, rename 
'C:\Users\motaung\Desktop\Ark-main\Ark-main\node_modules\is-core-module\.nycrc' -> 
'C:\Users\motaung\Desktop\Ark-main\Ark-main\node_modules\is-core-module\.nycrc.DELETE.df0428428edd5b0052d59a81d3e27fbc'

npm warn tar TAR_ENTRY_ERROR UNKNOWN: unknown error, open 
'C:\Users\motaung\Desktop\Ark-main\Ark-main\node_modules\globby\gitignore.js'

npm warn tar TAR_ENTRY_ERROR ENOENT: no such file or directory, rename 
'C:\Users\motaung\Desktop\Ark-main\Ark-main\node_modules\resolve\.eslintrc' -> 
'C:\Users\motaung\Desktop\Ark-main\Ark-main\node_modules\resolve\.eslintrc.DELETE.5d9fab61b22464a6f149f2cb7360773c'

npm warn tar TAR_ENTRY_ERROR ENOENT: no such file or directory, rename 
'C:\Users\motaung\Desktop\Ark-main\Ark-main\node_modules\semver\range.bnf' -> 
'C:\Users\motaung\Desktop\Ark-main\Ark-main\node_modules\semver\range.bnf.DELETE.b0fad80afd0b9b85d4f66ab98889cc93'

npm warn tar TAR_ENTRY_ERROR EPERM: operation not permitted, unlink 'C:\Users\motaung\Desktop\Ark-main\Ark-main\node_mo
dules\to-regex-range\README.md.DELETE.9dfe56db9af72f5d6a593016a039549a'

npm warn tar TAR_ENTRY_ERROR ENOENT: no such file or directory, rename 
'C:\Users\motaung\Desktop\Ark-main\Ark-main\node_modules\postcss-import\lib\join-layer.js' -> 'C:\Users\motaung\Desktop
\Ark-main\Ark-main\node_modules\postcss-import\lib\join-layer.js.DELETE.b1db022326de9b26cda321be3554d1bf'

npm warn tar TAR_ENTRY_ERROR ENOENT: no such file or directory, rename 
'C:\Users\motaung\Desktop\Ark-main\Ark-main\node_modules\regexp.prototype.flags\.nycrc' -> 'C:\Users\motaung\Desktop\Ar
k-main\Ark-main\node_modules\regexp.prototype.flags\.nycrc.DELETE.8480eecc55a36b830b51a2517ee05cf1'

npm warn tar TAR_ENTRY_ERROR UNKNOWN: unknown error, open 
'C:\Users\motaung\Desktop\Ark-main\Ark-main\node_modules\is-weakref\LICENSE'

npm warn tar TAR_ENTRY_ERROR UNKNOWN: unknown error, open 
'C:\Users\motaung\Desktop\Ark-main\Ark-main\node_modules\is-symbol\LICENSE'

npm warn tar TAR_ENTRY_ERROR ENOENT: no such file or directory, rename 
'C:\Users\motaung\Desktop\Ark-main\Ark-main\node_modules\string.prototype.trim\.nycrc' -> 'C:\Users\motaung\Desktop\Ark
-main\Ark-main\node_modules\string.prototype.trim\.nycrc.DELETE.97ef7781b2e7235a93b080cd6b36ca74'

npm warn tar TAR_ENTRY_ERROR ENOENT: no such file or directory, rename 
'C:\Users\motaung\Desktop\Ark-main\Ark-main\node_modules\safe-push-apply\LICENSE' -> 'C:\Users\motaung\Desktop\Ark-main
\Ark-main\node_modules\safe-push-apply\LICENSE.DELETE.14704ba804dafbeb0c36acdc8f4a1195'

npm warn tar TAR_ENTRY_ERROR ENOENT: no such file or directory, rename 
'C:\Users\motaung\Desktop\Ark-main\Ark-main\node_modules\safe-array-concat\LICENSE' -> 'C:\Users\motaung\Desktop\Ark-ma
in\Ark-main\node_modules\safe-array-concat\LICENSE.DELETE.8ad1a2ae229bda196ee645492dd638f3'

npm warn tar TAR_ENTRY_ERROR UNKNOWN: unknown error, open 
'C:\Users\motaung\Desktop\Ark-main\Ark-main\node_modules\object.assign\.nycrc'

npm warn tar TAR_ENTRY_ERROR ENOENT: no such file or directory, rename 
'C:\Users\motaung\Desktop\Ark-main\Ark-main\node_modules\which-collection\package.json' -> 'C:\Users\motaung\Desktop\Ar
k-main\Ark-main\node_modules\which-collection\package.json.DELETE.205f280ad35361729a89c067c470bd79'

npm warn tar TAR_ENTRY_ERROR UNKNOWN: unknown error, open 
'C:\Users\motaung\Desktop\Ark-main\Ark-main\node_modules\has-bigints\package.json'

npm warn tar TAR_ENTRY_ERROR UNKNOWN: unknown error, open 
'C:\Users\motaung\Desktop\Ark-main\Ark-main\node_modules\is-shared-array-buffer\LICENSE'

npm warn tar TAR_ENTRY_ERROR EPERM: operation not permitted, unlink 'C:\Users\motaung\Desktop\Ark-main\Ark-main\node_mo
dules\binary-extensions\binary-extensions.json.d.ts.DELETE.44ed743ae0ff3969ad0c7cf35e9a6949'

npm warn tar TAR_ENTRY_ERROR ENOENT: no such file or directory, rename 
'C:\Users\motaung\Desktop\Ark-main\Ark-main\node_modules\json5\lib\register.js' -> 
'C:\Users\motaung\Desktop\Ark-main\Ark-main\node_modules\json5\lib\register.js.DELETE.cd8f3ea9e3d1437ce685b5a047a0291b'

npm warn tar TAR_ENTRY_ERROR ENOENT: no such file or directory, rename 
'C:\Users\motaung\Desktop\Ark-main\Ark-main\node_modules\punycode\README.md' -> 
'C:\Users\motaung\Desktop\Ark-main\Ark-main\node_modules\punycode\README.md.DELETE.d7bff5079519979c3ffc624419379b39'

npm warn tar TAR_ENTRY_ERROR ENOENT: no such file or directory, rename 
'C:\Users\motaung\Desktop\Ark-main\Ark-main\node_modules\electron-to-chromium\full-chromium-versions.json' -> 'C:\Users
\motaung\Desktop\Ark-main\Ark-main\node_modules\electron-to-chromium\full-chromium-versions.json.DELETE.fea5e5e01d5df0c
600498dcbbb24dcca'

npm warn tar TAR_ENTRY_ERROR UNKNOWN: unknown error, open 
'C:\Users\motaung\Desktop\Ark-main\Ark-main\node_modules\path-is-absolute\readme.md'

npm warn tar TAR_ENTRY_ERROR ENOENT: no such file or directory, open 
'C:\Users\motaung\Desktop\Ark-main\Ark-main\node_modules\escalade\dist\index.mjs'

npm warn tar TAR_ENTRY_ERROR ENOENT: no such file or directory, open 
'C:\Users\motaung\Desktop\Ark-main\Ark-main\node_modules\lru-cache\dist\commonjs\package.json'

npm warn tar TAR_ENTRY_ERROR ENOENT: no such file or directory, rename 
'C:\Users\motaung\Desktop\Ark-main\Ark-main\node_modules\flat-cache\package.json' -> 'C:\Users\motaung\Desktop\Ark-main
\Ark-main\node_modules\flat-cache\package.json.DELETE.3b73f11e58b9d9da81fb804fa210ad78'

npm warn tar TAR_ENTRY_ERROR UNKNOWN: unknown error, open 
'C:\Users\motaung\Desktop\Ark-main\Ark-main\node_modules\eslint-plugin-jsx-a11y\.eslintrc'

npm warn tar TAR_ENTRY_ERROR ENOENT: no such file or directory, open 
'C:\Users\motaung\Desktop\Ark-main\Ark-main\node_modules\reusify\benchmarks\fib.js'

npm warn tar TAR_ENTRY_ERROR UNKNOWN: unknown error, open 
'C:\Users\motaung\Desktop\Ark-main\Ark-main\node_modules\supports-color\browser.js'

npm warn tar TAR_ENTRY_ERROR ENOENT: no such file or directory, open 
'C:\Users\motaung\Desktop\Ark-main\Ark-main\node_modules\emoji-regex\es2015\text.js'

npm warn tar TAR_ENTRY_ERROR ENOENT: no such file or directory, rename 
'C:\Users\motaung\Desktop\Ark-main\Ark-main\node_modules\update-browserslist-db\README.md' -> 'C:\Users\motaung\Desktop
\Ark-main\Ark-main\node_modules\update-browserslist-db\README.md.DELETE.1400774f6de7d78818655becac42705c'

npm warn tar TAR_ENTRY_ERROR EPERM: operation not permitted, unlink 'C:\Users\motaung\Desktop\Ark-main\Ark-main\node_mo
dules\esrecurse\package.json.DELETE.ba2d3f25523b726b112f553f35db638e'

npm warn tar TAR_ENTRY_ERROR EPERM: operation not permitted, unlink 'C:\Users\motaung\Desktop\Ark-main\Ark-main\node_mo
dules\estraverse\gulpfile.js.DELETE.7c968bdbe7e1c1df43740fc78841244c'

npm warn tar TAR_ENTRY_ERROR ENOENT: no such file or directory, open 
'C:\Users\motaung\Desktop\Ark-main\Ark-main\node_modules\@jridgewell\resolve-uri\dist\resolve-uri.mjs'

npm warn tar TAR_ENTRY_ERROR ENOENT: no such file or directory, open 
'C:\Users\motaung\Desktop\Ark-main\Ark-main\node_modules\yaml\browser\dist\nodes\Alias.js'

npm warn tar TAR_ENTRY_ERROR ENOENT: no such file or directory, rename 
'C:\Users\motaung\Desktop\Ark-main\Ark-main\node_modules\source-map-js\lib\source-map-consumer.js' -> 'C:\Users\motaung
\Desktop\Ark-main\Ark-main\node_modules\source-map-js\lib\source-map-consumer.js.DELETE.064d75fba1e437ae849f881d25e93ae
a'

npm warn tar TAR_ENTRY_ERROR ENOENT: no such file or directory, open 
'C:\Users\motaung\Desktop\Ark-main\Ark-main\node_modules\cross-spawn\lib\parse.js'

npm warn tar TAR_ENTRY_ERROR EPERM: operation not permitted, unlink 
'C:\Users\motaung\Desktop\Ark-main\Ark-main\node_modules\yocto-queue\readme.md.DELETE.7729e0454708ab339a574a675d38f065'

npm warn tar TAR_ENTRY_ERROR ENOENT: no such file or directory, rename 
'C:\Users\motaung\Desktop\Ark-main\Ark-main\node_modules\damerau-levenshtein\package.json' -> 'C:\Users\motaung\Desktop
\Ark-main\Ark-main\node_modules\damerau-levenshtein\package.json.DELETE.4ec226790c4cae79fd7131a5f3d06fda'

npm warn tar TAR_ENTRY_ERROR ENOENT: no such file or directory, rename 
'C:\Users\motaung\Desktop\Ark-main\Ark-main\node_modules\graceful-fs\polyfills.js' -> 'C:\Users\motaung\Desktop\Ark-mai
n\Ark-main\node_modules\graceful-fs\polyfills.js.DELETE.07e4efcd7be25590ee125d827414c95e'

npm warn tar TAR_ENTRY_ERROR ENOENT: no such file or directory, rename 
'C:\Users\motaung\Desktop\Ark-main\Ark-main\node_modules\signal-exit\dist\mjs\signals.js' -> 'C:\Users\motaung\Desktop\
Ark-main\Ark-main\node_modules\signal-exit\dist\mjs\signals.js.DELETE.79792b8b90a2ddc190e1389944e36ba3'

npm warn tar TAR_ENTRY_ERROR ENOENT: no such file or directory, rename 
'C:\Users\motaung\Desktop\Ark-main\Ark-main\node_modules\own-keys\LICENSE' -> 
'C:\Users\motaung\Desktop\Ark-main\Ark-main\node_modules\own-keys\LICENSE.DELETE.e2296676b042ce65c21bcac429e3a690'

npm warn tar TAR_ENTRY_ERROR ENOENT: no such file or directory, rename 
'C:\Users\motaung\Desktop\Ark-main\Ark-main\node_modules\react-is\README.md' -> 
'C:\Users\motaung\Desktop\Ark-main\Ark-main\node_modules\react-is\README.md.DELETE.67c3ed2d03615b28f830e34afbce2ea9'

npm warn tar TAR_ENTRY_ERROR ENOENT: no such file or directory, rename 
'C:\Users\motaung\Desktop\Ark-main\Ark-main\node_modules\napi-postinstall\lib\index.js' -> 'C:\Users\motaung\Desktop\Ar
k-main\Ark-main\node_modules\napi-postinstall\lib\index.js.DELETE.910cf9a27420e9ec3b431045baac6328'

npm warn tar TAR_ENTRY_ERROR ENOENT: no such file or directory, rename 
'C:\Users\motaung\Desktop\Ark-main\Ark-main\node_modules\is-bun-module\dist\generic.js' -> 'C:\Users\motaung\Desktop\Ar
k-main\Ark-main\node_modules\is-bun-module\dist\generic.js.DELETE.d706f3edd23cdebfd8d634ef195851f5'

npm warn tar TAR_ENTRY_ERROR EPERM: operation not permitted, unlink 'C:\Users\motaung\Desktop\Ark-main\Ark-main\node_mo
dules\jackspeak\dist\esm\index.js.DELETE.b5be09d415e31b689227ce2627f769f0'

npm warn tar TAR_ENTRY_ERROR ENOENT: no such file or directory, rename 
'C:\Users\motaung\Desktop\Ark-main\Ark-main\node_modules\commander\Readme.md' -> 
'C:\Users\motaung\Desktop\Ark-main\Ark-main\node_modules\commander\Readme.md.DELETE.2eb446ca7243692733a32e6697d66b73'

npm warn tar TAR_ENTRY_ERROR EPERM: operation not permitted, unlink 'C:\Users\motaung\Desktop\Ark-main\Ark-main\node_mo
dules\@emnapi\runtime\dist\emnapi.esm-bundler.js.DELETE.792a4dd50f8f0b97204c516c484a08a8'

npm warn tar TAR_ENTRY_ERROR ENOENT: no such file or directory, rename 
'C:\Users\motaung\Desktop\Ark-main\Ark-main\node_modules\get-tsconfig\dist\index.cjs' -> 'C:\Users\motaung\Desktop\Ark-
main\Ark-main\node_modules\get-tsconfig\dist\index.cjs.DELETE.9ecb3f94c846f7c69c2d31e08596fb71'

npm warn tar TAR_ENTRY_ERROR ENOENT: no such file or directory, rename 
'C:\Users\motaung\Desktop\Ark-main\Ark-main\node_modules\@typescript-eslint\visitor-keys\dist\get-keys.js' -> 'C:\Users
\motaung\Desktop\Ark-main\Ark-main\node_modules\@typescript-eslint\visitor-keys\dist\get-keys.js.DELETE.2b2a7ce283d5bdf
a462417bd8d289efb'

npm warn tar TAR_ENTRY_ERROR EPERM: operation not permitted, unlink 
'C:\Users\motaung\Desktop\Ark-main\Ark-main\node_modules\readdirp\index.d.ts.DELETE.7d2ade83e710c36878400dd8c840a7ff'

npm warn tar TAR_ENTRY_ERROR ENOENT: no such file or directory, rename 
'C:\Users\motaung\Desktop\Ark-main\Ark-main\node_modules\array-buffer-byte-length\LICENSE' -> 'C:\Users\motaung\Desktop
\Ark-main\Ark-main\node_modules\array-buffer-byte-length\LICENSE.DELETE.b2044677ff8d77203782c521647a1b09'

npm warn tar TAR_ENTRY_ERROR ENOENT: no such file or directory, rename 
'C:\Users\motaung\Desktop\Ark-main\Ark-main\node_modules\gopd\gOPD.js' -> 
'C:\Users\motaung\Desktop\Ark-main\Ark-main\node_modules\gopd\gOPD.js.DELETE.5756ab610f52ca87dbeb7a5382379a07'

npm warn tar TAR_ENTRY_ERROR UNKNOWN: unknown error, open 
'C:\Users\motaung\Desktop\Ark-main\Ark-main\node_modules\is-array-buffer\LICENSE'

npm warn tar TAR_ENTRY_ERROR UNKNOWN: unknown error, open 
'C:\Users\motaung\Desktop\Ark-main\Ark-main\node_modules\es-shim-unscopables\LICENSE'

npm warn tar TAR_ENTRY_ERROR EPERM: operation not permitted, unlink 'C:\Users\motaung\Desktop\Ark-main\Ark-main\node_mo
dules\@swc\helpers\cjs\_array_without_holes.cjs.DELETE.9b092c1a4113631ceb00f6604e2e3d1d'

npm warn tar TAR_ENTRY_ERROR ENOENT: no such file or directory, rename 
'C:\Users\motaung\Desktop\Ark-main\Ark-main\node_modules\slash\readme.md' -> 
'C:\Users\motaung\Desktop\Ark-main\Ark-main\node_modules\slash\readme.md.DELETE.f9b3fe801e6ef88331ea572cce33560a'

npm warn tar TAR_ENTRY_ERROR UNKNOWN: unknown error, open 
'C:\Users\motaung\Desktop\Ark-main\Ark-main\node_modules\lru-cache\dist\esm\package.json'

npm warn tar TAR_ENTRY_ERROR EPERM: operation not permitted, unlink 
'C:\Users\motaung\Desktop\Ark-main\Ark-main\node_modules\rimraf\CHANGELOG.md.DELETE.d3fe675863bae806f0a76e7a93f6ef55'

npm warn tar TAR_ENTRY_ERROR EPERM: operation not permitted, unlink 'C:\Users\motaung\Desktop\Ark-main\Ark-main\node_mo
dules\string-width-cjs\node_modules\emoji-regex\es2015\text.js.DELETE.6fd957e043d0bcecccf7a3f57d639df7'

npm warn tar TAR_ENTRY_ERROR ENOENT: no such file or directory, rename 
'C:\Users\motaung\Desktop\Ark-main\Ark-main\node_modules\@typescript-eslint\typescript-estree\dist\ast-converter.js' 
-> 'C:\Users\motaung\Desktop\Ark-main\Ark-main\node_modules\@typescript-eslint\typescript-estree\dist\ast-converter.js.
DELETE.77439336b8e30c93a77915f879a4f98b'

npm warn tar TAR_ENTRY_ERROR ENOENT: no such file or directory, rename 
'C:\Users\motaung\Desktop\Ark-main\Ark-main\node_modules\eslint-plugin-react\configs\all.js' -> 'C:\Users\motaung\Deskt
op\Ark-main\Ark-main\node_modules\eslint-plugin-react\configs\all.js.DELETE.0ba206d1ae72cffbb2595e6572ffe0ca'

npm warn tar TAR_ENTRY_ERROR ENOENT: no such file or directory, rename 'C:\Users\motaung\Desktop\Ark-main\Ark-main\node
_modules\eslint-plugin-react-hooks\cjs\eslint-plugin-react-hooks.development.js' -> 'C:\Users\motaung\Desktop\Ark-main\
Ark-main\node_modules\eslint-plugin-react-hooks\cjs\eslint-plugin-react-hooks.development.js.DELETE.76c304e995038cde4c3
5d0650309b7f6'

npm warn tar TAR_ENTRY_ERROR ENOENT: no such file or directory, rename 
'C:\Users\motaung\Desktop\Ark-main\Ark-main\node_modules\string.prototype.matchall\auto.js' -> 'C:\Users\motaung\Deskto
p\Ark-main\Ark-main\node_modules\string.prototype.matchall\auto.js.DELETE.be778408552f7cb6373eda1fb4f0c1c6'

npm warn tar TAR_ENTRY_ERROR ENOENT: no such file or directory, rename 
'C:\Users\motaung\Desktop\Ark-main\Ark-main\node_modules\debug\README.md' -> 
'C:\Users\motaung\Desktop\Ark-main\Ark-main\node_modules\debug\README.md.DELETE.afff1c8bc519936b7ba773aea98819f8'

npm warn tar TAR_ENTRY_ERROR ENOENT: no such file or directory, lstat 
'C:\Users\motaung\Desktop\Ark-main\Ark-main\node_modules\@jridgewell\resolve-uri\dist\types'

npm warn tar TAR_ENTRY_ERROR EPERM: operation not permitted, unlink 
'C:\Users\motaung\Desktop\Ark-main\Ark-main\node_modules\tslib\README.md.DELETE.4374c33c49c8e285ee1c441b3125c837'

npm warn tar TAR_ENTRY_ERROR ENOENT: no such file or directory, open 
'C:\Users\motaung\Desktop\Ark-main\Ark-main\node_modules\cross-spawn\lib\util\readShebang.js'

npm warn tar TAR_ENTRY_ERROR ENOENT: no such file or directory, rename 
'C:\Users\motaung\Desktop\Ark-main\Ark-main\node_modules\object-keys\.eslintrc' -> 
'C:\Users\motaung\Desktop\Ark-main\Ark-main\node_modules\object-keys\.eslintrc.DELETE.a7b09cc60094850ea5eaeac88e65d113'

npm warn tar TAR_ENTRY_ERROR EPERM: operation not permitted, unlink 
'C:\Users\motaung\Desktop\Ark-main\Ark-main\node_modules\json-buffer\README.md.DELETE.0d08154596be95262a9fa30f45387d17'

npm warn tar TAR_ENTRY_ERROR UNKNOWN: unknown error, open 
'C:\Users\motaung\Desktop\Ark-main\Ark-main\node_modules\graceful-fs\package.json'

npm warn tar TAR_ENTRY_ERROR ENOENT: no such file or directory, rename 
'C:\Users\motaung\Desktop\Ark-main\Ark-main\node_modules\safe-regex-test\LICENSE' -> 'C:\Users\motaung\Desktop\Ark-main
\Ark-main\node_modules\safe-regex-test\LICENSE.DELETE.1e0ef89f0f1d3d5d78d20ae44023b1a6'

npm warn tar TAR_ENTRY_ERROR EPERM: operation not permitted, unlink 
'C:\Users\motaung\Desktop\Ark-main\Ark-main\node_modules\json5\lib\require.js.DELETE.8ad9b853a892088db105a2d873d2dfdc'

npm warn tar TAR_ENTRY_ERROR ENOENT: no such file or directory, rename 
'C:\Users\motaung\Desktop\Ark-main\Ark-main\node_modules\unrs-resolver\package.json' -> 'C:\Users\motaung\Desktop\Ark-m
ain\Ark-main\node_modules\unrs-resolver\package.json.DELETE.1057758393e48cc4652e82020ecb0084'

npm warn tar TAR_ENTRY_ERROR EPERM: operation not permitted, unlink 'C:\Users\motaung\Desktop\Ark-main\Ark-main\node_mo
dules\ast-types-flow\README.md.DELETE.29091a08e28771b2470aa0ab7cd9608e'

npm warn tar TAR_ENTRY_ERROR ENOENT: no such file or directory, open 'C:\Users\motaung\Desktop\Ark-main\Ark-main\node_m
odules\glob\node_modules\minimatch\dist\commonjs\brace-expressions.js'

npm warn tar TAR_ENTRY_ERROR ENOENT: no such file or directory, open 
'C:\Users\motaung\Desktop\Ark-main\Ark-main\node_modules\minipass\dist\commonjs\index.d.ts.map'

npm warn tar TAR_ENTRY_ERROR EPERM: operation not permitted, unlink 
'C:\Users\motaung\Desktop\Ark-main\Ark-main\node_modules\get-intrinsic\LICENSE.DELETE.da78d450ceae6a2b2ac56f854b62f2c3'

npm warn tar TAR_ENTRY_ERROR EPERM: operation not permitted, unlink 'C:\Users\motaung\Desktop\Ark-main\Ark-main\node_mo
dules\object.fromentries\.nycrc.DELETE.71d45625a12701e040908f0b9ed79568'

npm warn tar TAR_ENTRY_ERROR EPERM: operation not permitted, unlink 'C:\Users\motaung\Desktop\Ark-main\Ark-main\node_mo
dules\string.prototype.trimend\.nycrc.DELETE.6bc95d182d0fb47125a893d7238f4691'

npm warn tar TAR_ENTRY_ERROR EPERM: operation not permitted, unlink 
'C:\Users\motaung\Desktop\Ark-main\Ark-main\node_modules\call-bind\.nycrc.DELETE.d5deedf64b96ab3bcbb6f1e4e0f5aafb'

npm warn tar TAR_ENTRY_ERROR ENOENT: no such file or directory, rename 
'C:\Users\motaung\Desktop\Ark-main\Ark-main\node_modules\language-tags\lib\Tag.js' -> 'C:\Users\motaung\Desktop\Ark-mai
n\Ark-main\node_modules\language-tags\lib\Tag.js.DELETE.f0262ac513bfef29de9600dfeb5c77dd'

npm warn tar TAR_ENTRY_ERROR UNKNOWN: unknown error, open 
'C:\Users\motaung\Desktop\Ark-main\Ark-main\node_modules\has-tostringtag\.nycrc'

npm warn tar TAR_ENTRY_ERROR UNKNOWN: unknown error, open 
'C:\Users\motaung\Desktop\Ark-main\Ark-main\node_modules\semver\functions\clean.js'

npm warn tar TAR_ENTRY_ERROR UNKNOWN: unknown error, open 
'C:\Users\motaung\Desktop\Ark-main\Ark-main\node_modules\@typescript-eslint\visitor-keys\dist\index.js'

npm warn tar TAR_ENTRY_ERROR ENOENT: no such file or directory, rename 
'C:\Users\motaung\Desktop\Ark-main\Ark-main\node_modules\object-hash\readme.markdown' -> 'C:\Users\motaung\Desktop\Ark-
main\Ark-main\node_modules\object-hash\readme.markdown.DELETE.b527f39b173b5f0fb7fe70b533a483f5'

npm warn tar TAR_ENTRY_ERROR EPERM: operation not permitted, unlink 'C:\Users\motaung\Desktop\Ark-main\Ark-main\node_mo
dules\caniuse-lite\data\regions\AD.js.DELETE.228f1cd09b6bc7706b451e8cce24c51c'

npm warn tar TAR_ENTRY_ERROR UNKNOWN: unknown error, open 
'C:\Users\motaung\Desktop\Ark-main\Ark-main\node_modules\is-data-view\LICENSE'

npm warn tar TAR_ENTRY_ERROR UNKNOWN: unknown error, open 
'C:\Users\motaung\Desktop\Ark-main\Ark-main\node_modules\is-regex\LICENSE'

npm warn tar TAR_ENTRY_ERROR UNKNOWN: unknown error, open 
'C:\Users\motaung\Desktop\Ark-main\Ark-main\node_modules\eslint-scope\dist\eslint-scope.cjs'

npm warn tar TAR_ENTRY_ERROR UNKNOWN: unknown error, open 
'C:\Users\motaung\Desktop\Ark-main\Ark-main\node_modules\is-set\.nycrc'

npm warn tar TAR_ENTRY_ERROR UNKNOWN: unknown error, open 
'C:\Users\motaung\Desktop\Ark-main\Ark-main\node_modules\react\index.js'

npm warn tar TAR_ENTRY_ERROR UNKNOWN: unknown error, open 
'C:\Users\motaung\Desktop\Ark-main\Ark-main\node_modules\is-negative-zero\LICENSE'

npm warn tar TAR_ENTRY_ERROR ENOENT: no such file or directory, rename 
'C:\Users\motaung\Desktop\Ark-main\Ark-main\node_modules\graphemer\lib\boundaries.js' -> 'C:\Users\motaung\Desktop\Ark-
main\Ark-main\node_modules\graphemer\lib\boundaries.js.DELETE.574707837442c43b581fc02acc061159'

npm warn tar TAR_ENTRY_ERROR UNKNOWN: unknown error, open 
'C:\Users\motaung\Desktop\Ark-main\Ark-main\node_modules\internal-slot\LICENSE'

npm warn tar TAR_ENTRY_ERROR UNKNOWN: unknown error, open 
'C:\Users\motaung\Desktop\Ark-main\Ark-main\node_modules\resolve-pkg-maps\README.md'

npm warn tar TAR_ENTRY_ERROR UNKNOWN: unknown error, open 
'C:\Users\motaung\Desktop\Ark-main\Ark-main\node_modules\generator-function\tsconfig.json'

npm warn tar TAR_ENTRY_ERROR UNKNOWN: unknown error, open 
'C:\Users\motaung\Desktop\Ark-main\Ark-main\node_modules\gopd\index.js'

npm warn tar TAR_ENTRY_ERROR ENOENT: no such file or directory, rename 
'C:\Users\motaung\Desktop\Ark-main\Ark-main\node_modules\axobject-query\lib\etc\objects\AlertDialogRole.js' -> 'C:\User
s\motaung\Desktop\Ark-main\Ark-main\node_modules\axobject-query\lib\etc\objects\AlertDialogRole.js.DELETE.275dcfc0d182c
5d59d693d2bb5ffab70'

npm warn tar TAR_ENTRY_ERROR ENOENT: no such file or directory, rename 
'C:\Users\motaung\Desktop\Ark-main\Ark-main\node_modules\@swc\helpers\cjs\_assert_this_initialized.cjs' -> 'C:\Users\mo
taung\Desktop\Ark-main\Ark-main\node_modules\@swc\helpers\cjs\_assert_this_initialized.cjs.DELETE.8ffda858100d90e97d0af
3aa64d45fb1'

npm warn tar TAR_ENTRY_ERROR UNKNOWN: unknown error, open 
'C:\Users\motaung\Desktop\Ark-main\Ark-main\node_modules\eslint-config-next\index.js'

npm warn tar TAR_ENTRY_ERROR ENOENT: no such file or directory, rename 
'C:\Users\motaung\Desktop\Ark-main\Ark-main\node_modules\chalk\source\index.js' -> 
'C:\Users\motaung\Desktop\Ark-main\Ark-main\node_modules\chalk\source\index.js.DELETE.50df9f692520d06c63062f2a9f6c276b'

npm warn tar TAR_ENTRY_ERROR UNKNOWN: unknown error, open 
'C:\Users\motaung\Desktop\Ark-main\Ark-main\node_modules\eslint-import-resolver-typescript\lib\index.cjs'

npm warn tar TAR_ENTRY_ERROR ENOENT: no such file or directory, rename 
'C:\Users\motaung\Desktop\Ark-main\Ark-main\node_modules\flat-cache\src\cache.js' -> 'C:\Users\motaung\Desktop\Ark-main
\Ark-main\node_modules\flat-cache\src\cache.js.DELETE.957307bb110673ba321e69032644250f'

npm warn tar TAR_ENTRY_ERROR ENOENT: no such file or directory, rename 
'C:\Users\motaung\Desktop\Ark-main\Ark-main\node_modules\flatted\esm.js' -> 
'C:\Users\motaung\Desktop\Ark-main\Ark-main\node_modules\flatted\esm.js.DELETE.a6f0479cf76fa6759a3b1d3e37c4081a'

npm warn tar TAR_ENTRY_ERROR UNKNOWN: unknown error, open 'C:\Users\motaung\Desktop\Ark-main\Ark-main\node_modules\esli
nt-plugin-react-hooks\cjs\eslint-plugin-react-hooks.production.min.js'

npm warn tar TAR_ENTRY_ERROR UNKNOWN: unknown error, open 
'C:\Users\motaung\Desktop\Ark-main\Ark-main\node_modules\fast-json-stable-stringify\test\cmp.js'

npm warn tar TAR_ENTRY_ERROR UNKNOWN: unknown error, open 
'C:\Users\motaung\Desktop\Ark-main\Ark-main\node_modules\tslib\SECURITY.md'

npm warn tar TAR_ENTRY_ERROR UNKNOWN: unknown error, open 
'C:\Users\motaung\Desktop\Ark-main\Ark-main\node_modules\csstype\package.json'

npm warn tar TAR_ENTRY_ERROR EPERM: operation not permitted, unlink 'C:\Users\motaung\Desktop\Ark-main\Ark-main\node_mo
dules\fraction.js\fraction.cjs.DELETE.4b97d9f83cf92893065d7278356d50b6'

npm warn tar TAR_ENTRY_ERROR ENOENT: no such file or directory, open 
'C:\Users\motaung\Desktop\Ark-main\Ark-main\node_modules\cross-spawn\lib\util\resolveCommand.js'

npm warn tar TAR_ENTRY_ERROR ENOENT: no such file or directory, rename 
'C:\Users\motaung\Desktop\Ark-main\Ark-main\node_modules\@ungap\structured-clone\cjs\deserialize.js' -> 'C:\Users\motau
ng\Desktop\Ark-main\Ark-main\node_modules\@ungap\structured-clone\cjs\deserialize.js.DELETE.42b56fa9ee1c1a70dbc620b16ac
e0571'

npm warn tar TAR_ENTRY_ERROR EPERM: operation not permitted, unlink 'C:\Users\motaung\Desktop\Ark-main\Ark-main\node_mo
dules\@humanwhocodes\config-array\api.js.DELETE.95b3ffdaedbc8deb772a4300460eb6ea'

npm warn tar TAR_ENTRY_ERROR ENOENT: no such file or directory, rename 
'C:\Users\motaung\Desktop\Ark-main\Ark-main\node_modules\postcss-value-parser\lib\index.js' -> 'C:\Users\motaung\Deskto
p\Ark-main\Ark-main\node_modules\postcss-value-parser\lib\index.js.DELETE.63dfc42da1001f3e1886415a5fc8831f'

npm warn tar TAR_ENTRY_ERROR UNKNOWN: unknown error, open 
'C:\Users\motaung\Desktop\Ark-main\Ark-main\node_modules\array.prototype.flatmap\.nycrc'

npm warn tar TAR_ENTRY_ERROR UNKNOWN: unknown error, open 
'C:\Users\motaung\Desktop\Ark-main\Ark-main\node_modules\hasown\LICENSE'

npm warn tar TAR_ENTRY_ERROR UNKNOWN: unknown error, open 
'C:\Users\motaung\Desktop\Ark-main\Ark-main\node_modules\object.groupby\LICENSE'

npm warn tar TAR_ENTRY_ERROR EPERM: operation not permitted, unlink 'C:\Users\motaung\Desktop\Ark-main\Ark-main\node_mo
dules\eslint-visitor-keys\dist\eslint-visitor-keys.cjs.DELETE.eaee959ffeaad0d9f7704fd3b9686599'

npm warn tar TAR_ENTRY_ERROR ENOENT: no such file or directory, rename 
'C:\Users\motaung\Desktop\Ark-main\Ark-main\node_modules\safe-regex-test\index.js' -> 'C:\Users\motaung\Desktop\Ark-mai
n\Ark-main\node_modules\safe-regex-test\index.js.DELETE.19aa3d15419e770b0f824040d04e61f6'

npm warn tar TAR_ENTRY_ERROR ENOENT: no such file or directory, rename 
'C:\Users\motaung\Desktop\Ark-main\Ark-main\node_modules\@types\react-dom\README.md' -> 'C:\Users\motaung\Desktop\Ark-m
ain\Ark-main\node_modules\@types\react-dom\README.md.DELETE.729ddd0a1bb7dfd1d434db5fe9a0bd27'

npm warn tar TAR_ENTRY_ERROR UNKNOWN: unknown error, open 
'C:\Users\motaung\Desktop\Ark-main\Ark-main\node_modules\array.prototype.findlastindex\LICENSE'

npm warn tar TAR_ENTRY_ERROR ENOENT: no such file or directory, rename 
'C:\Users\motaung\Desktop\Ark-main\Ark-main\node_modules\@types\react\README.md' -> 'C:\Users\motaung\Desktop\Ark-main\
Ark-main\node_modules\@types\react\README.md.DELETE.9e8902ee079884d65772fce201eb0e0d'

npm warn tar TAR_ENTRY_ERROR ENOENT: no such file or directory, rename 
'C:\Users\motaung\Desktop\Ark-main\Ark-main\node_modules\prop-types\factoryWithTypeCheckers.js' -> 'C:\Users\motaung\De
sktop\Ark-main\Ark-main\node_modules\prop-types\factoryWithTypeCheckers.js.DELETE.c6d2077dd2efb40e7a724bcdf8a8367c'

npm warn tar TAR_ENTRY_ERROR ENOENT: no such file or directory, open 
'C:\Users\motaung\Desktop\Ark-main\Ark-main\node_modules\minipass\dist\esm\index.d.ts.map'

npm warn tar TAR_ENTRY_ERROR ENOENT: no such file or directory, rename 
'C:\Users\motaung\Desktop\Ark-main\Ark-main\node_modules\iterator.prototype\package.json' -> 'C:\Users\motaung\Desktop\
Ark-main\Ark-main\node_modules\iterator.prototype\package.json.DELETE.178b87cd8dd99a2a06bee426ab1bf886'

npm warn tar TAR_ENTRY_ERROR ENOENT: no such file or directory, rename 
'C:\Users\motaung\Desktop\Ark-main\Ark-main\node_modules\eslint-plugin-react\node_modules\doctrine\CHANGELOG.md' -> 'C:
\Users\motaung\Desktop\Ark-main\Ark-main\node_modules\eslint-plugin-react\node_modules\doctrine\CHANGELOG.md.DELETE.f5c
7bb8af848cc825c4d51f59885397a'

npm warn tar TAR_ENTRY_ERROR ENOENT: no such file or directory, rename 
'C:\Users\motaung\Desktop\Ark-main\Ark-main\node_modules\autoprefixer\LICENSE' -> 
'C:\Users\motaung\Desktop\Ark-main\Ark-main\node_modules\autoprefixer\LICENSE.DELETE.8e0bcd160ffdab1a8c524403b4980aba'

npm warn tar TAR_ENTRY_ERROR ENOENT: no such file or directory, rename 
'C:\Users\motaung\Desktop\Ark-main\Ark-main\node_modules\acorn-jsx\README.md' -> 
'C:\Users\motaung\Desktop\Ark-main\Ark-main\node_modules\acorn-jsx\README.md.DELETE.1ab3465276f43af2af625d650db916e4'

npm warn tar TAR_ENTRY_ERROR ENOENT: no such file or directory, rename 
'C:\Users\motaung\Desktop\Ark-main\Ark-main\node_modules\eslint-plugin-import\node_modules\doctrine\CHANGELOG.md' -> 'C
:\Users\motaung\Desktop\Ark-main\Ark-main\node_modules\eslint-plugin-import\node_modules\doctrine\CHANGELOG.md.DELETE.5
23bcc7c0ebaefb81688d43f829bfedc'

npm warn tar TAR_ENTRY_ERROR ENOENT: no such file or directory, rename 
'C:\Users\motaung\Desktop\Ark-main\Ark-main\node_modules\postcss-selector-parser\dist\selectors\container.js' -> 'C:\Us
ers\motaung\Desktop\Ark-main\Ark-main\node_modules\postcss-selector-parser\dist\selectors\container.js.DELETE.2de5278a4
d03bee311acd51726384d4a'

npm warn tar TAR_ENTRY_ERROR UNKNOWN: unknown error, open 
'C:\Users\motaung\Desktop\Ark-main\Ark-main\node_modules\globby\stream-utils.js'

npm warn tar TAR_ENTRY_ERROR EPERM: operation not permitted, unlink 'C:\Users\motaung\Desktop\Ark-main\Ark-main\node_mo
dules\is-bigint\tsconfig.json.DELETE.ed37200ddb2442819c2751bfca03f989'

npm warn tar TAR_ENTRY_ERROR ENOENT: no such file or directory, rename 
'C:\Users\motaung\Desktop\Ark-main\Ark-main\node_modules\has-tostringtag\LICENSE' -> 'C:\Users\motaung\Desktop\Ark-main
\Ark-main\node_modules\has-tostringtag\LICENSE.DELETE.dd27c1f0e0bca5ce95267e1d238dcfac'

npm warn tar TAR_ENTRY_ERROR EPERM: operation not permitted, unlink 'C:\Users\motaung\Desktop\Ark-main\Ark-main\node_mo
dules\object-keys\.travis.yml.DELETE.a21bf2b8fcf8c634596297d0dab7e359'

npm warn tar TAR_ENTRY_ERROR UNKNOWN: unknown error, open 
'C:\Users\motaung\Desktop\Ark-main\Ark-main\node_modules\@humanwhocodes\module-importer\dist\module-importer.cjs'

npm warn tar TAR_ENTRY_ERROR ENOENT: no such file or directory, rename 
'C:\Users\motaung\Desktop\Ark-main\Ark-main\node_modules\call-bind\LICENSE' -> 
'C:\Users\motaung\Desktop\Ark-main\Ark-main\node_modules\call-bind\LICENSE.DELETE.b381d78852aa7be68443008b0dd7cdda'

npm warn tar TAR_ENTRY_ERROR EPERM: operation not permitted, unlink 'C:\Users\motaung\Desktop\Ark-main\Ark-main\node_mo
dules\json-schema-traverse\.travis.yml.DELETE.f7d52e5b37f1e41465889a591ff17138'

npm warn tar TAR_ENTRY_ERROR ENOENT: no such file or directory, rename 
'C:\Users\motaung\Desktop\Ark-main\Ark-main\node_modules\concat-map\example\map.js' -> 'C:\Users\motaung\Desktop\Ark-ma
in\Ark-main\node_modules\concat-map\example\map.js.DELETE.b9e7568c24f9e7ea827d39702f9e0269'

npm warn tar TAR_ENTRY_ERROR EPERM: operation not permitted, unlink 'C:\Users\motaung\Desktop\Ark-main\Ark-main\node_mo
dules\is-weakset\package.json.DELETE.713f841ec0eb6bd3b71b4ac72c93d210'

npm warn tar TAR_ENTRY_ERROR ENOENT: no such file or directory, rename 
'C:\Users\motaung\Desktop\Ark-main\Ark-main\node_modules\object-inspect\example\all.js' -> 'C:\Users\motaung\Desktop\Ar
k-main\Ark-main\node_modules\object-inspect\example\all.js.DELETE.c5400a08c352991a25c067186090d41a'

npm warn tar TAR_ENTRY_ERROR ENOENT: no such file or directory, rename 
'C:\Users\motaung\Desktop\Ark-main\Ark-main\node_modules\escape-string-regexp\package.json' -> 'C:\Users\motaung\Deskto
p\Ark-main\Ark-main\node_modules\escape-string-regexp\package.json.DELETE.49b8d596ff6057f6fda2577c0b2b78df'

npm warn tar TAR_ENTRY_ERROR EPERM: operation not permitted, unlink 
'C:\Users\motaung\Desktop\Ark-main\Ark-main\node_modules\set-proto\index.js.DELETE.4485134b6cb0bd3df50dcc4dc2ce03ee'

npm warn tar TAR_ENTRY_ERROR ENOENT: no such file or directory, rename 
'C:\Users\motaung\Desktop\Ark-main\Ark-main\node_modules\mz\index.js' -> 
'C:\Users\motaung\Desktop\Ark-main\Ark-main\node_modules\mz\index.js.DELETE.66b150d7baa20dfa70f9bcc29af2a732'

npm warn tar TAR_ENTRY_ERROR ENOENT: no such file or directory, rename 
'C:\Users\motaung\Desktop\Ark-main\Ark-main\node_modules\globals\globals.json' -> 
'C:\Users\motaung\Desktop\Ark-main\Ark-main\node_modules\globals\globals.json.DELETE.6b76398a9057da3332ce80f2e82f3557'

npm warn tar TAR_ENTRY_ERROR ENOENT: no such file or directory, rename 
'C:\Users\motaung\Desktop\Ark-main\Ark-main\node_modules\object.assign\auto.js' -> 
'C:\Users\motaung\Desktop\Ark-main\Ark-main\node_modules\object.assign\auto.js.DELETE.72305887f46aea342f2c016dcad205c2'

npm warn tar TAR_ENTRY_ERROR ENOENT: no such file or directory, rename 
'C:\Users\motaung\Desktop\Ark-main\Ark-main\node_modules\file-entry-cache\package.json' -> 'C:\Users\motaung\Desktop\Ar
k-main\Ark-main\node_modules\file-entry-cache\package.json.DELETE.b6f11edf2117b9178ae30a46e05e9fb7'

npm warn tar TAR_ENTRY_ERROR EPERM: operation not permitted, unlink 
'C:\Users\motaung\Desktop\Ark-main\Ark-main\node_modules\@types\node\README.md.DELETE.0207527c1be7033b1fa8cc378f9c700d'

npm warn tar TAR_ENTRY_ERROR EPERM: operation not permitted, unlink 'C:\Users\motaung\Desktop\Ark-main\Ark-main\node_mo
dules\chokidar\node_modules\glob-parent\index.js.DELETE.d98835b1366767d74ed136791a3f2090'

npm warn tar TAR_ENTRY_ERROR ENOENT: no such file or directory, rename 
'C:\Users\motaung\Desktop\Ark-main\Ark-main\node_modules\side-channel-map\index.js' -> 'C:\Users\motaung\Desktop\Ark-ma
in\Ark-main\node_modules\side-channel-map\index.js.DELETE.912d890dc3bd93c783dab324f11d9ec7'

npm warn tar TAR_ENTRY_ERROR ENOENT: no such file or directory, rename 
'C:\Users\motaung\Desktop\Ark-main\Ark-main\node_modules\arraybuffer.prototype.slice\LICENSE' -> 'C:\Users\motaung\Desk
top\Ark-main\Ark-main\node_modules\arraybuffer.prototype.slice\LICENSE.DELETE.d9c2508790e843de9d524ddeac84913f'

npm warn tar TAR_ENTRY_ERROR ENOENT: no such file or directory, rename 
'C:\Users\motaung\Desktop\Ark-main\Ark-main\node_modules\data-view-buffer\index.js' -> 'C:\Users\motaung\Desktop\Ark-ma
in\Ark-main\node_modules\data-view-buffer\index.js.DELETE.d085a23618508b9516431b42d3a44a22'

npm warn tar TAR_ENTRY_ERROR ENOENT: no such file or directory, rename 
'C:\Users\motaung\Desktop\Ark-main\Ark-main\node_modules\call-bind-apply-helpers\actualApply.js' -> 'C:\Users\motaung\D
esktop\Ark-main\Ark-main\node_modules\call-bind-apply-helpers\actualApply.js.DELETE.29d714fa168927a1ba70547f624b39d1'

npm warn tar TAR_ENTRY_ERROR ENOENT: no such file or directory, rename 
'C:\Users\motaung\Desktop\Ark-main\Ark-main\node_modules\is-string\index.js' -> 
'C:\Users\motaung\Desktop\Ark-main\Ark-main\node_modules\is-string\index.js.DELETE.c0df11cb920b32734c6e5804d614184b'

npm warn tar TAR_ENTRY_ERROR EPERM: operation not permitted, unlink 'C:\Users\motaung\Desktop\Ark-main\Ark-main\node_mo
dules\fast-glob\node_modules\glob-parent\index.js.DELETE.de5c2e5731c17bd3095b87b9f7156294'

npm warn tar TAR_ENTRY_ERROR ENOENT: no such file or directory, rename 
'C:\Users\motaung\Desktop\Ark-main\Ark-main\node_modules\es-errors\index.js' -> 
'C:\Users\motaung\Desktop\Ark-main\Ark-main\node_modules\es-errors\index.js.DELETE.3566f3c5006547def861174b9587c270'

npm warn tar TAR_ENTRY_ERROR EPERM: operation not permitted, unlink 'C:\Users\motaung\Desktop\Ark-main\Ark-main\node_mo
dules\rimraf\node_modules\glob\common.js.DELETE.1e9b069f19f2fdaafcab5732cf9f9ef4'

npm warn deprecated rimraf@3.0.2: Rimraf versions prior to v4 are no longer supported

npm warn tar TAR_ENTRY_ERROR ENOENT: no such file or directory, rename 
'C:\Users\motaung\Desktop\Ark-main\Ark-main\node_modules\minimatch\package.json' -> 'C:\Users\motaung\Desktop\Ark-main\
Ark-main\node_modules\minimatch\package.json.DELETE.3073a0d4fcf26ed9005ac40efbadc143'

npm warn tar TAR_ENTRY_ERROR ENOENT: no such file or directory, rename 
'C:\Users\motaung\Desktop\Ark-main\Ark-main\node_modules\eslint-import-resolver-typescript\lib\index.js' -> 'C:\Users\m
otaung\Desktop\Ark-main\Ark-main\node_modules\eslint-import-resolver-typescript\lib\index.js.DELETE.6ba17a6b3af9efc76ed
67cffec02a778'

npm warn tar TAR_ENTRY_ERROR EPERM: operation not permitted, unlink 'C:\Users\motaung\Desktop\Ark-main\Ark-main\node_mo
dules\string.prototype.trimend\LICENSE.DELETE.e29f506f8b5e94aa498f9eadcea1bb18'

npm warn tar TAR_ENTRY_ERROR ENOENT: no such file or directory, rename 
'C:\Users\motaung\Desktop\Ark-main\Ark-main\node_modules\array.prototype.flat\LICENSE' -> 'C:\Users\motaung\Desktop\Ark
-main\Ark-main\node_modules\array.prototype.flat\LICENSE.DELETE.d34c558344c7ff3a7657850f3921e506'

npm warn tar TAR_ENTRY_ERROR ENOENT: no such file or directory, rename 
'C:\Users\motaung\Desktop\Ark-main\Ark-main\node_modules\@nodelib\fs.walk\out\providers\async.js' -> 'C:\Users\motaung\
Desktop\Ark-main\Ark-main\node_modules\@nodelib\fs.walk\out\providers\async.js.DELETE.77af2b0595efb84ff725a2fc21433824'

npm warn tar TAR_ENTRY_ERROR ENOENT: no such file or directory, rename 
'C:\Users\motaung\Desktop\Ark-main\Ark-main\node_modules\@humanwhocodes\config-array\package.json' -> 'C:\Users\motaung
\Desktop\Ark-main\Ark-main\node_modules\@humanwhocodes\config-array\package.json.DELETE.08fdc404ad87b27a738c5dd6a3b9ddd
a'

npm warn tar TAR_ENTRY_ERROR ENOENT: no such file or directory, rename 
'C:\Users\motaung\Desktop\Ark-main\Ark-main\node_modules\@eslint\js\src\configs\eslint-all.js' -> 'C:\Users\motaung\Des
ktop\Ark-main\Ark-main\node_modules\@eslint\js\src\configs\eslint-all.js.DELETE.9437fcbfd51fd0c12c63dcec12ce13b9'

npm warn tar TAR_ENTRY_ERROR ENOENT: no such file or directory, rename 
'C:\Users\motaung\Desktop\Ark-main\Ark-main\node_modules\json-buffer\test\index.js' -> 'C:\Users\motaung\Desktop\Ark-ma
in\Ark-main\node_modules\json-buffer\test\index.js.DELETE.5a468029c14c6467af33b4115cca5bb4'

npm warn tar TAR_ENTRY_ERROR ENOENT: no such file or directory, rename 
'C:\Users\motaung\Desktop\Ark-main\Ark-main\node_modules\postcss\lib\at-rule.js' -> 'C:\Users\motaung\Desktop\Ark-main\
Ark-main\node_modules\postcss\lib\at-rule.js.DELETE.e4ed78662745e82eed3e34b4d894301a'

npm warn tar TAR_ENTRY_ERROR EPERM: operation not permitted, unlink 
'C:\Users\motaung\Desktop\Ark-main\Ark-main\node_modules\find-up\package.json.DELETE.66e933dba5e5a63a11d578df67d7617e'

npm warn tar TAR_ENTRY_ERROR EPERM: operation not permitted, unlink 'C:\Users\motaung\Desktop\Ark-main\Ark-main\node_mo
dules\string.prototype.trimstart\auto.js.DELETE.0b8842f07ee075df41fc92ecb6a0041d'

npm warn tar TAR_ENTRY_ERROR ENOENT: no such file or directory, rename 
'C:\Users\motaung\Desktop\Ark-main\Ark-main\node_modules\array.prototype.flatmap\LICENSE' -> 'C:\Users\motaung\Desktop\
Ark-main\Ark-main\node_modules\array.prototype.flatmap\LICENSE.DELETE.7e35cfe48aa86baf45a5537ebfc1a422'

npm warn tar TAR_ENTRY_ERROR ENOENT: no such file or directory, rename 
'C:\Users\motaung\Desktop\Ark-main\Ark-main\node_modules\normalize-range\license' -> 'C:\Users\motaung\Desktop\Ark-main
\Ark-main\node_modules\normalize-range\license.DELETE.37e251d199b165fabc2a7061928a14fc'

npm warn tar TAR_ENTRY_ERROR ENOENT: no such file or directory, rename 
'C:\Users\motaung\Desktop\Ark-main\Ark-main\node_modules\argparse\lib\sub.js' -> 
'C:\Users\motaung\Desktop\Ark-main\Ark-main\node_modules\argparse\lib\sub.js.DELETE.22de3a2c2aec12a5fc6f7fe35be3fa87'

npm warn tar TAR_ENTRY_ERROR EPERM: operation not permitted, unlink 
'C:\Users\motaung\Desktop\Ark-main\Ark-main\node_modules\doctrine\LICENSE.DELETE.269efd71dceebc1ea5882a2eb62f7e4a'

npm warn tar TAR_ENTRY_ERROR ENOENT: no such file or directory, rename 
'C:\Users\motaung\Desktop\Ark-main\Ark-main\node_modules\node-exports-info\getCategoryFlags.js' -> 'C:\Users\motaung\De
sktop\Ark-main\Ark-main\node_modules\node-exports-info\getCategoryFlags.js.DELETE.6904a1b9135a9ad41760aefae67b9a5c'

npm warn tar TAR_ENTRY_ERROR ENOENT: no such file or directory, rename 
'C:\Users\motaung\Desktop\Ark-main\Ark-main\node_modules\array.prototype.findlastindex\auto.js' -> 'C:\Users\motaung\De
sktop\Ark-main\Ark-main\node_modules\array.prototype.findlastindex\auto.js.DELETE.9977cdeb28313221b86501505bb0ada9'

npm warn tar TAR_ENTRY_ERROR EPERM: operation not permitted, unlink 'C:\Users\motaung\Desktop\Ark-main\Ark-main\node_mo
dules\data-view-byte-length\index.js.DELETE.733b3971c558b9cf355c66b561aa77f8'

npm warn tar TAR_ENTRY_ERROR EPERM: operation not permitted, unlink 'C:\Users\motaung\Desktop\Ark-main\Ark-main\node_mo
dules\available-typed-arrays\index.js.DELETE.d5b15523c9e7b86b83dbedea46c690a1'

npm warn tar TAR_ENTRY_ERROR UNKNOWN: unknown error, open 
'C:\Users\motaung\Desktop\Ark-main\Ark-main\node_modules\es-abstract\operations\2015.js'

npm warn tar TAR_ENTRY_ERROR EPERM: operation not permitted, unlink 'C:\Users\motaung\Desktop\Ark-main\Ark-main\node_mo
dules\es-define-property\index.js.DELETE.6fab63a517d1e6fd4579224a161f4200'

npm warn tar TAR_ENTRY_ERROR ENOENT: no such file or directory, rename 
'C:\Users\motaung\Desktop\Ark-main\Ark-main\node_modules\function-bind\LICENSE' -> 
'C:\Users\motaung\Desktop\Ark-main\Ark-main\node_modules\function-bind\LICENSE.DELETE.2078b0b47d9d87b55e6f9745f8802741'

npm warn tar TAR_ENTRY_ERROR EPERM: operation not permitted, unlink 'C:\Users\motaung\Desktop\Ark-main\Ark-main\node_mo
dules\has-property-descriptors\index.js.DELETE.3c302da84fda7d38be3933f6efeca6f8'

npm warn tar TAR_ENTRY_ERROR ENOENT: no such file or directory, rename 
'C:\Users\motaung\Desktop\Ark-main\Ark-main\node_modules\ts-api-utils\lib\index.d.cts' -> 'C:\Users\motaung\Desktop\Ark
-main\Ark-main\node_modules\ts-api-utils\lib\index.d.cts.DELETE.adc3013598643f7435385df04f3024a6'

npm warn tar TAR_ENTRY_ERROR ENOENT: no such file or directory, rename 
'C:\Users\motaung\Desktop\Ark-main\Ark-main\node_modules\napi-postinstall\lib\types.js' -> 'C:\Users\motaung\Desktop\Ar
k-main\Ark-main\node_modules\napi-postinstall\lib\types.js.DELETE.a3b86f3c35ab3ed525126acb129bcbfe'

npm warn tar TAR_ENTRY_ERROR ENOENT: no such file or directory, rename 
'C:\Users\motaung\Desktop\Ark-main\Ark-main\node_modules\eslint-module-utils\node_modules\debug\src\browser.js' -> 'C:\
Users\motaung\Desktop\Ark-main\Ark-main\node_modules\eslint-module-utils\node_modules\debug\src\browser.js.DELETE.20a8f
70617bccdd581037a4455e4daae'

npm warn tar TAR_ENTRY_ERROR EPERM: operation not permitted, unlink 
'C:\Users\motaung\Desktop\Ark-main\Ark-main\node_modules\stable-hash\README.md.DELETE.911a2c2d9d8e0f5effe62913f48913e8'

npm warn tar TAR_ENTRY_ERROR EPERM: operation not permitted, unlink 'C:\Users\motaung\Desktop\Ark-main\Ark-main\node_mo
dules\supports-color\package.json.DELETE.fe7a22eebed548c444bfa30898e2875a'

npm warn tar TAR_ENTRY_ERROR ENOENT: no such file or directory, rename 'C:\Users\motaung\Desktop\Ark-main\Ark-main\node
_modules\eslint-import-resolver-node\node_modules\debug\src\browser.js' -> 'C:\Users\motaung\Desktop\Ark-main\Ark-main\
node_modules\eslint-import-resolver-node\node_modules\debug\src\browser.js.DELETE.fd382399bee7c45c01e480482630bf3f'

npm warn tar TAR_ENTRY_ERROR ENOENT: no such file or directory, rename 'C:\Users\motaung\Desktop\Ark-main\Ark-main\node
_modules\tailwindcss\node_modules\postcss-load-config\node_modules\lilconfig\src\index.js' -> 'C:\Users\motaung\Desktop
\Ark-main\Ark-main\node_modules\tailwindcss\node_modules\postcss-load-config\node_modules\lilconfig\src\index.js.DELETE
.192393b46458505e27fb67b31137a31e'

npm warn tar TAR_ENTRY_ERROR ENOENT: no such file or directory, rename 
'C:\Users\motaung\Desktop\Ark-main\Ark-main\node_modules\next\node_modules\postcss\lib\at-rule.js' -> 'C:\Users\motaung
\Desktop\Ark-main\Ark-main\node_modules\next\node_modules\postcss\lib\at-rule.js.DELETE.85b069c33030a0eb64041afdd6aca68
8'

npm warn tar TAR_ENTRY_ERROR UNKNOWN: unknown error, open 
'C:\Users\motaung\Desktop\Ark-main\Ark-main\node_modules\postcss-js\package.json'

npm warn tar TAR_ENTRY_ERROR ENOENT: no such file or directory, rename 
'C:\Users\motaung\Desktop\Ark-main\Ark-main\node_modules\get-intrinsic\test\GetIntrinsic.js' -> 'C:\Users\motaung\Deskt
op\Ark-main\Ark-main\node_modules\get-intrinsic\test\GetIntrinsic.js.DELETE.3293f9f3ed0e5aecb324008a7d32137c'

npm warn tar TAR_ENTRY_ERROR ENOENT: no such file or directory, rename 
'C:\Users\motaung\Desktop\Ark-main\Ark-main\node_modules\eslint-plugin-import\node_modules\debug\src\browser.js' -> 'C:
\Users\motaung\Desktop\Ark-main\Ark-main\node_modules\eslint-plugin-import\node_modules\debug\src\browser.js.DELETE.9e1
7e1bb361f86588404ae839ced49ad'

npm warn tar TAR_ENTRY_ERROR UNKNOWN: unknown error, open 
'C:\Users\motaung\Desktop\Ark-main\Ark-main\node_modules\dlv\dist\dlv.umd.js'

npm warn tar TAR_ENTRY_ERROR ENOENT: no such file or directory, rename 
'C:\Users\motaung\Desktop\Ark-main\Ark-main\node_modules\is-weakmap\tsconfig.json' -> 'C:\Users\motaung\Desktop\Ark-mai
n\Ark-main\node_modules\is-weakmap\tsconfig.json.DELETE.5ca8b7c07fa6670baec269a5c3adbde4'

npm warn tar TAR_ENTRY_ERROR EPERM: operation not permitted, unlink 'C:\Users\motaung\Desktop\Ark-main\Ark-main\node_mo
dules\fraction.js\bigfraction.js.DELETE.4b73b09b1d99713ded2edd5777160b46'

npm warn tar TAR_ENTRY_ERROR UNKNOWN: unknown error, open 
'C:\Users\motaung\Desktop\Ark-main\Ark-main\node_modules\language-tags\package.json'

npm warn tar TAR_ENTRY_ERROR ENOENT: no such file or directory, rename 
'C:\Users\motaung\Desktop\Ark-main\Ark-main\node_modules\source-map-js\source-map.js' -> 'C:\Users\motaung\Desktop\Ark-
main\Ark-main\node_modules\source-map-js\source-map.js.DELETE.d66d4bf94b5eaacb0fa5035430c18b23'

npm warn tar TAR_ENTRY_ERROR ENOENT: no such file or directory, rename 
'C:\Users\motaung\Desktop\Ark-main\Ark-main\node_modules\is-bigint\CHANGELOG.md' -> 'C:\Users\motaung\Desktop\Ark-main\
Ark-main\node_modules\is-bigint\CHANGELOG.md.DELETE.595304eb5fa27da6d9c34c40c1ccec28'

npm warn tar TAR_ENTRY_ERROR EPERM: operation not permitted, unlink 
'C:\Users\motaung\Desktop\Ark-main\Ark-main\node_modules\ignore\legacy.js.DELETE.1e45e3b0a85d260e4255f0153f9983f3'

npm warn tar TAR_ENTRY_ERROR ENOENT: no such file or directory, rename 
'C:\Users\motaung\Desktop\Ark-main\Ark-main\node_modules\tailwindcss\node_modules\postcss-load-config\src\index.js' -> 
'C:\Users\motaung\Desktop\Ark-main\Ark-main\node_modules\tailwindcss\node_modules\postcss-load-config\src\index.js.DELE
TE.60861a6373217bc7e6ce886ac86e5268'

npm warn tar TAR_ENTRY_ERROR ENOENT: no such file or directory, rename 
'C:\Users\motaung\Desktop\Ark-main\Ark-main\node_modules\aria-query\lib\etc\roles\literal\alertRole.js' -> 'C:\Users\mo
taung\Desktop\Ark-main\Ark-main\node_modules\aria-query\lib\etc\roles\literal\alertRole.js.DELETE.0ff86c695a25c299eb5ca
3d2d09b7238'

npm warn tar TAR_ENTRY_ERROR ENOENT: no such file or directory, rename 
'C:\Users\motaung\Desktop\Ark-main\Ark-main\node_modules\is-number-object\test\index.js' -> 'C:\Users\motaung\Desktop\A
rk-main\Ark-main\node_modules\is-number-object\test\index.js.DELETE.88cc2cc7a839fea69adcdb94093c609a'

npm warn tar TAR_ENTRY_ERROR EPERM: operation not permitted, unlink 'C:\Users\motaung\Desktop\Ark-main\Ark-main\node_mo
dules\undici-types\agent.d.ts.DELETE.f8fbe6f734a6e374433e5a4f5d4774a5'

npm warn tar TAR_ENTRY_ERROR ENOENT: no such file or directory, rename 
'C:\Users\motaung\Desktop\Ark-main\Ark-main\node_modules\is-weakref\test\index.js' -> 'C:\Users\motaung\Desktop\Ark-mai
n\Ark-main\node_modules\is-weakref\test\index.js.DELETE.2870fd8a1e7fdf986b63735e5c9729ab'

npm warn tar TAR_ENTRY_ERROR ENOENT: no such file or directory, rename 
'C:\Users\motaung\Desktop\Ark-main\Ark-main\node_modules\react-dom\index.js' -> 
'C:\Users\motaung\Desktop\Ark-main\Ark-main\node_modules\react-dom\index.js.DELETE.0f984fbce7e04e928963364455d08a18'

npm warn tar TAR_ENTRY_ERROR UNKNOWN: unknown error, open 
'C:\Users\motaung\Desktop\Ark-main\Ark-main\node_modules\chokidar\node_modules\glob-parent\package.json'

npm warn tar TAR_ENTRY_ERROR EPERM: operation not permitted, unlink 'C:\Users\motaung\Desktop\Ark-main\Ark-main\node_mo
dules\which-collection\CHANGELOG.md.DELETE.42246a27cb812496e2c898046b68739c'

npm warn tar TAR_ENTRY_ERROR ENOENT: no such file or directory, rename 
'C:\Users\motaung\Desktop\Ark-main\Ark-main\node_modules\fast-glob\node_modules\glob-parent\package.json' -> 'C:\Users\
motaung\Desktop\Ark-main\Ark-main\node_modules\fast-glob\node_modules\glob-parent\package.json.DELETE.f57bd0f9041174aa2
6ea2321563f583f'

npm warn tar TAR_ENTRY_ERROR UNKNOWN: unknown error, open 
'C:\Users\motaung\Desktop\Ark-main\Ark-main\node_modules\is-shared-array-buffer\test\index.js'

npm warn tar TAR_ENTRY_ERROR ENOENT: no such file or directory, rename 
'C:\Users\motaung\Desktop\Ark-main\Ark-main\node_modules\rimraf\node_modules\glob\glob.js' -> 'C:\Users\motaung\Desktop
\Ark-main\Ark-main\node_modules\rimraf\node_modules\glob\glob.js.DELETE.20741781f37b1eeef412d2e00018c7a8'

npm warn tar TAR_ENTRY_ERROR ENOENT: no such file or directory, rename 
'C:\Users\motaung\Desktop\Ark-main\Ark-main\node_modules\dunder-proto\test\index.js' -> 'C:\Users\motaung\Desktop\Ark-m
ain\Ark-main\node_modules\dunder-proto\test\index.js.DELETE.c789426f6abde8180a6973fd35a218e1'

npm warn tar TAR_ENTRY_ERROR UNKNOWN: unknown error, open 
'C:\Users\motaung\Desktop\Ark-main\Ark-main\node_modules\@typescript-eslint\scope-manager\dist\assert.js'

npm warn tar TAR_ENTRY_ERROR ENOENT: no such file or directory, rename 
'C:\Users\motaung\Desktop\Ark-main\Ark-main\node_modules\minimatch\README.md' -> 
'C:\Users\motaung\Desktop\Ark-main\Ark-main\node_modules\minimatch\README.md.DELETE.ad7a7ee29a24a19e690839af0e62734d'

npm warn tar TAR_ENTRY_ERROR ENOENT: no such file or directory, rename 'C:\Users\motaung\Desktop\Ark-main\Ark-main\node
_modules\@typescript-eslint\typescript-estree\dist\convert-comments.js' -> 'C:\Users\motaung\Desktop\Ark-main\Ark-main\
node_modules\@typescript-eslint\typescript-estree\dist\convert-comments.js.DELETE.b0c2b672182a1729b20e07ba3d22a73e'

npm warn tar TAR_ENTRY_ERROR ENOENT: no such file or directory, open 
'C:\Users\motaung\Desktop\Ark-main\Ark-main\node_modules\lru-cache\dist\commonjs\index.d.ts.map'

npm warn tar TAR_ENTRY_ERROR EPERM: operation not permitted, unlink 'C:\Users\motaung\Desktop\Ark-main\Ark-main\node_mo
dules\@emnapi\wasi-threads\dist\wasi-threads.min.js.DELETE.6b664f487342e02c8807b0a9758a6576'

npm warn tar TAR_ENTRY_ERROR ENOENT: no such file or directory, rename 
'C:\Users\motaung\Desktop\Ark-main\Ark-main\node_modules\flatted\cjs\index.js' -> 
'C:\Users\motaung\Desktop\Ark-main\Ark-main\node_modules\flatted\cjs\index.js.DELETE.e68c9d3991809e355d80180f7c4d0070'

npm warn tar TAR_ENTRY_ERROR ENOENT: no such file or directory, rename 
'C:\Users\motaung\Desktop\Ark-main\Ark-main\node_modules\string.prototype.matchall\index.js' -> 'C:\Users\motaung\Deskt
op\Ark-main\Ark-main\node_modules\string.prototype.matchall\index.js.DELETE.55eb07496b798c9df4f7c1e4a58d799e'

npm warn tar TAR_ENTRY_ERROR ENOENT: no such file or directory, rename 
'C:\Users\motaung\Desktop\Ark-main\Ark-main\node_modules\fast-json-stable-stringify\benchmark\index.js' -> 'C:\Users\mo
taung\Desktop\Ark-main\Ark-main\node_modules\fast-json-stable-stringify\benchmark\index.js.DELETE.e6e4f4e8e79e7915ef831
34779e8fa42'

npm warn tar TAR_ENTRY_ERROR UNKNOWN: unknown error, open 
'C:\Users\motaung\Desktop\Ark-main\Ark-main\node_modules\array.prototype.flat\auto.js'

npm warn tar TAR_ENTRY_ERROR ENOENT: no such file or directory, rename 
'C:\Users\motaung\Desktop\Ark-main\Ark-main\node_modules\es-iterator-helpers\Iterator.from\auto.js' -> 'C:\Users\motaun
g\Desktop\Ark-main\Ark-main\node_modules\es-iterator-helpers\Iterator.from\auto.js.DELETE.a620208e853f6613990663dd483f7
cf0'

npm warn tar TAR_ENTRY_ERROR UNKNOWN: unknown error, open 
'C:\Users\motaung\Desktop\Ark-main\Ark-main\node_modules\side-channel-weakmap\package.json'

npm warn tar TAR_ENTRY_ERROR EPERM: operation not permitted, unlink 'C:\Users\motaung\Desktop\Ark-main\Ark-main\node_mo
dules\@emnapi\runtime\dist\emnapi.iife.js.DELETE.adef78dff0440960d3b9eb98f8aa06ab'

npm warn tar TAR_ENTRY_ERROR UNKNOWN: unknown error, open 
'C:\Users\motaung\Desktop\Ark-main\Ark-main\node_modules\object.groupby\auto.js'

npm warn tar TAR_ENTRY_ERROR UNKNOWN: unknown error, open 
'C:\Users\motaung\Desktop\Ark-main\Ark-main\node_modules\hasown\index.js'

npm warn tar TAR_ENTRY_ERROR ENOENT: no such file or directory, rename 
'C:\Users\motaung\Desktop\Ark-main\Ark-main\node_modules\find-up\readme.md' -> 
'C:\Users\motaung\Desktop\Ark-main\Ark-main\node_modules\find-up\readme.md.DELETE.7c11e66b3c6d4181be72fa5671c89a1e'

npm warn tar TAR_ENTRY_ERROR EPERM: operation not permitted, unlink 'C:\Users\motaung\Desktop\Ark-main\Ark-main\node_mo
dules\safe-push-apply\test\index.js.DELETE.14071857abeb616f2c1f9e6f9ce52d46'

npm warn tar TAR_ENTRY_ERROR ENOENT: no such file or directory, rename 
'C:\Users\motaung\Desktop\Ark-main\Ark-main\node_modules\espree\espree.js' -> 
'C:\Users\motaung\Desktop\Ark-main\Ark-main\node_modules\espree\espree.js.DELETE.f45b3bbb559400a5ba6811d16b2c7e16'

npm warn tar TAR_ENTRY_ERROR EPERM: operation not permitted, unlink 
'C:\Users\motaung\Desktop\Ark-main\Ark-main\node_modules\globals\package.json.DELETE.85de21b5f99c16748f891beb12a1e517'

npm warn tar TAR_ENTRY_ERROR ENOENT: no such file or directory, rename 
'C:\Users\motaung\Desktop\Ark-main\Ark-main\node_modules\safe-regex-test\test\index.js' -> 'C:\Users\motaung\Desktop\Ar
k-main\Ark-main\node_modules\safe-regex-test\test\index.js.DELETE.01fca6d8a30e108445a920d3eba16c17'

npm warn tar TAR_ENTRY_ERROR EPERM: operation not permitted, unlink 'C:\Users\motaung\Desktop\Ark-main\Ark-main\node_mo
dules\safe-array-concat\test\index.js.DELETE.4f1d6bbcaa20e879cbfa9aa6b48d0e5a'

npm warn tar TAR_ENTRY_ERROR EPERM: operation not permitted, unlink 'C:\Users\motaung\Desktop\Ark-main\Ark-main\node_mo
dules\@types\node\assert.d.ts.DELETE.07e18de60082a334fad6d00b0ecdfb76'

npm warn tar TAR_ENTRY_ERROR ENOENT: no such file or directory, rename 
'C:\Users\motaung\Desktop\Ark-main\Ark-main\node_modules\typed-array-byte-offset\test\index.js' -> 'C:\Users\motaung\De
sktop\Ark-main\Ark-main\node_modules\typed-array-byte-offset\test\index.js.DELETE.09451887c61e66c6cd3db3351219fa1d'

npm warn tar TAR_ENTRY_ERROR ENOENT: no such file or directory, rename 
'C:\Users\motaung\Desktop\Ark-main\Ark-main\node_modules\argparse\lib\textwrap.js' -> 'C:\Users\motaung\Desktop\Ark-mai
n\Ark-main\node_modules\argparse\lib\textwrap.js.DELETE.25fca2882d351b8b3e3380cd0c9f6212'

npm warn tar TAR_ENTRY_ERROR ENOENT: no such file or directory, rename 
'C:\Users\motaung\Desktop\Ark-main\Ark-main\node_modules\node-exports-info\test\getCategoryFlags.js' -> 'C:\Users\motau
ng\Desktop\Ark-main\Ark-main\node_modules\node-exports-info\test\getCategoryFlags.js.DELETE.10eac30f17629f6bcf911989e1d
a2f8f'

npm warn tar TAR_ENTRY_ERROR EPERM: operation not permitted, unlink 'C:\Users\motaung\Desktop\Ark-main\Ark-main\node_mo
dules\get-symbol-description\index.js.DELETE.9d83ef5ab6b932e06b0f089044405f8e'

npm warn tar TAR_ENTRY_ERROR UNKNOWN: unknown error, open 
'C:\Users\motaung\Desktop\Ark-main\Ark-main\node_modules\@humanwhocodes\object-schema\src\merge-strategy.js'

npm warn tar TAR_ENTRY_ERROR EPERM: operation not permitted, unlink 'C:\Users\motaung\Desktop\Ark-main\Ark-main\node_mo
dules\es-to-primitive\LICENSE.DELETE.8bf1fc5692e0fb077fb8684efaf1e97f'

npm warn tar TAR_ENTRY_ERROR ENOENT: no such file or directory, rename 
'C:\Users\motaung\Desktop\Ark-main\Ark-main\node_modules\stable-hash\dist\index.mjs' -> 'C:\Users\motaung\Desktop\Ark-m
ain\Ark-main\node_modules\stable-hash\dist\index.mjs.DELETE.1840baade5041b1d2afd31d58c758681'

npm warn tar TAR_ENTRY_ERROR ENOENT: no such file or directory, rename 
'C:\Users\motaung\Desktop\Ark-main\Ark-main\node_modules\optionator\lib\index.js' -> 'C:\Users\motaung\Desktop\Ark-main
\Ark-main\node_modules\optionator\lib\index.js.DELETE.c8af185fc795fc0cbf1dc40748d22768'

npm warn tar TAR_ENTRY_ERROR ENOENT: no such file or directory, rename 'C:\Users\motaung\Desktop\Ark-main\Ark-main\node
_modules\@typescript-eslint\typescript-estree\node_modules\minimatch\dist\cjs\assert-valid-pattern.js' -> 'C:\Users\mot
aung\Desktop\Ark-main\Ark-main\node_modules\@typescript-eslint\typescript-estree\node_modules\minimatch\dist\cjs\assert
-valid-pattern.js.DELETE.221fe17b554726d886929b388a199fde'

npm warn tar TAR_ENTRY_ERROR UNKNOWN: unknown error, open 
'C:\Users\motaung\Desktop\Ark-main\Ark-main\node_modules\levn\lib\index.js'

npm warn tar TAR_ENTRY_ERROR ENOENT: no such file or directory, open 
'C:\Users\motaung\Desktop\Ark-main\Ark-main\node_modules\path-scurry\dist\commonjs\index.d.ts.map'

npm warn tar TAR_ENTRY_ERROR EPERM: operation not permitted, unlink 'C:\Users\motaung\Desktop\Ark-main\Ark-main\node_mo
dules\@typescript-eslint\parser\dist\parser.js.DELETE.e63e44b94715a0bca5102f65fa51907a'

npm warn tar TAR_ENTRY_ERROR EPERM: operation not permitted, unlink 'C:\Users\motaung\Desktop\Ark-main\Ark-main\node_mo
dules\@ungap\structured-clone\esm\deserialize.js.DELETE.974832bdee8b5d7b06ad450e255c2375'

npm warn tar TAR_ENTRY_ERROR EPERM: operation not permitted, unlink 
'C:\Users\motaung\Desktop\Ark-main\Ark-main\node_modules\lodash.merge\LICENSE.DELETE.e75847dfc50a2f0d5235fb1788a1d8df'

npm warn tar TAR_ENTRY_ERROR EPERM: operation not permitted, unlink 'C:\Users\motaung\Desktop\Ark-main\Ark-main\node_mo
dules\own-keys\test\index.js.DELETE.123635bcec543c79e4a3b87353d8d57a'

npm warn tar TAR_ENTRY_ERROR ENOENT: no such file or directory, rename 
'C:\Users\motaung\Desktop\Ark-main\Ark-main\node_modules\side-channel-map\test\index.js' -> 'C:\Users\motaung\Desktop\A
rk-main\Ark-main\node_modules\side-channel-map\test\index.js.DELETE.897a05ccf28af03f28435ed6e449ceb1'

npm warn tar TAR_ENTRY_ERROR EPERM: operation not permitted, unlink 'C:\Users\motaung\Desktop\Ark-main\Ark-main\node_mo
dules\text-table\.travis.yml.DELETE.895b4c33e8e13ae2c74974d9f76da642'

npm warn tar TAR_ENTRY_ERROR EPERM: operation not permitted, unlink 'C:\Users\motaung\Desktop\Ark-main\Ark-main\node_mo
dules\doctrine\LICENSE.closure-compiler.DELETE.77f3249850005a0fe1118f5d50c2d305'

npm warn tar TAR_ENTRY_ERROR ENOENT: no such file or directory, rename 
'C:\Users\motaung\Desktop\Ark-main\Ark-main\node_modules\data-view-byte-offset\test\index.js' -> 'C:\Users\motaung\Desk
top\Ark-main\Ark-main\node_modules\data-view-byte-offset\test\index.js.DELETE.94c5038582958afc6aa390bbe3175ff7'

npm warn tar TAR_ENTRY_ERROR ENOENT: no such file or directory, rename 
'C:\Users\motaung\Desktop\Ark-main\Ark-main\node_modules\is-array-buffer\test\index.js' -> 'C:\Users\motaung\Desktop\Ar
k-main\Ark-main\node_modules\is-array-buffer\test\index.js.DELETE.aaef7e1b9b9043a51f91bc21a20a881c'

npm warn tar TAR_ENTRY_ERROR ENOENT: no such file or directory, rename 
'C:\Users\motaung\Desktop\Ark-main\Ark-main\node_modules\call-bound\test\index.js' -> 'C:\Users\motaung\Desktop\Ark-mai
n\Ark-main\node_modules\call-bound\test\index.js.DELETE.213544a4bd2c08a2c534f4a152bf0a42'

npm warn tar TAR_ENTRY_ERROR ENOENT: no such file or directory, rename 
'C:\Users\motaung\Desktop\Ark-main\Ark-main\node_modules\browserslist\error.d.ts' -> 'C:\Users\motaung\Desktop\Ark-main
\Ark-main\node_modules\browserslist\error.d.ts.DELETE.07abd4183e2d6325172837fa89ad1c70'

npm warn tar TAR_ENTRY_ERROR EPERM: operation not permitted, unlink 'C:\Users\motaung\Desktop\Ark-main\Ark-main\node_mo
dules\array-includes\auto.js.DELETE.8f1675345a3a9c7e168d990402a5045e'

npm warn tar TAR_ENTRY_ERROR EPERM: operation not permitted, unlink 'C:\Users\motaung\Desktop\Ark-main\Ark-main\node_mo
dules\imurmurhash\imurmurhash.min.js.DELETE.b1dd71acbe8ec34fefb6e9c0317a6619'

npm warn tar TAR_ENTRY_ERROR EPERM: operation not permitted, unlink 
'C:\Users\motaung\Desktop\Ark-main\Ark-main\node_modules\is-glob\README.md.DELETE.fdf24a5942bdeade8aaf55d7d0159517'

npm warn tar TAR_ENTRY_ERROR EPERM: operation not permitted, unlink 'C:\Users\motaung\Desktop\Ark-main\Ark-main\node_mo
dules\import-fresh\readme.md.DELETE.aaa1434df6e196da40b0f7ecc5012d12'

npm warn tar TAR_ENTRY_ERROR EPERM: operation not permitted, unlink 'C:\Users\motaung\Desktop\Ark-main\Ark-main\node_mo
dules\is-path-inside\readme.md.DELETE.1b12f70218d1b82e20cfcdf9808f5c55'

npm warn tar TAR_ENTRY_ERROR EPERM: operation not permitted, unlink 
'C:\Users\motaung\Desktop\Ark-main\Ark-main\node_modules\is-bigint\README.md.DELETE.c0a2de3145fb39bc5c200c4a2406ee3f'

npm warn tar TAR_ENTRY_ERROR ENOENT: no such file or directory, rename 
'C:\Users\motaung\Desktop\Ark-main\Ark-main\node_modules\@rushstack\eslint-patch\lib-esm\_patch-base.js' -> 'C:\Users\m
otaung\Desktop\Ark-main\Ark-main\node_modules\@rushstack\eslint-patch\lib-esm\_patch-base.js.DELETE.7d7062b08ea282852aa
8c515bb333783'

npm warn tar TAR_ENTRY_ERROR UNKNOWN: unknown error, open 
'C:\Users\motaung\Desktop\Ark-main\Ark-main\node_modules\tsconfig-paths\register.js'

npm warn tar TAR_ENTRY_ERROR ENOENT: no such file or directory, rename 
'C:\Users\motaung\Desktop\Ark-main\Ark-main\node_modules\get-tsconfig\package.json' -> 'C:\Users\motaung\Desktop\Ark-ma
in\Ark-main\node_modules\get-tsconfig\package.json.DELETE.705fa0bc941d03de6b7b267d16cc6d2e'

npm warn tar TAR_ENTRY_ERROR ENOENT: no such file or directory, rename 
'C:\Users\motaung\Desktop\Ark-main\Ark-main\node_modules\typed-array-byte-offset\package.json' -> 'C:\Users\motaung\Des
ktop\Ark-main\Ark-main\node_modules\typed-array-byte-offset\package.json.DELETE.78561515c481371b50f375100f1f7a98'

npm warn tar TAR_ENTRY_ERROR UNKNOWN: unknown error, open 
'C:\Users\motaung\Desktop\Ark-main\Ark-main\node_modules\@types\react-dom\client.d.ts'

npm warn tar TAR_ENTRY_ERROR ENOENT: no such file or directory, rename 
'C:\Users\motaung\Desktop\Ark-main\Ark-main\node_modules\node-exports-info\getCategoryInfo.js' -> 'C:\Users\motaung\Des
ktop\Ark-main\Ark-main\node_modules\node-exports-info\getCategoryInfo.js.DELETE.6cf808e458679c42d6a716cbf1e46419'
npm warn tar TAR_ENTRY_ERROR UNKNOWN: unknown error, open 
'C:\Users\motaung\Desktop\Ark-main\Ark-main\node_modules\@humanwhocodes\object-schema\src\object-schema.js'

npm warn tar TAR_ENTRY_ERROR UNKNOWN: unknown error, open 
'C:\Users\motaung\Desktop\Ark-main\Ark-main\node_modules\available-typed-arrays\test\index.js'

npm warn tar TAR_ENTRY_ERROR ENOENT: no such file or directory, rename 
'C:\Users\motaung\Desktop\Ark-main\Ark-main\node_modules\typed-array-buffer\test\index.js' -> 'C:\Users\motaung\Desktop
\Ark-main\Ark-main\node_modules\typed-array-buffer\test\index.js.DELETE.59a7064438a6db2bd0739c05fd102e56'

npm warn tar TAR_ENTRY_ERROR ENOENT: no such file or directory, rename 
'C:\Users\motaung\Desktop\Ark-main\Ark-main\node_modules\es-define-property\test\index.js' -> 'C:\Users\motaung\Desktop
\Ark-main\Ark-main\node_modules\es-define-property\test\index.js.DELETE.635d502aaa5c9bad708cc553983ce668'

npm warn tar TAR_ENTRY_ERROR ENOENT: no such file or directory, rename 
'C:\Users\motaung\Desktop\Ark-main\Ark-main\node_modules\optionator\lib\util.js' -> 'C:\Users\motaung\Desktop\Ark-main\
Ark-main\node_modules\optionator\lib\util.js.DELETE.2b79ceeb12a1145e08689e9f55540baf'

npm warn tar TAR_ENTRY_ERROR EPERM: operation not permitted, unlink 'C:\Users\motaung\Desktop\Ark-main\Ark-main\node_mo
dules\baseline-browser-mapping\LICENSE.txt.DELETE.00da9187317760b25fa6bf9305c96717'

npm warn tar TAR_ENTRY_ERROR ENOENT: no such file or directory, rename 
'C:\Users\motaung\Desktop\Ark-main\Ark-main\node_modules\path-scurry\dist\esm\index.d.ts.map' -> 'C:\Users\motaung\Desk
top\Ark-main\Ark-main\node_modules\path-scurry\dist\esm\index.d.ts.map.DELETE.8055c3813daf7752d362070329358842'

npm warn tar TAR_ENTRY_ERROR UNKNOWN: unknown error, open 
'C:\Users\motaung\Desktop\Ark-main\Ark-main\node_modules\eslint-module-utils\hash.js'

npm warn tar TAR_ENTRY_ERROR UNKNOWN: unknown error, open 
'C:\Users\motaung\Desktop\Ark-main\Ark-main\node_modules\object.fromentries\auto.js'

npm warn tar TAR_ENTRY_ERROR EPERM: operation not permitted, open 
'C:\Users\motaung\Desktop\Ark-main\Ark-main\node_modules\csstype\index.d.ts'

npm warn tar TAR_ENTRY_ERROR ENOENT: no such file or directory, rename 
'C:\Users\motaung\Desktop\Ark-main\Ark-main\node_modules\has-tostringtag\test\shams\core-js.js' -> 'C:\Users\motaung\De
sktop\Ark-main\Ark-main\node_modules\has-tostringtag\test\shams\core-js.js.DELETE.24b6bb623dcefcb3d644b84ef115ca4b'

npm warn tar TAR_ENTRY_ERROR EPERM: operation not permitted, unlink 'C:\Users\motaung\Desktop\Ark-main\Ark-main\node_mo
dules\object.groupby\implementation.js.DELETE.7815716f152383d2f43181fab8c9e3e9'

npm warn tar TAR_ENTRY_ERROR UNKNOWN: unknown error, open 
'C:\Users\motaung\Desktop\Ark-main\Ark-main\node_modules\object-inspect\test\bigint.js'

npm warn tar TAR_ENTRY_ERROR EPERM: operation not permitted, unlink 
'C:\Users\motaung\Desktop\Ark-main\Ark-main\node_modules\hasown\package.json.DELETE.cfbee37ab6b913215735fbc0eb8dedae'

npm warn tar TAR_ENTRY_ERROR ENOENT: no such file or directory, open 
'C:\Users\motaung\Desktop\Ark-main\Ark-main\node_modules\glob\node_modules\minimatch\dist\commonjs\escape.js'

npm warn tar TAR_ENTRY_ERROR ENOENT: no such file or directory, rename 
'C:\Users\motaung\Desktop\Ark-main\Ark-main\node_modules\scheduler\umd\scheduler-unstable_mock.production.min.js' -> 'C
:\Users\motaung\Desktop\Ark-main\Ark-main\node_modules\scheduler\umd\scheduler-unstable_mock.production.min.js.DELETE.1
c6e9526db6a95cb8e24bd7531aad5f9'

npm warn tar TAR_ENTRY_ERROR ENOENT: no such file or directory, rename 
'C:\Users\motaung\Desktop\Ark-main\Ark-main\node_modules\es-object-atoms\isObject.js' -> 'C:\Users\motaung\Desktop\Ark-
main\Ark-main\node_modules\es-object-atoms\isObject.js.DELETE.e5626ac6b85f6e4ecd80fae201209fdb'

npm warn tar TAR_ENTRY_ERROR ENOENT: no such file or directory, rename 
'C:\Users\motaung\Desktop\Ark-main\Ark-main\node_modules\axobject-query\lib\etc\objects\AnnotationRole.js' -> 'C:\Users
\motaung\Desktop\Ark-main\Ark-main\node_modules\axobject-query\lib\etc\objects\AnnotationRole.js.DELETE.2a6e3710af04e41
d6aa875fda7cd12c1'

npm warn tar TAR_ENTRY_ERROR EPERM: operation not permitted, unlink 'C:\Users\motaung\Desktop\Ark-main\Ark-main\node_mo
dules\levn\lib\parse-string.js.DELETE.a549f40197ad9dbf3f1e5cd2262340ce'

npm warn tar TAR_ENTRY_ERROR ENOENT: no such file or directory, rename 
'C:\Users\motaung\Desktop\Ark-main\Ark-main\node_modules\which-builtin-type\CHANGELOG.md' -> 'C:\Users\motaung\Desktop\
Ark-main\Ark-main\node_modules\which-builtin-type\CHANGELOG.md.DELETE.d6b77721d5844073c16538e6cb6e7dc8'

npm warn tar TAR_ENTRY_ERROR UNKNOWN: unknown error, open 
'C:\Users\motaung\Desktop\Ark-main\Ark-main\node_modules\flatted\esm\index.js'

npm warn tar TAR_ENTRY_ERROR UNKNOWN: unknown error, open 
'C:\Users\motaung\Desktop\Ark-main\Ark-main\node_modules\uri-js\dist\esnext\schemes\https.js'

npm warn tar TAR_ENTRY_ERROR ENOENT: no such file or directory, rename 'C:\Users\motaung\Desktop\Ark-main\Ark-main\node
_modules\eslint-plugin-import\node_modules\doctrine\LICENSE.closure-compiler' -> 'C:\Users\motaung\Desktop\Ark-main\Ark
-main\node_modules\eslint-plugin-import\node_modules\doctrine\LICENSE.closure-compiler.DELETE.b638820aaf93b14d75de9371e
7c3d9e5'

npm warn tar TAR_ENTRY_ERROR ENOENT: no such file or directory, rename 
'C:\Users\motaung\Desktop\Ark-main\Ark-main\node_modules\is-bigint\index.d.ts' -> 
'C:\Users\motaung\Desktop\Ark-main\Ark-main\node_modules\is-bigint\index.d.ts.DELETE.5ab29d81a19c3aca792c53a006606b59'

npm warn tar TAR_ENTRY_ERROR ENOENT: no such file or directory, rename 
'C:\Users\motaung\Desktop\Ark-main\Ark-main\node_modules\@nodelib\fs.walk\out\readers\async.js' -> 'C:\Users\motaung\De
sktop\Ark-main\Ark-main\node_modules\@nodelib\fs.walk\out\readers\async.js.DELETE.efc253d599606bbbb9bce8a06035208f'

npm warn tar TAR_ENTRY_ERROR ENOENT: no such file or directory, rename 'C:\Users\motaung\Desktop\Ark-main\Ark-main\node
_modules\eslint-plugin-react\node_modules\doctrine\LICENSE.closure-compiler' -> 'C:\Users\motaung\Desktop\Ark-main\Ark-
main\node_modules\eslint-plugin-react\node_modules\doctrine\LICENSE.closure-compiler.DELETE.d6334033a9a196032b7a9934310
93c72'

npm warn tar TAR_ENTRY_ERROR EPERM: operation not permitted, unlink 'C:\Users\motaung\Desktop\Ark-main\Ark-main\node_mo
dules\tslib\modules\index.d.ts.DELETE.a073fb749653e81ea4ca5adbe1a8f6d9'

npm warn tar TAR_ENTRY_ERROR ENOENT: no such file or directory, rename 
'C:\Users\motaung\Desktop\Ark-main\Ark-main\node_modules\get-tsconfig\README.md' -> 'C:\Users\motaung\Desktop\Ark-main\
Ark-main\node_modules\get-tsconfig\README.md.DELETE.c0856124fdfd54aa5288da974beab8f3'

npm warn tar TAR_ENTRY_ERROR EPERM: operation not permitted, unlink 'C:\Users\motaung\Desktop\Ark-main\Ark-main\node_mo
dules\is-regex\test\index.js.DELETE.313b7a95cb806b916cd536426a40c9ee'

npm warn tar TAR_ENTRY_ERROR UNKNOWN: unknown error, open 
'C:\Users\motaung\Desktop\Ark-main\Ark-main\node_modules\mz\dns.js'

npm warn tar TAR_ENTRY_ERROR ENOENT: no such file or directory, rename 
'C:\Users\motaung\Desktop\Ark-main\Ark-main\node_modules\@eslint-community\regexpp\package.json' -> 'C:\Users\motaung\D
esktop\Ark-main\Ark-main\node_modules\@eslint-community\regexpp\package.json.DELETE.4ff5c7143c5dbd427499a98b805b186d'

npm warn tar TAR_ENTRY_ERROR EPERM: operation not permitted, unlink 'C:\Users\motaung\Desktop\Ark-main\Ark-main\node_mo
dules\is-finalizationregistry\CHANGELOG.md.DELETE.ecb486009ec8497d62295c6cdeadf1d1'

npm warn tar TAR_ENTRY_ERROR UNKNOWN: unknown error, open 
'C:\Users\motaung\Desktop\Ark-main\Ark-main\node_modules\ts-interface-checker\dist\util.d.ts'

npm warn tar TAR_ENTRY_ERROR UNKNOWN: unknown error, open 
'C:\Users\motaung\Desktop\Ark-main\Ark-main\node_modules\node-exports-info\test\getCategoryInfo.js'

npm warn tar TAR_ENTRY_ERROR UNKNOWN: unknown error, open 
'C:\Users\motaung\Desktop\Ark-main\Ark-main\node_modules\is-string\package.json'

npm warn tar TAR_ENTRY_ERROR UNKNOWN: unknown error, open 
'C:\Users\motaung\Desktop\Ark-main\Ark-main\node_modules\any-promise\register.js'

npm warn tar TAR_ENTRY_ERROR ENOENT: no such file or directory, rename 
'C:\Users\motaung\Desktop\Ark-main\Ark-main\node_modules\optionator\package.json' -> 'C:\Users\motaung\Desktop\Ark-main
\Ark-main\node_modules\optionator\package.json.DELETE.5b3a1eb31fee2d444cea6f91c2601a1e'

npm warn tar TAR_ENTRY_ERROR EPERM: operation not permitted, unlink 'C:\Users\motaung\Desktop\Ark-main\Ark-main\node_mo
dules\@eslint\eslintrc\dist\eslintrc.cjs.DELETE.664cc8878b8d3e73e13d10babbbe99b2'

npm warn tar TAR_ENTRY_ERROR ENOENT: no such file or directory, open 
'C:\Users\motaung\Desktop\Ark-main\Ark-main\node_modules\path-scurry\dist\commonjs\index.js.map'

npm warn tar TAR_ENTRY_ERROR UNKNOWN: unknown error, open 
'C:\Users\motaung\Desktop\Ark-main\Ark-main\node_modules\eslint-module-utils\ignore.js'

npm warn tar TAR_ENTRY_ERROR UNKNOWN: unknown error, open 'C:\Users\motaung\Desktop\Ark-main\Ark-main\node_modules\tail
windcss\node_modules\postcss-load-config\node_modules\lilconfig\readme.md'

npm warn tar TAR_ENTRY_ERROR UNKNOWN: unknown error, open 
'C:\Users\motaung\Desktop\Ark-main\Ark-main\node_modules\next\node_modules\postcss\lib\container.js'

npm warn tar TAR_ENTRY_ERROR EPERM: operation not permitted, unlink 'C:\Users\motaung\Desktop\Ark-main\Ark-main\node_mo
dules\eslint-plugin-import\lib\exportMap\builder.js.DELETE.03032f6d97a2b17d5e46b9af212e9c54'

npm warn tar TAR_ENTRY_ERROR UNKNOWN: unknown error, open 
'C:\Users\motaung\Desktop\Ark-main\Ark-main\node_modules\object.fromentries\implementation.js'

npm warn tar TAR_ENTRY_ERROR UNKNOWN: unknown error, open 
'C:\Users\motaung\Desktop\Ark-main\Ark-main\node_modules\postcss-js\index.mjs'

npm warn tar TAR_ENTRY_ERROR ENOENT: no such file or directory, rename 
'C:\Users\motaung\Desktop\Ark-main\Ark-main\node_modules\has-tostringtag\test\shams\get-own-property-symbols.js' -> 'C:
\Users\motaung\Desktop\Ark-main\Ark-main\node_modules\has-tostringtag\test\shams\get-own-property-symbols.js.DELETE.73f
b4e39f2652e5a78923b8f743022dd'

npm warn deprecated @humanwhocodes/config-array@0.11.14: Use @eslint/config-array instead

npm warn tar TAR_ENTRY_ERROR ENOENT: no such file or directory, rename 
'C:\Users\motaung\Desktop\Ark-main\Ark-main\node_modules\@humanwhocodes\module-importer\dist\module-importer.d.cts' -> 
'C:\Users\motaung\Desktop\Ark-main\Ark-main\node_modules\@humanwhocodes\module-importer\dist\module-importer.d.cts.DELE
TE.ca8e0899f4486f5cc8e9e2da286776d8'

npm warn tar TAR_ENTRY_ERROR ENOENT: no such file or directory, rename 
'C:\Users\motaung\Desktop\Ark-main\Ark-main\node_modules\string.prototype.repeat\polyfill.js' -> 'C:\Users\motaung\Desk
top\Ark-main\Ark-main\node_modules\string.prototype.repeat\polyfill.js.DELETE.4678f54b33351225407d02cf2dd94a44'

npm warn tar TAR_ENTRY_ERROR ENOENT: no such file or directory, rename 
'C:\Users\motaung\Desktop\Ark-main\Ark-main\node_modules\call-bind\test\callBound.js' -> 'C:\Users\motaung\Desktop\Ark-
main\Ark-main\node_modules\call-bind\test\callBound.js.DELETE.f47d8dcf07e54dacaad5920846c36eda'

npm warn tar TAR_ENTRY_ERROR UNKNOWN: unknown error, open 
'C:\Users\motaung\Desktop\Ark-main\Ark-main\node_modules\is-boolean-object\CHANGELOG.md'

npm warn tar TAR_ENTRY_ERROR ENOENT: no such file or directory, rename 
'C:\Users\motaung\Desktop\Ark-main\Ark-main\node_modules\@pkgjs\parseargs\internal\util.js' -> 'C:\Users\motaung\Deskto
p\Ark-main\Ark-main\node_modules\@pkgjs\parseargs\internal\util.js.DELETE.91363f1a393cdb641eee99e14af2b17c'

npm warn tar TAR_ENTRY_ERROR UNKNOWN: unknown error, open 
'C:\Users\motaung\Desktop\Ark-main\Ark-main\node_modules\object-inspect\example\circular.js'

npm warn tar TAR_ENTRY_ERROR ENOENT: no such file or directory, rename 
'C:\Users\motaung\Desktop\Ark-main\Ark-main\node_modules\is-symbol\package.json' -> 'C:\Users\motaung\Desktop\Ark-main\
Ark-main\node_modules\is-symbol\package.json.DELETE.2dc9be1dc82cc7f542eec021abc81955'

npm warn tar TAR_ENTRY_ERROR EPERM: operation not permitted, unlink 'C:\Users\motaung\Desktop\Ark-main\Ark-main\node_mo
dules\file-entry-cache\README.md.DELETE.722332d95285744e4c7a4ec4e20153e9'

npm warn tar TAR_ENTRY_ERROR ENOENT: no such file or directory, rename 
'C:\Users\motaung\Desktop\Ark-main\Ark-main\node_modules\function.prototype.name\helpers\functionsHaveNames.js' -> 'C:\
Users\motaung\Desktop\Ark-main\Ark-main\node_modules\function.prototype.name\helpers\functionsHaveNames.js.DELETE.bf9ed
244edaf30f3f5e9fdf464e541bf'

npm warn tar TAR_ENTRY_ERROR ENOENT: no such file or directory, rename 
'C:\Users\motaung\Desktop\Ark-main\Ark-main\node_modules\chokidar\node_modules\glob-parent\README.md' -> 'C:\Users\mota
ung\Desktop\Ark-main\Ark-main\node_modules\chokidar\node_modules\glob-parent\README.md.DELETE.cab69a2f4459ee066d5785a10
0182401'

npm warn tar TAR_ENTRY_ERROR EPERM: operation not permitted, unlink 'C:\Users\motaung\Desktop\Ark-main\Ark-main\node_mo
dules\typed-array-buffer\package.json.DELETE.5ff09727d897c7c2b5b34e75e546c815'

npm warn tar TAR_ENTRY_ERROR ENOENT: no such file or directory, rename 
'C:\Users\motaung\Desktop\Ark-main\Ark-main\node_modules\levn\package.json' -> 
'C:\Users\motaung\Desktop\Ark-main\Ark-main\node_modules\levn\package.json.DELETE.7b2c8f266d7abf806b926d21d9a6f1e4'

npm warn tar TAR_ENTRY_ERROR ENOENT: no such file or directory, rename 
'C:\Users\motaung\Desktop\Ark-main\Ark-main\node_modules\dunder-proto\test\set.js' -> 'C:\Users\motaung\Desktop\Ark-mai
n\Ark-main\node_modules\dunder-proto\test\set.js.DELETE.49249a7408f4676d9553a789982df479'

npm warn tar TAR_ENTRY_ERROR ENOENT: no such file or directory, rename 
'C:\Users\motaung\Desktop\Ark-main\Ark-main\node_modules\chalk\package.json' -> 
'C:\Users\motaung\Desktop\Ark-main\Ark-main\node_modules\chalk\package.json.DELETE.1cae3fbcdac265188db858a25a887a86'

npm warn tar TAR_ENTRY_ERROR UNKNOWN: unknown error, open 
'C:\Users\motaung\Desktop\Ark-main\Ark-main\node_modules\eslint-plugin-react\lib\util\ast.js'

npm warn tar TAR_ENTRY_ERROR UNKNOWN: unknown error, open 
'C:\Users\motaung\Desktop\Ark-main\Ark-main\node_modules\@emnapi\wasi-threads\README.md'

npm warn tar TAR_ENTRY_ERROR ENOENT: no such file or directory, rename 
'C:\Users\motaung\Desktop\Ark-main\Ark-main\node_modules\acorn\package.json' -> 
'C:\Users\motaung\Desktop\Ark-main\Ark-main\node_modules\acorn\package.json.DELETE.1b14eed3a85b75a53384c417b8173454'

npm warn tar TAR_ENTRY_ERROR UNKNOWN: unknown error, open 
'C:\Users\motaung\Desktop\Ark-main\Ark-main\node_modules\eslint-plugin-react-hooks\README.md'

npm warn tar TAR_ENTRY_ERROR UNKNOWN: unknown error, open 
'C:\Users\motaung\Desktop\Ark-main\Ark-main\node_modules\postcss-selector-parser\dist\util\getProp.js'

npm warn tar TAR_ENTRY_ERROR ENOENT: no such file or directory, rename 
'C:\Users\motaung\Desktop\Ark-main\Ark-main\node_modules\eslint-plugin-react\node_modules\doctrine\LICENSE.esprima' -> 
'C:\Users\motaung\Desktop\Ark-main\Ark-main\node_modules\eslint-plugin-react\node_modules\doctrine\LICENSE.esprima.DELE
TE.01792f70c6788cb9ae0ec2632ed1ee0c'

npm warn tar TAR_ENTRY_ERROR ENOENT: no such file or directory, rename 'C:\Users\motaung\Desktop\Ark-main\Ark-main\node
_modules\@rushstack\eslint-patch\lib-commonjs\eslint-bulk-suppressions\ast-guards.js' -> 'C:\Users\motaung\Desktop\Ark-
main\Ark-main\node_modules\@rushstack\eslint-patch\lib-commonjs\eslint-bulk-suppressions\ast-guards.js.DELETE.965d4c2b3
6cd61a2f34c30393608c9bd'

npm warn tar TAR_ENTRY_ERROR EPERM: operation not permitted, unlink 
'C:\Users\motaung\Desktop\Ark-main\Ark-main\node_modules\chokidar\README.md.DELETE.a3cf360cfdd24d18d4621f6e97666907'

npm warn tar TAR_ENTRY_ERROR UNKNOWN: unknown error, open 
'C:\Users\motaung\Desktop\Ark-main\Ark-main\node_modules\tslib\tslib.d.ts'

npm warn tar TAR_ENTRY_ERROR ENOENT: no such file or directory, rename 
'C:\Users\motaung\Desktop\Ark-main\Ark-main\node_modules\fastq\test\promise.js' -> 
'C:\Users\motaung\Desktop\Ark-main\Ark-main\node_modules\fastq\test\promise.js.DELETE.76613b9b3c91ba8ebac73a56f6f835b7'

npm warn tar TAR_ENTRY_ERROR ENOENT: no such file or directory, rename 
'C:\Users\motaung\Desktop\Ark-main\Ark-main\node_modules\set-function-name\index.d.ts' -> 'C:\Users\motaung\Desktop\Ark
-main\Ark-main\node_modules\set-function-name\index.d.ts.DELETE.05d22875845dcf37f07f20de9ccd74f9'

npm warn tar TAR_ENTRY_ERROR ENOENT: no such file or directory, rename 
'C:\Users\motaung\Desktop\Ark-main\Ark-main\node_modules\string.prototype.trimstart\test\implementation.js' -> 'C:\User
s\motaung\Desktop\Ark-main\Ark-main\node_modules\string.prototype.trimstart\test\implementation.js.DELETE.62c76f529da72
855002e37910331123d'

npm warn tar TAR_ENTRY_ERROR ENOENT: no such file or directory, rename 
'C:\Users\motaung\Desktop\Ark-main\Ark-main\node_modules\safe-push-apply\tsconfig.json' -> 'C:\Users\motaung\Desktop\Ar
k-main\Ark-main\node_modules\safe-push-apply\tsconfig.json.DELETE.d147ab4da41d4654ef5b1a300e9182da'

npm warn tar TAR_ENTRY_ERROR UNKNOWN: unknown error, open 
'C:\Users\motaung\Desktop\Ark-main\Ark-main\node_modules\safe-regex-test\tsconfig.json'

npm warn tar TAR_ENTRY_ERROR ENOENT: no such file or directory, rename 
'C:\Users\motaung\Desktop\Ark-main\Ark-main\node_modules\data-view-byte-length\package.json' -> 'C:\Users\motaung\Deskt
op\Ark-main\Ark-main\node_modules\data-view-byte-length\package.json.DELETE.33a119ef47ec03a6278167580ebd36ec'

npm warn tar TAR_ENTRY_ERROR EPERM: operation not permitted, unlink 'C:\Users\motaung\Desktop\Ark-main\Ark-main\node_mo
dules\generator-function\README.md.DELETE.edefc701b7d0869ea3f4bb3d11de26ec'

npm warn tar TAR_ENTRY_ERROR ENOENT: no such file or directory, rename 
'C:\Users\motaung\Desktop\Ark-main\Ark-main\node_modules\possible-typed-array-names\tsconfig.json' -> 'C:\Users\motaung
\Desktop\Ark-main\Ark-main\node_modules\possible-typed-array-names\tsconfig.json.DELETE.f3fce4e2a629aa89a126096b1a8cfdf
4'

npm warn tar TAR_ENTRY_ERROR ENOENT: no such file or directory, rename 
'C:\Users\motaung\Desktop\Ark-main\Ark-main\node_modules\es-abstract\operations\2017.js' -> 'C:\Users\motaung\Desktop\A
rk-main\Ark-main\node_modules\es-abstract\operations\2017.js.DELETE.5d02dcb024b519accb6310ff1361ce92'

npm warn tar TAR_ENTRY_ERROR ENOENT: no such file or directory, rename 
'C:\Users\motaung\Desktop\Ark-main\Ark-main\node_modules\@typescript-eslint\parser\dist\index.d.ts.map' -> 'C:\Users\mo
taung\Desktop\Ark-main\Ark-main\node_modules\@typescript-eslint\parser\dist\index.d.ts.map.DELETE.4cc30579ed256ea1af20a
e295abbe1af'

npm warn tar TAR_ENTRY_ERROR ENOENT: no such file or directory, open 
'C:\Users\motaung\Desktop\Ark-main\Ark-main\node_modules\lru-cache\dist\commonjs\index.js.map'

npm warn tar TAR_ENTRY_ERROR ENOENT: no such file or directory, rename 
'C:\Users\motaung\Desktop\Ark-main\Ark-main\node_modules\eslint-plugin-import\lib\exportMap\captureDependency.js' -> 'C
:\Users\motaung\Desktop\Ark-main\Ark-main\node_modules\eslint-plugin-import\lib\exportMap\captureDependency.js.DELETE.9
d9b966bdf3b1247dc0e0c716abfc78b'

npm warn tar TAR_ENTRY_ERROR UNKNOWN: unknown error, open 
'C:\Users\motaung\Desktop\Ark-main\Ark-main\node_modules\eslint-plugin-import\node_modules\debug\src\index.js'

npm warn tar TAR_ENTRY_ERROR ENOENT: no such file or directory, rename 
'C:\Users\motaung\Desktop\Ark-main\Ark-main\node_modules\tailwindcss\lib\css\LICENSE' -> 'C:\Users\motaung\Desktop\Ark-
main\Ark-main\node_modules\tailwindcss\lib\css\LICENSE.DELETE.8e557b5348c518d17a6ac51b9a325a76'

npm warn tar TAR_ENTRY_ERROR ENOENT: no such file or directory, rename 
'C:\Users\motaung\Desktop\Ark-main\Ark-main\node_modules\is-number-object\tsconfig.json' -> 'C:\Users\motaung\Desktop\A
rk-main\Ark-main\node_modules\is-number-object\tsconfig.json.DELETE.031ba0360ae85349a5a6af18591b10e9'

npm warn tar TAR_ENTRY_ERROR EPERM: operation not permitted, unlink 'C:\Users\motaung\Desktop\Ark-main\Ark-main\node_mo
dules\source-map-js\lib\util.js.DELETE.d1007a9fcd2d38f1219e270170a7de35'

npm warn tar TAR_ENTRY_ERROR EPERM: operation not permitted, unlink 'C:\Users\motaung\Desktop\Ark-main\Ark-main\node_mo
dules\postcss-value-parser\lib\unit.js.DELETE.e3e00edf571587afa0b8ac2d17eb3f10'

npm warn tar TAR_ENTRY_ERROR EPERM: operation not permitted, unlink 'C:\Users\motaung\Desktop\Ark-main\Ark-main\node_mo
dules\regexp.prototype.flags\implementation.js.DELETE.bb9ce7bb7174bb8aaa5ebb0402e40ada'

npm warn tar TAR_ENTRY_ERROR ENOENT: no such file or directory, rename 
'C:\Users\motaung\Desktop\Ark-main\Ark-main\node_modules\@pkgjs\parseargs\utils.js' -> 'C:\Users\motaung\Desktop\Ark-ma
in\Ark-main\node_modules\@pkgjs\parseargs\utils.js.DELETE.1a36396a9e843cb7fb385bad453e1b2c'

npm warn tar TAR_ENTRY_ERROR ENOENT: no such file or directory, rename 
'C:\Users\motaung\Desktop\Ark-main\Ark-main\node_modules\react\cjs\react-jsx-dev-runtime.development.js' -> 'C:\Users\m
otaung\Desktop\Ark-main\Ark-main\node_modules\react\cjs\react-jsx-dev-runtime.development.js.DELETE.4f32e45e5cb51dd578f
360c41f7321a7'

npm warn tar TAR_ENTRY_ERROR ENOENT: no such file or directory, rename 
'C:\Users\motaung\Desktop\Ark-main\Ark-main\node_modules\@types\react\global.d.ts' -> 'C:\Users\motaung\Desktop\Ark-mai
n\Ark-main\node_modules\@types\react\global.d.ts.DELETE.a6cffcab81a002ea6e0c97a8e7236776'

npm warn tar TAR_ENTRY_ERROR ENOENT: no such file or directory, rename 
'C:\Users\motaung\Desktop\Ark-main\Ark-main\node_modules\eslint-visitor-keys\lib\visitor-keys.js' -> 'C:\Users\motaung\
Desktop\Ark-main\Ark-main\node_modules\eslint-visitor-keys\lib\visitor-keys.js.DELETE.8125976b1599d83e790c82cc23be63a1'

npm warn tar TAR_ENTRY_ERROR ENOENT: no such file or directory, rename 
'C:\Users\motaung\Desktop\Ark-main\Ark-main\node_modules\has-symbols\index.js' -> 
'C:\Users\motaung\Desktop\Ark-main\Ark-main\node_modules\has-symbols\index.js.DELETE.f9b385505c0e8b1f0ddb624676302904'

npm warn tar TAR_ENTRY_ERROR UNKNOWN: unknown error, open 
'C:\Users\motaung\Desktop\Ark-main\Ark-main\node_modules\is-array-buffer\tsconfig.json'

npm warn tar TAR_ENTRY_ERROR ENOENT: no such file or directory, rename 
'C:\Users\motaung\Desktop\Ark-main\Ark-main\node_modules\call-bound\tsconfig.json' -> 'C:\Users\motaung\Desktop\Ark-mai
n\Ark-main\node_modules\call-bound\tsconfig.json.DELETE.4417fa9fed134675eca83e959a5e9ad5'

npm warn tar TAR_ENTRY_ERROR UNKNOWN: unknown error, open 
'C:\Users\motaung\Desktop\Ark-main\Ark-main\node_modules\define-properties\CHANGELOG.md'

npm warn tar TAR_ENTRY_ERROR EPERM: operation not permitted, unlink 'C:\Users\motaung\Desktop\Ark-main\Ark-main\node_mo
dules\path-scurry\dist\esm\index.js.map.DELETE.d311823095e4e09710dbd352dd9cc45f'

npm warn tar TAR_ENTRY_ERROR ENOENT: no such file or directory, rename 
'C:\Users\motaung\Desktop\Ark-main\Ark-main\node_modules\is-bun-module\dist\bun.mjs' -> 'C:\Users\motaung\Desktop\Ark-m
ain\Ark-main\node_modules\is-bun-module\dist\bun.mjs.DELETE.9b930364684c1b731b7fd25da226e3d7'

npm warn tar TAR_ENTRY_ERROR ENOENT: no such file or directory, rename 
'C:\Users\motaung\Desktop\Ark-main\Ark-main\node_modules\@emnapi\runtime\dist\emnapi.js' -> 'C:\Users\motaung\Desktop\A
rk-main\Ark-main\node_modules\@emnapi\runtime\dist\emnapi.js.DELETE.673ba8f35cd4facd57412ff8f28cf526'

npm warn tar TAR_ENTRY_ERROR EPERM: operation not permitted, unlink 'C:\Users\motaung\Desktop\Ark-main\Ark-main\node_mo
dules\@humanwhocodes\module-importer\dist\module-importer.js.DELETE.bfac07ef0d2540befd4ba0c1a9a6f012'

npm warn tar TAR_ENTRY_ERROR EPERM: operation not permitted, unlink 'C:\Users\motaung\Desktop\Ark-main\Ark-main\node_mo
dules\own-keys\tsconfig.json.DELETE.d24e814fb243be19304f86a3f508c39c'

npm warn tar TAR_ENTRY_ERROR EPERM: operation not permitted, unlink 'C:\Users\motaung\Desktop\Ark-main\Ark-main\node_mo
dules\@types\node\buffer.d.ts.DELETE.68c8af7abd018b8b4ab5b20c802d15ef'

npm warn tar TAR_ENTRY_ERROR EPERM: operation not permitted, unlink 'C:\Users\motaung\Desktop\Ark-main\Ark-main\node_mo
dules\function.prototype.name\implementation.js.DELETE.ca3a63795cdb6a542475b9ab55948715'

npm warn tar TAR_ENTRY_ERROR EPERM: operation not permitted, unlink 
'C:\Users\motaung\Desktop\Ark-main\Ark-main\node_modules\is-weakmap\README.md.DELETE.2bdf5718f4e74d360b10f1b0f0415479'

npm warn tar TAR_ENTRY_ERROR EPERM: operation not permitted, unlink 
'C:\Users\motaung\Desktop\Ark-main\Ark-main\node_modules\doctrine\README.md.DELETE.fe4f4ec135a47333ab6a8f541308e18b'

npm warn tar TAR_ENTRY_ERROR ENOENT: no such file or directory, rename 
'C:\Users\motaung\Desktop\Ark-main\Ark-main\node_modules\@typescript-eslint\parser\dist\index.js.map' -> 'C:\Users\mota
ung\Desktop\Ark-main\Ark-main\node_modules\@typescript-eslint\parser\dist\index.js.map.DELETE.464a884793de4d0555d2187c5
4f709ca'

npm warn tar TAR_ENTRY_ERROR EPERM: operation not permitted, unlink 
'C:\Users\motaung\Desktop\Ark-main\Ark-main\node_modules\object-keys\index.js.DELETE.e95dab3d4f397dce26dfd42203365b16'

npm warn tar TAR_ENTRY_ERROR EPERM: operation not permitted, unlink 'C:\Users\motaung\Desktop\Ark-main\Ark-main\node_mo
dules\postcss\lib\css-syntax-error.js.DELETE.5dacd592be04d4b2dc1a554a459eed3d'

npm warn tar TAR_ENTRY_ERROR UNKNOWN: unknown error, open 
'C:\Users\motaung\Desktop\Ark-main\Ark-main\node_modules\regexp.prototype.flags\test\implementation.js'

npm warn tar TAR_ENTRY_ERROR ENOENT: no such file or directory, rename 
'C:\Users\motaung\Desktop\Ark-main\Ark-main\node_modules\globalthis\test\implementation.js' -> 'C:\Users\motaung\Deskto
p\Ark-main\Ark-main\node_modules\globalthis\test\implementation.js.DELETE.82bd97cb3be52539d42f1cb4929187d1'

npm warn tar TAR_ENTRY_ERROR ENOENT: no such file or directory, rename 
'C:\Users\motaung\Desktop\Ark-main\Ark-main\node_modules\arraybuffer.prototype.slice\test\implementation.js' -> 'C:\Use
rs\motaung\Desktop\Ark-main\Ark-main\node_modules\arraybuffer.prototype.slice\test\implementation.js.DELETE.0a4deaa85e6
5427123960c0111388093'

npm warn tar TAR_ENTRY_ERROR EPERM: operation not permitted, unlink 'C:\Users\motaung\Desktop\Ark-main\Ark-main\node_mo
dules\data-view-buffer\tsconfig.json.DELETE.9e25bce7e06833c73272f350dc19bd95'

npm warn tar TAR_ENTRY_ERROR EPERM: operation not permitted, unlink 'C:\Users\motaung\Desktop\Ark-main\Ark-main\node_mo
dules\es-to-primitive\test\es2015.js.DELETE.d2f0887699da4641efe6f1e8f6d2bbc7'

npm warn tar TAR_ENTRY_ERROR ENOENT: no such file or directory, rename 
'C:\Users\motaung\Desktop\Ark-main\Ark-main\node_modules\array-includes\test\implementation.js' -> 'C:\Users\motaung\De
sktop\Ark-main\Ark-main\node_modules\array-includes\test\implementation.js.DELETE.ae90ee1b1a38ad722fb9eaa535abf587'

npm warn tar TAR_ENTRY_ERROR EPERM: operation not permitted, unlink 'C:\Users\motaung\Desktop\Ark-main\Ark-main\node_mo
dules\lru-cache\dist\esm\index.js.map.DELETE.19ec59798fe902376ab36e4f5297fd61'

npm warn tar TAR_ENTRY_ERROR EPERM: operation not permitted, unlink 'C:\Users\motaung\Desktop\Ark-main\Ark-main\node_mo
dules\eslint-import-resolver-typescript\README.md.DELETE.61e6602a680bd0254eb83541fcc1e44b'

npm warn tar TAR_ENTRY_ERROR EPERM: operation not permitted, unlink 'C:\Users\motaung\Desktop\Ark-main\Ark-main\node_mo
dules\eslint-import-resolver-node\node_modules\debug\node.js.DELETE.494fa36d25a6062ab2fb0d6d2cd20388'

npm warn tar TAR_ENTRY_ERROR EPERM: operation not permitted, unlink 'C:\Users\motaung\Desktop\Ark-main\Ark-main\node_mo
dules\es-shim-unscopables\package.json.DELETE.547ef04d874ec30a0f84a1697cb2e891'

npm warn tar TAR_ENTRY_ERROR ENOENT: no such file or directory, rename 
'C:\Users\motaung\Desktop\Ark-main\Ark-main\node_modules\uri-js\dist\esnext\index.js' -> 'C:\Users\motaung\Desktop\Ark-
main\Ark-main\node_modules\uri-js\dist\esnext\index.js.DELETE.fa075367597512e582e4db4a7541733b'

npm warn tar TAR_ENTRY_ERROR EPERM: operation not permitted, unlink 'C:\Users\motaung\Desktop\Ark-main\Ark-main\node_mo
dules\eslint-plugin-import\node_modules\debug\node.js.DELETE.669a9cbf84c25f4ed70ce9ae482ddf40'

npm warn tar TAR_ENTRY_ERROR ENOENT: no such file or directory, rename 
'C:\Users\motaung\Desktop\Ark-main\Ark-main\node_modules\iterator.prototype\.github\FUNDING.yml' -> 'C:\Users\motaung\D
esktop\Ark-main\Ark-main\node_modules\iterator.prototype\.github\FUNDING.yml.DELETE.7e826f036b00260dd1b5409adcd16567'

npm warn tar TAR_ENTRY_ERROR ENOENT: no such file or directory, rename 
'C:\Users\motaung\Desktop\Ark-main\Ark-main\node_modules\sucrase\dist\esm\parser\util\charcodes.js' -> 'C:\Users\motaun
g\Desktop\Ark-main\Ark-main\node_modules\sucrase\dist\esm\parser\util\charcodes.js.DELETE.fcad9344451653b107ebbe401ef21
ab9'

npm warn tar TAR_ENTRY_ERROR EPERM: operation not permitted, unlink 'C:\Users\motaung\Desktop\Ark-main\Ark-main\node_mo
dules\fast-deep-equal\react.js.DELETE.be1f9f083740a7fae1312baac8522c9f'

npm warn tar TAR_ENTRY_ERROR ENOENT: no such file or directory, rename 
'C:\Users\motaung\Desktop\Ark-main\Ark-main\node_modules\string.prototype.matchall\polyfill.js' -> 'C:\Users\motaung\De
sktop\Ark-main\Ark-main\node_modules\string.prototype.matchall\polyfill.js.DELETE.ee8d36df41221bc00fa985954d7e4339'

npm warn tar TAR_ENTRY_ERROR UNKNOWN: unknown error, open 
'C:\Users\motaung\Desktop\Ark-main\Ark-main\node_modules\eslint-module-utils\ModuleCache.js'

npm warn tar TAR_ENTRY_ERROR ENOENT: no such file or directory, rename 
'C:\Users\motaung\Desktop\Ark-main\Ark-main\node_modules\functions-have-names\CHANGELOG.md' -> 'C:\Users\motaung\Deskto
p\Ark-main\Ark-main\node_modules\functions-have-names\CHANGELOG.md.DELETE.fd0a921e9c66e1f5f694110e85e8c501'

npm warn tar TAR_ENTRY_ERROR ENOENT: no such file or directory, rename 
'C:\Users\motaung\Desktop\Ark-main\Ark-main\node_modules\get-intrinsic\CHANGELOG.md' -> 'C:\Users\motaung\Desktop\Ark-m
ain\Ark-main\node_modules\get-intrinsic\CHANGELOG.md.DELETE.c5cd38587a08bf9da83adbbe6fe9ec62'

npm warn tar TAR_ENTRY_ERROR UNKNOWN: unknown error, open 
'C:\Users\motaung\Desktop\Ark-main\Ark-main\node_modules\call-bind\test\index.js'

npm warn tar TAR_ENTRY_ERROR ENOENT: no such file or directory, rename 
'C:\Users\motaung\Desktop\Ark-main\Ark-main\node_modules\undici-types\cache.d.ts' -> 'C:\Users\motaung\Desktop\Ark-main
\Ark-main\node_modules\undici-types\cache.d.ts.DELETE.4f65f36be4c1a7485287a6d41a1fdad1'

npm warn tar TAR_ENTRY_ERROR ENOENT: no such file or directory, open 
'C:\Users\motaung\Desktop\Ark-main\Ark-main\node_modules\glob\node_modules\minimatch\dist\commonjs\index.js'

npm warn tar TAR_ENTRY_ERROR ENOENT: no such file or directory, rename 
'C:\Users\motaung\Desktop\Ark-main\Ark-main\node_modules\typed-array-length\tsconfig.json' -> 'C:\Users\motaung\Desktop
\Ark-main\Ark-main\node_modules\typed-array-length\tsconfig.json.DELETE.179db31b510a826e5f9c7b951730f184'

npm warn tar TAR_ENTRY_ERROR ENOENT: no such file or directory, rename 
'C:\Users\motaung\Desktop\Ark-main\Ark-main\node_modules\has-symbols\test\index.js' -> 'C:\Users\motaung\Desktop\Ark-ma
in\Ark-main\node_modules\has-symbols\test\index.js.DELETE.d9e744dca6be62d49b796b28e7242501'

npm warn tar TAR_ENTRY_ERROR ENOENT: no such file or directory, rename 
'C:\Users\motaung\Desktop\Ark-main\Ark-main\node_modules\scheduler\cjs\scheduler-unstable_post_task.production.min.js' 
-> 'C:\Users\motaung\Desktop\Ark-main\Ark-main\node_modules\scheduler\cjs\scheduler-unstable_post_task.production.min.j
s.DELETE.406d1c3af03b9c5da4fb6688f5463207'

npm warn tar TAR_ENTRY_ERROR ENOENT: no such file or directory, rename 
'C:\Users\motaung\Desktop\Ark-main\Ark-main\node_modules\es-object-atoms\ToObject.js' -> 'C:\Users\motaung\Desktop\Ark-
main\Ark-main\node_modules\es-object-atoms\ToObject.js.DELETE.b93ba252db56b907796a7b9fce401273'

npm warn tar TAR_ENTRY_ERROR ENOENT: no such file or directory, rename 
'C:\Users\motaung\Desktop\Ark-main\Ark-main\node_modules\call-bind-apply-helpers\index.js' -> 'C:\Users\motaung\Desktop
\Ark-main\Ark-main\node_modules\call-bind-apply-helpers\index.js.DELETE.1479bfd01a1054b82e3bc8e9e3f1b703'

npm warn tar TAR_ENTRY_ERROR ENOENT: no such file or directory, rename 
'C:\Users\motaung\Desktop\Ark-main\Ark-main\node_modules\es-to-primitive\es5.js' -> 'C:\Users\motaung\Desktop\Ark-main\
Ark-main\node_modules\es-to-primitive\es5.js.DELETE.3f824b1ebd4a5704f8e8ef02aa463a72'

npm warn tar TAR_ENTRY_ERROR UNKNOWN: unknown error, open 
'C:\Users\motaung\Desktop\Ark-main\Ark-main\node_modules\which-builtin-type\index.d.ts'

npm warn tar TAR_ENTRY_ERROR UNKNOWN: unknown error, open 
'C:\Users\motaung\Desktop\Ark-main\Ark-main\node_modules\path-scurry\LICENSE.md'

npm warn tar TAR_ENTRY_ERROR ENOENT: no such file or directory, open 
'C:\Users\motaung\Desktop\Ark-main\Ark-main\node_modules\lru-cache\dist\commonjs\index.min.js.map'

npm warn tar TAR_ENTRY_ERROR UNKNOWN: unknown error, open 
'C:\Users\motaung\Desktop\Ark-main\Ark-main\node_modules\eslint-import-resolver-node\node_modules\debug\src\node.js'

npm warn tar TAR_ENTRY_ERROR UNKNOWN: unknown error, open 
'C:\Users\motaung\Desktop\Ark-main\Ark-main\node_modules\eslint-plugin-import\node_modules\debug\src\node.js'

npm warn tar TAR_ENTRY_ERROR EPERM: operation not permitted, unlink 'C:\Users\motaung\Desktop\Ark-main\Ark-main\node_mo
dules\is-date-object\package.json.DELETE.52fe8ebddcb027507ed1b3352fcdb997'

npm warn tar TAR_ENTRY_ERROR ENOENT: no such file or directory, rename 
'C:\Users\motaung\Desktop\Ark-main\Ark-main\node_modules\doctrine\lib\doctrine.js' -> 'C:\Users\motaung\Desktop\Ark-mai
n\Ark-main\node_modules\doctrine\lib\doctrine.js.DELETE.bbf017197d18260d706952d6d28e71fd'

npm warn tar TAR_ENTRY_ERROR ENOENT: no such file or directory, rename 
'C:\Users\motaung\Desktop\Ark-main\Ark-main\node_modules\array-buffer-byte-length\CHANGELOG.md' -> 'C:\Users\motaung\De
sktop\Ark-main\Ark-main\node_modules\array-buffer-byte-length\CHANGELOG.md.DELETE.27f7fe4a4222250df2c7ba248d9e8311'

npm warn tar TAR_ENTRY_ERROR EPERM: operation not permitted, unlink 'C:\Users\motaung\Desktop\Ark-main\Ark-main\node_mo
dules\data-view-byte-offset\CHANGELOG.md.DELETE.5839648516ef656263071ed72c1b93cf'

npm warn tar TAR_ENTRY_ERROR EPERM: operation not permitted, unlink 'C:\Users\motaung\Desktop\Ark-main\Ark-main\node_mo
dules\@swc\helpers\cjs\_async_to_generator.cjs.DELETE.2a01f9ea8326df8ff0624fdf32e377b1'

npm warn tar TAR_ENTRY_ERROR ENOENT: no such file or directory, open 
'C:\Users\motaung\Desktop\Ark-main\Ark-main\node_modules\nanoid\async\index.browser.js'

npm warn tar TAR_ENTRY_ERROR EPERM: operation not permitted, unlink 'C:\Users\motaung\Desktop\Ark-main\Ark-main\node_mo
dules\eslint-plugin-react\node_modules\resolve\.gitmodules.DELETE.f52b64d8c7f049da220dd33817b68c30'

npm warn tar TAR_ENTRY_ERROR EPERM: operation not permitted, unlink 'C:\Users\motaung\Desktop\Ark-main\Ark-main\node_mo
dules\eslint-import-resolver-typescript\lib\index.es2020.mjs.DELETE.d803d2b7c7814128ee35bee340b1f9f5'

npm warn tar TAR_ENTRY_ERROR EPERM: operation not permitted, unlink 'C:\Users\motaung\Desktop\Ark-main\Ark-main\node_mo
dules\next\node_modules\postcss\lib\declaration.js.DELETE.95c3ab1d8283916b0f287cab6d5a190a'

npm warn tar TAR_ENTRY_ERROR ENOENT: no such file or directory, rename 
'C:\Users\motaung\Desktop\Ark-main\Ark-main\node_modules\json-schema-traverse\spec\.eslintrc.yml' -> 'C:\Users\motaung\
Desktop\Ark-main\Ark-main\node_modules\json-schema-traverse\spec\.eslintrc.yml.DELETE.5f5b2aad4c0a48a23a6187693c6f1cab'

npm warn tar TAR_ENTRY_ERROR UNKNOWN: unknown error, open 
'C:\Users\motaung\Desktop\Ark-main\Ark-main\node_modules\object.groupby\index.js'

npm warn tar TAR_ENTRY_ERROR EPERM: operation not permitted, unlink 'C:\Users\motaung\Desktop\Ark-main\Ark-main\node_mo
dules\postcss-import\lib\process-content.js.DELETE.0ab7fd19cabcfbdfa3fb37e348ca43e2'

npm warn tar TAR_ENTRY_ERROR EPERM: operation not permitted, unlink 'C:\Users\motaung\Desktop\Ark-main\Ark-main\node_mo
dules\get-tsconfig\dist\index.d.mts.DELETE.0776bf38701ec9c9912881a5b96181d5'

npm warn tar TAR_ENTRY_ERROR ENOENT: no such file or directory, rename 
'C:\Users\motaung\Desktop\Ark-main\Ark-main\node_modules\undici-types\client.d.ts' -> 'C:\Users\motaung\Desktop\Ark-mai
n\Ark-main\node_modules\undici-types\client.d.ts.DELETE.5136d219e78e39517b185a34bb9d76c9'

npm warn tar TAR_ENTRY_ERROR ENOENT: no such file or directory, rename 
'C:\Users\motaung\Desktop\Ark-main\Ark-main\node_modules\is-data-view\tsconfig.json' -> 'C:\Users\motaung\Desktop\Ark-m
ain\Ark-main\node_modules\is-data-view\tsconfig.json.DELETE.3243e0d75d990cd0b9bb0717b930cc9f'

npm warn tar TAR_ENTRY_ERROR EPERM: operation not permitted, unlink 'C:\Users\motaung\Desktop\Ark-main\Ark-main\node_mo
dules\is-finalizationregistry\index.d.ts.DELETE.41d39f10eebe96c2d0b1a123f72131f2'

npm warn tar TAR_ENTRY_ERROR UNKNOWN: unknown error, open 
'C:\Users\motaung\Desktop\Ark-main\Ark-main\node_modules\has-bigints\.github\FUNDING.yml'

npm warn tar TAR_ENTRY_ERROR ENOENT: no such file or directory, rename 
'C:\Users\motaung\Desktop\Ark-main\Ark-main\node_modules\typed-array-length\CHANGELOG.md' -> 'C:\Users\motaung\Desktop\
Ark-main\Ark-main\node_modules\typed-array-length\CHANGELOG.md.DELETE.7c0b612a4bd0b488418bfd5e908150c3'

npm warn tar TAR_ENTRY_ERROR ENOENT: no such file or directory, rename 
'C:\Users\motaung\Desktop\Ark-main\Ark-main\node_modules\which-collection\.github\FUNDING.yml' -> 'C:\Users\motaung\Des
ktop\Ark-main\Ark-main\node_modules\which-collection\.github\FUNDING.yml.DELETE.3449c96424e6ff4bd0fa9566366d2913'

npm warn tar TAR_ENTRY_ERROR ENOENT: no such file or directory, rename 
'C:\Users\motaung\Desktop\Ark-main\Ark-main\node_modules\object.assign\implementation.js' -> 'C:\Users\motaung\Desktop\
Ark-main\Ark-main\node_modules\object.assign\implementation.js.DELETE.6afcc4e1fd7a2856f7d4a54c83e52247'

npm warn tar TAR_ENTRY_ERROR UNKNOWN: unknown error, open 
'C:\Users\motaung\Desktop\Ark-main\Ark-main\node_modules\has-symbols\shams.js'

npm warn tar TAR_ENTRY_ERROR UNKNOWN: unknown error, open 
'C:\Users\motaung\Desktop\Ark-main\Ark-main\node_modules\define-data-property\tsconfig.json'

npm warn tar TAR_ENTRY_ERROR UNKNOWN: unknown error, open 
'C:\Users\motaung\Desktop\Ark-main\Ark-main\node_modules\lru-cache\dist\esm\index.min.js.map'

npm warn tar TAR_ENTRY_ERROR ENOENT: no such file or directory, open 
'C:\Users\motaung\Desktop\Ark-main\Ark-main\node_modules\emoji-regex\es2015\index.d.ts'

npm warn tar TAR_ENTRY_ERROR EPERM: operation not permitted, unlink 'C:\Users\motaung\Desktop\Ark-main\Ark-main\node_mo
dules\@emnapi\wasi-threads\dist\wasi-threads.mjs.DELETE.dde2db63bd22c3944273a12aad1cd968'

npm warn tar TAR_ENTRY_ERROR ENOENT: no such file or directory, rename 
'C:\Users\motaung\Desktop\Ark-main\Ark-main\node_modules\resolve\bin\resolve' -> 
'C:\Users\motaung\Desktop\Ark-main\Ark-main\node_modules\resolve\bin\resolve.DELETE.e5d862783373aa8de112cac3c0761b61'

npm warn tar TAR_ENTRY_ERROR UNKNOWN: unknown error, open 
'C:\Users\motaung\Desktop\Ark-main\Ark-main\node_modules\fast-json-stable-stringify\example\nested.js'

npm warn tar TAR_ENTRY_ERROR UNKNOWN: unknown error, open 
'C:\Users\motaung\Desktop\Ark-main\Ark-main\node_modules\fastq\test\test.js'

npm warn tar TAR_ENTRY_ERROR UNKNOWN: unknown error, open 
'C:\Users\motaung\Desktop\Ark-main\Ark-main\node_modules\@eslint\js\package.json'

npm warn tar TAR_ENTRY_ERROR ENOENT: no such file or directory, rename 
'C:\Users\motaung\Desktop\Ark-main\Ark-main\node_modules\is-boolean-object\index.d.ts' -> 'C:\Users\motaung\Desktop\Ark
-main\Ark-main\node_modules\is-boolean-object\index.d.ts.DELETE.36571ab61cbeb5a0e88165898132f2a2'

npm warn tar TAR_ENTRY_ERROR EPERM: operation not permitted, unlink 'C:\Users\motaung\Desktop\Ark-main\Ark-main\node_mo
dules\tsconfig-paths\lib\config-loader.js.map.DELETE.1e9ad198ffaecaa848cd1f57b56c6055'

npm warn tar TAR_ENTRY_ERROR ENOENT: no such file or directory, rename 
'C:\Users\motaung\Desktop\Ark-main\Ark-main\node_modules\next\dist\compiled\@mswjs\interceptors\ClientRequest\LICENSE' 
-> 'C:\Users\motaung\Desktop\Ark-main\Ark-main\node_modules\next\dist\compiled\@mswjs\interceptors\ClientRequest\LICENS
E.DELETE.396d800cfe348c85892bade6c740b6d4'

npm warn tar TAR_ENTRY_ERROR ENOENT: no such file or directory, rename 
'C:\Users\motaung\Desktop\Ark-main\Ark-main\node_modules\jsx-ast-utils\lib\values\expressions\AssignmentExpression.js' 
-> 'C:\Users\motaung\Desktop\Ark-main\Ark-main\node_modules\jsx-ast-utils\lib\values\expressions\AssignmentExpression.j
s.DELETE.736d074727e90d83ae5a26fdc325f15a'

npm warn tar TAR_ENTRY_ERROR ENOENT: no such file or directory, rename 
'C:\Users\motaung\Desktop\Ark-main\Ark-main\node_modules\string.prototype.trimstart\test\index.js' -> 'C:\Users\motaung
\Desktop\Ark-main\Ark-main\node_modules\string.prototype.trimstart\test\index.js.DELETE.ba8c3f66e463a8acb8cd2332d2ac7b6
5'

npm warn tar TAR_ENTRY_ERROR EPERM: operation not permitted, unlink 'C:\Users\motaung\Desktop\Ark-main\Ark-main\node_mo
dules\typed-array-byte-offset\README.md.DELETE.13924ec2604d7f8ad4e01fcc414edc02'

npm warn tar TAR_ENTRY_ERROR ENOENT: no such file or directory, rename 
'C:\Users\motaung\Desktop\Ark-main\Ark-main\node_modules\argparse\README.md' -> 
'C:\Users\motaung\Desktop\Ark-main\Ark-main\node_modules\argparse\README.md.DELETE.20b419abd76c52bbea90d3e1346f094e'

npm warn tar TAR_ENTRY_ERROR EPERM: operation not permitted, unlink 'C:\Users\motaung\Desktop\Ark-main\Ark-main\node_mo
dules\typed-array-buffer\CHANGELOG.md.DELETE.a6e569ee30e4b097a5623d7baf119aed'

npm warn tar TAR_ENTRY_ERROR ENOENT: no such file or directory, rename 
'C:\Users\motaung\Desktop\Ark-main\Ark-main\node_modules\js-yaml\lib\schema\core.js' -> 'C:\Users\motaung\Desktop\Ark-m
ain\Ark-main\node_modules\js-yaml\lib\schema\core.js.DELETE.8c748c2644baaa12499ecd2ac5ec8a28'

npm warn tar TAR_ENTRY_ERROR UNKNOWN: unknown error, open 
'C:\Users\motaung\Desktop\Ark-main\Ark-main\node_modules\has-tostringtag\test\index.js'

npm warn tar TAR_ENTRY_ERROR UNKNOWN: unknown error, open 
'C:\Users\motaung\Desktop\Ark-main\Ark-main\node_modules\string.prototype.repeat\tests\shimmed.js'

npm warn tar TAR_ENTRY_ERROR EPERM: operation not permitted, unlink 'C:\Users\motaung\Desktop\Ark-main\Ark-main\node_mo
dules\function-bind\package.json.DELETE.8cbebe1801800c98965f63211d3247e7'

npm warn tar TAR_ENTRY_ERROR ENOENT: no such file or directory, rename 
'C:\Users\motaung\Desktop\Ark-main\Ark-main\node_modules\postcss-import\lib\resolve-id.js' -> 'C:\Users\motaung\Desktop
\Ark-main\Ark-main\node_modules\postcss-import\lib\resolve-id.js.DELETE.21926b7986fe2f3f2ec93e71596f200d'

npm warn tar TAR_ENTRY_ERROR ENOENT: no such file or directory, rename 
'C:\Users\motaung\Desktop\Ark-main\Ark-main\node_modules\hasown\README.md' -> 
'C:\Users\motaung\Desktop\Ark-main\Ark-main\node_modules\hasown\README.md.DELETE.e3d558800920e4cad55af944afc8fe57'

npm warn tar TAR_ENTRY_ERROR EPERM: operation not permitted, unlink 'C:\Users\motaung\Desktop\Ark-main\Ark-main\node_mo
dules\string.prototype.trimend\index.js.DELETE.1c3ceddef312acd924c456e9ca61a2f5'

npm warn tar TAR_ENTRY_ERROR EPERM: operation not permitted, unlink 'C:\Users\motaung\Desktop\Ark-main\Ark-main\node_mo
dules\is-negative-zero\CHANGELOG.md.DELETE.c0d555683eb96bbf92f40398ac959d46'

npm warn tar TAR_ENTRY_ERROR ENOENT: no such file or directory, rename 
'C:\Users\motaung\Desktop\Ark-main\Ark-main\node_modules\call-bound\README.md' -> 
'C:\Users\motaung\Desktop\Ark-main\Ark-main\node_modules\call-bound\README.md.DELETE.d1e78f27d6ae0198124320699179844d'

npm warn tar TAR_ENTRY_ERROR ENOENT: no such file or directory, rename 
'C:\Users\motaung\Desktop\Ark-main\Ark-main\node_modules\call-bind-apply-helpers\test\index.js' -> 'C:\Users\motaung\De
sktop\Ark-main\Ark-main\node_modules\call-bind-apply-helpers\test\index.js.DELETE.dbb958faf1ffaa5866313cd0461bfdc5'

npm warn deprecated glob@7.2.3: Old versions of glob are not supported, and contain widely publicized security 
vulnerabilities, which have been fixed in the current version. Please update. Support for old versions may be 
purchased (at exorbitant rates) by contacting i@izs.me

npm warn tar TAR_ENTRY_ERROR EPERM: operation not permitted, unlink 'C:\Users\motaung\Desktop\Ark-main\Ark-main\node_mo
dules\eslint-import-resolver-typescript\lib\index.d.ts.DELETE.e689487739dab024247102cbd9fece19'

npm warn tar TAR_ENTRY_ERROR ENOENT: no such file or directory, rename 
'C:\Users\motaung\Desktop\Ark-main\Ark-main\node_modules\eslint-plugin-react\lib\rules\button-has-type.js' -> 'C:\Users
\motaung\Desktop\Ark-main\Ark-main\node_modules\eslint-plugin-react\lib\rules\button-has-type.js.DELETE.247d088aa8b8df6
2c70743f3999d9aca'

npm warn tar TAR_ENTRY_ERROR ENOENT: no such file or directory, rename 
'C:\Users\motaung\Desktop\Ark-main\Ark-main\node_modules\acorn\README.md' -> 
'C:\Users\motaung\Desktop\Ark-main\Ark-main\node_modules\acorn\README.md.DELETE.27daa74e50eb2a4343596332314a5614'

npm warn tar TAR_ENTRY_ERROR EPERM: operation not permitted, unlink 'C:\Users\motaung\Desktop\Ark-main\Ark-main\node_mo
dules\@next\eslint-plugin-next\dist\rules\inline-script-id.js.DELETE.426db69b3ae166be1b7eae917c7f3c5b'

npm warn tar TAR_ENTRY_ERROR EPERM: operation not permitted, unlink 'C:\Users\motaung\Desktop\Ark-main\Ark-main\node_mo
dules\is-typed-array\test\index.js.DELETE.4f08e68af28a0889ddbb4e78b5266396'

npm warn tar TAR_ENTRY_ERROR EPERM: operation not permitted, unlink 'C:\Users\motaung\Desktop\Ark-main\Ark-main\node_mo
dules\internal-slot\package.json.DELETE.96aa510c220f78dc9c20b6fcee7204ce'

npm warn tar TAR_ENTRY_ERROR ENOENT: no such file or directory, rename 
'C:\Users\motaung\Desktop\Ark-main\Ark-main\node_modules\define-properties\.github\FUNDING.yml' -> 'C:\Users\motaung\De
sktop\Ark-main\Ark-main\node_modules\define-properties\.github\FUNDING.yml.DELETE.cb14690e8f54ae15c47b8b766405defb'

npm warn tar TAR_ENTRY_ERROR ENOENT: no such file or directory, rename 
'C:\Users\motaung\Desktop\Ark-main\Ark-main\node_modules\motion-dom\dist\es\animation\controls\BaseGroup.mjs' -> 'C:\Us
ers\motaung\Desktop\Ark-main\Ark-main\node_modules\motion-dom\dist\es\animation\controls\BaseGroup.mjs.DELETE.a6ca04565
090e75dee39bc2022c0981c'

npm warn tar TAR_ENTRY_ERROR ENOENT: no such file or directory, rename 
'C:\Users\motaung\Desktop\Ark-main\Ark-main\node_modules\js-yaml\lib\schema\default.js' -> 'C:\Users\motaung\Desktop\Ar
k-main\Ark-main\node_modules\js-yaml\lib\schema\default.js.DELETE.8ef238fe6829812edf4d24e3ceda6243'

npm warn tar TAR_ENTRY_ERROR EPERM: operation not permitted, unlink 'C:\Users\motaung\Desktop\Ark-main\Ark-main\node_mo
dules\eslint-module-utils\node_modules\debug\src\node.js.DELETE.ef64fca58fdcb6918dee9c26b80900fd'

npm warn tar TAR_ENTRY_ERROR EPERM: operation not permitted, unlink 
'C:\Users\motaung\Desktop\Ark-main\Ark-main\node_modules\@eslint\js\README.md.DELETE.9f70702492a5c681c5273874b0bd2bfa'

npm warn tar TAR_ENTRY_ERROR ENOENT: no such file or directory, rename 
'C:\Users\motaung\Desktop\Ark-main\Ark-main\node_modules\@typescript-eslint\visitor-keys\dist\index.js.map' -> 'C:\User
s\motaung\Desktop\Ark-main\Ark-main\node_modules\@typescript-eslint\visitor-keys\dist\index.js.map.DELETE.46b41e8254eb3
f0bb90bf626d3c141e7'

npm warn tar TAR_ENTRY_ERROR ENOENT: no such file or directory, rename 
'C:\Users\motaung\Desktop\Ark-main\Ark-main\node_modules\postcss-import\package.json' -> 'C:\Users\motaung\Desktop\Ark-
main\Ark-main\node_modules\postcss-import\package.json.DELETE.0085ce7ad6aa52a33623a44e79eccda9'

npm warn tar TAR_ENTRY_ERROR EPERM: operation not permitted, unlink 'C:\Users\motaung\Desktop\Ark-main\Ark-main\node_mo
dules\data-view-buffer\README.md.DELETE.e7c8bf45e3b1c960830111f20709df6c'

npm warn tar TAR_ENTRY_ERROR EPERM: operation not permitted, unlink 'C:\Users\motaung\Desktop\Ark-main\Ark-main\node_mo
dules\@eslint-community\regexpp\index.mjs.map.DELETE.f307e372d2d8ce4282b0563eb6e879f8'

npm warn tar TAR_ENTRY_ERROR ENOENT: no such file or directory, rename 
'C:\Users\motaung\Desktop\Ark-main\Ark-main\node_modules\call-bind\CHANGELOG.md' -> 'C:\Users\motaung\Desktop\Ark-main\
Ark-main\node_modules\call-bind\CHANGELOG.md.DELETE.b427ddaf3e1e279f2ab926bfa18076bb'

npm warn tar TAR_ENTRY_ERROR ENOENT: no such file or directory, rename 
'C:\Users\motaung\Desktop\Ark-main\Ark-main\node_modules\es-define-property\README.md' -> 'C:\Users\motaung\Desktop\Ark
-main\Ark-main\node_modules\es-define-property\README.md.DELETE.2c748779184d30ced199b0e3dce4ee4a'

npm warn tar TAR_ENTRY_ERROR ENOENT: no such file or directory, rename 
'C:\Users\motaung\Desktop\Ark-main\Ark-main\node_modules\functions-have-names\.github\FUNDING.yml' -> 'C:\Users\motaung
\Desktop\Ark-main\Ark-main\node_modules\functions-have-names\.github\FUNDING.yml.DELETE.f5b5cfd4d286044e785a0aff2bac1ab
8'

npm warn tar TAR_ENTRY_ERROR EPERM: operation not permitted, unlink 
'C:\Users\motaung\Desktop\Ark-main\Ark-main\node_modules\acorn\dist\acorn.mjs.DELETE.9054e116bb16690b7ed83993915e71d7'

npm warn tar TAR_ENTRY_ERROR UNKNOWN: unknown error, open 
'C:\Users\motaung\Desktop\Ark-main\Ark-main\node_modules\postcss\lib\fromJSON.js'

npm warn tar TAR_ENTRY_ERROR UNKNOWN: unknown error, open 
'C:\Users\motaung\Desktop\Ark-main\Ark-main\node_modules\is-async-function\index.d.ts'

npm warn tar TAR_ENTRY_ERROR UNKNOWN: unknown error, open 
'C:\Users\motaung\Desktop\Ark-main\Ark-main\node_modules\undici-types\content-type.d.ts'

npm warn tar TAR_ENTRY_ERROR EPERM: operation not permitted, unlink 
'C:\Users\motaung\Desktop\Ark-main\Ark-main\node_modules\fraction.js\README.md.DELETE.cb94ea187d291d2142f353571deb8b64'

npm warn tar TAR_ENTRY_ERROR UNKNOWN: unknown error, open 
'C:\Users\motaung\Desktop\Ark-main\Ark-main\node_modules\side-channel-map\README.md'

npm warn tar TAR_ENTRY_ERROR UNKNOWN: unknown error, open 
'C:\Users\motaung\Desktop\Ark-main\Ark-main\node_modules\get-symbol-description\CHANGELOG.md'

npm warn tar TAR_ENTRY_ERROR EPERM: operation not permitted, unlink 'C:\Users\motaung\Desktop\Ark-main\Ark-main\node_mo
dules\streamsearch\lib\sbmh.js.DELETE.ff4e4d90aa555f5db7e290a10e9cd8e5'

npm warn tar TAR_ENTRY_ERROR EPERM: operation not permitted, unlink 'C:\Users\motaung\Desktop\Ark-main\Ark-main\node_mo
dules\eslint-plugin-import\lib\rules\consistent-type-specifier-style.js.DELETE.fcfe18d58c2850e473edb99176a611ea'

npm warn tar TAR_ENTRY_ERROR EPERM: operation not permitted, unlink 
'C:\Users\motaung\Desktop\Ark-main\Ark-main\node_modules\js-yaml\lib\dumper.js.DELETE.4107cd30539482a87ce66a9ef237e30f'

npm warn tar TAR_ENTRY_ERROR ENOENT: no such file or directory, rename 
'C:\Users\motaung\Desktop\Ark-main\Ark-main\node_modules\array.prototype.flat\test\index.js' -> 'C:\Users\motaung\Deskt
op\Ark-main\Ark-main\node_modules\array.prototype.flat\test\index.js.DELETE.64aa02e00652b3fdbe056c8c06989c64'

npm warn tar TAR_ENTRY_ERROR UNKNOWN: unknown error, open 
'C:\Users\motaung\Desktop\Ark-main\Ark-main\node_modules\is-typed-array\package.json'

npm warn tar TAR_ENTRY_ERROR ENOENT: no such file or directory, rename 
'C:\Users\motaung\Desktop\Ark-main\Ark-main\node_modules\array.prototype.findlastindex\polyfill.js' -> 'C:\Users\motaun
g\Desktop\Ark-main\Ark-main\node_modules\array.prototype.findlastindex\polyfill.js.DELETE.e1bc90b4fea24ba1c714115e4e7e5
2f2'

npm warn tar TAR_ENTRY_ERROR EPERM: operation not permitted, unlink 'C:\Users\motaung\Desktop\Ark-main\Ark-main\node_mo
dules\globalthis\test\native.js.DELETE.fde943a3e03d5ef15c7a66d5192f707e'

npm warn tar TAR_ENTRY_ERROR ENOENT: no such file or directory, rename 
'C:\Users\motaung\Desktop\Ark-main\Ark-main\node_modules\es-define-property\index.d.ts' -> 'C:\Users\motaung\Desktop\Ar
k-main\Ark-main\node_modules\es-define-property\index.d.ts.DELETE.bc52ac039b92415363211ed631d371dd'

npm warn tar TAR_ENTRY_ERROR ENOENT: no such file or directory, open 
'C:\Users\motaung\Desktop\Ark-main\Ark-main\node_modules\nanoid\async\index.js'

npm warn tar TAR_ENTRY_ERROR ENOENT: no such file or directory, open 
'C:\Users\motaung\Desktop\Ark-main\Ark-main\node_modules\path-scurry\dist\commonjs\index.d.ts'

npm warn tar TAR_ENTRY_ERROR ENOENT: no such file or directory, open 
'C:\Users\motaung\Desktop\Ark-main\Ark-main\node_modules\lru-cache\dist\commonjs\index.d.ts'

npm warn tar TAR_ENTRY_ERROR ENOENT: no such file or directory, rename 
'C:\Users\motaung\Desktop\Ark-main\Ark-main\node_modules\string.prototype.matchall\test\shimmed.js' -> 'C:\Users\motaun
g\Desktop\Ark-main\Ark-main\node_modules\string.prototype.matchall\test\shimmed.js.DELETE.6bbf59ceba2eaa58ea9d76ff3950a
bda'

npm warn tar TAR_ENTRY_ERROR ENOENT: no such file or directory, rename 'C:\Users\motaung\Desktop\Ark-main\Ark-main\node
_modules\@rushstack\eslint-patch\lib-esm\eslint-bulk-suppressions\bulk-suppressions-file.js' -> 'C:\Users\motaung\Deskt
op\Ark-main\Ark-main\node_modules\@rushstack\eslint-patch\lib-esm\eslint-bulk-suppressions\bulk-suppressions-file.js.DE
LETE.100e045fcdad158f0509d34990d05b38'

npm warn tar TAR_ENTRY_ERROR EPERM: operation not permitted, unlink 'C:\Users\motaung\Desktop\Ark-main\Ark-main\node_mo
dules\is-date-object\CHANGELOG.md.DELETE.d69da20859ad0e1f7b2be26141329d71'

npm warn tar TAR_ENTRY_ERROR EPERM: operation not permitted, unlink 'C:\Users\motaung\Desktop\Ark-main\Ark-main\node_mo
dules\object.fromentries\polyfill.js.DELETE.b03684e7bc2cce2d4ae8d8e0ac9688e8'

npm warn tar TAR_ENTRY_ERROR ENOENT: no such file or directory, rename 
'C:\Users\motaung\Desktop\Ark-main\Ark-main\node_modules\fraction.js\fraction.d.ts' -> 'C:\Users\motaung\Desktop\Ark-ma
in\Ark-main\node_modules\fraction.js\fraction.d.ts.DELETE.9912006a93ec58141451d2b0d41a5865'

npm warn tar TAR_ENTRY_ERROR ENOENT: no such file or directory, rename 
'C:\Users\motaung\Desktop\Ark-main\Ark-main\node_modules\eslint-plugin-react\node_modules\resolve\bin\resolve' -> 'C:\U
sers\motaung\Desktop\Ark-main\Ark-main\node_modules\eslint-plugin-react\node_modules\resolve\bin\resolve.DELETE.8db5b79
cb00b369f19b01a3045b322c3'

npm warn tar TAR_ENTRY_ERROR ENOENT: no such file or directory, rename 
'C:\Users\motaung\Desktop\Ark-main\Ark-main\node_modules\side-channel-map\index.d.ts' -> 'C:\Users\motaung\Desktop\Ark-
main\Ark-main\node_modules\side-channel-map\index.d.ts.DELETE.f6b77570be70e9de75b05ad92e22cb0f'

npm warn tar TAR_ENTRY_ERROR EPERM: operation not permitted, unlink 
'C:\Users\motaung\Desktop\Ark-main\Ark-main\node_modules\is-string\index.d.ts.DELETE.7a241027af857ade8cbb2ce682fc8d08'

npm warn tar TAR_ENTRY_ERROR ENOENT: no such file or directory, rename 'C:\Users\motaung\Desktop\Ark-main\Ark-main\node
_modules\@typescript-eslint\typescript-estree\node_modules\minimatch\dist\cjs\brace-expressions.js' -> 'C:\Users\motaun
g\Desktop\Ark-main\Ark-main\node_modules\@typescript-eslint\typescript-estree\node_modules\minimatch\dist\cjs\brace-exp
ressions.js.DELETE.8882677156e7b6f083ac147aee97a3d3'

npm warn tar TAR_ENTRY_ERROR ENOENT: no such file or directory, rename 
'C:\Users\motaung\Desktop\Ark-main\Ark-main\node_modules\eslint-plugin-import\lib\rules\default.js' -> 'C:\Users\motaun
g\Desktop\Ark-main\Ark-main\node_modules\eslint-plugin-import\lib\rules\default.js.DELETE.c892779beefc25b4fa20b9b78cd9c
10b'

npm warn tar TAR_ENTRY_ERROR ENOENT: no such file or directory, open 
'C:\Users\motaung\Desktop\Ark-main\Ark-main\node_modules\emoji-regex\es2015\RGI_Emoji.d.ts'

npm warn tar TAR_ENTRY_ERROR ENOENT: no such file or directory, open 
'C:\Users\motaung\Desktop\Ark-main\Ark-main\node_modules\glob\node_modules\minimatch\dist\commonjs\unescape.js'

npm warn tar TAR_ENTRY_ERROR ENOENT: no such file or directory, rename 
'C:\Users\motaung\Desktop\Ark-main\Ark-main\node_modules\@typescript-eslint\types\package.json' -> 'C:\Users\motaung\De
sktop\Ark-main\Ark-main\node_modules\@typescript-eslint\types\package.json.DELETE.190bddc7a6993eabdb678c6adba59f7c'

npm warn tar TAR_ENTRY_ERROR UNKNOWN: unknown error, open 
'C:\Users\motaung\Desktop\Ark-main\Ark-main\node_modules\array.prototype.findlast\test\index.js'

npm warn tar TAR_ENTRY_ERROR ENOENT: no such file or directory, rename 
'C:\Users\motaung\Desktop\Ark-main\Ark-main\node_modules\@pkgjs\parseargs\README.md' -> 'C:\Users\motaung\Desktop\Ark-m
ain\Ark-main\node_modules\@pkgjs\parseargs\README.md.DELETE.ce76fec57ea5eddd4414faea8eeb2f95'

npm warn tar TAR_ENTRY_ERROR EPERM: operation not permitted, unlink 'C:\Users\motaung\Desktop\Ark-main\Ark-main\node_mo
dules\@emnapi\core\dist\emnapi-core.js.DELETE.71a1480f2962bd705313123410fda9a3'

npm warn tar TAR_ENTRY_ERROR ENOENT: no such file or directory, rename 
'C:\Users\motaung\Desktop\Ark-main\Ark-main\node_modules\array.prototype.findlastindex\shim.js' -> 'C:\Users\motaung\De
sktop\Ark-main\Ark-main\node_modules\array.prototype.findlastindex\shim.js.DELETE.201e2ade30381ae615937c0d75c1cf58'

npm warn tar TAR_ENTRY_ERROR EPERM: operation not permitted, unlink 'C:\Users\motaung\Desktop\Ark-main\Ark-main\node_mo
dules\call-bind-apply-helpers\package.json.DELETE.fac628129367cc2c3dd370c0187f690d'

npm warn tar TAR_ENTRY_ERROR ENOENT: no such file or directory, rename 
'C:\Users\motaung\Desktop\Ark-main\Ark-main\node_modules\@types\react-dom\test-utils\index.d.ts' -> 'C:\Users\motaung\D
esktop\Ark-main\Ark-main\node_modules\@types\react-dom\test-utils\index.d.ts.DELETE.73e93c35a1f1997a5336b3a42f03d8b0'

npm warn tar TAR_ENTRY_ERROR ENOENT: no such file or directory, rename 
'C:\Users\motaung\Desktop\Ark-main\Ark-main\node_modules\path-scurry\dist\esm\index.d.ts' -> 'C:\Users\motaung\Desktop\
Ark-main\Ark-main\node_modules\path-scurry\dist\esm\index.d.ts.DELETE.8535adef2396c5f2e5adfb945301ed59'

npm warn tar TAR_ENTRY_ERROR EPERM: operation not permitted, unlink 'C:\Users\motaung\Desktop\Ark-main\Ark-main\node_mo
dules\@humanwhocodes\module-importer\README.md.DELETE.3d5ca292162e2672ce565356c04a5e0d'

npm warn tar TAR_ENTRY_ERROR ENOENT: no such file or directory, rename 
'C:\Users\motaung\Desktop\Ark-main\Ark-main\node_modules\eslint-plugin-import\node_modules\debug\README.md' -> 'C:\User
s\motaung\Desktop\Ark-main\Ark-main\node_modules\eslint-plugin-import\node_modules\debug\README.md.DELETE.1a9a28d7d0a4f
17a276bff87aca11ab6'

npm warn tar TAR_ENTRY_ERROR ENOENT: no such file or directory, rename 
'C:\Users\motaung\Desktop\Ark-main\Ark-main\node_modules\side-channel-weakmap\.github\FUNDING.yml' -> 'C:\Users\motaung
\Desktop\Ark-main\Ark-main\node_modules\side-channel-weakmap\.github\FUNDING.yml.DELETE.add0b5f0addf1027b15070601ce2546
b'

npm warn tar TAR_ENTRY_ERROR ENOENT: no such file or directory, rename 
'C:\Users\motaung\Desktop\Ark-main\Ark-main\node_modules\array-includes\shim.js' -> 'C:\Users\motaung\Desktop\Ark-main\
Ark-main\node_modules\array-includes\shim.js.DELETE.cead59ed0c5da4e4408fb340d4db5361'

npm warn tar TAR_ENTRY_ERROR ENOENT: no such file or directory, rename 
'C:\Users\motaung\Desktop\Ark-main\Ark-main\node_modules\axobject-query\lib\AXObjectRoleMap.js' -> 'C:\Users\motaung\De
sktop\Ark-main\Ark-main\node_modules\axobject-query\lib\AXObjectRoleMap.js.DELETE.c1c6d99bc604eca609034cc31952693c'

npm warn tar TAR_ENTRY_ERROR EPERM: operation not permitted, unlink 'C:\Users\motaung\Desktop\Ark-main\Ark-main\node_mo
dules\@eslint-community\eslint-utils\index.mjs.map.DELETE.245158ed015175155a155023863a2dae'

npm warn tar TAR_ENTRY_ERROR EPERM: operation not permitted, unlink 'C:\Users\motaung\Desktop\Ark-main\Ark-main\node_mo
dules\next\node_modules\postcss\lib\input.js.DELETE.da7461f9690935f1c81f1c8e0f153267'

npm warn tar TAR_ENTRY_ERROR EPERM: operation not permitted, unlink 'C:\Users\motaung\Desktop\Ark-main\Ark-main\node_mo
dules\esquery\dist\esquery.lite.js.DELETE.3f4576b7b4459d773028b065decab30e'

npm warn deprecated @humanwhocodes/object-schema@2.0.3: Use @eslint/object-schema instead

npm warn tar TAR_ENTRY_ERROR EPERM: operation not permitted, unlink 'C:\Users\motaung\Desktop\Ark-main\Ark-main\node_mo
dules\@typescript-eslint\visitor-keys\dist\visitor-keys.js.map.DELETE.ac9db0c9cd24d35c9b056cf5edefb84d'

npm warn tar TAR_ENTRY_ERROR EPERM: operation not permitted, unlink 'C:\Users\motaung\Desktop\Ark-main\Ark-main\node_mo
dules\eslint-import-resolver-node\node_modules\debug\README.md.DELETE.20b8e1fb60cb49b6712afa66d6671817'

npm warn tar TAR_ENTRY_ERROR ENOENT: no such file or directory, rename 
'C:\Users\motaung\Desktop\Ark-main\Ark-main\node_modules\tsconfig-paths\lib\filesystem.js.map' -> 'C:\Users\motaung\Des
ktop\Ark-main\Ark-main\node_modules\tsconfig-paths\lib\filesystem.js.map.DELETE.2add1f7c36589dbbe86fdd047b6073d5'

npm warn tar TAR_ENTRY_ERROR EPERM: operation not permitted, unlink 'C:\Users\motaung\Desktop\Ark-main\Ark-main\node_mo
dules\regexp.prototype.flags\shim.js.DELETE.473418f4c9f0137dc472a12896f3f367'

npm warn tar TAR_ENTRY_ERROR EPERM: operation not permitted, unlink 'C:\Users\motaung\Desktop\Ark-main\Ark-main\node_mo
dules\@eslint-community\regexpp\index.mjs.DELETE.04ce453564654375f086a9b9a6baadde'

npm warn tar TAR_ENTRY_ERROR EPERM: operation not permitted, unlink 
'C:\Users\motaung\Desktop\Ark-main\Ark-main\node_modules\espree\lib\version.js.DELETE.d98dca67dd99025f9e6702991dfcf06e'

npm warn tar TAR_ENTRY_ERROR ENOENT: no such file or directory, rename 
'C:\Users\motaung\Desktop\Ark-main\Ark-main\node_modules\es-set-tostringtag\README.md' -> 'C:\Users\motaung\Desktop\Ark
-main\Ark-main\node_modules\es-set-tostringtag\README.md.DELETE.9b7fcb09d5bae5c19113aa430a38fefc'

npm warn tar TAR_ENTRY_ERROR EPERM: operation not permitted, unlink 'C:\Users\motaung\Desktop\Ark-main\Ark-main\node_mo
dules\eslint-plugin-import\lib\exportMap\doc.js.DELETE.cb1ea4d23020d41aae287ff3ff078095'

npm warn tar TAR_ENTRY_ERROR ENOENT: no such file or directory, rename 
'C:\Users\motaung\Desktop\Ark-main\Ark-main\node_modules\@emnapi\runtime\index.js' -> 'C:\Users\motaung\Desktop\Ark-mai
n\Ark-main\node_modules\@emnapi\runtime\index.js.DELETE.fdde27c260b406ea4ac2726e48928be7'

npm warn tar TAR_ENTRY_ERROR ENOENT: no such file or directory, rename 
'C:\Users\motaung\Desktop\Ark-main\Ark-main\node_modules\own-keys\.github\FUNDING.yml' -> 'C:\Users\motaung\Desktop\Ark
-main\Ark-main\node_modules\own-keys\.github\FUNDING.yml.DELETE.6db952ccbc6e49c0c08f715be21c3364'

npm warn tar TAR_ENTRY_ERROR EPERM: operation not permitted, unlink 'C:\Users\motaung\Desktop\Ark-main\Ark-main\node_mo
dules\internal-slot\CHANGELOG.md.DELETE.6df3a8cb420c1f9e4c9a4b191f9d1735'

npm warn tar TAR_ENTRY_ERROR ENOENT: no such file or directory, rename 
'C:\Users\motaung\Desktop\Ark-main\Ark-main\node_modules\@typescript-eslint\scope-manager\dist\scope\CatchScope.js' -> 
'C:\Users\motaung\Desktop\Ark-main\Ark-main\node_modules\@typescript-eslint\scope-manager\dist\scope\CatchScope.js.DELE
TE.38f5a3d26a3ec78d96bf408dc276f459'

npm warn tar TAR_ENTRY_ERROR ENOENT: no such file or directory, rename 
'C:\Users\motaung\Desktop\Ark-main\Ark-main\node_modules\object-keys\test\index.js' -> 'C:\Users\motaung\Desktop\Ark-ma
in\Ark-main\node_modules\object-keys\test\index.js.DELETE.d3c7647ee032165a4ca0c3afaca89625'

npm warn tar TAR_ENTRY_ERROR UNKNOWN: unknown error, open 
'C:\Users\motaung\Desktop\Ark-main\Ark-main\node_modules\signal-exit\dist\mjs\browser.js.map'

npm warn tar TAR_ENTRY_ERROR UNKNOWN: unknown error, open 
'C:\Users\motaung\Desktop\Ark-main\Ark-main\node_modules\array.prototype.findlast\polyfill.js'

npm warn tar TAR_ENTRY_ERROR ENOENT: no such file or directory, rename 
'C:\Users\motaung\Desktop\Ark-main\Ark-main\node_modules\resolve\test\resolver\mug.coffee' -> 'C:\Users\motaung\Desktop
\Ark-main\Ark-main\node_modules\resolve\test\resolver\mug.coffee.DELETE.7565c13d22ead1e5a3e48cffdc02c80d'

npm warn tar TAR_ENTRY_ERROR ENOENT: no such file or directory, rename 'C:\Users\motaung\Desktop\Ark-main\Ark-main\node
_modules\@next\eslint-plugin-next\dist\rules\no-async-client-component.js' -> 'C:\Users\motaung\Desktop\Ark-main\Ark-ma
in\node_modules\@next\eslint-plugin-next\dist\rules\no-async-client-component.js.DELETE.c668e84891338e13bad1921ef7bcbc7
a'

npm warn tar TAR_ENTRY_ERROR ENOENT: no such file or directory, rename 
'C:\Users\motaung\Desktop\Ark-main\Ark-main\node_modules\is-data-view\index.d.ts' -> 'C:\Users\motaung\Desktop\Ark-main
\Ark-main\node_modules\is-data-view\index.d.ts.DELETE.ac9f1cc59f824c5a8dac8d596d62d7e4'

npm warn tar TAR_ENTRY_ERROR ENOENT: no such file or directory, rename 
'C:\Users\motaung\Desktop\Ark-main\Ark-main\node_modules\globalthis\shim.js' -> 
'C:\Users\motaung\Desktop\Ark-main\Ark-main\node_modules\globalthis\shim.js.DELETE.ad7c98165c743f8fc19c3546e6c25079'

npm warn tar TAR_ENTRY_ERROR UNKNOWN: unknown error, open 
'C:\Users\motaung\Desktop\Ark-main\Ark-main\node_modules\react\cjs\react-jsx-runtime.production.min.js'

npm warn tar TAR_ENTRY_ERROR EPERM: operation not permitted, unlink 'C:\Users\motaung\Desktop\Ark-main\Ark-main\node_mo
dules\is-array-buffer\.github\FUNDING.yml.DELETE.8dca56933612593d321e6c52399a3140'

npm warn tar TAR_ENTRY_ERROR UNKNOWN: unknown error, open 
'C:\Users\motaung\Desktop\Ark-main\Ark-main\node_modules\es-to-primitive\index.js'

npm warn tar TAR_ENTRY_ERROR ENOENT: no such file or directory, rename 
'C:\Users\motaung\Desktop\Ark-main\Ark-main\node_modules\@types\react\jsx-dev-runtime.d.ts' -> 'C:\Users\motaung\Deskto
p\Ark-main\Ark-main\node_modules\@types\react\jsx-dev-runtime.d.ts.DELETE.bd352fae6ec66d340b509f96ba3b7415'

npm warn tar TAR_ENTRY_ERROR ENOENT: no such file or directory, rename 
'C:\Users\motaung\Desktop\Ark-main\Ark-main\node_modules\eslint-plugin-react\node_modules\doctrine\lib\utility.js' -> '
C:\Users\motaung\Desktop\Ark-main\Ark-main\node_modules\eslint-plugin-react\node_modules\doctrine\lib\utility.js.DELETE
.5f05b7838f80c8527a4221c58a4bc9e7'

npm warn tar TAR_ENTRY_ERROR ENOENT: no such file or directory, rename 
'C:\Users\motaung\Desktop\Ark-main\Ark-main\node_modules\string.prototype.trimend\shim.js' -> 'C:\Users\motaung\Desktop
\Ark-main\Ark-main\node_modules\string.prototype.trimend\shim.js.DELETE.dbf7fd227a8c6bc29fc5b8ce82e2baab'

npm warn tar TAR_ENTRY_ERROR ENOENT: no such file or directory, rename 
'C:\Users\motaung\Desktop\Ark-main\Ark-main\node_modules\@emnapi\runtime\package.json' -> 'C:\Users\motaung\Desktop\Ark
-main\Ark-main\node_modules\@emnapi\runtime\package.json.DELETE.94d3b4e3598dfd45db5153c2276145f1'

npm warn tar TAR_ENTRY_ERROR UNKNOWN: unknown error, open 
'C:\Users\motaung\Desktop\Ark-main\Ark-main\node_modules\object.fromentries\test\shimmed.js'

npm warn tar TAR_ENTRY_ERROR ENOENT: no such file or directory, rename 'C:\Users\motaung\Desktop\Ark-main\Ark-main\node
_modules\eslint-plugin-react\node_modules\resolve\test\resolver\cup.coffee' -> 'C:\Users\motaung\Desktop\Ark-main\Ark-m
ain\node_modules\eslint-plugin-react\node_modules\resolve\test\resolver\cup.coffee.DELETE.21e82f90e0d0d6c2f6f8b1d1f2e5c
9c5'

npm warn tar TAR_ENTRY_ERROR ENOENT: no such file or directory, rename 
'C:\Users\motaung\Desktop\Ark-main\Ark-main\node_modules\es-object-atoms\README.md' -> 'C:\Users\motaung\Desktop\Ark-ma
in\Ark-main\node_modules\es-object-atoms\README.md.DELETE.b820496292527eec9c884af6fb17d973'

npm warn tar TAR_ENTRY_ERROR EPERM: operation not permitted, unlink 'C:\Users\motaung\Desktop\Ark-main\Ark-main\node_mo
dules\has-proto\tsconfig.json.DELETE.9dbc41e257e87d85967076d6d0fd9d13'

npm warn tar TAR_ENTRY_ERROR ENOENT: no such file or directory, rename 
'C:\Users\motaung\Desktop\Ark-main\Ark-main\node_modules\get-symbol-description\getInferredName.d.ts' -> 'C:\Users\mota
ung\Desktop\Ark-main\Ark-main\node_modules\get-symbol-description\getInferredName.d.ts.DELETE.1b64e40b4675e11445f413a89
79171e9'

npm warn tar TAR_ENTRY_ERROR ENOENT: no such file or directory, rename 
'C:\Users\motaung\Desktop\Ark-main\Ark-main\node_modules\streamsearch\test\test.js' -> 'C:\Users\motaung\Desktop\Ark-ma
in\Ark-main\node_modules\streamsearch\test\test.js.DELETE.5af58ed766f1adb356cf4f1c04cbe9d2'

npm warn tar TAR_ENTRY_ERROR UNKNOWN: unknown error, open 
'C:\Users\motaung\Desktop\Ark-main\Ark-main\node_modules\dunder-proto\set.d.ts'

npm warn tar TAR_ENTRY_ERROR ENOENT: no such file or directory, rename 
'C:\Users\motaung\Desktop\Ark-main\Ark-main\node_modules\fastq\SECURITY.md' -> 
'C:\Users\motaung\Desktop\Ark-main\Ark-main\node_modules\fastq\SECURITY.md.DELETE.eb8257c68775201beff59d4fa03d2bc3'

npm warn tar TAR_ENTRY_ERROR UNKNOWN: unknown error, open 'C:\Users\motaung\Desktop\Ark-main\Ark-main\node_modules\@nex
t\eslint-plugin-next\dist\rules\no-before-interactive-script-outside-document.js'

npm warn tar TAR_ENTRY_ERROR ENOENT: no such file or directory, rename 
'C:\Users\motaung\Desktop\Ark-main\Ark-main\node_modules\jsx-ast-utils\src\values\expressions\BinaryExpression.js' -> '
C:\Users\motaung\Desktop\Ark-main\Ark-main\node_modules\jsx-ast-utils\src\values\expressions\BinaryExpression.js.DELETE
.51d2f3ac7def833d293f7ab8cf664971'

npm warn tar TAR_ENTRY_ERROR ENOENT: no such file or directory, rename 
'C:\Users\motaung\Desktop\Ark-main\Ark-main\node_modules\string.prototype.trimstart\test\shimmed.js' -> 'C:\Users\motau
ng\Desktop\Ark-main\Ark-main\node_modules\string.prototype.trimstart\test\shimmed.js.DELETE.0551dd8d018fd7405b02a5b26e4
a2735'

npm warn tar TAR_ENTRY_ERROR ENOENT: no such file or directory, rename 
'C:\Users\motaung\Desktop\Ark-main\Ark-main\node_modules\array.prototype.flat\shim.js' -> 'C:\Users\motaung\Desktop\Ark
-main\Ark-main\node_modules\array.prototype.flat\shim.js.DELETE.902f713928917f03f116d91c51211f32'

npm warn tar TAR_ENTRY_ERROR ENOENT: no such file or directory, rename 
'C:\Users\motaung\Desktop\Ark-main\Ark-main\node_modules\array.prototype.findlastindex\test\tests.js' -> 'C:\Users\mota
ung\Desktop\Ark-main\Ark-main\node_modules\array.prototype.findlastindex\test\tests.js.DELETE.8ccde0d2ee434d2e22e387a99
c5cb5de'

npm warn tar TAR_ENTRY_ERROR ENOENT: no such file or directory, rename 
'C:\Users\motaung\Desktop\Ark-main\Ark-main\node_modules\@types\react\jsx-runtime.d.ts' -> 'C:\Users\motaung\Desktop\Ar
k-main\Ark-main\node_modules\@types\react\jsx-runtime.d.ts.DELETE.d357915bedd3ce8ebc287837c6cf632a'

npm warn tar TAR_ENTRY_ERROR ENOENT: no such file or directory, rename 
'C:\Users\motaung\Desktop\Ark-main\Ark-main\node_modules\eslint-plugin-import\lib\docsUrl.js' -> 'C:\Users\motaung\Desk
top\Ark-main\Ark-main\node_modules\eslint-plugin-import\lib\docsUrl.js.DELETE.50ee615118a8e16b0d614601ed06a3de'

npm warn tar TAR_ENTRY_ERROR EPERM: operation not permitted, unlink 'C:\Users\motaung\Desktop\Ark-main\Ark-main\node_mo
dules\eslint-module-utils\node_modules\debug\README.md.DELETE.6e3da1405aacfa2edbd07a687ee1ed82'

npm warn tar TAR_ENTRY_ERROR ENOENT: no such file or directory, rename 
'C:\Users\motaung\Desktop\Ark-main\Ark-main\node_modules\string.prototype.trimend\test\shimmed.js' -> 'C:\Users\motaung
\Desktop\Ark-main\Ark-main\node_modules\string.prototype.trimend\test\shimmed.js.DELETE.8c249e8e31b94dae5f67533f5ba96c3
3'

npm warn tar TAR_ENTRY_ERROR UNKNOWN: unknown error, open 
'C:\Users\motaung\Desktop\Ark-main\Ark-main\node_modules\type-fest\source\entries.d.ts'

npm warn tar TAR_ENTRY_ERROR ENOENT: no such file or directory, rename 
'C:\Users\motaung\Desktop\Ark-main\Ark-main\node_modules\@emnapi\runtime\README.md' -> 'C:\Users\motaung\Desktop\Ark-ma
in\Ark-main\node_modules\@emnapi\runtime\README.md.DELETE.2a0ec00e5e7b840191242d97ead26e4c'

npm warn tar TAR_ENTRY_ERROR ENOENT: no such file or directory, rename 'C:\Users\motaung\Desktop\Ark-main\Ark-main\node
_modules\eslint-plugin-react\node_modules\resolve\test\resolver\mug.coffee' -> 'C:\Users\motaung\Desktop\Ark-main\Ark-m
ain\node_modules\eslint-plugin-react\node_modules\resolve\test\resolver\mug.coffee.DELETE.e375047bae289a5172014d4953aca
065'

npm warn tar TAR_ENTRY_ERROR ENOENT: no such file or directory, rename 
'C:\Users\motaung\Desktop\Ark-main\Ark-main\node_modules\set-proto\CHANGELOG.md' -> 'C:\Users\motaung\Desktop\Ark-main\
Ark-main\node_modules\set-proto\CHANGELOG.md.DELETE.6a0730f56d60da5ffee347266fed6906'

npm warn tar TAR_ENTRY_ERROR ENOENT: no such file or directory, rename 
'C:\Users\motaung\Desktop\Ark-main\Ark-main\node_modules\has-proto\CHANGELOG.md' -> 'C:\Users\motaung\Desktop\Ark-main\
Ark-main\node_modules\has-proto\CHANGELOG.md.DELETE.8eb0945aed2fa49ac00cde3efcb8efc3'

npm warn tar TAR_ENTRY_ERROR ENOENT: no such file or directory, open 
'C:\Users\motaung\Desktop\Ark-main\Ark-main\node_modules\emoji-regex\es2015\text.d.ts'

npm warn tar TAR_ENTRY_ERROR ENOENT: no such file or directory, open 
'C:\Users\motaung\Desktop\Ark-main\Ark-main\node_modules\glob\node_modules\minimatch\dist\commonjs\package.json'

npm warn tar TAR_ENTRY_ERROR ENOENT: no such file or directory, rename 'C:\Users\motaung\Desktop\Ark-main\Ark-main\node
_modules\@rushstack\eslint-patch\lib-esm\eslint-bulk-suppressions\bulk-suppressions-patch.js' -> 'C:\Users\motaung\Desk
top\Ark-main\Ark-main\node_modules\@rushstack\eslint-patch\lib-esm\eslint-bulk-suppressions\bulk-suppressions-patch.js.
DELETE.e6c685e4b2d3ebe53cbac365b14e1102'

npm warn tar TAR_ENTRY_ERROR UNKNOWN: unknown error, open 
'C:\Users\motaung\Desktop\Ark-main\Ark-main\node_modules\@typescript-eslint\visitor-keys\dist\get-keys.d.ts'

npm warn tar TAR_ENTRY_ERROR EPERM: operation not permitted, unlink 'C:\Users\motaung\Desktop\Ark-main\Ark-main\node_mo
dules\es-abstract\operations\2021.js.DELETE.acb79e543ad2222a066e57ba242bad08'

npm warn tar TAR_ENTRY_ERROR EPERM: operation not permitted, unlink 'C:\Users\motaung\Desktop\Ark-main\Ark-main\node_mo
dules\fast-deep-equal\es6\react.d.ts.DELETE.1a7282f00d0653edc522032318e29ea6'

npm warn tar TAR_ENTRY_ERROR ENOENT: no such file or directory, rename 
'C:\Users\motaung\Desktop\Ark-main\Ark-main\node_modules\jsx-ast-utils\lib\values\expressions\BindExpression.js' -> 'C:
\Users\motaung\Desktop\Ark-main\Ark-main\node_modules\jsx-ast-utils\lib\values\expressions\BindExpression.js.DELETE.766
0b526cac1c187d5d3c44f5883a792'

npm warn tar TAR_ENTRY_ERROR ENOENT: no such file or directory, rename 
'C:\Users\motaung\Desktop\Ark-main\Ark-main\node_modules\espree\README.md' -> 
'C:\Users\motaung\Desktop\Ark-main\Ark-main\node_modules\espree\README.md.DELETE.70d122a5016b3c7a9f076e885fa22e28'

npm warn tar TAR_ENTRY_ERROR ENOENT: no such file or directory, rename 
'C:\Users\motaung\Desktop\Ark-main\Ark-main\node_modules\define-data-property\.github\FUNDING.yml' -> 'C:\Users\motaung
\Desktop\Ark-main\Ark-main\node_modules\define-data-property\.github\FUNDING.yml.DELETE.35bff11998931baa186fe3757e7ab9f
7'

npm warn tar TAR_ENTRY_ERROR UNKNOWN: unknown error, open 'C:\Users\motaung\Desktop\Ark-main\Ark-main\node_modules\moti
on-dom\dist\es\animation\generators\utils\calc-duration.mjs'

npm warn tar TAR_ENTRY_ERROR UNKNOWN: unknown error, open 
'C:\Users\motaung\Desktop\Ark-main\Ark-main\node_modules\eslint-plugin-import\lib\rules\dynamic-import-chunkname.js'

npm warn tar TAR_ENTRY_ERROR ENOENT: no such file or directory, rename 
'C:\Users\motaung\Desktop\Ark-main\Ark-main\node_modules\language-subtag-registry\data\json\meta.json' -> 'C:\Users\mot
aung\Desktop\Ark-main\Ark-main\node_modules\language-subtag-registry\data\json\meta.json.DELETE.d28f93552d1b847cd48c852
fe0a7b6a0'

npm warn tar TAR_ENTRY_ERROR UNKNOWN: unknown error, open 
'C:\Users\motaung\Desktop\Ark-main\Ark-main\node_modules\dunder-proto\.github\FUNDING.yml'

npm warn tar TAR_ENTRY_ERROR UNKNOWN: unknown error, open 
'C:\Users\motaung\Desktop\Ark-main\Ark-main\node_modules\esquery\dist\esquery.min.js'

npm warn tar TAR_ENTRY_ERROR ENOENT: no such file or directory, rename 
'C:\Users\motaung\Desktop\Ark-main\Ark-main\node_modules\side-channel-list\list.d.ts' -> 'C:\Users\motaung\Desktop\Ark-
main\Ark-main\node_modules\side-channel-list\list.d.ts.DELETE.958aae37d3ecf639cdf8f72cbfb7f74f'

npm warn tar TAR_ENTRY_ERROR UNKNOWN: unknown error, open 
'C:\Users\motaung\Desktop\Ark-main\Ark-main\node_modules\es-object-atoms\index.d.ts'

npm warn tar TAR_ENTRY_ERROR ENOENT: no such file or directory, rename 'C:\Users\motaung\Desktop\Ark-main\Ark-main\node
_modules\@typescript-eslint\scope-manager\dist\definition\ClassNameDefinition.js' -> 'C:\Users\motaung\Desktop\Ark-main
\Ark-main\node_modules\@typescript-eslint\scope-manager\dist\definition\ClassNameDefinition.js.DELETE.f331ec062a3c84288
5f33aef2cb30624'

npm warn tar TAR_ENTRY_ERROR EPERM: operation not permitted, unlink 
'C:\Users\motaung\Desktop\Ark-main\Ark-main\node_modules\set-proto\README.md.DELETE.1df35e5840859f4cacd6f61579a81ef1'

npm warn tar TAR_ENTRY_ERROR UNKNOWN: unknown error, open 
'C:\Users\motaung\Desktop\Ark-main\Ark-main\node_modules\es-errors\package.json'

npm warn tar TAR_ENTRY_ERROR EPERM: operation not permitted, unlink 'C:\Users\motaung\Desktop\Ark-main\Ark-main\node_mo
dules\unbox-primitive\README.md.DELETE.130962c2db6e7a5ec6350ae4381c345d'

npm warn tar TAR_ENTRY_ERROR UNKNOWN: unknown error, open 
'C:\Users\motaung\Desktop\Ark-main\Ark-main\node_modules\object.fromentries\package.json'

npm warn tar TAR_ENTRY_ERROR EPERM: operation not permitted, unlink 'C:\Users\motaung\Desktop\Ark-main\Ark-main\node_mo
dules\sucrase\dist\esm\CJSImportProcessor.js.DELETE.e1ea03cbbf0a397790a675bfbb8a3ca7'

npm warn tar TAR_ENTRY_ERROR ENOENT: no such file or directory, rename 
'C:\Users\motaung\Desktop\Ark-main\Ark-main\node_modules\is-weakref\.github\FUNDING.yml' -> 'C:\Users\motaung\Desktop\A
rk-main\Ark-main\node_modules\is-weakref\.github\FUNDING.yml.DELETE.327c1c0170e11e24e5bd7bed4eb26c21'

npm warn tar TAR_ENTRY_ERROR EPERM: operation not permitted, unlink 
'C:\Users\motaung\Desktop\Ark-main\Ark-main\node_modules\has-symbols\README.md.DELETE.67bd465d6ce309603c6317257b416caf'

npm warn tar TAR_ENTRY_ERROR EPERM: operation not permitted, unlink 
'C:\Users\motaung\Desktop\Ark-main\Ark-main\node_modules\esquery\parser.js.DELETE.a7f3dc7ced8163ad65c244dd96e05a03'

npm warn tar TAR_ENTRY_ERROR EPERM: operation not permitted, unlink 'C:\Users\motaung\Desktop\Ark-main\Ark-main\node_mo
dules\internal-slot\index.d.ts.DELETE.6950e558b5a36b2b8dc491e4cc37d078'

npm warn tar TAR_ENTRY_ERROR EPERM: operation not permitted, unlink 'C:\Users\motaung\Desktop\Ark-main\Ark-main\node_mo
dules\jackspeak\dist\commonjs\index.js.map.DELETE.81e799dff5222d1689db78781c4e227e'

npm warn tar TAR_ENTRY_ERROR EPERM: operation not permitted, unlink 'C:\Users\motaung\Desktop\Ark-main\Ark-main\node_mo
dules\next\node_modules\postcss\lib\map-generator.js.DELETE.e4e084590e2e58d9ec2e798b977a56c7'

npm warn tar TAR_ENTRY_ERROR ENOENT: no such file or directory, rename 
'C:\Users\motaung\Desktop\Ark-main\Ark-main\node_modules\string.prototype.matchall\README.md' -> 'C:\Users\motaung\Desk
top\Ark-main\Ark-main\node_modules\string.prototype.matchall\README.md.DELETE.a34cb0bb267f93d1dcbbee5cbc1b29eb'

npm warn tar TAR_ENTRY_ERROR UNKNOWN: unknown error, open 
'C:\Users\motaung\Desktop\Ark-main\Ark-main\node_modules\next\dist\compiled\@opentelemetry\api\LICENSE'

npm warn tar TAR_ENTRY_ERROR UNKNOWN: unknown error, open 
'C:\Users\motaung\Desktop\Ark-main\Ark-main\node_modules\array.prototype.findlast\test\shimmed.js'

npm warn tar TAR_ENTRY_ERROR UNKNOWN: unknown error, open 
'C:\Users\motaung\Desktop\Ark-main\Ark-main\node_modules\@nodelib\fs.scandir\out\settings.js'

npm warn tar TAR_ENTRY_ERROR UNKNOWN: unknown error, open 
'C:\Users\motaung\Desktop\Ark-main\Ark-main\node_modules\undici-types\errors.d.ts'

npm warn tar TAR_ENTRY_ERROR ENOENT: no such file or directory, rename 
'C:\Users\motaung\Desktop\Ark-main\Ark-main\node_modules\eslint-module-utils\unambiguous.js' -> 'C:\Users\motaung\Deskt
op\Ark-main\Ark-main\node_modules\eslint-module-utils\unambiguous.js.DELETE.c0c83f1ce535449853d725b8f76e7f13'

npm warn tar TAR_ENTRY_ERROR EPERM: operation not permitted, unlink 'C:\Users\motaung\Desktop\Ark-main\Ark-main\node_mo
dules\array.prototype.findlastindex\CHANGELOG.md.DELETE.36b4f2cb5ead778d0cbbdc1e305a2669'

npm warn tar TAR_ENTRY_ERROR ENOENT: no such file or directory, rename 
'C:\Users\motaung\Desktop\Ark-main\Ark-main\node_modules\has-proto\accessor.d.ts' -> 'C:\Users\motaung\Desktop\Ark-main
\Ark-main\node_modules\has-proto\accessor.d.ts.DELETE.f7c26d968b7e54abe9c695ccde00cc93'

npm warn tar TAR_ENTRY_ERROR UNKNOWN: unknown error, open 
'C:\Users\motaung\Desktop\Ark-main\Ark-main\node_modules\@nodelib\fs.stat\out\adapters\fs.d.ts'

npm warn tar TAR_ENTRY_ERROR ENOENT: no such file or directory, rename 
'C:\Users\motaung\Desktop\Ark-main\Ark-main\node_modules\fastq\index.d.ts' -> 
'C:\Users\motaung\Desktop\Ark-main\Ark-main\node_modules\fastq\index.d.ts.DELETE.9d5f90a64490e9339544abfa77bcf401'

npm warn tar TAR_ENTRY_ERROR ENOENT: no such file or directory, rename 
'C:\Users\motaung\Desktop\Ark-main\Ark-main\node_modules\@ungap\structured-clone\esm\types.js' -> 'C:\Users\motaung\Des
ktop\Ark-main\Ark-main\node_modules\@ungap\structured-clone\esm\types.js.DELETE.e81130d8d703fcee317faaf48cf96cb4'

npm warn tar TAR_ENTRY_ERROR ENOENT: no such file or directory, rename 
'C:\Users\motaung\Desktop\Ark-main\Ark-main\node_modules\signal-exit\dist\cjs\index.js.map' -> 'C:\Users\motaung\Deskto
p\Ark-main\Ark-main\node_modules\signal-exit\dist\cjs\index.js.map.DELETE.e3f2448bfcb77ead4f7e15e28c7bdac3'

npm warn tar TAR_ENTRY_ERROR ENOENT: no such file or directory, rename 
'C:\Users\motaung\Desktop\Ark-main\Ark-main\node_modules\jsx-ast-utils\lib\values\expressions\CallExpression.js' -> 'C:
\Users\motaung\Desktop\Ark-main\Ark-main\node_modules\jsx-ast-utils\lib\values\expressions\CallExpression.js.DELETE.079
8defa3236ac005104ad03b47c01aa'

npm warn tar TAR_ENTRY_ERROR UNKNOWN: unknown error, open 
'C:\Users\motaung\Desktop\Ark-main\Ark-main\node_modules\array.prototype.flat\test\tests.js'

npm warn tar TAR_ENTRY_ERROR ENOENT: no such file or directory, rename 
'C:\Users\motaung\Desktop\Ark-main\Ark-main\node_modules\undici-types\fetch.d.ts' -> 'C:\Users\motaung\Desktop\Ark-main
\Ark-main\node_modules\undici-types\fetch.d.ts.DELETE.98f491996c3679cdf4ab6f3f50518724'

npm warn tar TAR_ENTRY_ERROR ENOENT: no such file or directory, rename 
'C:\Users\motaung\Desktop\Ark-main\Ark-main\node_modules\@types\react\ts5.0\canary.d.ts' -> 'C:\Users\motaung\Desktop\A
rk-main\Ark-main\node_modules\@types\react\ts5.0\canary.d.ts.DELETE.d2e4233fed1fcebaf7d66e1077ef9ccc'

npm warn tar TAR_ENTRY_ERROR UNKNOWN: unknown error, open 
'C:\Users\motaung\Desktop\Ark-main\Ark-main\node_modules\@swc\helpers\cjs\_class_apply_descriptor_get.cjs'

npm warn tar TAR_ENTRY_ERROR EPERM: operation not permitted, unlink 'C:\Users\motaung\Desktop\Ark-main\Ark-main\node_mo
dules\@rushstack\eslint-patch\lib-esm\eslint-bulk-suppressions\constants.js.DELETE.d6ad8bcf05cedaa2ad5dea7886ef3240'

npm warn tar TAR_ENTRY_ERROR ENOENT: no such file or directory, rename 
'C:\Users\motaung\Desktop\Ark-main\Ark-main\node_modules\any-promise\register\bluebird.js' -> 'C:\Users\motaung\Desktop
\Ark-main\Ark-main\node_modules\any-promise\register\bluebird.js.DELETE.7cf80848bb42857c298448313c892f69'

npm warn tar TAR_ENTRY_ERROR EPERM: operation not permitted, unlink 'C:\Users\motaung\Desktop\Ark-main\Ark-main\node_mo
dules\array.prototype.findlast\test\tests.js.DELETE.65fd3eaa0e8c38dd2e90f891dd05baf6'

npm warn tar TAR_ENTRY_ERROR EPERM: operation not permitted, unlink 'C:\Users\motaung\Desktop\Ark-main\Ark-main\node_mo
dules\is-typed-array\index.d.ts.DELETE.5c5a3e2467a340ef836a6890b10d3694'

npm warn tar TAR_ENTRY_ERROR UNKNOWN: unknown error, open 
'C:\Users\motaung\Desktop\Ark-main\Ark-main\node_modules\has-symbols\shams.d.ts'

npm warn tar TAR_ENTRY_ERROR ENOENT: no such file or directory, rename 
'C:\Users\motaung\Desktop\Ark-main\Ark-main\node_modules\es-object-atoms\RequireObjectCoercible.d.ts' -> 'C:\Users\mota
ung\Desktop\Ark-main\Ark-main\node_modules\es-object-atoms\RequireObjectCoercible.d.ts.DELETE.91cce538a935f0b8fe533dffe
813f766'

npm warn tar TAR_ENTRY_ERROR UNKNOWN: unknown error, open 'C:\Users\motaung\Desktop\Ark-main\Ark-main\node_modules\@typ
escript-eslint\scope-manager\dist\scope\ClassStaticBlockScope.js'

npm warn tar TAR_ENTRY_ERROR UNKNOWN: unknown error, open 
'C:\Users\motaung\Desktop\Ark-main\Ark-main\node_modules\@nodelib\fs.stat\out\index.d.ts'

npm warn tar TAR_ENTRY_ERROR EPERM: operation not permitted, unlink 'C:\Users\motaung\Desktop\Ark-main\Ark-main\node_mo
dules\string.prototype.includes\tests\tests.js.DELETE.3fcd5d077f3ae71ea53f1abe2852a9ce'

npm warn tar TAR_ENTRY_ERROR EPERM: operation not permitted, unlink 
'C:\Users\motaung\Desktop\Ark-main\Ark-main\node_modules\get-proto\README.md.DELETE.044acd3de66fc9edb1ca98630b196b8a'

npm warn tar TAR_ENTRY_ERROR EPERM: operation not permitted, unlink 
'C:\Users\motaung\Desktop\Ark-main\Ark-main\node_modules\busboy\lib\index.js.DELETE.c7112788c76fc1af6f62a1fc22cf74f3'

npm warn tar TAR_ENTRY_ERROR ENOENT: no such file or directory, rename 
'C:\Users\motaung\Desktop\Ark-main\Ark-main\node_modules\@ungap\structured-clone\cjs\package.json' -> 'C:\Users\motaung
\Desktop\Ark-main\Ark-main\node_modules\@ungap\structured-clone\cjs\package.json.DELETE.1b0930956d10dd97e8dea30d4a7e474
7'

npm warn tar TAR_ENTRY_ERROR EPERM: operation not permitted, unlink 'C:\Users\motaung\Desktop\Ark-main\Ark-main\node_mo
dules\is-generator-function\CHANGELOG.md.DELETE.c3d096c557c79fefe694ae02b04f412c'

npm warn tar TAR_ENTRY_ERROR ENOENT: no such file or directory, open 
'C:\Users\motaung\Desktop\Ark-main\Ark-main\node_modules\nanoid\async\index.native.js'

npm warn tar TAR_ENTRY_ERROR EPERM: operation not permitted, unlink 'C:\Users\motaung\Desktop\Ark-main\Ark-main\node_mo
dules\yaml\browser\dist\schema\yaml-1.1\binary.js.DELETE.8353023966383951de331d27204fa012'

npm warn tar TAR_ENTRY_ERROR ENOENT: no such file or directory, rename 
'C:\Users\motaung\Desktop\Ark-main\Ark-main\node_modules\object.assign\polyfill.js' -> 'C:\Users\motaung\Desktop\Ark-ma
in\Ark-main\node_modules\object.assign\polyfill.js.DELETE.561cd8f95d24cb3bafba6163218b3f55'

npm warn tar TAR_ENTRY_ERROR ENOENT: no such file or directory, rename 
'C:\Users\motaung\Desktop\Ark-main\Ark-main\node_modules\es-object-atoms\ToObject.d.ts' -> 'C:\Users\motaung\Desktop\Ar
k-main\Ark-main\node_modules\es-object-atoms\ToObject.d.ts.DELETE.8564522aa150d060ec2e757e1eff4ade'

npm warn tar TAR_ENTRY_ERROR UNKNOWN: unknown error, open 
'C:\Users\motaung\Desktop\Ark-main\Ark-main\node_modules\next\node_modules\postcss\lib\node.js'

npm warn tar TAR_ENTRY_ERROR ENOENT: no such file or directory, rename 
'C:\Users\motaung\Desktop\Ark-main\Ark-main\node_modules\@next\eslint-plugin-next\dist\rules\no-head-element.js' -> 'C:
\Users\motaung\Desktop\Ark-main\Ark-main\node_modules\@next\eslint-plugin-next\dist\rules\no-head-element.js.DELETE.1a2
2f2f127c848f4f674fcb8b5cf53a5'

npm warn tar TAR_ENTRY_ERROR EPERM: operation not permitted, unlink 'C:\Users\motaung\Desktop\Ark-main\Ark-main\node_mo
dules\@eslint-community\eslint-utils\index.d.mts.DELETE.de7373d2f92cd7089f06ed264c234a8a'

npm warn tar TAR_ENTRY_ERROR EPERM: operation not permitted, unlink 'C:\Users\motaung\Desktop\Ark-main\Ark-main\node_mo
dules\@ungap\structured-clone\package.json.DELETE.7bc94445cd604a5ede49084c7e537335'

npm warn tar TAR_ENTRY_ERROR EPERM: operation not permitted, unlink 'C:\Users\motaung\Desktop\Ark-main\Ark-main\node_mo
dules\set-function-length\.github\FUNDING.yml.DELETE.d26c8ede48ea88a43e624f8af0facbaa'

npm warn tar TAR_ENTRY_ERROR ENOENT: no such file or directory, open 'C:\Users\motaung\Desktop\Ark-main\Ark-main\node_m
odules\glob\node_modules\minimatch\dist\commonjs\assert-valid-pattern.d.ts.map'

npm warn tar TAR_ENTRY_ERROR EPERM: operation not permitted, unlink 'C:\Users\motaung\Desktop\Ark-main\Ark-main\node_mo
dules\tailwindcss\stubs\postcss.config.cjs.DELETE.59ebc2641833aa03dc2bbc388e514665'

npm warn tar TAR_ENTRY_ERROR ENOENT: no such file or directory, rename 
'C:\Users\motaung\Desktop\Ark-main\Ark-main\node_modules\set-proto\Reflect.setPrototypeOf.d.ts' -> 'C:\Users\motaung\De
sktop\Ark-main\Ark-main\node_modules\set-proto\Reflect.setPrototypeOf.d.ts.DELETE.083b8b4c0b73eb0d1975681f34d5e836'

npm warn tar TAR_ENTRY_ERROR ENOENT: no such file or directory, rename 
'C:\Users\motaung\Desktop\Ark-main\Ark-main\node_modules\foreground-child\dist\commonjs\all-signals.js.map' -> 'C:\User
s\motaung\Desktop\Ark-main\Ark-main\node_modules\foreground-child\dist\commonjs\all-signals.js.map.DELETE.7710c54d8896a
0cab11a74dfbdcf1036'

npm warn tar TAR_ENTRY_ERROR ENOENT: no such file or directory, rename 
'C:\Users\motaung\Desktop\Ark-main\Ark-main\node_modules\@eslint\eslintrc\lib\shared\config-ops.js' -> 'C:\Users\motaun
g\Desktop\Ark-main\Ark-main\node_modules\@eslint\eslintrc\lib\shared\config-ops.js.DELETE.bce142eb9faefd92445633185e738
f0d'

npm warn tar TAR_ENTRY_ERROR ENOENT: no such file or directory, rename 
'C:\Users\motaung\Desktop\Ark-main\Ark-main\node_modules\postcss\lib\node.js' -> 
'C:\Users\motaung\Desktop\Ark-main\Ark-main\node_modules\postcss\lib\node.js.DELETE.b464e454a2ebee81e1fbeac079340104'

npm warn tar TAR_ENTRY_ERROR EPERM: operation not permitted, unlink 'C:\Users\motaung\Desktop\Ark-main\Ark-main\node_mo
dules\napi-postinstall\README.md.DELETE.c0d81dc2049662b91e87e839e87e41fc'

npm warn tar TAR_ENTRY_ERROR UNKNOWN: unknown error, open 
'C:\Users\motaung\Desktop\Ark-main\Ark-main\node_modules\next\dist\compiled\@vercel\nft\LICENSE'

npm warn tar TAR_ENTRY_ERROR EPERM: operation not permitted, unlink 'C:\Users\motaung\Desktop\Ark-main\Ark-main\node_mo
dules\@eslint-community\eslint-utils\index.d.ts.DELETE.68bc194bcb04d17381610e5131c57cf7'

npm warn tar TAR_ENTRY_ERROR ENOENT: no such file or directory, rename 
'C:\Users\motaung\Desktop\Ark-main\Ark-main\node_modules\flatted\python\flatted.py' -> 'C:\Users\motaung\Desktop\Ark-ma
in\Ark-main\node_modules\flatted\python\flatted.py.DELETE.12db718f0273edba27dddbb05d6788d6'

npm warn tar TAR_ENTRY_ERROR EPERM: operation not permitted, unlink 'C:\Users\motaung\Desktop\Ark-main\Ark-main\node_mo
dules\autoprefixer\lib\autoprefixer.js.DELETE.dcd296ea4394102193479ef818eebaae'

npm warn tar TAR_ENTRY_ERROR ENOENT: no such file or directory, rename 
'C:\Users\motaung\Desktop\Ark-main\Ark-main\node_modules\motion-dom\dist\es\animation\waapi\utils\convert-options.mjs' 
-> 'C:\Users\motaung\Desktop\Ark-main\Ark-main\node_modules\motion-dom\dist\es\animation\waapi\utils\convert-options.mj
s.DELETE.f4c2efcdd993d0d043e1a5eb9b4c9dea'

npm warn tar TAR_ENTRY_ERROR ENOENT: no such file or directory, rename 
'C:\Users\motaung\Desktop\Ark-main\Ark-main\node_modules\@types\react\ts5.0\global.d.ts' -> 'C:\Users\motaung\Desktop\A
rk-main\Ark-main\node_modules\@types\react\ts5.0\global.d.ts.DELETE.f78ec1db9f2497f1989400b719835b6b'

npm warn tar TAR_ENTRY_ERROR ENOENT: no such file or directory, rename 
'C:\Users\motaung\Desktop\Ark-main\Ark-main\node_modules\napi-postinstall\lib\cli.d.ts' -> 'C:\Users\motaung\Desktop\Ar
k-main\Ark-main\node_modules\napi-postinstall\lib\cli.d.ts.DELETE.2ec7b56219cf29aab708ebc61f794467'

npm warn tar TAR_ENTRY_ERROR ENOENT: no such file or directory, rename 
'C:\Users\motaung\Desktop\Ark-main\Ark-main\node_modules\jackspeak\dist\commonjs\parse-args-cjs.cjs.map' -> 'C:\Users\m
otaung\Desktop\Ark-main\Ark-main\node_modules\jackspeak\dist\commonjs\parse-args-cjs.cjs.map.DELETE.c88f95bee181b9d51a6
2b7bcae25e241'

npm warn tar TAR_ENTRY_ERROR EPERM: operation not permitted, unlink 'C:\Users\motaung\Desktop\Ark-main\Ark-main\node_mo
dules\typed-array-byte-length\.github\FUNDING.yml.DELETE.270e91c340fd7bdc46dde94cb8ed9bbf'

npm warn tar TAR_ENTRY_ERROR EPERM: operation not permitted, unlink 'C:\Users\motaung\Desktop\Ark-main\Ark-main\node_mo
dules\array.prototype.findlast\CHANGELOG.md.DELETE.1d0a4dbbd6c0066667fb575dedeb0694'

npm warn tar TAR_ENTRY_ERROR ENOENT: no such file or directory, rename 
'C:\Users\motaung\Desktop\Ark-main\Ark-main\node_modules\set-proto\.github\FUNDING.yml' -> 'C:\Users\motaung\Desktop\Ar
k-main\Ark-main\node_modules\set-proto\.github\FUNDING.yml.DELETE.bbd10a1b0fb0aa8c632cd32dd5434b35'

npm warn tar TAR_ENTRY_ERROR ENOENT: no such file or directory, rename 
'C:\Users\motaung\Desktop\Ark-main\Ark-main\node_modules\reflect.getprototypeof\README.md' -> 'C:\Users\motaung\Desktop
\Ark-main\Ark-main\node_modules\reflect.getprototypeof\README.md.DELETE.042bc9a0ee88c6cc407ff8fcdcefb0c3'

npm warn tar TAR_ENTRY_ERROR ENOENT: no such file or directory, open 
'C:\Users\motaung\Desktop\Ark-main\Ark-main\node_modules\nanoid\async\package.json'

npm warn tar TAR_ENTRY_ERROR ENOENT: no such file or directory, rename 
'C:\Users\motaung\Desktop\Ark-main\Ark-main\node_modules\array.prototype.tosorted\package.json' -> 'C:\Users\motaung\De
sktop\Ark-main\Ark-main\node_modules\array.prototype.tosorted\package.json.DELETE.9166d966f0113ff1c871d619322826f9'

npm warn tar TAR_ENTRY_ERROR ENOENT: no such file or directory, rename 
'C:\Users\motaung\Desktop\Ark-main\Ark-main\node_modules\yaml\dist\schema\yaml-1.1\binary.js' -> 'C:\Users\motaung\Desk
top\Ark-main\Ark-main\node_modules\yaml\dist\schema\yaml-1.1\binary.js.DELETE.d216f294670295a17f8e78caedb2ec2a'

npm warn tar TAR_ENTRY_ERROR ENOENT: no such file or directory, rename 
'C:\Users\motaung\Desktop\Ark-main\Ark-main\node_modules\axobject-query\lib\etc\objects\ButtonRole.js' -> 'C:\Users\mot
aung\Desktop\Ark-main\Ark-main\node_modules\axobject-query\lib\etc\objects\ButtonRole.js.DELETE.612cb3cee7831e53f8ce496
2aa238eb2'
npm warn tar TAR_ENTRY_ERROR ENOENT: no such file or directory, rename 
'C:\Users\motaung\Desktop\Ark-main\Ark-main\node_modules\call-bind-apply-helpers\functionApply.d.ts' -> 'C:\Users\motau
ng\Desktop\Ark-main\Ark-main\node_modules\call-bind-apply-helpers\functionApply.d.ts.DELETE.342ccab521a09cd7865bfb3af9a
7abf5'
npm warn tar TAR_ENTRY_ERROR EPERM: operation not permitted, unlink 'C:\Users\motaung\Desktop\Ark-main\Ark-main\node_mo
dules\@types\react\ts5.0\index.d.ts.DELETE.2f50aa896b08d58b0b5d18f2b5960a12'
npm warn tar TAR_ENTRY_ERROR ENOENT: no such file or directory, rename 'C:\Users\motaung\Desktop\Ark-main\Ark-main\node
_modules\@typescript-eslint\scope-manager\dist\scope\ConditionalTypeScope.js' -> 'C:\Users\motaung\Desktop\Ark-main\Ark
-main\node_modules\@typescript-eslint\scope-manager\dist\scope\ConditionalTypeScope.js.DELETE.749a6a50a9ab92312e6265002
8b8fa7f'
npm warn tar TAR_ENTRY_ERROR ENOENT: no such file or directory, rename 
'C:\Users\motaung\Desktop\Ark-main\Ark-main\node_modules\@types\node\dgram.d.ts' -> 'C:\Users\motaung\Desktop\Ark-main\
Ark-main\node_modules\@types\node\dgram.d.ts.DELETE.8ffe9e03eaccf0b7432ee4e3baeeeaba'

npm warn tar TAR_ENTRY_ERROR ENOENT: no such file or directory, rename 
'C:\Users\motaung\Desktop\Ark-main\Ark-main\node_modules\@swc\helpers\cjs\_class_call_check.cjs' -> 'C:\Users\motaung\D
esktop\Ark-main\Ark-main\node_modules\@swc\helpers\cjs\_class_call_check.cjs.DELETE.1eaf6871a81d710add211027dfa25d5c'

npm warn tar TAR_ENTRY_ERROR ENOENT: no such file or directory, open 'C:\Users\motaung\Desktop\Ark-main\Ark-main\node_m
odules\glob\node_modules\minimatch\dist\commonjs\assert-valid-pattern.js.map'

npm warn tar TAR_ENTRY_ERROR ENOENT: no such file or directory, rename 
'C:\Users\motaung\Desktop\Ark-main\Ark-main\node_modules\axobject-query\lib\etc\objects\CanvasRole.js' -> 'C:\Users\mot
aung\Desktop\Ark-main\Ark-main\node_modules\axobject-query\lib\etc\objects\CanvasRole.js.DELETE.19948766c8897eab41edabc
9fec70882'

npm warn tar TAR_ENTRY_ERROR EPERM: operation not permitted, unlink 'C:\Users\motaung\Desktop\Ark-main\Ark-main\node_mo
dules\any-promise\register\rsvp.js.DELETE.77b53a2ad451084f39af206929aacb6e'

npm warn tar TAR_ENTRY_ERROR ENOENT: no such file or directory, rename 
'C:\Users\motaung\Desktop\Ark-main\Ark-main\node_modules\tailwindcss\base.css' -> 
'C:\Users\motaung\Desktop\Ark-main\Ark-main\node_modules\tailwindcss\base.css.DELETE.2128a15465e853f1adb26ab1a5736f1b'

npm warn tar TAR_ENTRY_ERROR ENOENT: no such file or directory, rename 
'C:\Users\motaung\Desktop\Ark-main\Ark-main\node_modules\es-errors\eval.d.ts' -> 
'C:\Users\motaung\Desktop\Ark-main\Ark-main\node_modules\es-errors\eval.d.ts.DELETE.97d96a5b0d0d1569f31ab175cf533495'

npm warn tar TAR_ENTRY_ERROR UNKNOWN: unknown error, open 
'C:\Users\motaung\Desktop\Ark-main\Ark-main\node_modules\eslint-plugin-import\config\flat\errors.js'

npm warn tar TAR_ENTRY_ERROR UNKNOWN: unknown error, open 
'C:\Users\motaung\Desktop\Ark-main\Ark-main\node_modules\@swc\helpers\cjs\_class_check_private_static_access.cjs'

npm warn tar TAR_ENTRY_ERROR EPERM: operation not permitted, unlink 'C:\Users\motaung\Desktop\Ark-main\Ark-main\node_mo
dules\resolve\example\async.js.DELETE.15099d6ac58ff943016393fcd17bdfdc'

npm warn tar TAR_ENTRY_ERROR ENOENT: no such file or directory, rename 
'C:\Users\motaung\Desktop\Ark-main\Ark-main\node_modules\next\dist\compiled\@vercel\og\LICENSE' -> 'C:\Users\motaung\De
sktop\Ark-main\Ark-main\node_modules\next\dist\compiled\@vercel\og\LICENSE.DELETE.825d035abcb02e021d276cec31010682'

npm warn tar TAR_ENTRY_ERROR EPERM: operation not permitted, unlink 'C:\Users\motaung\Desktop\Ark-main\Ark-main\node_mo
dules\postcss\lib\postcss.js.DELETE.4cdd11ef3e5b89834db442bbe99ce2a0'

npm warn tar TAR_ENTRY_ERROR ENOENT: no such file or directory, rename 
'C:\Users\motaung\Desktop\Ark-main\Ark-main\node_modules\undici-types\global-dispatcher.d.ts' -> 'C:\Users\motaung\Desk
top\Ark-main\Ark-main\node_modules\undici-types\global-dispatcher.d.ts.DELETE.24881780b72b1efa22523da700ff4643'

npm warn tar TAR_ENTRY_ERROR ENOENT: no such file or directory, open 
'C:\Users\motaung\Desktop\Ark-main\Ark-main\node_modules\glob\node_modules\minimatch\dist\commonjs\ast.d.ts.map'

npm warn tar TAR_ENTRY_ERROR UNKNOWN: unknown error, open 
'C:\Users\motaung\Desktop\Ark-main\Ark-main\node_modules\call-bind-apply-helpers\index.d.ts'

npm warn tar TAR_ENTRY_ERROR EPERM: operation not permitted, unlink 'C:\Users\motaung\Desktop\Ark-main\Ark-main\node_mo
dules\@nodelib\fs.walk\out\readers\async.d.ts.DELETE.4177c92bcc59f0f8907bb794c3e57405'

npm warn tar TAR_ENTRY_ERROR UNKNOWN: unknown error, open 
'C:\Users\motaung\Desktop\Ark-main\Ark-main\node_modules\react\cjs\react.production.min.js'

npm warn tar TAR_ENTRY_ERROR ENOENT: no such file or directory, rename 
'C:\Users\motaung\Desktop\Ark-main\Ark-main\node_modules\function.prototype.name\package.json' -> 'C:\Users\motaung\Des
ktop\Ark-main\Ark-main\node_modules\function.prototype.name\package.json.DELETE.bac3bf166b5e40a8608a9d2cab97ef13'

npm warn tar TAR_ENTRY_ERROR UNKNOWN: unknown error, open 
'C:\Users\motaung\Desktop\Ark-main\Ark-main\node_modules\resolve\lib\async.js'

npm warn tar TAR_ENTRY_ERROR EPERM: operation not permitted, unlink 
'C:\Users\motaung\Desktop\Ark-main\Ark-main\node_modules\es-errors\range.d.ts.DELETE.26ca0e693586947a885937cd8d2fba34'

npm warn tar TAR_ENTRY_ERROR EPERM: operation not permitted, unlink 'C:\Users\motaung\Desktop\Ark-main\Ark-main\node_mo
dules\eslint-plugin-react\node_modules\resolve\lib\async.js.DELETE.25baef6f9afd46584daab0a2478924b9'

npm warn tar TAR_ENTRY_ERROR ENOENT: no such file or directory, rename 
'C:\Users\motaung\Desktop\Ark-main\Ark-main\node_modules\busboy\package.json' -> 
'C:\Users\motaung\Desktop\Ark-main\Ark-main\node_modules\busboy\package.json.DELETE.b83c794d8f5d61d42b374dfe993aef95'

npm warn tar TAR_ENTRY_ERROR UNKNOWN: unknown error, open 
'C:\Users\motaung\Desktop\Ark-main\Ark-main\node_modules\es-iterator-helpers\Iterator.prototype.map\auto.js'

npm warn tar TAR_ENTRY_ERROR UNKNOWN: unknown error, open 
'C:\Users\motaung\Desktop\Ark-main\Ark-main\node_modules\postcss\lib\processor.js'

npm warn tar TAR_ENTRY_ERROR EPERM: operation not permitted, unlink 'C:\Users\motaung\Desktop\Ark-main\Ark-main\node_mo
dules\js-yaml\dist\js-yaml.js.DELETE.c3b8db51bdcf300a945f027716e1bbf5'

npm warn tar TAR_ENTRY_ERROR ENOENT: no such file or directory, rename 
'C:\Users\motaung\Desktop\Ark-main\Ark-main\node_modules\signal-exit\dist\mjs\signals.js.map' -> 'C:\Users\motaung\Desk
top\Ark-main\Ark-main\node_modules\signal-exit\dist\mjs\signals.js.map.DELETE.a199bac5e08a3583d95d157cf925f6d8'

npm warn tar TAR_ENTRY_ERROR ENOENT: no such file or directory, rename 
'C:\Users\motaung\Desktop\Ark-main\Ark-main\node_modules\foreground-child\dist\esm\index.js.map' -> 'C:\Users\motaung\D
esktop\Ark-main\Ark-main\node_modules\foreground-child\dist\esm\index.js.map.DELETE.c6aeed9143bbcdd3b8a7b1c91a5beaf9'

npm warn tar TAR_ENTRY_ERROR EPERM: operation not permitted, unlink 'C:\Users\motaung\Desktop\Ark-main\Ark-main\node_mo
dules\react-dom\umd\react-dom-server-legacy.browser.production.min.js.DELETE.d0408d7c8191e1245e7fb5f85e3ba283'

npm warn tar TAR_ENTRY_ERROR ENOENT: no such file or directory, rename 
'C:\Users\motaung\Desktop\Ark-main\Ark-main\node_modules\undici-types\handlers.d.ts' -> 'C:\Users\motaung\Desktop\Ark-m
ain\Ark-main\node_modules\undici-types\handlers.d.ts.DELETE.b4575b3014827427ef44fa9b5a7f4efb'

npm warn tar TAR_ENTRY_ERROR EPERM: operation not permitted, unlink 'C:\Users\motaung\Desktop\Ark-main\Ark-main\node_mo
dules\array.prototype.flatmap\README.md.DELETE.e82c18a4903431089f065354a46216ab'

npm warn tar TAR_ENTRY_ERROR EPERM: operation not permitted, unlink 'C:\Users\motaung\Desktop\Ark-main\Ark-main\node_mo
dules\@nodelib\fs.walk\out\index.d.ts.DELETE.a3059d00956b4c3b4d77c15aa275fc5c'

npm warn tar TAR_ENTRY_ERROR ENOENT: no such file or directory, rename 
'C:\Users\motaung\Desktop\Ark-main\Ark-main\node_modules\@types\node\dom-events.d.ts' -> 'C:\Users\motaung\Desktop\Ark-
main\Ark-main\node_modules\@types\node\dom-events.d.ts.DELETE.5846c66d32f437696d6a5ad752a3607c'

npm warn tar TAR_ENTRY_ERROR ENOENT: no such file or directory, rename 
'C:\Users\motaung\Desktop\Ark-main\Ark-main\node_modules\napi-postinstall\lib\index.d.ts' -> 'C:\Users\motaung\Desktop\
Ark-main\Ark-main\node_modules\napi-postinstall\lib\index.d.ts.DELETE.2ac109d79a8717e2e81c7d10dc92a217'

npm warn tar TAR_ENTRY_ERROR ENOENT: no such file or directory, open 
'C:\Users\motaung\Desktop\Ark-main\Ark-main\node_modules\glob\node_modules\minimatch\dist\commonjs\ast.js.map'

npm warn tar TAR_ENTRY_ERROR EPERM: operation not permitted, unlink 'C:\Users\motaung\Desktop\Ark-main\Ark-main\node_mo
dules\react-dom\cjs\react-dom-server-legacy.node.development.js.DELETE.bcee6806466157dfb3730ae2290b05aa'

npm warn tar TAR_ENTRY_ERROR EPERM: operation not permitted, unlink 'C:\Users\motaung\Desktop\Ark-main\Ark-main\node_mo
dules\@types\node\domain.d.ts.DELETE.4201977254af7775a6d892d22cc161e5'

npm warn tar TAR_ENTRY_ERROR EPERM: operation not permitted, unlink 'C:\Users\motaung\Desktop\Ark-main\Ark-main\node_mo
dules\eslint-plugin-import\lib\rules\extensions.js.DELETE.3c46690b65ddfde01a8532155f4064e9'

npm warn tar TAR_ENTRY_ERROR EPERM: operation not permitted, unlink 
'C:\Users\motaung\Desktop\Ark-main\Ark-main\node_modules\ajv\.tonic_example.js.DELETE.1f7fc3e5ff4c57818bca4ad8a1234957'

npm warn tar TAR_ENTRY_ERROR UNKNOWN: unknown error, open 
'C:\Users\motaung\Desktop\Ark-main\Ark-main\node_modules\array.prototype.flatmap\.github\FUNDING.yml'

npm warn tar TAR_ENTRY_ERROR UNKNOWN: unknown error, open 
'C:\Users\motaung\Desktop\Ark-main\Ark-main\node_modules\@swc\helpers\cjs\_class_private_field_destructure.cjs'

npm warn tar TAR_ENTRY_ERROR UNKNOWN: unknown error, open 
'C:\Users\motaung\Desktop\Ark-main\Ark-main\node_modules\@nodelib\fs.walk\out\types\index.d.ts'

npm warn tar TAR_ENTRY_ERROR ENOENT: no such file or directory, rename 
'C:\Users\motaung\Desktop\Ark-main\Ark-main\node_modules\napi-postinstall\lib\types.d.ts' -> 'C:\Users\motaung\Desktop\
Ark-main\Ark-main\node_modules\napi-postinstall\lib\types.d.ts.DELETE.6b6ebcdb1445092f82bfc9d3c4463d6e'

npm warn tar TAR_ENTRY_ERROR ENOENT: no such file or directory, open 
'C:\Users\motaung\Desktop\Ark-main\Ark-main\node_modules\nanoid\async\index.d.ts'

npm warn tar TAR_ENTRY_ERROR EPERM: operation not permitted, unlink 'C:\Users\motaung\Desktop\Ark-main\Ark-main\node_mo
dules\styled-jsx\dist\webpack\index.js.DELETE.46a279a851c960cb1f17c04ff8be7ae9'

npm warn tar TAR_ENTRY_ERROR EPERM: operation not permitted, unlink 'C:\Users\motaung\Desktop\Ark-main\Ark-main\node_mo
dules\undici-types\index.d.ts.DELETE.27dc66578d98f36dc84eb742ad731413'

npm warn tar TAR_ENTRY_ERROR ENOENT: no such file or directory, rename 
'C:\Users\motaung\Desktop\Ark-main\Ark-main\node_modules\nanoid\index.d.ts' -> 
'C:\Users\motaung\Desktop\Ark-main\Ark-main\node_modules\nanoid\index.d.ts.DELETE.f8c55d5dc99cbeeee897280c5e3780d0'

npm warn tar TAR_ENTRY_ERROR ENOENT: no such file or directory, rename 'C:\Users\motaung\Desktop\Ark-main\Ark-main\node
_modules\@rushstack\eslint-patch\lib-esm\eslint-bulk-suppressions\generate-patched-file.js' -> 'C:\Users\motaung\Deskto
p\Ark-main\Ark-main\node_modules\@rushstack\eslint-patch\lib-esm\eslint-bulk-suppressions\generate-patched-file.js.DELE
TE.c89d3f4e16c22adf507deb72fd7ccc3c'

npm warn tar TAR_ENTRY_ERROR ENOENT: no such file or directory, rename 
'C:\Users\motaung\Desktop\Ark-main\Ark-main\node_modules\js-yaml\lib\schema\json.js' -> 'C:\Users\motaung\Desktop\Ark-m
ain\Ark-main\node_modules\js-yaml\lib\schema\json.js.DELETE.2b1932020081de761078f422daa51e27'

npm warn tar TAR_ENTRY_ERROR ENOENT: no such file or directory, rename 
'C:\Users\motaung\Desktop\Ark-main\Ark-main\node_modules\motion-dom\dist\es\utils\supports\flags.mjs' -> 'C:\Users\mota
ung\Desktop\Ark-main\Ark-main\node_modules\motion-dom\dist\es\utils\supports\flags.mjs.DELETE.b3b2eb5b1020acf3192d4aa4c
a859f11'

npm warn tar TAR_ENTRY_ERROR ENOENT: no such file or directory, open 'C:\Users\motaung\Desktop\Ark-main\Ark-main\node_m
odules\glob\node_modules\minimatch\dist\commonjs\brace-expressions.d.ts.map'

npm warn tar TAR_ENTRY_ERROR EPERM: operation not permitted, unlink 'C:\Users\motaung\Desktop\Ark-main\Ark-main\node_mo
dules\@next\eslint-plugin-next\dist\rules\no-styled-jsx-in-document.js.DELETE.8a8752237504d7f54578e881e6aff810'

npm warn tar TAR_ENTRY_ERROR ENOENT: no such file or directory, rename 
'C:\Users\motaung\Desktop\Ark-main\Ark-main\node_modules\@swc\helpers\cjs\_class_private_field_init.cjs' -> 'C:\Users\m
otaung\Desktop\Ark-main\Ark-main\node_modules\@swc\helpers\cjs\_class_private_field_init.cjs.DELETE.5f7de655a47d5817007
9f7628d4e9b62'

npm warn tar TAR_ENTRY_ERROR EPERM: operation not permitted, unlink 
'C:\Users\motaung\Desktop\Ark-main\Ark-main\node_modules\@types\node\fs.d.ts.DELETE.6831c787a8a81921c7d17a664925fef4'

npm warn tar TAR_ENTRY_ERROR EPERM: operation not permitted, unlink 'C:\Users\motaung\Desktop\Ark-main\Ark-main\node_mo
dules\postcss\lib\stringifier.js.DELETE.8ff693cd6a8fabe9bb03d9bd70161ef7'

npm warn tar TAR_ENTRY_ERROR EPERM: operation not permitted, unlink 
'C:\Users\motaung\Desktop\Ark-main\Ark-main\node_modules\glob\package.json.DELETE.ff00679c3fad8a8e25660b69feb9c916'

npm warn tar TAR_ENTRY_ERROR ENOENT: no such file or directory, open 'C:\Users\motaung\Desktop\Ark-main\Ark-main\node_m
odules\glob\node_modules\minimatch\dist\commonjs\brace-expressions.js.map'

npm warn tar TAR_ENTRY_ERROR UNKNOWN: unknown error, open 
'C:\Users\motaung\Desktop\Ark-main\Ark-main\node_modules\undici-types\mock-agent.d.ts'

npm warn tar TAR_ENTRY_ERROR EPERM: operation not permitted, unlink 'C:\Users\motaung\Desktop\Ark-main\Ark-main\node_mo
dules\string.prototype.includes\.github\workflows\rebase.yml.DELETE.ad43d4fb51cebaa1c5e89e101c13dbfe'

npm warn tar TAR_ENTRY_ERROR ENOENT: no such file or directory, rename 'C:\Users\motaung\Desktop\Ark-main\Ark-main\node
_modules\eslint-plugin-react\node_modules\resolve\test\resolver\symlinked\package\bar.js' -> 'C:\Users\motaung\Desktop\
Ark-main\Ark-main\node_modules\eslint-plugin-react\node_modules\resolve\test\resolver\symlinked\package\bar.js.DELETE.2
3d4e02a6a6458748ae66de07cac66d0'

npm warn tar TAR_ENTRY_ERROR ENOENT: no such file or directory, rename 
'C:\Users\motaung\Desktop\Ark-main\Ark-main\node_modules\tsconfig-paths\lib\match-path-sync.js.map' -> 'C:\Users\motaun
g\Desktop\Ark-main\Ark-main\node_modules\tsconfig-paths\lib\match-path-sync.js.map.DELETE.aac759e43dc2619dac3efc51adf9e
ab3'

npm warn tar TAR_ENTRY_ERROR EPERM: operation not permitted, unlink 'C:\Users\motaung\Desktop\Ark-main\Ark-main\node_mo
dules\string.prototype.includes\.github\workflows\require-allow-edits.yml.DELETE.df5e34249ed3d736063e658f225e9e69'

npm warn tar TAR_ENTRY_ERROR EPERM: operation not permitted, unlink 'C:\Users\motaung\Desktop\Ark-main\Ark-main\node_mo
dules\sucrase\dist\esm\transformers\ESMImportTransformer.js.DELETE.3ed21d1eb100c8c99c9025518855682f'

npm warn tar TAR_ENTRY_ERROR EPERM: operation not permitted, unlink 'C:\Users\motaung\Desktop\Ark-main\Ark-main\node_mo
dules\busboy\test\test-types-multipart.js.DELETE.d42f63656d714b618257dad4df583dc1'

npm warn tar TAR_ENTRY_ERROR EPERM: operation not permitted, unlink 'C:\Users\motaung\Desktop\Ark-main\Ark-main\node_mo
dules\@typescript-eslint\scope-manager\dist\lib\dom.iterable.js.DELETE.15935768e373426940b582ff1c4353eb'

npm warn tar TAR_ENTRY_ERROR EPERM: operation not permitted, unlink 'C:\Users\motaung\Desktop\Ark-main\Ark-main\node_mo
dules\yaml\browser\dist\nodes\Collection.js.DELETE.695f6c3da50c27197844b9136005bc7e'

npm warn tar TAR_ENTRY_ERROR ENOENT: no such file or directory, rename 
'C:\Users\motaung\Desktop\Ark-main\Ark-main\node_modules\@next\eslint-plugin-next\dist\rules\no-typos.js' -> 'C:\Users\
motaung\Desktop\Ark-main\Ark-main\node_modules\@next\eslint-plugin-next\dist\rules\no-typos.js.DELETE.cd86d32d3c16d2d4d
5b58bcf59c69c27'

npm warn tar TAR_ENTRY_ERROR ENOENT: no such file or directory, rename 
'C:\Users\motaung\Desktop\Ark-main\Ark-main\node_modules\busboy\test\test-types-urlencoded.js' -> 'C:\Users\motaung\Des
ktop\Ark-main\Ark-main\node_modules\busboy\test\test-types-urlencoded.js.DELETE.95c0c3c231fbaeb1ae88f23265313383'

npm warn tar TAR_ENTRY_ERROR ENOENT: no such file or directory, rename 
'C:\Users\motaung\Desktop\Ark-main\Ark-main\node_modules\@typescript-eslint\scope-manager\dist\lib\dom.js' -> 'C:\Users
\motaung\Desktop\Ark-main\Ark-main\node_modules\@typescript-eslint\scope-manager\dist\lib\dom.js.DELETE.ca0f62526bdad75
9b0229025631fe275'

npm warn tar TAR_ENTRY_ERROR ENOENT: no such file or directory, open 
'C:\Users\motaung\Desktop\Ark-main\Ark-main\node_modules\glob\node_modules\minimatch\dist\commonjs\escape.d.ts.map'

npm warn tar TAR_ENTRY_ERROR ENOENT: no such file or directory, rename 
'C:\Users\motaung\Desktop\Ark-main\Ark-main\node_modules\motion-dom\dist\es\view\utils\get-view-animations.mjs' -> 'C:\
Users\motaung\Desktop\Ark-main\Ark-main\node_modules\motion-dom\dist\es\view\utils\get-view-animations.mjs.DELETE.bd376
3b664e205f18e523bc33c7e8bcf'

npm warn tar TAR_ENTRY_ERROR ENOENT: no such file or directory, rename 
'C:\Users\motaung\Desktop\Ark-main\Ark-main\node_modules\node-exports-info\getCategory.d.ts' -> 'C:\Users\motaung\Deskt
op\Ark-main\Ark-main\node_modules\node-exports-info\getCategory.d.ts.DELETE.b2075c2d6ea2e63858ffb58923df365d'

npm warn tar TAR_ENTRY_ERROR EPERM: operation not permitted, unlink 'C:\Users\motaung\Desktop\Ark-main\Ark-main\node_mo
dules\@typescript-eslint\types\dist\generated\ast-spec.d.ts.DELETE.8f0c23373b66fdc078071c6cd5775562'

npm warn tar TAR_ENTRY_ERROR ENOENT: no such file or directory, rename 
'C:\Users\motaung\Desktop\Ark-main\Ark-main\node_modules\glob\dist\commonjs\glob.d.ts.map' -> 'C:\Users\motaung\Desktop
\Ark-main\Ark-main\node_modules\glob\dist\commonjs\glob.d.ts.map.DELETE.0f79faf4988f6cfa9750c678fb128c4e'

npm warn tar TAR_ENTRY_ERROR ENOENT: no such file or directory, rename 
'C:\Users\motaung\Desktop\Ark-main\Ark-main\node_modules\resolve\lib\caller.js' -> 
'C:\Users\motaung\Desktop\Ark-main\Ark-main\node_modules\resolve\lib\caller.js.DELETE.0a1c0eb4ed33abd40d5731d9febe1b07'

npm warn tar TAR_ENTRY_ERROR UNKNOWN: unknown error, open 
'C:\Users\motaung\Desktop\Ark-main\Ark-main\node_modules\es-abstract\2019\abs.js'

npm warn tar TAR_ENTRY_ERROR ENOENT: no such file or directory, rename 
'C:\Users\motaung\Desktop\Ark-main\Ark-main\node_modules\es-iterator-helpers\Iterator.prototype\auto.js' -> 'C:\Users\m
otaung\Desktop\Ark-main\Ark-main\node_modules\es-iterator-helpers\Iterator.prototype\auto.js.DELETE.bf566901e26a2b1efd9
5411e704f8d9c'

npm warn tar TAR_ENTRY_ERROR ENOENT: no such file or directory, open 
'C:\Users\motaung\Desktop\Ark-main\Ark-main\node_modules\glob\node_modules\minimatch\dist\commonjs\escape.js.map'

npm warn tar TAR_ENTRY_ERROR ENOENT: no such file or directory, rename 
'C:\Users\motaung\Desktop\Ark-main\Ark-main\node_modules\es-iterator-helpers\Iterator.zip\auto.js' -> 'C:\Users\motaung
\Desktop\Ark-main\Ark-main\node_modules\es-iterator-helpers\Iterator.zip\auto.js.DELETE.2eae5d2b14f78d4fcbf4821eb396229
5'

npm warn tar TAR_ENTRY_ERROR UNKNOWN: unknown error, open 
'C:\Users\motaung\Desktop\Ark-main\Ark-main\node_modules\@jridgewell\trace-mapping\types\sourcemap-segment.d.mts.map'

npm warn tar TAR_ENTRY_ERROR ENOENT: no such file or directory, rename 'C:\Users\motaung\Desktop\Ark-main\Ark-main\node
_modules\eslint-plugin-react\node_modules\resolve\test\resolver\baz\doom.js' -> 'C:\Users\motaung\Desktop\Ark-main\Ark-
main\node_modules\eslint-plugin-react\node_modules\resolve\test\resolver\baz\doom.js.DELETE.c786ef0c395b105a9a75869f825
46f8d'

npm warn tar TAR_ENTRY_ERROR UNKNOWN: unknown error, open 
'C:\Users\motaung\Desktop\Ark-main\Ark-main\node_modules\ajv\lib\ajv.js'

npm warn tar TAR_ENTRY_ERROR EPERM: operation not permitted, unlink 'C:\Users\motaung\Desktop\Ark-main\Ark-main\node_mo
dules\@types\node\http2.d.ts.DELETE.0200a0aec4557336df280093bd1b902c'

npm warn tar TAR_ENTRY_ERROR EPERM: operation not permitted, unlink 'C:\Users\motaung\Desktop\Ark-main\Ark-main\node_mo
dules\react-dom\umd\react-dom-server.browser.development.js.DELETE.41051b6d8f43d46188a4710aa0255f21'

npm warn tar TAR_ENTRY_ERROR EPERM: operation not permitted, unlink 
'C:\Users\motaung\Desktop\Ark-main\Ark-main\node_modules\ajv\dist\ajv.min.js.DELETE.22505cb0b9d53b70795969671d2d11b8'

npm warn tar TAR_ENTRY_ERROR EPERM: operation not permitted, unlink 'C:\Users\motaung\Desktop\Ark-main\Ark-main\node_mo
dules\sucrase\dist\parser\traverser\expression.js.DELETE.03d7f9d0942a46eda6a4cb36b39abd7f'

npm warn tar TAR_ENTRY_ERROR EPERM: operation not permitted, unlink 'C:\Users\motaung\Desktop\Ark-main\Ark-main\node_mo
dules\fast-glob\out\readers\reader.js.DELETE.542b3f91665d9c05e7a5353c7d694f2c'

npm warn tar TAR_ENTRY_ERROR UNKNOWN: unknown error, open 
'C:\Users\motaung\Desktop\Ark-main\Ark-main\node_modules\@typescript-eslint\scope-manager\dist\lib\es2015.generator.js'

npm warn tar TAR_ENTRY_ERROR ENOENT: no such file or directory, open 
'C:\Users\motaung\Desktop\Ark-main\Ark-main\node_modules\glob\node_modules\minimatch\dist\commonjs\index.d.ts.map'

npm warn tar TAR_ENTRY_ERROR EPERM: operation not permitted, unlink 'C:\Users\motaung\Desktop\Ark-main\Ark-main\node_mo
dules\@tybys\wasm-util\dist\wasm-util.js.DELETE.403762dd4539a84fe29dc0dbf9c099ae'

npm warn tar TAR_ENTRY_ERROR UNKNOWN: unknown error, open 
'C:\Users\motaung\Desktop\Ark-main\Ark-main\node_modules\@jridgewell\trace-mapping\types\strip-filename.d.mts.map'

npm warn tar TAR_ENTRY_ERROR ENOENT: no such file or directory, rename 
'C:\Users\motaung\Desktop\Ark-main\Ark-main\node_modules\eslint-module-utils\pkgDir.d.ts' -> 'C:\Users\motaung\Desktop\
Ark-main\Ark-main\node_modules\eslint-module-utils\pkgDir.d.ts.DELETE.bc85c28517cf7d573eae69f0fd8ab761'

npm warn tar TAR_ENTRY_ERROR UNKNOWN: unknown error, open 
'C:\Users\motaung\Desktop\Ark-main\Ark-main\node_modules\aria-query\lib\etc\roles\abstract\compositeRole.js'

npm warn tar TAR_ENTRY_ERROR ENOENT: no such file or directory, rename 
'C:\Users\motaung\Desktop\Ark-main\Ark-main\node_modules\yaml\dist\compose\compose-collection.js' -> 'C:\Users\motaung\
Desktop\Ark-main\Ark-main\node_modules\yaml\dist\compose\compose-collection.js.DELETE.85a4d71c11a89792792d3f07493614ba'

npm warn tar TAR_ENTRY_ERROR UNKNOWN: unknown error, open 
'C:\Users\motaung\Desktop\Ark-main\Ark-main\node_modules\eslint-plugin-react\node_modules\resolve\test\exports_sync.js'

npm warn tar TAR_ENTRY_ERROR EPERM: operation not permitted, unlink 'C:\Users\motaung\Desktop\Ark-main\Ark-main\node_mo
dules\react-dom\umd\react-dom-server.browser.production.min.js.DELETE.36809232d9fd13aeecdf19795b7af14e'

npm warn tar TAR_ENTRY_ERROR ENOENT: no such file or directory, open 
'C:\Users\motaung\Desktop\Ark-main\Ark-main\node_modules\glob\node_modules\minimatch\dist\commonjs\index.js.map'

npm warn tar TAR_ENTRY_ERROR EPERM: operation not permitted, unlink 'C:\Users\motaung\Desktop\Ark-main\Ark-main\node_mo
dules\@typescript-eslint\scope-manager\dist\lib\es2015.js.DELETE.8cec8f08be6b0c205fde2d97e21058ad'

npm warn tar TAR_ENTRY_ERROR EPERM: operation not permitted, unlink 'C:\Users\motaung\Desktop\Ark-main\Ark-main\node_mo
dules\react-dom\cjs\react-dom-server.node.development.js.DELETE.5fd341251f7a2852eeacd0fc2b21a5b7'

npm warn tar TAR_ENTRY_ERROR EPERM: operation not permitted, unlink 'C:\Users\motaung\Desktop\Ark-main\Ark-main\node_mo
dules\eslint-plugin-react\node_modules\resolve\test\exports.js.DELETE.aeb81a668d55e287e90babee58a72ac8'

npm warn tar TAR_ENTRY_ERROR EPERM: operation not permitted, unlink 'C:\Users\motaung\Desktop\Ark-main\Ark-main\node_mo
dules\framer-motion\dist\cjs\index.js.DELETE.e56ea04bfdfe2a8799d9463c425a1407'

npm warn tar TAR_ENTRY_ERROR ENOENT: no such file or directory, rename 
'C:\Users\motaung\Desktop\Ark-main\Ark-main\node_modules\motion-dom\dist\es\gestures\press\index.mjs' -> 'C:\Users\mota
ung\Desktop\Ark-main\Ark-main\node_modules\motion-dom\dist\es\gestures\press\index.mjs.DELETE.efa7bb158cf7b661bd1b2bf19
44117d7'

npm warn tar TAR_ENTRY_ERROR EPERM: operation not permitted, unlink 'C:\Users\motaung\Desktop\Ark-main\Ark-main\node_mo
dules\eslint\lib\rules\callback-return.js.DELETE.bf869678ce3de878f2640acea9c980a8'

npm warn tar TAR_ENTRY_ERROR EPERM: operation not permitted, unlink 'C:\Users\motaung\Desktop\Ark-main\Ark-main\node_mo
dules\@types\node\module.d.ts.DELETE.82f7395f563cdd65944df53065438188'

npm warn tar TAR_ENTRY_ERROR ENOENT: no such file or directory, open 
'C:\Users\motaung\Desktop\Ark-main\Ark-main\node_modules\glob\node_modules\minimatch\dist\commonjs\unescape.d.ts.map'

npm warn tar TAR_ENTRY_ERROR EPERM: operation not permitted, unlink 'C:\Users\motaung\Desktop\Ark-main\Ark-main\node_mo
dules\language-subtag-registry\data\json\script.json.DELETE.ab8374c76a0bc491c465866db193f32d'

npm warn tar TAR_ENTRY_ERROR EPERM: operation not permitted, unlink 'C:\Users\motaung\Desktop\Ark-main\Ark-main\node_mo
dules\postcss-selector-parser\dist\util\unesc.js.DELETE.ea9e217ba393462befb155f661f04482'

npm warn tar TAR_ENTRY_ERROR ENOENT: no such file or directory, open 
'C:\Users\motaung\Desktop\Ark-main\Ark-main\node_modules\glob\node_modules\minimatch\dist\commonjs\unescape.js.map'

npm warn tar TAR_ENTRY_ERROR UNKNOWN: unknown error, open 
'C:\Users\motaung\Desktop\Ark-main\Ark-main\node_modules\@types\node\os.d.ts'

npm warn tar TAR_ENTRY_ERROR ENOENT: no such file or directory, rename 'C:\Users\motaung\Desktop\Ark-main\Ark-main\node
_modules\@typescript-eslint\scope-manager\dist\lib\es2015.symbol.wellknown.js' -> 'C:\Users\motaung\Desktop\Ark-main\Ar
k-main\node_modules\@typescript-eslint\scope-manager\dist\lib\es2015.symbol.wellknown.js.DELETE.ebc966820b4f77d3b766f4a
30fb89b8a'

npm warn tar TAR_ENTRY_ERROR UNKNOWN: unknown error, open 
'C:\Users\motaung\Desktop\Ark-main\Ark-main\node_modules\ajv\lib\cache.js'

npm warn tar TAR_ENTRY_ERROR ENOENT: no such file or directory, rename 
'C:\Users\motaung\Desktop\Ark-main\Ark-main\node_modules\js-yaml\lib\type\timestamp.js' -> 'C:\Users\motaung\Desktop\Ar
k-main\Ark-main\node_modules\js-yaml\lib\type\timestamp.js.DELETE.5fa0cc683f1caceee7536bd79eee9a37'

npm warn tar TAR_ENTRY_ERROR UNKNOWN: unknown error, open 
'C:\Users\motaung\Desktop\Ark-main\Ark-main\node_modules\undici-types\websocket.d.ts'

npm warn tar TAR_ENTRY_ERROR EPERM: operation not permitted, unlink 'C:\Users\motaung\Desktop\Ark-main\Ark-main\node_mo
dules\glob\dist\esm\has-magic.js.map.DELETE.f1b1450402342d49eeb240016b363bde'

npm warn tar TAR_ENTRY_ERROR EPERM: operation not permitted, unlink 'C:\Users\motaung\Desktop\Ark-main\Ark-main\node_mo
dules\math-intrinsics\isNegativeZero.d.ts.DELETE.f967f9a06dd1cc1638549bfef6929c95'

npm warn tar TAR_ENTRY_ERROR EPERM: operation not permitted, unlink 'C:\Users\motaung\Desktop\Ark-main\Ark-main\node_mo
dules\uri-js\dist\es5\uri.all.js.map.DELETE.efabbd0d449e82d4144551943ac35154'

npm warn tar TAR_ENTRY_ERROR EPERM: operation not permitted, unlink 'C:\Users\motaung\Desktop\Ark-main\Ark-main\node_mo
dules\math-intrinsics\max.d.ts.DELETE.ff0e69989e98004b5af258819080e0e6'

npm warn tar TAR_ENTRY_ERROR ENOENT: no such file or directory, rename 
'C:\Users\motaung\Desktop\Ark-main\Ark-main\node_modules\postcss-selector-parser\package.json' -> 'C:\Users\motaung\Des
ktop\Ark-main\Ark-main\node_modules\postcss-selector-parser\package.json.DELETE.0a69b9feba9a76ed3318c8df9ef25043'

npm warn tar TAR_ENTRY_ERROR ENOENT: no such file or directory, rename 
'C:\Users\motaung\Desktop\Ark-main\Ark-main\node_modules\math-intrinsics\constants\maxArrayLength.d.ts' -> 'C:\Users\mo
taung\Desktop\Ark-main\Ark-main\node_modules\math-intrinsics\constants\maxArrayLength.d.ts.DELETE.6188090206a9135bbb14d
a457d372b12'

npm warn tar TAR_ENTRY_ERROR EPERM: operation not permitted, unlink 'C:\Users\motaung\Desktop\Ark-main\Ark-main\node_mo
dules\jsx-ast-utils\__tests__\src\getProp-parser-test.js.DELETE.8de82bd0786567785b73516f5f2e73f4'

npm warn tar TAR_ENTRY_ERROR ENOENT: no such file or directory, rename 
'C:\Users\motaung\Desktop\Ark-main\Ark-main\node_modules\next\dist\compiled\buffer\LICENSE' -> 'C:\Users\motaung\Deskto
p\Ark-main\Ark-main\node_modules\next\dist\compiled\buffer\LICENSE.DELETE.dcd7fb7c5383fb8fe166eab3c4421863'

npm warn tar TAR_ENTRY_ERROR ENOENT: no such file or directory, rename 
'C:\Users\motaung\Desktop\Ark-main\Ark-main\node_modules\language-subtag-registry\README.md' -> 'C:\Users\motaung\Deskt
op\Ark-main\Ark-main\node_modules\language-subtag-registry\README.md.DELETE.f744c9cc388cb819a693e72d371a2ce6'

npm warn tar TAR_ENTRY_ERROR EPERM: operation not permitted, unlink 'C:\Users\motaung\Desktop\Ark-main\Ark-main\node_mo
dules\uri-js\dist\es5\uri.all.min.js.map.DELETE.98b91ffd33526a8bdd0550801a3a4e19'

npm warn tar TAR_ENTRY_ERROR ENOENT: no such file or directory, rename 
'C:\Users\motaung\Desktop\Ark-main\Ark-main\node_modules\tsconfig-paths\lib\tsconfig-loader.js' -> 'C:\Users\motaung\De
sktop\Ark-main\Ark-main\node_modules\tsconfig-paths\lib\tsconfig-loader.js.DELETE.6e4820fe8d54ceaf0b8846dc71f6940d'

npm warn tar TAR_ENTRY_ERROR UNKNOWN: unknown error, open 
'C:\Users\motaung\Desktop\Ark-main\Ark-main\node_modules\aria-query\lib\etc\roles\literal\directoryRole.js'

npm warn tar TAR_ENTRY_ERROR ENOENT: no such file or directory, rename 
'C:\Users\motaung\Desktop\Ark-main\Ark-main\node_modules\uri-js\dist\esnext\uri.js.map' -> 'C:\Users\motaung\Desktop\Ar
k-main\Ark-main\node_modules\uri-js\dist\esnext\uri.js.map.DELETE.1af7e842fccd231e80eb5f3b50a73b11'

npm warn tar TAR_ENTRY_ERROR ENOENT: no such file or directory, rename 
'C:\Users\motaung\Desktop\Ark-main\Ark-main\node_modules\glob\dist\esm\ignore.d.ts.map' -> 'C:\Users\motaung\Desktop\Ar
k-main\Ark-main\node_modules\glob\dist\esm\ignore.d.ts.map.DELETE.706fb066b8820928bb77a509bbb45d3a'

npm warn tar TAR_ENTRY_ERROR EPERM: operation not permitted, unlink 'C:\Users\motaung\Desktop\Ark-main\Ark-main\node_mo
dules\es-abstract\2015\AbstractEqualityComparison.js.DELETE.6ead233c5a9b49dfa7f43506a308dcff'

npm warn tar TAR_ENTRY_ERROR EPERM: operation not permitted, unlink 'C:\Users\motaung\Desktop\Ark-main\Ark-main\node_mo
dules\axe-core\locales\el.json.DELETE.025aa204686638754c5338bde6d9c614'

npm warn tar TAR_ENTRY_ERROR EPERM: operation not permitted, unlink 'C:\Users\motaung\Desktop\Ark-main\Ark-main\node_mo
dules\es-iterator-helpers\Iterator.prototype.constructor\implementation.js.DELETE.c388070169b07a7af84025ab28e8119a'

npm warn tar TAR_ENTRY_ERROR ENOENT: no such file or directory, open 'C:\Users\motaung\Desktop\Ark-main\Ark-main\node_m
odules\glob\node_modules\minimatch\dist\commonjs\assert-valid-pattern.d.ts'

npm warn tar TAR_ENTRY_ERROR EPERM: operation not permitted, unlink 
'C:\Users\motaung\Desktop\Ark-main\Ark-main\node_modules\js-yaml\README.md.DELETE.bf009aa1cc4c616c4539a55fd43835cc'

npm warn tar TAR_ENTRY_ERROR ENOENT: no such file or directory, rename 
'C:\Users\motaung\Desktop\Ark-main\Ark-main\node_modules\eslint-plugin-react\lib\util\isCreateElement.js' -> 'C:\Users\
motaung\Desktop\Ark-main\Ark-main\node_modules\eslint-plugin-react\lib\util\isCreateElement.js.DELETE.810c707bda89c42b7
21c52f99a404bca'

npm warn tar TAR_ENTRY_ERROR UNKNOWN: unknown error, open 
'C:\Users\motaung\Desktop\Ark-main\Ark-main\node_modules\es-iterator-helpers\Iterator.prototype.drop\implementation.js'

npm warn tar TAR_ENTRY_ERROR UNKNOWN: unknown error, open 
'C:\Users\motaung\Desktop\Ark-main\Ark-main\node_modules\aria-query\lib\etc\roles\dpub\docAcknowledgmentsRole.js'

npm warn tar TAR_ENTRY_ERROR ENOENT: no such file or directory, rename 
'C:\Users\motaung\Desktop\Ark-main\Ark-main\node_modules\postcss\lib\css-syntax-error.d.ts' -> 'C:\Users\motaung\Deskto
p\Ark-main\Ark-main\node_modules\postcss\lib\css-syntax-error.d.ts.DELETE.5faef24788a7b1e8e48fb122427cc600'

npm warn tar TAR_ENTRY_ERROR EPERM: operation not permitted, unlink 'C:\Users\motaung\Desktop\Ark-main\Ark-main\node_mo
dules\@types\node\process.d.ts.DELETE.84cde34a4f02bd9766c632add3a76703'

npm warn tar TAR_ENTRY_ERROR ENOENT: no such file or directory, rename 'C:\Users\motaung\Desktop\Ark-main\Ark-main\node
_modules\es-iterator-helpers\Iterator.prototype.every\implementation.js' -> 'C:\Users\motaung\Desktop\Ark-main\Ark-main
\node_modules\es-iterator-helpers\Iterator.prototype.every\implementation.js.DELETE.67364165da5aaa32bd1d0e699386bdbc'

npm warn tar TAR_ENTRY_ERROR ENOENT: no such file or directory, rename 
'C:\Users\motaung\Desktop\Ark-main\Ark-main\node_modules\es-abstract\2017\AbstractEqualityComparison.js' -> 'C:\Users\m
otaung\Desktop\Ark-main\Ark-main\node_modules\es-abstract\2017\AbstractEqualityComparison.js.DELETE.bc80b622a707dfb7d80
8e516d520435c'

npm warn tar TAR_ENTRY_ERROR EPERM: operation not permitted, unlink 'C:\Users\motaung\Desktop\Ark-main\Ark-main\node_mo
dules\jsx-ast-utils\lib\getProp.js.DELETE.edcb9e86505e584defc5fa690cce5c8a'

npm warn tar TAR_ENTRY_ERROR ENOENT: no such file or directory, rename 
'C:\Users\motaung\Desktop\Ark-main\Ark-main\node_modules\eslint-plugin-import\lib\rules\no-absolute-path.js' -> 'C:\Use
rs\motaung\Desktop\Ark-main\Ark-main\node_modules\eslint-plugin-import\lib\rules\no-absolute-path.js.DELETE.1ab19da6d53
6dca3c83b44d9508ee5f0'

npm warn tar TAR_ENTRY_ERROR EPERM: operation not permitted, unlink 'C:\Users\motaung\Desktop\Ark-main\Ark-main\node_mo
dules\eslint\lib\cli-engine\cli-engine.js.DELETE.16cb9cb111cd36ff0835749852df8b36'

npm warn tar TAR_ENTRY_ERROR ENOENT: no such file or directory, rename 
'C:\Users\motaung\Desktop\Ark-main\Ark-main\node_modules\@swc\helpers\cjs\_create_for_of_iterator_helper_loose.cjs' -> 
'C:\Users\motaung\Desktop\Ark-main\Ark-main\node_modules\@swc\helpers\cjs\_create_for_of_iterator_helper_loose.cjs.DELE
TE.aa78f7332240f3cb9fce8c78cb32cedf'

npm warn tar TAR_ENTRY_ERROR ENOENT: no such file or directory, open 
'C:\Users\motaung\Desktop\Ark-main\Ark-main\node_modules\glob\node_modules\minimatch\dist\commonjs\ast.d.ts'

npm warn tar TAR_ENTRY_ERROR ENOENT: no such file or directory, rename 
'C:\Users\motaung\Desktop\Ark-main\Ark-main\node_modules\eslint\lib\cli.js' -> 
'C:\Users\motaung\Desktop\Ark-main\Ark-main\node_modules\eslint\lib\cli.js.DELETE.e46242a6ed344bb66bf8e8e0d38a3649'

npm warn tar TAR_ENTRY_ERROR ENOENT: no such file or directory, rename 
'C:\Users\motaung\Desktop\Ark-main\Ark-main\node_modules\@tybys\wasm-util\lib\mjs\wasi\fd.mjs' -> 'C:\Users\motaung\Des
ktop\Ark-main\Ark-main\node_modules\@tybys\wasm-util\lib\mjs\wasi\fd.mjs.DELETE.278783acdd22cb8e153af58fa99d305c'

npm warn tar TAR_ENTRY_ERROR ENOENT: no such file or directory, rename 
'C:\Users\motaung\Desktop\Ark-main\Ark-main\node_modules\@typescript-eslint\scope-manager\dist\lib\es2017.date.js' -> '
C:\Users\motaung\Desktop\Ark-main\Ark-main\node_modules\@typescript-eslint\scope-manager\dist\lib\es2017.date.js.DELETE
.c463c01eeb3d6bbda2daa3384deed021'

npm warn tar TAR_ENTRY_ERROR EPERM: operation not permitted, unlink 'C:\Users\motaung\Desktop\Ark-main\Ark-main\node_mo
dules\postcss-selector-parser\postcss-selector-parser.d.ts.DELETE.0d9ea5c9efa77bb23884d42f982806b5'

npm warn tar TAR_ENTRY_ERROR EPERM: operation not permitted, unlink 'C:\Users\motaung\Desktop\Ark-main\Ark-main\node_mo
dules\eslint\lib\linter\code-path-analysis\code-path-analyzer.js.DELETE.8f4063ee03d6728447bbd7ae398f8ec7'

npm warn tar TAR_ENTRY_ERROR ENOENT: no such file or directory, open 'C:\Users\motaung\Desktop\Ark-main\Ark-main\node_m
odules\glob\node_modules\minimatch\dist\commonjs\brace-expressions.d.ts'

npm warn tar TAR_ENTRY_ERROR ENOENT: no such file or directory, rename 
'C:\Users\motaung\Desktop\Ark-main\Ark-main\node_modules\glob\dist\esm\index.d.ts.map' -> 'C:\Users\motaung\Desktop\Ark
-main\Ark-main\node_modules\glob\dist\esm\index.d.ts.map.DELETE.a7109a42326b57c91c5f16455af4d677'

npm warn tar TAR_ENTRY_ERROR UNKNOWN: unknown error, open 
'C:\Users\motaung\Desktop\Ark-main\Ark-main\node_modules\eslint\lib\linter\code-path-analysis\code-path-segment.js'

npm warn tar TAR_ENTRY_ERROR ENOENT: no such file or directory, rename 'C:\Users\motaung\Desktop\Ark-main\Ark-main\node
_modules\es-iterator-helpers\Iterator.prototype.flatMap\implementation.js' -> 'C:\Users\motaung\Desktop\Ark-main\Ark-ma
in\node_modules\es-iterator-helpers\Iterator.prototype.flatMap\implementation.js.DELETE.c168834ab900d003011acbdca48f180
2'

npm warn tar TAR_ENTRY_ERROR ENOENT: no such file or directory, open 
'C:\Users\motaung\Desktop\Ark-main\Ark-main\node_modules\glob\node_modules\minimatch\dist\commonjs\escape.d.ts'

npm warn tar TAR_ENTRY_ERROR ENOENT: no such file or directory, rename 
'C:\Users\motaung\Desktop\Ark-main\Ark-main\node_modules\jiti\README.md' -> 
'C:\Users\motaung\Desktop\Ark-main\Ark-main\node_modules\jiti\README.md.DELETE.2abb82c394b326b7790b0548a47cbc21'

npm warn tar TAR_ENTRY_ERROR EPERM: operation not permitted, unlink 'C:\Users\motaung\Desktop\Ark-main\Ark-main\node_mo
dules\axe-core\locales\he.json.DELETE.fad7e2674dd124738c77011c43e5098c'

npm warn tar TAR_ENTRY_ERROR ENOENT: no such file or directory, open 
'C:\Users\motaung\Desktop\Ark-main\Ark-main\node_modules\glob\node_modules\minimatch\dist\commonjs\index.d.ts'

npm warn tar TAR_ENTRY_ERROR ENOENT: no such file or directory, rename 
'C:\Users\motaung\Desktop\Ark-main\Ark-main\node_modules\math-intrinsics\round.d.ts' -> 'C:\Users\motaung\Desktop\Ark-m
ain\Ark-main\node_modules\math-intrinsics\round.d.ts.DELETE.dda84ba037aa45a3be4b9c3a3d1c8aaf'

npm warn tar TAR_ENTRY_ERROR ENOENT: no such file or directory, rename 
'C:\Users\motaung\Desktop\Ark-main\Ark-main\node_modules\jsx-ast-utils\__tests__\src\getPropValue-babelparser-test.js' 
-> 'C:\Users\motaung\Desktop\Ark-main\Ark-main\node_modules\jsx-ast-utils\__tests__\src\getPropValue-babelparser-test.j
s.DELETE.d9cd43cb97b82cb7d697064be93a9074'

npm warn tar TAR_ENTRY_ERROR EPERM: operation not permitted, unlink 'C:\Users\motaung\Desktop\Ark-main\Ark-main\node_mo
dules\eslint\lib\rules\comma-dangle.js.DELETE.67c410198f4ad61a141469bf2702198f'

npm warn tar TAR_ENTRY_ERROR EPERM: operation not permitted, unlink 'C:\Users\motaung\Desktop\Ark-main\Ark-main\node_mo
dules\fast-glob\out\readers\async.d.ts.DELETE.174be32abd3bef38282f21a70f635780'

npm warn tar TAR_ENTRY_ERROR ENOENT: no such file or directory, open 
'C:\Users\motaung\Desktop\Ark-main\Ark-main\node_modules\glob\node_modules\minimatch\dist\commonjs\unescape.d.ts'

npm warn tar TAR_ENTRY_ERROR UNKNOWN: unknown error, open 
'C:\Users\motaung\Desktop\Ark-main\Ark-main\node_modules\jiti\dist\jiti.d.ts'

npm warn tar TAR_ENTRY_ERROR ENOENT: no such file or directory, rename 'C:\Users\motaung\Desktop\Ark-main\Ark-main\node
_modules\@typescript-eslint\scope-manager\dist\lib\es2017.typedarrays.js' -> 'C:\Users\motaung\Desktop\Ark-main\Ark-mai
n\node_modules\@typescript-eslint\scope-manager\dist\lib\es2017.typedarrays.js.DELETE.156fee4a124ee056d0dc57d924ea2c27'

npm warn tar TAR_ENTRY_ERROR UNKNOWN: unknown error, open 
'C:\Users\motaung\Desktop\Ark-main\Ark-main\node_modules\@swc\helpers\cjs\_export_star.cjs'

npm warn tar TAR_ENTRY_ERROR EPERM: operation not permitted, unlink 'C:\Users\motaung\Desktop\Ark-main\Ark-main\node_mo
dules\axe-core\locales\ko.json.DELETE.2ed1e5ab174fdf7fd95cdcc62f6e49cb'

npm warn tar TAR_ENTRY_ERROR UNKNOWN: unknown error, open 
'C:\Users\motaung\Desktop\Ark-main\Ark-main\node_modules\fast-glob\out\providers\transformers\entry.d.ts'

npm warn tar TAR_ENTRY_ERROR EPERM: operation not permitted, unlink 'C:\Users\motaung\Desktop\Ark-main\Ark-main\node_mo
dules\axe-core\locales\nl.json.DELETE.0f4b1f1e51b1935cd8b1aa4a2d09ecc0'

npm warn tar TAR_ENTRY_ERROR EPERM: operation not permitted, unlink 'C:\Users\motaung\Desktop\Ark-main\Ark-main\node_mo
dules\@swc\helpers\cjs\_get_prototype_of.cjs.DELETE.5cd188a7cb60428a7a33b5041043af72'

npm warn tar TAR_ENTRY_ERROR ENOENT: no such file or directory, rename 
'C:\Users\motaung\Desktop\Ark-main\Ark-main\node_modules\es-abstract\2019\AbstractRelationalComparison.js' -> 'C:\Users
\motaung\Desktop\Ark-main\Ark-main\node_modules\es-abstract\2019\AbstractRelationalComparison.js.DELETE.aab463c383f93dd
caaa9c7345c457baa'

npm warn tar TAR_ENTRY_ERROR EPERM: operation not permitted, unlink 'C:\Users\motaung\Desktop\Ark-main\Ark-main\node_mo
dules\axe-core\locales\no_NB.json.DELETE.db91b93a8b59db2389c4bf0e7c76d6ca'

npm warn tar TAR_ENTRY_ERROR ENOENT: no such file or directory, rename 
'C:\Users\motaung\Desktop\Ark-main\Ark-main\node_modules\fast-glob\out\providers\filters\error.d.ts' -> 'C:\Users\motau
ng\Desktop\Ark-main\Ark-main\node_modules\fast-glob\out\providers\filters\error.d.ts.DELETE.2f3e5def43c966fe2895e924910
56442'

npm warn tar TAR_ENTRY_ERROR ENOENT: no such file or directory, rename 
'C:\Users\motaung\Desktop\Ark-main\Ark-main\node_modules\axe-core\locales\pl.json' -> 'C:\Users\motaung\Desktop\Ark-mai
n\Ark-main\node_modules\axe-core\locales\pl.json.DELETE.8f7d4aa5e4a32c6303f7d6ccca3d756e'

npm warn tar TAR_ENTRY_ERROR EPERM: operation not permitted, unlink 'C:\Users\motaung\Desktop\Ark-main\Ark-main\node_mo
dules\axe-core\locales\pt_BR.json.DELETE.e64c9da2a105ec96e8f7b6269711be96'

npm warn tar TAR_ENTRY_ERROR EPERM: operation not permitted, unlink 'C:\Users\motaung\Desktop\Ark-main\Ark-main\node_mo
dules\@typescript-eslint\typescript-estree\dist\jsx\xhtml-entities.js.DELETE.9638334345942378d25334c761903c77'

npm warn tar TAR_ENTRY_ERROR ENOENT: no such file or directory, rename 
'C:\Users\motaung\Desktop\Ark-main\Ark-main\node_modules\@tybys\wasm-util\lib\mjs\wasi\types.mjs' -> 'C:\Users\motaung\
Desktop\Ark-main\Ark-main\node_modules\@tybys\wasm-util\lib\mjs\wasi\types.mjs.DELETE.7d95e958fc68b684e5896830b7e65398'

npm warn tar TAR_ENTRY_ERROR EPERM: operation not permitted, unlink 'C:\Users\motaung\Desktop\Ark-main\Ark-main\node_mo
dules\axe-core\locales\ru.json.DELETE.4cfeab36e9d985f3338438580c16a733'

npm warn tar TAR_ENTRY_ERROR EPERM: operation not permitted, unlink 'C:\Users\motaung\Desktop\Ark-main\Ark-main\node_mo
dules\axe-core\sri-history.json.DELETE.84a2ec62ab2eee4b2066825264be1eb9'

npm warn tar TAR_ENTRY_ERROR EPERM: operation not permitted, unlink 'C:\Users\motaung\Desktop\Ark-main\Ark-main\node_mo
dules\eslint\lib\shared\config-validator.js.DELETE.4b152949fae2319b066b156ee573eb94'

npm warn tar TAR_ENTRY_ERROR ENOENT: no such file or directory, rename 
'C:\Users\motaung\Desktop\Ark-main\Ark-main\node_modules\fast-glob\out\providers\matchers\partial.d.ts' -> 'C:\Users\mo
taung\Desktop\Ark-main\Ark-main\node_modules\fast-glob\out\providers\matchers\partial.d.ts.DELETE.fccf8913b1655d6d94570
c008cba6406'

npm warn tar TAR_ENTRY_ERROR ENOENT: no such file or directory, rename 
'C:\Users\motaung\Desktop\Ark-main\Ark-main\node_modules\es-abstract\2021\BigInt\add.js' -> 'C:\Users\motaung\Desktop\A
rk-main\Ark-main\node_modules\es-abstract\2021\BigInt\add.js.DELETE.ab0ec2f21e03ec54495fbeb0fd5a54d8'

npm warn tar TAR_ENTRY_ERROR ENOENT: no such file or directory, rename 
'C:\Users\motaung\Desktop\Ark-main\Ark-main\node_modules\sucrase\dist\util\getTSImportedNames.js' -> 'C:\Users\motaung\
Desktop\Ark-main\Ark-main\node_modules\sucrase\dist\util\getTSImportedNames.js.DELETE.9fb18c7057379121cfe3a1ab3a00fe51'

npm warn tar TAR_ENTRY_ERROR EPERM: operation not permitted, unlink 'C:\Users\motaung\Desktop\Ark-main\Ark-main\node_mo
dules\axe-core\locales\zh_TW.json.DELETE.0f1919619b340a9be1d4cdcace0a7cb0'

npm warn tar TAR_ENTRY_ERROR UNKNOWN: unknown error, open 
'C:\Users\motaung\Desktop\Ark-main\Ark-main\node_modules\axe-core\locales\README.md'

npm warn tar TAR_ENTRY_ERROR UNKNOWN: unknown error, open 
'C:\Users\motaung\Desktop\Ark-main\Ark-main\node_modules\sucrase\dist\esm\HelperManager.js'

npm warn tar TAR_ENTRY_ERROR ENOENT: no such file or directory, rename 
'C:\Users\motaung\Desktop\Ark-main\Ark-main\node_modules\aria-query\lib\etc\roles\dpub\docEpilogueRole.js' -> 'C:\Users
\motaung\Desktop\Ark-main\Ark-main\node_modules\aria-query\lib\etc\roles\dpub\docEpilogueRole.js.DELETE.9eef4810910223a
6f8d7a919d09f5c64'

npm warn tar TAR_ENTRY_ERROR ENOENT: no such file or directory, rename 
'C:\Users\motaung\Desktop\Ark-main\Ark-main\node_modules\@typescript-eslint\scope-manager\dist\lib\es2019.intl.js' -> '
C:\Users\motaung\Desktop\Ark-main\Ark-main\node_modules\@typescript-eslint\scope-manager\dist\lib\es2019.intl.js.DELETE
.dda22e24ba88d2d75b4ac218ff32d26a'

npm warn tar TAR_ENTRY_ERROR ENOENT: no such file or directory, rename 
'C:\Users\motaung\Desktop\Ark-main\Ark-main\node_modules\@typescript-eslint\scope-manager\dist\lib\es2019.js' -> 'C:\Us
ers\motaung\Desktop\Ark-main\Ark-main\node_modules\@typescript-eslint\scope-manager\dist\lib\es2019.js.DELETE.69367f54b
59b648ce55eed42d3fdf6e4'

npm warn tar TAR_ENTRY_ERROR UNKNOWN: unknown error, open 
'C:\Users\motaung\Desktop\Ark-main\Ark-main\node_modules\caniuse-lite\data\regions\AW.js'

npm warn tar TAR_ENTRY_ERROR ENOENT: no such file or directory, open 
'C:\Users\motaung\Desktop\Ark-main\Ark-main\node_modules\@rushstack\eslint-patch\lib-commonjs\_patch-base.js.map'

npm warn tar TAR_ENTRY_ERROR ENOENT: no such file or directory, open 'C:\Users\motaung\Desktop\Ark-main\Ark-main\node_m
odules\@typescript-eslint\typescript-estree\node_modules\minimatch\dist\mjs\assert-valid-pattern.d.ts'

npm warn tar TAR_ENTRY_ERROR ENOENT: no such file or directory, rename 
'C:\Users\motaung\Desktop\Ark-main\Ark-main\node_modules\ajv\lib\dotjs\not.js' -> 
'C:\Users\motaung\Desktop\Ark-main\Ark-main\node_modules\ajv\lib\dotjs\not.js.DELETE.60e5e211a9b907d916e14d436dee8a7d'

npm warn tar TAR_ENTRY_ERROR ENOENT: no such file or directory, rename 
'C:\Users\motaung\Desktop\Ark-main\Ark-main\node_modules\tsconfig-paths\lib\__tests__\mapping-entry.test.js' -> 'C:\Use
rs\motaung\Desktop\Ark-main\Ark-main\node_modules\tsconfig-paths\lib\__tests__\mapping-entry.test.js.DELETE.792a6d62a40
72b60745cff300b82f838'

npm warn tar TAR_ENTRY_ERROR ENOENT: no such file or directory, open 'C:\Users\motaung\Desktop\Ark-main\Ark-main\node_m
odules\@typescript-eslint\typescript-estree\node_modules\minimatch\dist\mjs\ast.d.ts'

npm warn tar TAR_ENTRY_ERROR EPERM: operation not permitted, unlink 'C:\Users\motaung\Desktop\Ark-main\Ark-main\node_mo
dules\es-abstract\2022\Number\add.js.DELETE.5cac1b45b0bcc4e9aaa0e8806880c699'

npm warn tar TAR_ENTRY_ERROR EPERM: operation not permitted, unlink 'C:\Users\motaung\Desktop\Ark-main\Ark-main\node_mo
dules\eslint\lib\rules\curly.js.DELETE.a198bd45684ecbcef1bfc5ae27c4ebaa'

npm warn tar TAR_ENTRY_ERROR EPERM: operation not permitted, unlink 'C:\Users\motaung\Desktop\Ark-main\Ark-main\node_mo
dules\@rushstack\eslint-patch\lib-dts\eslint-bulk-suppressions\ast-guards.d.ts.map.DELETE.fd2067e5aaef30c27dd208d800d3f
f58'

npm warn tar TAR_ENTRY_ERROR ENOENT: no such file or directory, rename 
'C:\Users\motaung\Desktop\Ark-main\Ark-main\node_modules\eslint-plugin-react\lib\rules\jsx-max-depth.js' -> 'C:\Users\m
otaung\Desktop\Ark-main\Ark-main\node_modules\eslint-plugin-react\lib\rules\jsx-max-depth.js.DELETE.af5c08d3326724259d3
fc34892fafed5'

npm warn tar TAR_ENTRY_ERROR ENOENT: no such file or directory, open 'C:\Users\motaung\Desktop\Ark-main\Ark-main\node_m
odules\@rushstack\eslint-patch\lib-commonjs\eslint-bulk-suppressions\ast-guards.js.map'

npm warn tar TAR_ENTRY_ERROR EPERM: operation not permitted, unlink 'C:\Users\motaung\Desktop\Ark-main\Ark-main\node_mo
dules\sucrase\dist\esm\identifyShadowedGlobals.js.DELETE.592bf80f59ea2a9b5a81e99e3debdfe8'

npm warn tar TAR_ENTRY_ERROR ENOENT: no such file or directory, open 'C:\Users\motaung\Desktop\Ark-main\Ark-main\node_m
odules\@typescript-eslint\typescript-estree\node_modules\minimatch\dist\mjs\brace-expressions.d.ts'

npm warn tar TAR_ENTRY_ERROR UNKNOWN: unknown error, open 'C:\Users\motaung\Desktop\Ark-main\Ark-main\node_modules\@rus
hstack\eslint-patch\lib-esm\eslint-bulk-suppressions\ast-guards.js.map'

npm warn tar TAR_ENTRY_ERROR ENOENT: no such file or directory, rename 
'C:\Users\motaung\Desktop\Ark-main\Ark-main\node_modules\es-iterator-helpers\Iterator.prototype.drop\index.js' -> 'C:\U
sers\motaung\Desktop\Ark-main\Ark-main\node_modules\es-iterator-helpers\Iterator.prototype.drop\index.js.DELETE.52e8b4e
d5efb7d710f3f0eba83eba12f'

npm warn tar TAR_ENTRY_ERROR ENOENT: no such file or directory, rename 
'C:\Users\motaung\Desktop\Ark-main\Ark-main\node_modules\sucrase\dist\identifyShadowedGlobals.js' -> 'C:\Users\motaung\
Desktop\Ark-main\Ark-main\node_modules\sucrase\dist\identifyShadowedGlobals.js.DELETE.48e7e8b987a50973ccc02516fd4b8489'

npm warn tar TAR_ENTRY_ERROR ENOENT: no such file or directory, open 'C:\Users\motaung\Desktop\Ark-main\Ark-main\node_m
odules\@rushstack\eslint-patch\lib-commonjs\eslint-bulk-suppressions\bulk-suppressions-file.js.map'

npm warn tar TAR_ENTRY_ERROR ENOENT: no such file or directory, open 'C:\Users\motaung\Desktop\Ark-main\Ark-main\node_m
odules\@typescript-eslint\typescript-estree\node_modules\minimatch\dist\mjs\escape.d.ts'

npm warn tar TAR_ENTRY_ERROR ENOENT: no such file or directory, open 'C:\Users\motaung\Desktop\Ark-main\Ark-main\node_m
odules\@typescript-eslint\typescript-estree\dist\create-program\createDefaultProgram.d.ts.map'

npm warn tar TAR_ENTRY_ERROR ENOENT: no such file or directory, open 'C:\Users\motaung\Desktop\Ark-main\Ark-main\node_m
odules\@typescript-eslint\typescript-estree\dist\create-program\createDefaultProgram.js.map'

npm warn tar TAR_ENTRY_ERROR ENOENT: no such file or directory, open 'C:\Users\motaung\Desktop\Ark-main\Ark-main\node_m
odules\@typescript-eslint\typescript-estree\dist\create-program\createIsolatedProgram.d.ts.map'

npm warn tar TAR_ENTRY_ERROR ENOENT: no such file or directory, open 'C:\Users\motaung\Desktop\Ark-main\Ark-main\node_m
odules\@typescript-eslint\typescript-estree\node_modules\minimatch\dist\mjs\index.d.ts'

npm warn tar TAR_ENTRY_ERROR ENOENT: no such file or directory, open 'C:\Users\motaung\Desktop\Ark-main\Ark-main\node_m
odules\@rushstack\eslint-patch\lib-commonjs\eslint-bulk-suppressions\bulk-suppressions-patch.js.map'

npm warn tar TAR_ENTRY_ERROR ENOENT: no such file or directory, open 'C:\Users\motaung\Desktop\Ark-main\Ark-main\node_m
odules\@typescript-eslint\typescript-estree\dist\create-program\createIsolatedProgram.js.map'

npm warn tar TAR_ENTRY_ERROR EPERM: operation not permitted, unlink 'C:\Users\motaung\Desktop\Ark-main\Ark-main\node_mo
dules\@typescript-eslint\typescript-estree\node_modules\minimatch\dist\cjs\unescape.d.ts.DELETE.86ba2bf805f2d2ee3b5a4d6
60b56ac36'

npm warn tar TAR_ENTRY_ERROR EPERM: operation not permitted, unlink 'C:\Users\motaung\Desktop\Ark-main\Ark-main\node_mo
dules\sucrase\dist\esm\parser\plugins\jsx\index.js.DELETE.35b133957e6161ba4c98ece486dffb9d'

npm warn tar TAR_ENTRY_ERROR ENOENT: no such file or directory, open 'C:\Users\motaung\Desktop\Ark-main\Ark-main\node_m
odules\@typescript-eslint\typescript-estree\node_modules\minimatch\dist\mjs\unescape.d.ts'

npm warn tar TAR_ENTRY_ERROR UNKNOWN: unknown error, open 
'C:\Users\motaung\Desktop\Ark-main\Ark-main\node_modules\axobject-query\lib\util\iterationDecorator.js'

npm warn tar TAR_ENTRY_ERROR EPERM: operation not permitted, unlink 'C:\Users\motaung\Desktop\Ark-main\Ark-main\node_mo
dules\eslint\lib\rules\default-case-last.js.DELETE.2eea59836707853df1c5f53e3b751f90'

npm warn tar TAR_ENTRY_ERROR ENOENT: no such file or directory, open 'C:\Users\motaung\Desktop\Ark-main\Ark-main\node_m
odules\@rushstack\eslint-patch\lib-commonjs\eslint-bulk-suppressions\constants.js.map'

npm warn tar TAR_ENTRY_ERROR ENOENT: no such file or directory, rename 
'C:\Users\motaung\Desktop\Ark-main\Ark-main\node_modules\resolve\test\resolver\dot_slash_main\index.js' -> 'C:\Users\mo
taung\Desktop\Ark-main\Ark-main\node_modules\resolve\test\resolver\dot_slash_main\index.js.DELETE.02bd74e44958cc2c0c777
157e82f61de'

npm warn tar TAR_ENTRY_ERROR ENOENT: no such file or directory, open 'C:\Users\motaung\Desktop\Ark-main\Ark-main\node_m
odules\@typescript-eslint\typescript-estree\dist\parseSettings\createParseSettings.d.ts.map'

npm warn tar TAR_ENTRY_ERROR ENOENT: no such file or directory, open 'C:\Users\motaung\Desktop\Ark-main\Ark-main\node_m
odules\@typescript-eslint\typescript-estree\dist\parseSettings\createParseSettings.js.map'

npm warn tar TAR_ENTRY_ERROR ENOENT: no such file or directory, open 'C:\Users\motaung\Desktop\Ark-main\Ark-main\node_m
odules\@typescript-eslint\typescript-estree\dist\create-program\createProjectProgram.d.ts.map'

npm warn tar TAR_ENTRY_ERROR ENOENT: no such file or directory, open 'C:\Users\motaung\Desktop\Ark-main\Ark-main\node_m
odules\@typescript-eslint\typescript-estree\dist\create-program\createProjectProgram.js.map'

npm warn tar TAR_ENTRY_ERROR ENOENT: no such file or directory, rename 
'C:\Users\motaung\Desktop\Ark-main\Ark-main\node_modules\tailwindcss\src\util\configurePlugins.js' -> 'C:\Users\motaung
\Desktop\Ark-main\Ark-main\node_modules\tailwindcss\src\util\configurePlugins.js.DELETE.dc9dc57491671ae64ca9c22bb89aa16
4'

npm warn tar TAR_ENTRY_ERROR ENOENT: no such file or directory, open 'C:\Users\motaung\Desktop\Ark-main\Ark-main\node_m
odules\@rushstack\eslint-patch\lib-commonjs\custom-config-package-names.js.map'

npm warn tar TAR_ENTRY_ERROR ENOENT: no such file or directory, open 'C:\Users\motaung\Desktop\Ark-main\Ark-main\node_m
odules\@typescript-eslint\typescript-estree\dist\create-program\createProjectService.d.ts.map'

npm warn tar TAR_ENTRY_ERROR UNKNOWN: unknown error, open 
'C:\Users\motaung\Desktop\Ark-main\Ark-main\node_modules\sucrase\dist\index.js'

npm warn tar TAR_ENTRY_ERROR ENOENT: no such file or directory, open 'C:\Users\motaung\Desktop\Ark-main\Ark-main\node_m
odules\@typescript-eslint\typescript-estree\dist\create-program\createProjectService.js.map'

npm warn tar TAR_ENTRY_ERROR ENOENT: no such file or directory, open 'C:\Users\motaung\Desktop\Ark-main\Ark-main\node_m
odules\@typescript-eslint\typescript-estree\dist\create-program\createSourceFile.d.ts.map'

npm warn tar TAR_ENTRY_ERROR ENOENT: no such file or directory, open 'C:\Users\motaung\Desktop\Ark-main\Ark-main\node_m
odules\@typescript-eslint\typescript-estree\dist\create-program\createSourceFile.js.map'

npm warn tar TAR_ENTRY_ERROR EPERM: operation not permitted, unlink 'C:\Users\motaung\Desktop\Ark-main\Ark-main\node_mo
dules\react-dom\cjs\react-dom.production.min.js.DELETE.ed30a05a7858e5aac019ab49fbb9d979'

npm warn tar TAR_ENTRY_ERROR ENOENT: no such file or directory, open 'C:\Users\motaung\Desktop\Ark-main\Ark-main\node_m
odules\@typescript-eslint\typescript-estree\dist\create-program\describeFilePath.d.ts.map'

npm warn tar TAR_ENTRY_ERROR ENOENT: no such file or directory, open 'C:\Users\motaung\Desktop\Ark-main\Ark-main\node_m
odules\@typescript-eslint\typescript-estree\dist\create-program\describeFilePath.js.map'

npm warn tar TAR_ENTRY_ERROR ENOENT: no such file or directory, open 'C:\Users\motaung\Desktop\Ark-main\Ark-main\node_m
odules\@rushstack\eslint-patch\lib-commonjs\exports\eslint-bulk.js.map'

npm warn tar TAR_ENTRY_ERROR ENOENT: no such file or directory, open 'C:\Users\motaung\Desktop\Ark-main\Ark-main\node_m
odules\@typescript-eslint\typescript-estree\dist\ts-estree\estree-to-ts-node-types.d.ts.map'

npm warn tar TAR_ENTRY_ERROR EPERM: operation not permitted, unlink 'C:\Users\motaung\Desktop\Ark-main\Ark-main\node_mo
dules\eslint\lib\rules\default-param-last.js.DELETE.22cbd51da094f25044bfd6aeca6500d8'

npm warn tar TAR_ENTRY_ERROR ENOENT: no such file or directory, open 
'C:\Users\motaung\Desktop\Ark-main\Ark-main\node_modules\@rushstack\eslint-patch\lib-esm\exports\eslint-bulk.js.map'

npm warn tar TAR_ENTRY_ERROR EPERM: operation not permitted, unlink 'C:\Users\motaung\Desktop\Ark-main\Ark-main\node_mo
dules\jsx-ast-utils\lib\values\JSXElement.js.DELETE.340af840f8672081b673595ccd8b4a49'

npm warn tar TAR_ENTRY_ERROR ENOENT: no such file or directory, open 'C:\Users\motaung\Desktop\Ark-main\Ark-main\node_m
odules\@typescript-eslint\typescript-estree\dist\ts-estree\estree-to-ts-node-types.js.map'

npm warn tar TAR_ENTRY_ERROR ENOENT: no such file or directory, open 'C:\Users\motaung\Desktop\Ark-main\Ark-main\node_m
odules\@typescript-eslint\typescript-estree\dist\parseSettings\ExpiringCache.d.ts.map'

npm warn tar TAR_ENTRY_ERROR ENOENT: no such file or directory, open 'C:\Users\motaung\Desktop\Ark-main\Ark-main\node_m
odules\@typescript-eslint\typescript-estree\dist\parseSettings\ExpiringCache.js.map'

npm warn tar TAR_ENTRY_ERROR ENOENT: no such file or directory, open 'C:\Users\motaung\Desktop\Ark-main\Ark-main\node_m
odules\@rushstack\eslint-patch\lib-commonjs\eslint-bulk-suppressions\generate-patched-file.js.map'

npm warn tar TAR_ENTRY_ERROR ENOENT: no such file or directory, rename 
'C:\Users\motaung\Desktop\Ark-main\Ark-main\node_modules\tailwindcss\src\corePluginList.js' -> 'C:\Users\motaung\Deskto
p\Ark-main\Ark-main\node_modules\tailwindcss\src\corePluginList.js.DELETE.186fe35bf106520d05512adc35cb5a53'

npm warn tar TAR_ENTRY_ERROR EPERM: operation not permitted, unlink 'C:\Users\motaung\Desktop\Ark-main\Ark-main\node_mo
dules\caniuse-lite\data\regions\BE.js.DELETE.75e63c1382fd23e73d19fdc230f76a0a'

npm warn tar TAR_ENTRY_ERROR EPERM: operation not permitted, unlink 'C:\Users\motaung\Desktop\Ark-main\Ark-main\node_mo
dules\ajv\lib\compile\util.js.DELETE.a4919df1c354df58ab22e715740d15ad'

npm warn tar TAR_ENTRY_ERROR ENOENT: no such file or directory, rename 
'C:\Users\motaung\Desktop\Ark-main\Ark-main\node_modules\eslint\lib\rules\dot-location.js' -> 'C:\Users\motaung\Desktop
\Ark-main\Ark-main\node_modules\eslint\lib\rules\dot-location.js.DELETE.2162542af8560513366e8958305484f3'

npm warn tar TAR_ENTRY_ERROR ENOENT: no such file or directory, open 
'C:\Users\motaung\Desktop\Ark-main\Ark-main\node_modules\caniuse-lite\data\features\beacon.js'

npm warn tar TAR_ENTRY_ERROR EPERM: operation not permitted, unlink 'C:\Users\motaung\Desktop\Ark-main\Ark-main\node_mo
dules\@typescript-eslint\typescript-estree\dist\getModifiers.js.map.DELETE.5e738ddb24e571385f9515bfe8578ae8'

npm warn tar TAR_ENTRY_ERROR EPERM: operation not permitted, unlink 'C:\Users\motaung\Desktop\Ark-main\Ark-main\node_mo
dules\react-dom\cjs\react-dom.profiling.min.js.DELETE.bf035fbf488be0b3e84b05e566d158e6'

npm warn tar TAR_ENTRY_ERROR ENOENT: no such file or directory, open 
'C:\Users\motaung\Desktop\Ark-main\Ark-main\node_modules\caniuse-lite\data\features\beforeafterprint.js'

npm warn tar TAR_ENTRY_ERROR ENOENT: no such file or directory, open 'C:\Users\motaung\Desktop\Ark-main\Ark-main\node_m
odules\@typescript-eslint\typescript-estree\dist\parseSettings\getProjectConfigFiles.d.ts.map'

npm warn tar TAR_ENTRY_ERROR UNKNOWN: unknown error, open 
'C:\Users\motaung\Desktop\Ark-main\Ark-main\node_modules\ajv\lib\dotjs\validate.js'

npm warn tar TAR_ENTRY_ERROR ENOENT: no such file or directory, open 'C:\Users\motaung\Desktop\Ark-main\Ark-main\node_m
odules\@typescript-eslint\typescript-estree\dist\parseSettings\getProjectConfigFiles.js.map'

npm warn tar TAR_ENTRY_ERROR ENOENT: no such file or directory, open 'C:\Users\motaung\Desktop\Ark-main\Ark-main\node_m
odules\@typescript-eslint\typescript-estree\dist\create-program\getScriptKind.d.ts.map'

npm warn tar TAR_ENTRY_ERROR EPERM: operation not permitted, unlink 'C:\Users\motaung\Desktop\Ark-main\Ark-main\node_mo
dules\tailwindcss\lib\corePlugins.js.DELETE.18da5a59264cd8947dac0f2cf88b4bee'

npm warn tar TAR_ENTRY_ERROR ENOENT: no such file or directory, open 'C:\Users\motaung\Desktop\Ark-main\Ark-main\node_m
odules\@typescript-eslint\typescript-estree\dist\create-program\getScriptKind.js.map'

npm warn tar TAR_ENTRY_ERROR ENOENT: no such file or directory, open 'C:\Users\motaung\Desktop\Ark-main\Ark-main\node_m
odules\@rushstack\eslint-patch\lib-commonjs\eslint-bulk-suppressions\cli\utils\get-eslint-cli.js.map'

npm warn tar TAR_ENTRY_ERROR ENOENT: no such file or directory, open 'C:\Users\motaung\Desktop\Ark-main\Ark-main\node_m
odules\@typescript-eslint\typescript-estree\dist\create-program\getWatchProgramsForProjects.d.ts.map'

npm warn tar TAR_ENTRY_ERROR UNKNOWN: unknown error, open 
'C:\Users\motaung\Desktop\Ark-main\Ark-main\node_modules\ajv\lib\refs\data.json'

npm warn tar TAR_ENTRY_ERROR ENOENT: no such file or directory, rename 
'C:\Users\motaung\Desktop\Ark-main\Ark-main\node_modules\es-iterator-helpers\Iterator.zip\index.js' -> 'C:\Users\motaun
g\Desktop\Ark-main\Ark-main\node_modules\es-iterator-helpers\Iterator.zip\index.js.DELETE.ab853f9877b4266cb69c7171ade25
024'

npm warn tar TAR_ENTRY_ERROR ENOENT: no such file or directory, open 'C:\Users\motaung\Desktop\Ark-main\Ark-main\node_m
odules\@typescript-eslint\typescript-estree\dist\create-program\getWatchProgramsForProjects.js.map'

npm warn tar TAR_ENTRY_ERROR EPERM: operation not permitted, unlink 'C:\Users\motaung\Desktop\Ark-main\Ark-main\node_mo
dules\ajv\lib\refs\json-schema-draft-04.json.DELETE.6c0ccb851f4b910f7078d9711de1c350'

npm warn tar TAR_ENTRY_ERROR ENOENT: no such file or directory, rename 
'C:\Users\motaung\Desktop\Ark-main\Ark-main\node_modules\@typescript-eslint\typescript-estree\dist\index.d.ts.map' -> '
C:\Users\motaung\Desktop\Ark-main\Ark-main\node_modules\@typescript-eslint\typescript-estree\dist\index.d.ts.map.DELETE
.9fae2ee708a49c5390855271edf59abf'

npm warn tar TAR_ENTRY_ERROR ENOENT: no such file or directory, open 'C:\Users\motaung\Desktop\Ark-main\Ark-main\node_m
odules\@typescript-eslint\typescript-estree\dist\parseSettings\index.d.ts.map'

npm warn tar TAR_ENTRY_ERROR ENOENT: no such file or directory, open 'C:\Users\motaung\Desktop\Ark-main\Ark-main\node_m
odules\@typescript-eslint\typescript-estree\dist\ts-estree\index.d.ts.map'

npm warn tar TAR_ENTRY_ERROR ENOENT: no such file or directory, rename 
'C:\Users\motaung\Desktop\Ark-main\Ark-main\node_modules\glob\dist\esm\pattern.d.ts' -> 'C:\Users\motaung\Desktop\Ark-m
ain\Ark-main\node_modules\glob\dist\esm\pattern.d.ts.DELETE.103e3a32d821dbb9e021e983c4412610'

npm warn tar TAR_ENTRY_ERROR UNKNOWN: unknown error, open 
'C:\Users\motaung\Desktop\Ark-main\Ark-main\node_modules\glob\dist\commonjs\processor.d.ts'

npm warn tar TAR_ENTRY_ERROR ENOENT: no such file or directory, open 'C:\Users\motaung\Desktop\Ark-main\Ark-main\node_m
odules\@rushstack\eslint-patch\lib-commonjs\eslint-bulk-suppressions\index.js.map'

npm warn tar TAR_ENTRY_ERROR ENOENT: no such file or directory, open 'C:\Users\motaung\Desktop\Ark-main\Ark-main\node_m
odules\@typescript-eslint\typescript-estree\dist\parseSettings\index.js.map'

npm warn tar TAR_ENTRY_ERROR EPERM: operation not permitted, unlink 'C:\Users\motaung\Desktop\Ark-main\Ark-main\node_mo
dules\caniuse-lite\data\regions\BI.js.DELETE.c115ef5ed2449590d7110f30b0085337'

npm warn tar TAR_ENTRY_ERROR ENOENT: no such file or directory, rename 
'C:\Users\motaung\Desktop\Ark-main\Ark-main\node_modules\ajv\lib\refs\json-schema-secure.json' -> 'C:\Users\motaung\Des
ktop\Ark-main\Ark-main\node_modules\ajv\lib\refs\json-schema-secure.json.DELETE.ccee27811951b09ef40d1aa77bbec51e'

npm warn tar TAR_ENTRY_ERROR ENOENT: no such file or directory, open 'C:\Users\motaung\Desktop\Ark-main\Ark-main\node_m
odules\@typescript-eslint\typescript-estree\dist\ts-estree\index.js.map'

npm warn tar TAR_ENTRY_ERROR ENOENT: no such file or directory, open 
'C:\Users\motaung\Desktop\Ark-main\Ark-main\node_modules\caniuse-lite\data\features\bigint.js'

npm warn tar TAR_ENTRY_ERROR ENOENT: no such file or directory, open 
'C:\Users\motaung\Desktop\Ark-main\Ark-main\node_modules\aria-query\lib\etc\roles\literal\documentRole.js'

npm warn tar TAR_ENTRY_ERROR ENOENT: no such file or directory, open 'C:\Users\motaung\Desktop\Ark-main\Ark-main\node_m
odules\@typescript-eslint\typescript-estree\dist\parseSettings\inferSingleRun.d.ts.map'

npm warn tar TAR_ENTRY_ERROR ENOENT: no such file or directory, rename 
'C:\Users\motaung\Desktop\Ark-main\Ark-main\node_modules\es-iterator-helpers\test\index.js' -> 'C:\Users\motaung\Deskto
p\Ark-main\Ark-main\node_modules\es-iterator-helpers\test\index.js.DELETE.57b2d0015eb12a598272ce33ae826ccc'

npm warn tar TAR_ENTRY_ERROR ENOENT: no such file or directory, open 'C:\Users\motaung\Desktop\Ark-main\Ark-main\node_m
odules\@typescript-eslint\typescript-estree\dist\parseSettings\inferSingleRun.js.map'

npm warn tar TAR_ENTRY_ERROR EPERM: operation not permitted, unlink 'C:\Users\motaung\Desktop\Ark-main\Ark-main\node_mo
dules\jsx-ast-utils\lib\values\expressions\LogicalExpression.js.DELETE.9d673e8a53a3dc479cd7f9066a5becf3'

npm warn tar TAR_ENTRY_ERROR ENOENT: no such file or directory, rename 
'C:\Users\motaung\Desktop\Ark-main\Ark-main\node_modules\jsx-ast-utils\src\values\expressions\LogicalExpression.js' -> 
'C:\Users\motaung\Desktop\Ark-main\Ark-main\node_modules\jsx-ast-utils\src\values\expressions\LogicalExpression.js.DELE
TE.a248108008e45aea6b00b656169befdb'

npm warn tar TAR_ENTRY_ERROR ENOENT: no such file or directory, open 
'C:\Users\motaung\Desktop\Ark-main\Ark-main\node_modules\ajv\lib\dot\_limit.jst'

npm warn tar TAR_ENTRY_ERROR ENOENT: no such file or directory, open 'C:\Users\motaung\Desktop\Ark-main\Ark-main\node_m
odules\@rushstack\eslint-patch\lib-commonjs\eslint-bulk-suppressions\cli\utils\is-correct-cwd.js.map'

npm warn tar TAR_ENTRY_ERROR ENOENT: no such file or directory, open 
'C:\Users\motaung\Desktop\Ark-main\Ark-main\node_modules\ajv\lib\dot\_limitItems.jst'

npm warn tar TAR_ENTRY_ERROR UNKNOWN: unknown error, open 
'C:\Users\motaung\Desktop\Ark-main\Ark-main\node_modules\glob\dist\esm\walker.d.ts'

npm warn deprecated glob@10.3.10: Old versions of glob are not supported, and contain widely publicized security 
vulnerabilities, which have been fixed in the current version. Please update. Support for old versions may be 
purchased (at exorbitant rates) by contacting i@izs.me

npm warn tar TAR_ENTRY_ERROR ENOENT: no such file or directory, open 
'C:\Users\motaung\Desktop\Ark-main\Ark-main\node_modules\ajv\lib\dot\_limitLength.jst'

npm warn tar TAR_ENTRY_ERROR ENOENT: no such file or directory, open 
'C:\Users\motaung\Desktop\Ark-main\Ark-main\node_modules\aria-query\lib\etc\roles\literal\emphasisRole.js'

npm warn tar TAR_ENTRY_ERROR ENOENT: no such file or directory, open 
'C:\Users\motaung\Desktop\Ark-main\Ark-main\node_modules\caniuse-lite\data\features\blobbuilder.js'

npm warn tar TAR_ENTRY_ERROR ENOENT: no such file or directory, rename 
'C:\Users\motaung\Desktop\Ark-main\Ark-main\node_modules\es-abstract\2024\AddToKeptObjects.js' -> 'C:\Users\motaung\Des
ktop\Ark-main\Ark-main\node_modules\es-abstract\2024\AddToKeptObjects.js.DELETE.074944f03f8ec7ebc10b09a2d5c628e9'

npm warn tar TAR_ENTRY_ERROR ENOENT: no such file or directory, open 
'C:\Users\motaung\Desktop\Ark-main\Ark-main\node_modules\ajv\lib\dot\_limitProperties.jst'

npm warn tar TAR_ENTRY_ERROR ENOENT: no such file or directory, open 
'C:\Users\motaung\Desktop\Ark-main\Ark-main\node_modules\aria-query\lib\etc\roles\literal\feedRole.js'

npm warn tar TAR_ENTRY_ERROR ENOENT: no such file or directory, open 
'C:\Users\motaung\Desktop\Ark-main\Ark-main\node_modules\caniuse-lite\data\features\bloburls.js'

npm warn tar TAR_ENTRY_ERROR EPERM: operation not permitted, unlink 'C:\Users\motaung\Desktop\Ark-main\Ark-main\node_mo
dules\@typescript-eslint\typescript-estree\dist\node-utils.js.map.DELETE.9126a1e77f486f4b31d58b2032bf6f16'

npm warn tar TAR_ENTRY_ERROR ENOENT: no such file or directory, rename 
'C:\Users\motaung\Desktop\Ark-main\Ark-main\node_modules\tailwindcss\src\util\createPlugin.js' -> 'C:\Users\motaung\Des
ktop\Ark-main\Ark-main\node_modules\tailwindcss\src\util\createPlugin.js.DELETE.9fb165678df8339c8476136872aca2c8'

npm warn tar TAR_ENTRY_ERROR ENOENT: no such file or directory, open 
'C:\Users\motaung\Desktop\Ark-main\Ark-main\node_modules\ajv\lib\dot\allOf.jst'

npm warn tar TAR_ENTRY_ERROR ENOENT: no such file or directory, unlink 'C:\Users\motaung\Desktop\Ark-main\Ark-main\node
_modules\es-abstract\2025\AddToKeptObjects.js.DELETE.d962e726943c7925a06c22e181e7f759'

npm warn tar TAR_ENTRY_ERROR ENOENT: no such file or directory, open 
'C:\Users\motaung\Desktop\Ark-main\Ark-main\node_modules\aria-query\lib\etc\roles\literal\figureRole.js'

npm warn tar TAR_ENTRY_ERROR ENOENT: no such file or directory, rename 
'C:\Users\motaung\Desktop\Ark-main\Ark-main\node_modules\tailwindcss\lib\util\createUtilityPlugin.js' -> 'C:\Users\mota
ung\Desktop\Ark-main\Ark-main\node_modules\tailwindcss\lib\util\createUtilityPlugin.js.DELETE.e63332bd281955be958c78706
39414d7'

npm warn tar TAR_ENTRY_ERROR ENOENT: no such file or directory, open 
'C:\Users\motaung\Desktop\Ark-main\Ark-main\node_modules\ajv\lib\dot\anyOf.jst'

npm warn tar TAR_ENTRY_ERROR ENOENT: no such file or directory, open 
'C:\Users\motaung\Desktop\Ark-main\Ark-main\node_modules\aria-query\lib\etc\roles\literal\formRole.js'

npm warn tar TAR_ENTRY_ERROR UNKNOWN: unknown error, open 
'C:\Users\motaung\Desktop\Ark-main\Ark-main\node_modules\caniuse-lite\data\regions\BM.js'

npm warn tar TAR_ENTRY_ERROR ENOENT: no such file or directory, open 
'C:\Users\motaung\Desktop\Ark-main\Ark-main\node_modules\ajv\lib\dot\comment.jst'

npm warn tar TAR_ENTRY_ERROR ENOENT: no such file or directory, open 
'C:\Users\motaung\Desktop\Ark-main\Ark-main\node_modules\aria-query\lib\etc\roles\literal\genericRole.js'

npm warn tar TAR_ENTRY_ERROR ENOENT: no such file or directory, open 
'C:\Users\motaung\Desktop\Ark-main\Ark-main\node_modules\ajv\lib\dot\const.jst'

npm warn tar TAR_ENTRY_ERROR ENOENT: no such file or directory, open 
'C:\Users\motaung\Desktop\Ark-main\Ark-main\node_modules\es-abstract\2025\AddValueToKeyedGroup.js'

npm warn tar TAR_ENTRY_ERROR ENOENT: no such file or directory, rename 
'C:\Users\motaung\Desktop\Ark-main\Ark-main\node_modules\es-iterator-helpers\test\Iterator.from.js' -> 'C:\Users\motaun
g\Desktop\Ark-main\Ark-main\node_modules\es-iterator-helpers\test\Iterator.from.js.DELETE.94c7511d97071a9c1f51625bbc3a0
5d6'

npm warn tar TAR_ENTRY_ERROR ENOENT: no such file or directory, open 
'C:\Users\motaung\Desktop\Ark-main\Ark-main\node_modules\ajv\lib\dot\contains.jst'

npm warn tar TAR_ENTRY_ERROR ENOENT: no such file or directory, open 'C:\Users\motaung\Desktop\Ark-main\Ark-main\node_m
odules\@rushstack\eslint-patch\lib-commonjs\modern-module-resolution.js.map'

npm warn tar TAR_ENTRY_ERROR ENOENT: no such file or directory, open 
'C:\Users\motaung\Desktop\Ark-main\Ark-main\node_modules\es-abstract\2015\AdvanceStringIndex.js'

npm warn tar TAR_ENTRY_ERROR ENOENT: no such file or directory, open 
'C:\Users\motaung\Desktop\Ark-main\Ark-main\node_modules\ajv\lib\dot\custom.jst'

npm warn tar TAR_ENTRY_ERROR ENOENT: no such file or directory, open 
'C:\Users\motaung\Desktop\Ark-main\Ark-main\node_modules\es-abstract\2016\AdvanceStringIndex.js'

npm warn tar TAR_ENTRY_ERROR ENOENT: no such file or directory, open 
'C:\Users\motaung\Desktop\Ark-main\Ark-main\node_modules\ajv\lib\dot\dependencies.jst'

npm warn tar TAR_ENTRY_ERROR ENOENT: no such file or directory, open 
'C:\Users\motaung\Desktop\Ark-main\Ark-main\node_modules\es-abstract\2017\AdvanceStringIndex.js'

npm warn tar TAR_ENTRY_ERROR ENOENT: no such file or directory, open 
'C:\Users\motaung\Desktop\Ark-main\Ark-main\node_modules\ajv\lib\dot\enum.jst'

npm warn tar TAR_ENTRY_ERROR ENOENT: no such file or directory, open 
'C:\Users\motaung\Desktop\Ark-main\Ark-main\node_modules\caniuse-lite\data\features\border-image.js'

npm warn tar TAR_ENTRY_ERROR ENOENT: no such file or directory, open 
'C:\Users\motaung\Desktop\Ark-main\Ark-main\node_modules\ajv\lib\dot\format.jst'

npm warn tar TAR_ENTRY_ERROR ENOENT: no such file or directory, open 
'C:\Users\motaung\Desktop\Ark-main\Ark-main\node_modules\caniuse-lite\data\features\border-radius.js'

npm warn tar TAR_ENTRY_ERROR ENOENT: no such file or directory, open 
'C:\Users\motaung\Desktop\Ark-main\Ark-main\node_modules\aria-query\lib\etc\roles\literal\graphicsDocumentRole.js'

npm warn tar TAR_ENTRY_ERROR ENOENT: no such file or directory, open 
'C:\Users\motaung\Desktop\Ark-main\Ark-main\node_modules\ajv\lib\dot\if.jst'

npm warn tar TAR_ENTRY_ERROR ENOENT: no such file or directory, open 
'C:\Users\motaung\Desktop\Ark-main\Ark-main\node_modules\ajv\lib\dot\items.jst'

npm warn tar TAR_ENTRY_ERROR UNKNOWN: unknown error, open 
'C:\Users\motaung\Desktop\Ark-main\Ark-main\node_modules\caniuse-lite\data\regions\BR.js'

npm warn tar TAR_ENTRY_ERROR EPERM: operation not permitted, unlink 'C:\Users\motaung\Desktop\Ark-main\Ark-main\node_mo
dules\@typescript-eslint\typescript-estree\dist\parser.js.map.DELETE.cf72c59d7bb6963877ad61ad308b9dd1'

npm warn tar TAR_ENTRY_ERROR ENOENT: no such file or directory, open 
'C:\Users\motaung\Desktop\Ark-main\Ark-main\node_modules\ajv\lib\dot\multipleOf.jst'

npm warn tar TAR_ENTRY_ERROR ENOENT: no such file or directory, open 'C:\Users\motaung\Desktop\Ark-main\Ark-main\node_m
odules\@rushstack\eslint-patch\lib-commonjs\eslint-bulk-suppressions\path-utils.js.map'

npm warn tar TAR_ENTRY_ERROR ENOENT: no such file or directory, open 
'C:\Users\motaung\Desktop\Ark-main\Ark-main\node_modules\caniuse-lite\data\features\broadcastchannel.js'

npm warn tar TAR_ENTRY_ERROR ENOENT: no such file or directory, open 'C:\Users\motaung\Desktop\Ark-main\Ark-main\node_m
odules\@typescript-eslint\typescript-estree\dist\parseSettings\resolveProjectList.d.ts.map'

npm warn tar TAR_ENTRY_ERROR ENOENT: no such file or directory, open 
'C:\Users\motaung\Desktop\Ark-main\Ark-main\node_modules\ajv\lib\dot\not.jst'

npm warn tar TAR_ENTRY_ERROR ENOENT: no such file or directory, open 
'C:\Users\motaung\Desktop\Ark-main\Ark-main\node_modules\caniuse-lite\data\features\brotli.js'

npm warn tar TAR_ENTRY_ERROR ENOENT: no such file or directory, open 'C:\Users\motaung\Desktop\Ark-main\Ark-main\node_m
odules\@typescript-eslint\typescript-estree\dist\parseSettings\resolveProjectList.js.map'

npm warn tar TAR_ENTRY_ERROR ENOENT: no such file or directory, open 
'C:\Users\motaung\Desktop\Ark-main\Ark-main\node_modules\ajv\lib\dot\oneOf.jst'

npm warn tar TAR_ENTRY_ERROR ENOENT: no such file or directory, open 
'C:\Users\motaung\Desktop\Ark-main\Ark-main\node_modules\aria-query\lib\etc\roles\literal\graphicsObjectRole.js'

npm warn tar TAR_ENTRY_ERROR ENOENT: no such file or directory, open 
'C:\Users\motaung\Desktop\Ark-main\Ark-main\node_modules\ajv\lib\dot\pattern.jst'

npm warn tar TAR_ENTRY_ERROR ENOENT: no such file or directory, open 
'C:\Users\motaung\Desktop\Ark-main\Ark-main\node_modules\ajv\lib\dot\properties.jst'

npm warn tar TAR_ENTRY_ERROR ENOENT: no such file or directory, open 
'C:\Users\motaung\Desktop\Ark-main\Ark-main\node_modules\ajv\lib\dot\propertyNames.jst'

npm warn tar TAR_ENTRY_ERROR ENOENT: no such file or directory, open 
'C:\Users\motaung\Desktop\Ark-main\Ark-main\node_modules\caniuse-lite\dist\unpacker\browsers.js'

npm warn tar TAR_ENTRY_ERROR ENOENT: no such file or directory, open 
'C:\Users\motaung\Desktop\Ark-main\Ark-main\node_modules\ajv\lib\dot\ref.jst'

npm warn tar TAR_ENTRY_ERROR ENOENT: no such file or directory, open 
'C:\Users\motaung\Desktop\Ark-main\Ark-main\node_modules\aria-query\lib\etc\roles\literal\graphicsSymbolRole.js'

npm warn tar TAR_ENTRY_ERROR ENOENT: no such file or directory, open 
'C:\Users\motaung\Desktop\Ark-main\Ark-main\node_modules\ajv\lib\dot\required.jst'

npm warn tar TAR_ENTRY_ERROR ENOENT: no such file or directory, open 
'C:\Users\motaung\Desktop\Ark-main\Ark-main\node_modules\eslint\lib\cli-engine\file-enumerator.js'

npm warn tar TAR_ENTRY_ERROR ENOENT: no such file or directory, open 'C:\Users\motaung\Desktop\Ark-main\Ark-main\node_m
odules\@rushstack\eslint-patch\lib-commonjs\eslint-bulk-suppressions\cli\utils\print-help.js.map'

npm warn tar TAR_ENTRY_ERROR ENOENT: no such file or directory, open 
'C:\Users\motaung\Desktop\Ark-main\Ark-main\node_modules\aria-query\lib\etc\roles\literal\gridcellRole.js'

npm warn tar TAR_ENTRY_ERROR ENOENT: no such file or directory, open 
'C:\Users\motaung\Desktop\Ark-main\Ark-main\node_modules\ajv\lib\dot\uniqueItems.jst'

npm warn tar TAR_ENTRY_ERROR ENOENT: no such file or directory, open 'C:\Users\motaung\Desktop\Ark-main\Ark-main\node_m
odules\@typescript-eslint\typescript-estree\dist\create-program\shared.d.ts.map'

npm warn tar TAR_ENTRY_ERROR ENOENT: no such file or directory, open 
'C:\Users\motaung\Desktop\Ark-main\Ark-main\node_modules\aria-query\lib\etc\roles\literal\gridRole.js'

npm warn tar TAR_ENTRY_ERROR ENOENT: no such file or directory, open 
'C:\Users\motaung\Desktop\Ark-main\Ark-main\node_modules\ajv\lib\dot\validate.jst'

npm warn tar TAR_ENTRY_ERROR ENOENT: no such file or directory, open 
'C:\Users\motaung\Desktop\Ark-main\Ark-main\node_modules\caniuse-lite\dist\unpacker\browserVersions.js'

npm warn tar TAR_ENTRY_ERROR EPERM: operation not permitted, unlink 'C:\Users\motaung\Desktop\Ark-main\Ark-main\node_mo
dules\autoprefixer\lib\resolution.js.DELETE.9df3139d41de3db46a46a6ba0d619019'

npm warn tar TAR_ENTRY_ERROR ENOENT: no such file or directory, open 'C:\Users\motaung\Desktop\Ark-main\Ark-main\node_m
odules\@typescript-eslint\typescript-estree\dist\create-program\shared.js.map'

npm warn tar TAR_ENTRY_ERROR ENOENT: no such file or directory, open 
'C:\Users\motaung\Desktop\Ark-main\Ark-main\node_modules\aria-query\lib\etc\roles\literal\groupRole.js'

npm warn tar TAR_ENTRY_ERROR ENOENT: no such file or directory, open 
'C:\Users\motaung\Desktop\Ark-main\Ark-main\node_modules\eslint-plugin-import\config\react-native.js'

npm warn tar TAR_ENTRY_ERROR ENOENT: no such file or directory, open 
'C:\Users\motaung\Desktop\Ark-main\Ark-main\node_modules\aria-query\lib\etc\roles\literal\headingRole.js'

npm warn tar TAR_ENTRY_ERROR ENOENT: no such file or directory, open 
'C:\Users\motaung\Desktop\Ark-main\Ark-main\node_modules\eslint-plugin-import\config\flat\react.js'

npm warn tar TAR_ENTRY_ERROR UNKNOWN: unknown error, open 
'C:\Users\motaung\Desktop\Ark-main\Ark-main\node_modules\autoprefixer\lib\selector.js'

npm warn tar TAR_ENTRY_ERROR ENOENT: no such file or directory, open 
'C:\Users\motaung\Desktop\Ark-main\Ark-main\node_modules\aria-query\lib\etc\roles\literal\imgRole.js'

npm warn tar TAR_ENTRY_ERROR ENOENT: no such file or directory, open 
'C:\Users\motaung\Desktop\Ark-main\Ark-main\node_modules\eslint\lib\rules\utils\fix-tracker.js'

npm warn tar TAR_ENTRY_ERROR ENOENT: no such file or directory, rename 
'C:\Users\motaung\Desktop\Ark-main\Ark-main\node_modules\eslint-plugin-react\lib\rules\jsx-sort-props.js' -> 'C:\Users\
motaung\Desktop\Ark-main\Ark-main\node_modules\eslint-plugin-react\lib\rules\jsx-sort-props.js.DELETE.8963cf12c8bb2230d
dc6ab33058672eb'

npm warn tar TAR_ENTRY_ERROR ENOENT: no such file or directory, open 
'C:\Users\motaung\Desktop\Ark-main\Ark-main\node_modules\eslint-plugin-import\config\react.js'

npm warn tar TAR_ENTRY_ERROR ENOENT: no such file or directory, open 
'C:\Users\motaung\Desktop\Ark-main\Ark-main\node_modules\eslint\lib\config\flat-config-array.js'

npm warn tar TAR_ENTRY_ERROR ENOENT: no such file or directory, open 
'C:\Users\motaung\Desktop\Ark-main\Ark-main\node_modules\eslint-plugin-import\config\flat\recommended.js'

npm warn tar TAR_ENTRY_ERROR EPERM: operation not permitted, unlink 'C:\Users\motaung\Desktop\Ark-main\Ark-main\node_mo
dules\eslint-plugin-react\lib\rules\jsx-space-before-closing.js.DELETE.02488dc18376dec6bcd5731a7fef19ef'

npm warn tar TAR_ENTRY_ERROR ENOENT: no such file or directory, open 
'C:\Users\motaung\Desktop\Ark-main\Ark-main\node_modules\eslint\lib\config\flat-config-helpers.js'

npm warn tar TAR_ENTRY_ERROR ENOENT: no such file or directory, open 
'C:\Users\motaung\Desktop\Ark-main\Ark-main\node_modules\eslint-plugin-import\config\recommended.js'

npm warn tar TAR_ENTRY_ERROR ENOENT: no such file or directory, rename 
'C:\Users\motaung\Desktop\Ark-main\Ark-main\node_modules\eslint-plugin-react\lib\rules\jsx-tag-spacing.js' -> 'C:\Users
\motaung\Desktop\Ark-main\Ark-main\node_modules\eslint-plugin-react\lib\rules\jsx-tag-spacing.js.DELETE.a922e17a30bc356
ef5e48fbb42e450cd'

npm warn tar TAR_ENTRY_ERROR UNKNOWN: unknown error, open 'C:\Users\motaung\Desktop\Ark-main\Ark-main\node_modules\@typ
escript-eslint\typescript-estree\dist\simple-traverse.js.map'

npm warn tar TAR_ENTRY_ERROR ENOENT: no such file or directory, open 
'C:\Users\motaung\Desktop\Ark-main\Ark-main\node_modules\eslint\lib\config\flat-config-schema.js'

npm warn tar TAR_ENTRY_ERROR ENOENT: no such file or directory, open 'C:\Users\motaung\Desktop\Ark-main\Ark-main\node_m
odules\@rushstack\eslint-patch\lib-commonjs\eslint-bulk-suppressions\cli\prune.js.map'

npm warn tar TAR_ENTRY_ERROR EPERM: operation not permitted, unlink 'C:\Users\motaung\Desktop\Ark-main\Ark-main\node_mo
dules\caniuse-lite\data\regions\BW.js.DELETE.98244d05de0ea0c5b8ca588ba1ef46bb'

npm warn tar TAR_ENTRY_ERROR ENOENT: no such file or directory, open 
'C:\Users\motaung\Desktop\Ark-main\Ark-main\node_modules\aria-query\lib\etc\roles\literal\insertionRole.js'

npm warn tar TAR_ENTRY_ERROR EPERM: operation not permitted, unlink 'C:\Users\motaung\Desktop\Ark-main\Ark-main\node_mo
dules\ajv\lib\dotjs\README.md.DELETE.731207816472584d327c2aaed95db82d'

npm warn tar TAR_ENTRY_ERROR ENOENT: no such file or directory, open 
'C:\Users\motaung\Desktop\Ark-main\Ark-main\node_modules\eslint-plugin-import\lib\core\sourceType.js'

npm warn tar TAR_ENTRY_ERROR ENOENT: no such file or directory, open 'C:\Users\motaung\Desktop\Ark-main\Ark-main\node_m
odules\@typescript-eslint\typescript-estree\dist\ts-estree\ts-nodes.d.ts.map'

npm warn tar TAR_ENTRY_ERROR ENOENT: no such file or directory, open 
'C:\Users\motaung\Desktop\Ark-main\Ark-main\node_modules\es-abstract\2025\AdvanceStringIndex.js'

npm warn tar TAR_ENTRY_ERROR ENOENT: no such file or directory, open 'C:\Users\motaung\Desktop\Ark-main\Ark-main\node_m
odules\@rushstack\eslint-patch\lib-commonjs\eslint-bulk-suppressions\cli\runEslint.js.map'

npm warn tar TAR_ENTRY_ERROR ENOENT: no such file or directory, open 'C:\Users\motaung\Desktop\Ark-main\Ark-main\node_m
odules\@typescript-eslint\typescript-estree\dist\ts-estree\ts-nodes.js.map'

npm warn tar TAR_ENTRY_ERROR ENOENT: no such file or directory, open 
'C:\Users\motaung\Desktop\Ark-main\Ark-main\node_modules\eslint-plugin-import\config\stage-0.js'

npm warn tar TAR_ENTRY_ERROR ENOENT: no such file or directory, open 
'C:\Users\motaung\Desktop\Ark-main\Ark-main\node_modules\eslint-plugin-import\lib\core\staticRequire.js'

npm warn tar TAR_ENTRY_ERROR ENOENT: no such file or directory, open 
'C:\Users\motaung\Desktop\Ark-main\Ark-main\node_modules\eslint-plugin-import\config\typescript.js'

npm warn tar TAR_ENTRY_ERROR ENOENT: no such file or directory, open 
'C:\Users\motaung\Desktop\Ark-main\Ark-main\node_modules\es-abstract\2025\AllCharacters.js'

npm warn tar TAR_ENTRY_ERROR ENOENT: no such file or directory, open 
'C:\Users\motaung\Desktop\Ark-main\Ark-main\node_modules\caniuse-lite\data\features\calc.js'

npm warn tar TAR_ENTRY_ERROR ENOENT: no such file or directory, open 
'C:\Users\motaung\Desktop\Ark-main\Ark-main\node_modules\caniuse-lite\data\features\canvas-blending.js'

npm warn tar TAR_ENTRY_ERROR ENOENT: no such file or directory, open 
'C:\Users\motaung\Desktop\Ark-main\Ark-main\node_modules\caniuse-lite\data\features\canvas-text.js'

npm warn tar TAR_ENTRY_ERROR ENOENT: no such file or directory, open 
'C:\Users\motaung\Desktop\Ark-main\Ark-main\node_modules\ajv\scripts\.eslintrc.yml'

npm warn tar TAR_ENTRY_ERROR ENOENT: no such file or directory, open 'C:\Users\motaung\Desktop\Ark-main\Ark-main\node_m
odules\@rushstack\eslint-patch\lib-commonjs\eslint-bulk-suppressions\cli\start.js.map'

npm warn tar TAR_ENTRY_ERROR ENOENT: no such file or directory, open 
'C:\Users\motaung\Desktop\Ark-main\Ark-main\node_modules\aria-query\lib\etc\roles\literal\linkRole.js'

npm warn tar TAR_ENTRY_ERROR ENOENT: no such file or directory, open 
'C:\Users\motaung\Desktop\Ark-main\Ark-main\node_modules\caniuse-lite\data\features\canvas.js'

npm warn tar TAR_ENTRY_ERROR ENOENT: no such file or directory, open 
'C:\Users\motaung\Desktop\Ark-main\Ark-main\node_modules\aria-query\lib\etc\roles\literal\listboxRole.js'

npm warn tar TAR_ENTRY_ERROR ENOENT: no such file or directory, open 
'C:\Users\motaung\Desktop\Ark-main\Ark-main\node_modules\aria-query\lib\etc\roles\literal\listitemRole.js'

npm warn tar TAR_ENTRY_ERROR ENOENT: no such file or directory, open 
'C:\Users\motaung\Desktop\Ark-main\Ark-main\node_modules\eslint-plugin-import\config\flat\warnings.js'

npm warn tar TAR_ENTRY_ERROR ENOENT: no such file or directory, open 
'C:\Users\motaung\Desktop\Ark-main\Ark-main\node_modules\aria-query\lib\etc\roles\literal\listRole.js'

npm warn tar TAR_ENTRY_ERROR ENOENT: no such file or directory, open 
'C:\Users\motaung\Desktop\Ark-main\Ark-main\node_modules\eslint-plugin-import\config\warnings.js'

npm warn tar TAR_ENTRY_ERROR ENOENT: no such file or directory, open 
'C:\Users\motaung\Desktop\Ark-main\Ark-main\node_modules\es-abstract\2025\ApplyStringOrNumericBinaryOperator.js'

npm warn tar TAR_ENTRY_ERROR ENOENT: no such file or directory, open 
'C:\Users\motaung\Desktop\Ark-main\Ark-main\node_modules\aria-query\lib\etc\roles\literal\logRole.js'

npm warn tar TAR_ENTRY_ERROR ENOENT: no such file or directory, open 
'C:\Users\motaung\Desktop\Ark-main\Ark-main\node_modules\aria-query\lib\etc\roles\literal\mainRole.js'

npm warn tar TAR_ENTRY_ERROR ENOENT: no such file or directory, open 'C:\Users\motaung\Desktop\Ark-main\Ark-main\node_m
odules\@typescript-eslint\typescript-estree\dist\create-program\useProvidedPrograms.d.ts.map'

npm warn tar TAR_ENTRY_ERROR ENOENT: no such file or directory, open 
'C:\Users\motaung\Desktop\Ark-main\Ark-main\node_modules\aria-query\lib\etc\roles\literal\markRole.js'

npm warn tar TAR_ENTRY_ERROR ENOENT: no such file or directory, open 'C:\Users\motaung\Desktop\Ark-main\Ark-main\node_m
odules\@rushstack\eslint-patch\lib-commonjs\eslint-bulk-suppressions\cli\suppress.js.map'

npm warn tar TAR_ENTRY_ERROR ENOENT: no such file or directory, open 'C:\Users\motaung\Desktop\Ark-main\Ark-main\node_m
odules\@typescript-eslint\typescript-estree\dist\create-program\useProvidedPrograms.js.map'

npm warn tar TAR_ENTRY_ERROR ENOENT: no such file or directory, open 
'C:\Users\motaung\Desktop\Ark-main\Ark-main\node_modules\es-abstract\2025\ArrayBufferByteLength.js'

npm warn tar TAR_ENTRY_ERROR ENOENT: no such file or directory, open 
'C:\Users\motaung\Desktop\Ark-main\Ark-main\node_modules\aria-query\lib\etc\roles\literal\marqueeRole.js'

npm warn tar TAR_ENTRY_ERROR ENOENT: no such file or directory, open 
'C:\Users\motaung\Desktop\Ark-main\Ark-main\node_modules\aria-query\lib\etc\roles\literal\mathRole.js'

npm warn tar TAR_ENTRY_ERROR ENOENT: no such file or directory, open 
'C:\Users\motaung\Desktop\Ark-main\Ark-main\node_modules\aria-query\lib\etc\roles\literal\menubarRole.js'

npm warn tar TAR_ENTRY_ERROR ENOENT: no such file or directory, open 
'C:\Users\motaung\Desktop\Ark-main\Ark-main\node_modules\aria-query\lib\etc\roles\literal\menuitemcheckboxRole.js'

npm warn tar TAR_ENTRY_ERROR ENOENT: no such file or directory, open 
'C:\Users\motaung\Desktop\Ark-main\Ark-main\node_modules\es-abstract\2025\ArrayBufferCopyAndDetach.js'

npm warn tar TAR_ENTRY_ERROR ENOENT: no such file or directory, open 
'C:\Users\motaung\Desktop\Ark-main\Ark-main\node_modules\caniuse-lite\data\features\ch-unit.js'

npm warn tar TAR_ENTRY_ERROR ENOENT: no such file or directory, open 
'C:\Users\motaung\Desktop\Ark-main\Ark-main\node_modules\aria-query\lib\etc\roles\literal\menuitemradioRole.js'

npm warn tar TAR_ENTRY_ERROR ENOENT: no such file or directory, open 
'C:\Users\motaung\Desktop\Ark-main\Ark-main\node_modules\es-abstract\2015\ArrayCreate.js'

npm warn tar TAR_ENTRY_ERROR ENOENT: no such file or directory, open 
'C:\Users\motaung\Desktop\Ark-main\Ark-main\node_modules\aria-query\lib\etc\roles\literal\menuitemRole.js'

npm warn tar TAR_ENTRY_ERROR ENOENT: no such file or directory, open 
'C:\Users\motaung\Desktop\Ark-main\Ark-main\node_modules\es-abstract\2016\ArrayCreate.js'

npm warn tar TAR_ENTRY_ERROR ENOENT: no such file or directory, open 
'C:\Users\motaung\Desktop\Ark-main\Ark-main\node_modules\aria-query\lib\etc\roles\literal\menuRole.js'

npm warn tar TAR_ENTRY_ERROR ENOENT: no such file or directory, open 
'C:\Users\motaung\Desktop\Ark-main\Ark-main\node_modules\es-abstract\2017\ArrayCreate.js'

npm warn tar TAR_ENTRY_ERROR ENOENT: no such file or directory, open 
'C:\Users\motaung\Desktop\Ark-main\Ark-main\node_modules\@rushstack\eslint-patch\lib-commonjs\usage.js.map'

npm warn tar TAR_ENTRY_ERROR ENOENT: no such file or directory, open 'C:\Users\motaung\Desktop\Ark-main\Ark-main\node_m
odules\@typescript-eslint\typescript-estree\dist\parseSettings\warnAboutTSVersion.d.ts.map'

npm warn tar TAR_ENTRY_ERROR ENOENT: no such file or directory, open 
'C:\Users\motaung\Desktop\Ark-main\Ark-main\node_modules\aria-query\lib\etc\roles\literal\meterRole.js'

npm warn tar TAR_ENTRY_ERROR ENOENT: no such file or directory, open 'C:\Users\motaung\Desktop\Ark-main\Ark-main\node_m
odules\@typescript-eslint\typescript-estree\dist\parseSettings\warnAboutTSVersion.js.map'

npm warn tar TAR_ENTRY_ERROR ENOENT: no such file or directory, open 
'C:\Users\motaung\Desktop\Ark-main\Ark-main\node_modules\aria-query\lib\etc\roles\literal\navigationRole.js'

npm warn tar TAR_ENTRY_ERROR ENOENT: no such file or directory, open 
'C:\Users\motaung\Desktop\Ark-main\Ark-main\node_modules\caniuse-lite\data\features\chacha20-poly1305.js'

npm warn tar TAR_ENTRY_ERROR ENOENT: no such file or directory, open 'C:\Users\motaung\Desktop\Ark-main\Ark-main\node_m
odules\@typescript-eslint\typescript-estree\dist\create-program\WatchCompilerHostOfConfigFile.d.ts.map'

npm warn tar TAR_ENTRY_ERROR ENOENT: no such file or directory, open 
'C:\Users\motaung\Desktop\Ark-main\Ark-main\node_modules\aria-query\lib\etc\roles\literal\noneRole.js'

npm warn tar TAR_ENTRY_ERROR ENOENT: no such file or directory, open 
'C:\Users\motaung\Desktop\Ark-main\Ark-main\node_modules\caniuse-lite\data\features\channel-messaging.js'

npm warn tar TAR_ENTRY_ERROR ENOENT: no such file or directory, open 'C:\Users\motaung\Desktop\Ark-main\Ark-main\node_m
odules\@typescript-eslint\typescript-estree\dist\create-program\WatchCompilerHostOfConfigFile.js.map'

npm warn tar TAR_ENTRY_ERROR ENOENT: no such file or directory, open 
'C:\Users\motaung\Desktop\Ark-main\Ark-main\node_modules\aria-query\lib\etc\roles\literal\noteRole.js'

npm warn tar TAR_ENTRY_ERROR ENOENT: no such file or directory, open 
'C:\Users\motaung\Desktop\Ark-main\Ark-main\node_modules\caniuse-lite\data\features\childnode-remove.js'

npm warn tar TAR_ENTRY_ERROR ENOENT: no such file or directory, open 
'C:\Users\motaung\Desktop\Ark-main\Ark-main\node_modules\aria-query\lib\etc\roles\literal\optionRole.js'

npm warn tar TAR_ENTRY_ERROR ENOENT: no such file or directory, open 
'C:\Users\motaung\Desktop\Ark-main\Ark-main\node_modules\aria-query\lib\etc\roles\literal\paragraphRole.js'

npm warn tar TAR_ENTRY_ERROR ENOENT: no such file or directory, open 
'C:\Users\motaung\Desktop\Ark-main\Ark-main\node_modules\aria-query\lib\etc\roles\literal\presentationRole.js'

npm warn tar TAR_ENTRY_ERROR ENOENT: no such file or directory, rename 
'C:\Users\motaung\Desktop\Ark-main\Ark-main\node_modules\eslint-plugin-react\lib\rules\no-array-index-key.js' -> 'C:\Us
ers\motaung\Desktop\Ark-main\Ark-main\node_modules\eslint-plugin-react\lib\rules\no-array-index-key.js.DELETE.46b62505b
5b2fba4c7c97764cce42a39'

npm warn tar TAR_ENTRY_ERROR ENOENT: no such file or directory, open 'C:\Users\motaung\Desktop\Ark-main\Ark-main\node_m
odules\@rushstack\eslint-patch\lib-commonjs\eslint-bulk-suppressions\cli\utils\wrap-words-to-lines.js.map'

npm warn tar TAR_ENTRY_ERROR ENOENT: no such file or directory, open 
'C:\Users\motaung\Desktop\Ark-main\Ark-main\node_modules\aria-query\lib\etc\roles\literal\progressbarRole.js'

npm warn tar TAR_ENTRY_ERROR ENOENT: no such file or directory, open 
'C:\Users\motaung\Desktop\Ark-main\Ark-main\node_modules\aria-query\lib\etc\roles\literal\radiogroupRole.js'

npm warn tar TAR_ENTRY_ERROR ENOENT: no such file or directory, open 
'C:\Users\motaung\Desktop\Ark-main\Ark-main\node_modules\aria-query\lib\etc\roles\literal\radioRole.js'

npm warn tar TAR_ENTRY_ERROR ENOENT: no such file or directory, open 
'C:\Users\motaung\Desktop\Ark-main\Ark-main\node_modules\es-iterator-helpers\Iterator.concat\polyfill.js'

npm warn tar TAR_ENTRY_ERROR ENOENT: no such file or directory, open 'C:\Users\motaung\Desktop\Ark-main\Ark-main\node_m
odules\eslint-plugin-react\node_modules\resolve\test\resolver\multirepo\package.json'

npm warn tar TAR_ENTRY_ERROR ENOENT: no such file or directory, open 
'C:\Users\motaung\Desktop\Ark-main\Ark-main\node_modules\aria-query\lib\etc\roles\literal\regionRole.js'

npm warn tar TAR_ENTRY_ERROR ENOENT: no such file or directory, open 'C:\Users\motaung\Desktop\Ark-main\Ark-main\node_m
odules\es-iterator-helpers\Iterator.prototype.constructor\polyfill.js'

npm warn tar TAR_ENTRY_ERROR ENOENT: no such file or directory, open 'C:\Users\motaung\Desktop\Ark-main\Ark-main\node_m
odules\eslint-plugin-react\node_modules\resolve\test\resolver\multirepo\packages\package-a\package.json'

npm warn tar TAR_ENTRY_ERROR ENOENT: no such file or directory, open 
'C:\Users\motaung\Desktop\Ark-main\Ark-main\node_modules\es-iterator-helpers\Iterator.prototype.drop\polyfill.js'

npm warn tar TAR_ENTRY_ERROR ENOENT: no such file or directory, open 'C:\Users\motaung\Desktop\Ark-main\Ark-main\node_m
odules\eslint-plugin-react\node_modules\resolve\test\resolver\multirepo\packages\package-b\package.json'

npm warn tar TAR_ENTRY_ERROR ENOENT: no such file or directory, open 
'C:\Users\motaung\Desktop\Ark-main\Ark-main\node_modules\caniuse-lite\data\features\classlist.js'

npm warn tar TAR_ENTRY_ERROR ENOENT: no such file or directory, open 'C:\Users\motaung\Desktop\Ark-main\Ark-main\node_m
odules\eslint-plugin-react\node_modules\resolve\test\resolver\nested_symlinks\mylib\package.json'

npm warn tar TAR_ENTRY_ERROR ENOENT: no such file or directory, open 
'C:\Users\motaung\Desktop\Ark-main\Ark-main\node_modules\caniuse-lite\data\features\client-hints-dpr-width-viewport.js'

npm warn tar TAR_ENTRY_ERROR ENOENT: no such file or directory, open 
'C:\Users\motaung\Desktop\Ark-main\Ark-main\node_modules\caniuse-lite\data\features\clipboard.js'

npm warn tar TAR_ENTRY_ERROR ENOENT: no such file or directory, open 
'C:\Users\motaung\Desktop\Ark-main\Ark-main\node_modules\es-abstract\2015\ArraySetLength.js'

npm warn tar TAR_ENTRY_ERROR ENOENT: no such file or directory, open 'C:\Users\motaung\Desktop\Ark-main\Ark-main\node_m
odules\eslint-plugin-react\node_modules\resolve\test\resolver\symlinked\package\package.json'

npm warn tar TAR_ENTRY_ERROR ENOENT: no such file or directory, open 
'C:\Users\motaung\Desktop\Ark-main\Ark-main\node_modules\es-abstract\2016\ArraySetLength.js'

npm warn tar TAR_ENTRY_ERROR ENOENT: no such file or directory, open 
'C:\Users\motaung\Desktop\Ark-main\Ark-main\node_modules\es-abstract\2017\ArraySetLength.js'

npm warn tar TAR_ENTRY_ERROR ENOENT: no such file or directory, open 
'C:\Users\motaung\Desktop\Ark-main\Ark-main\node_modules\aria-query\lib\etc\roles\literal\rowgroupRole.js'

npm warn tar TAR_ENTRY_ERROR EPERM: operation not permitted, unlink 'C:\Users\motaung\Desktop\Ark-main\Ark-main\node_mo
dules\jsx-ast-utils\src\values\expressions\TSNonNullExpression.js.DELETE.e3f7f6fb3006b91b5e3f5a76f808d4e1'

npm warn tar TAR_ENTRY_ERROR ENOENT: no such file or directory, open 
'C:\Users\motaung\Desktop\Ark-main\Ark-main\node_modules\aria-query\lib\etc\roles\literal\rowheaderRole.js'

npm warn tar TAR_ENTRY_ERROR ENOENT: no such file or directory, open 
'C:\Users\motaung\Desktop\Ark-main\Ark-main\node_modules\aria-query\lib\etc\roles\literal\rowRole.js'

npm warn tar TAR_ENTRY_ERROR ENOENT: no such file or directory, open 
'C:\Users\motaung\Desktop\Ark-main\Ark-main\node_modules\aria-query\lib\etc\roles\literal\scrollbarRole.js'

npm warn tar TAR_ENTRY_ERROR ENOENT: no such file or directory, open 
'C:\Users\motaung\Desktop\Ark-main\Ark-main\node_modules\caniuse-lite\data\features\colr-v1.js'

npm warn tar TAR_ENTRY_ERROR ENOENT: no such file or directory, open 
'C:\Users\motaung\Desktop\Ark-main\Ark-main\node_modules\eslint-plugin-jsx-a11y\__mocks__\JSXAttributeMock.js'

npm warn tar TAR_ENTRY_ERROR ENOENT: no such file or directory, open 
'C:\Users\motaung\Desktop\Ark-main\Ark-main\node_modules\aria-query\lib\etc\roles\literal\searchboxRole.js'

npm warn tar TAR_ENTRY_ERROR ENOENT: no such file or directory, open 
'C:\Users\motaung\Desktop\Ark-main\Ark-main\node_modules\caniuse-lite\data\features\colr.js'

npm warn tar TAR_ENTRY_ERROR ENOENT: no such file or directory, open 
'C:\Users\motaung\Desktop\Ark-main\Ark-main\node_modules\eslint-plugin-jsx-a11y\__mocks__\JSXElementMock.js'

npm warn tar TAR_ENTRY_ERROR ENOENT: no such file or directory, open 
'C:\Users\motaung\Desktop\Ark-main\Ark-main\node_modules\aria-query\lib\etc\roles\literal\searchRole.js'

npm warn tar TAR_ENTRY_ERROR ENOENT: no such file or directory, open 'C:\Users\motaung\Desktop\Ark-main\Ark-main\node_m
odules\@typescript-eslint\typescript-estree\dist\create-program\createDefaultProgram.d.ts'

npm warn tar TAR_ENTRY_ERROR ENOENT: no such file or directory, open 
'C:\Users\motaung\Desktop\Ark-main\Ark-main\node_modules\es-iterator-helpers\Iterator.prototype.filter\polyfill.js'

npm warn tar TAR_ENTRY_ERROR ENOENT: no such file or directory, open 
'C:\Users\motaung\Desktop\Ark-main\Ark-main\node_modules\caniuse-lite\data\features\comparedocumentposition.js'

npm warn tar TAR_ENTRY_ERROR ENOENT: no such file or directory, open 'C:\Users\motaung\Desktop\Ark-main\Ark-main\node_m
odules\eslint-plugin-jsx-a11y\__mocks__\JSXExpressionContainerMock.js'

npm warn tar TAR_ENTRY_ERROR ENOENT: no such file or directory, open 'C:\Users\motaung\Desktop\Ark-main\Ark-main\node_m
odules\@typescript-eslint\typescript-estree\dist\create-program\createIsolatedProgram.d.ts'

npm warn tar TAR_ENTRY_ERROR ENOENT: no such file or directory, open 
'C:\Users\motaung\Desktop\Ark-main\Ark-main\node_modules\es-iterator-helpers\Iterator.prototype.find\polyfill.js'

npm warn tar TAR_ENTRY_ERROR ENOENT: no such file or directory, open 
'C:\Users\motaung\Desktop\Ark-main\Ark-main\node_modules\caniuse-lite\data\features\console-basic.js'

npm warn tar TAR_ENTRY_ERROR ENOENT: no such file or directory, open 
'C:\Users\motaung\Desktop\Ark-main\Ark-main\node_modules\eslint-plugin-jsx-a11y\__mocks__\JSXSpreadAttributeMock.js'

npm warn tar TAR_ENTRY_ERROR ENOENT: no such file or directory, open 'C:\Users\motaung\Desktop\Ark-main\Ark-main\node_m
odules\@typescript-eslint\scope-manager\dist\referencer\ExportVisitor.js'

npm warn tar TAR_ENTRY_ERROR ENOENT: no such file or directory, open 
'C:\Users\motaung\Desktop\Ark-main\Ark-main\node_modules\es-iterator-helpers\Iterator.prototype.flatMap\polyfill.js'

npm warn tar TAR_ENTRY_ERROR ENOENT: no such file or directory, open 
'C:\Users\motaung\Desktop\Ark-main\Ark-main\node_modules\caniuse-lite\data\features\console-time.js'

npm warn tar TAR_ENTRY_ERROR ENOENT: no such file or directory, open 
'C:\Users\motaung\Desktop\Ark-main\Ark-main\node_modules\eslint-plugin-jsx-a11y\__mocks__\JSXTextMock.js'

npm warn tar TAR_ENTRY_ERROR ENOENT: no such file or directory, open 
'C:\Users\motaung\Desktop\Ark-main\Ark-main\node_modules\@typescript-eslint\scope-manager\dist\scope\ForScope.js'

npm warn tar TAR_ENTRY_ERROR ENOENT: no such file or directory, open 
'C:\Users\motaung\Desktop\Ark-main\Ark-main\node_modules\es-iterator-helpers\Iterator.prototype.forEach\polyfill.js'

npm warn tar TAR_ENTRY_ERROR ENOENT: no such file or directory, open 
'C:\Users\motaung\Desktop\Ark-main\Ark-main\node_modules\caniuse-lite\data\features\const.js'

npm warn tar TAR_ENTRY_ERROR ENOENT: no such file or directory, open 'C:\Users\motaung\Desktop\Ark-main\Ark-main\node_m
odules\@typescript-eslint\scope-manager\dist\scope\FunctionExpressionNameScope.js'

npm warn tar TAR_ENTRY_ERROR ENOENT: no such file or directory, open 
'C:\Users\motaung\Desktop\Ark-main\Ark-main\node_modules\es-iterator-helpers\Iterator.prototype.includes\polyfill.js'

npm warn tar TAR_ENTRY_ERROR ENOENT: no such file or directory, open 
'C:\Users\motaung\Desktop\Ark-main\Ark-main\node_modules\caniuse-lite\data\features\constraint-validation.js'

npm warn tar TAR_ENTRY_ERROR ENOENT: no such file or directory, open 'C:\Users\motaung\Desktop\Ark-main\Ark-main\node_m
odules\@typescript-eslint\scope-manager\dist\definition\FunctionNameDefinition.js'

npm warn tar TAR_ENTRY_ERROR ENOENT: no such file or directory, open 'C:\Users\motaung\Desktop\Ark-main\Ark-main\node_m
odules\@typescript-eslint\typescript-estree\dist\parseSettings\createParseSettings.d.ts'
npm warn tar TAR_ENTRY_ERROR ENOENT: no such file or directory, open 
'C:\Users\motaung\Desktop\Ark-main\Ark-main\node_modules\es-iterator-helpers\Iterator.prototype.map\polyfill.js'
npm warn tar TAR_ENTRY_ERROR ENOENT: no such file or directory, open 
'C:\Users\motaung\Desktop\Ark-main\Ark-main\node_modules\caniuse-lite\data\features\contenteditable.js'
npm warn tar TAR_ENTRY_ERROR ENOENT: no such file or directory, open 
'C:\Users\motaung\Desktop\Ark-main\Ark-main\node_modules\@typescript-eslint\scope-manager\dist\scope\FunctionScope.js'
npm warn tar TAR_ENTRY_ERROR ENOENT: no such file or directory, open 'C:\Users\motaung\Desktop\Ark-main\Ark-main\node_m
odules\eslint-plugin-jsx-a11y\lib\rules\label-has-associated-control.js'
npm warn tar TAR_ENTRY_ERROR ENOENT: no such file or directory, open 'C:\Users\motaung\Desktop\Ark-main\Ark-main\node_m
odules\@typescript-eslint\typescript-estree\dist\create-program\createProjectProgram.d.ts'

npm warn tar TAR_ENTRY_ERROR ENOENT: no such file or directory, open 
'C:\Users\motaung\Desktop\Ark-main\Ark-main\node_modules\es-iterator-helpers\Iterator.prototype.reduce\polyfill.js'

npm warn tar TAR_ENTRY_ERROR ENOENT: no such file or directory, open 
'C:\Users\motaung\Desktop\Ark-main\Ark-main\node_modules\caniuse-lite\data\features\contentsecuritypolicy.js'

npm warn tar TAR_ENTRY_ERROR ENOENT: no such file or directory, open 'C:\Users\motaung\Desktop\Ark-main\Ark-main\node_m
odules\@typescript-eslint\scope-manager\dist\scope\FunctionTypeScope.js'

npm warn tar TAR_ENTRY_ERROR ENOENT: no such file or directory, open 'C:\Users\motaung\Desktop\Ark-main\Ark-main\node_m
odules\@typescript-eslint\typescript-estree\dist\create-program\createProjectService.d.ts'

npm warn tar TAR_ENTRY_ERROR ENOENT: no such file or directory, open 
'C:\Users\motaung\Desktop\Ark-main\Ark-main\node_modules\es-iterator-helpers\Iterator.prototype.some\polyfill.js'
npm warn tar TAR_ENTRY_ERROR ENOENT: no such file or directory, open 
'C:\Users\motaung\Desktop\Ark-main\Ark-main\node_modules\caniuse-lite\data\features\contentsecuritypolicy2.js'
npm warn tar TAR_ENTRY_ERROR ENOENT: no such file or directory, open 
'C:\Users\motaung\Desktop\Ark-main\Ark-main\node_modules\eslint\conf\globals.js'

npm warn tar TAR_ENTRY_ERROR ENOENT: no such file or directory, open 
'C:\Users\motaung\Desktop\Ark-main\Ark-main\node_modules\@typescript-eslint\scope-manager\dist\scope\GlobalScope.js'

npm warn tar TAR_ENTRY_ERROR ENOENT: no such file or directory, open 'C:\Users\motaung\Desktop\Ark-main\Ark-main\node_m
odules\@typescript-eslint\typescript-estree\dist\create-program\createSourceFile.d.ts'

npm warn tar TAR_ENTRY_ERROR ENOENT: no such file or directory, open 
'C:\Users\motaung\Desktop\Ark-main\Ark-main\node_modules\es-iterator-helpers\Iterator.prototype.take\polyfill.js'

npm warn tar TAR_ENTRY_ERROR ENOENT: no such file or directory, open 
'C:\Users\motaung\Desktop\Ark-main\Ark-main\node_modules\caniuse-lite\data\features\cookie-store-api.js'

npm warn tar TAR_ENTRY_ERROR ENOENT: no such file or directory, open 
'C:\Users\motaung\Desktop\Ark-main\Ark-main\node_modules\eslint-plugin-jsx-a11y\lib\rules\label-has-for.js'

npm warn tar TAR_ENTRY_ERROR ENOENT: no such file or directory, open 'C:\Users\motaung\Desktop\Ark-main\Ark-main\node_m
odules\@typescript-eslint\typescript-estree\dist\create-program\describeFilePath.d.ts'

npm warn tar TAR_ENTRY_ERROR ENOENT: no such file or directory, open 
'C:\Users\motaung\Desktop\Ark-main\Ark-main\node_modules\es-iterator-helpers\Iterator.prototype.toArray\polyfill.js'

npm warn tar TAR_ENTRY_ERROR ENOENT: no such file or directory, open 
'C:\Users\motaung\Desktop\Ark-main\Ark-main\node_modules\caniuse-lite\data\features\cors.js'

npm warn tar TAR_ENTRY_ERROR ENOENT: no such file or directory, open 'C:\Users\motaung\Desktop\Ark-main\Ark-main\node_m
odules\@typescript-eslint\typescript-estree\dist\ts-estree\estree-to-ts-node-types.d.ts'

npm warn tar TAR_ENTRY_ERROR ENOENT: no such file or directory, open 
'C:\Users\motaung\Desktop\Ark-main\Ark-main\node_modules\es-iterator-helpers\Iterator.prototype\polyfill.js'

npm warn tar TAR_ENTRY_ERROR ENOENT: no such file or directory, open 'C:\Users\motaung\Desktop\Ark-main\Ark-main\node_m
odules\@typescript-eslint\typescript-estree\dist\parseSettings\ExpiringCache.d.ts'

npm warn tar TAR_ENTRY_ERROR ENOENT: no such file or directory, open 
'C:\Users\motaung\Desktop\Ark-main\Ark-main\node_modules\es-iterator-helpers\Iterator.zip\polyfill.js'

npm warn tar TAR_ENTRY_ERROR ENOENT: no such file or directory, open 
'C:\Users\motaung\Desktop\Ark-main\Ark-main\node_modules\aria-query\lib\etc\roles\literal\separatorRole.js'

npm warn tar TAR_ENTRY_ERROR ENOENT: no such file or directory, open 'C:\Users\motaung\Desktop\Ark-main\Ark-main\node_m
odules\@typescript-eslint\scope-manager\dist\definition\ImplicitGlobalVariableDefinition.js'

npm warn tar TAR_ENTRY_ERROR ENOENT: no such file or directory, open 
'C:\Users\motaung\Desktop\Ark-main\Ark-main\node_modules\eslint-plugin-jsx-a11y\lib\rules\lang.js'

npm warn tar TAR_ENTRY_ERROR ENOENT: no such file or directory, open 
'C:\Users\motaung\Desktop\Ark-main\Ark-main\node_modules\es-iterator-helpers\Iterator.zipKeyed\polyfill.js'

npm warn tar TAR_ENTRY_ERROR ENOENT: no such file or directory, open 
'C:\Users\motaung\Desktop\Ark-main\Ark-main\node_modules\aria-query\lib\etc\roles\literal\sliderRole.js'

npm warn tar TAR_ENTRY_ERROR ENOENT: no such file or directory, open 
'C:\Users\motaung\Desktop\Ark-main\Ark-main\node_modules\es-iterator-helpers\Iterator\polyfill.js'

npm warn tar TAR_ENTRY_ERROR ENOENT: no such file or directory, open 
'C:\Users\motaung\Desktop\Ark-main\Ark-main\node_modules\caniuse-lite\data\features\createimagebitmap.js'

npm warn tar TAR_ENTRY_ERROR ENOENT: no such file or directory, open 
'C:\Users\motaung\Desktop\Ark-main\Ark-main\node_modules\aria-query\lib\etc\roles\literal\spinbuttonRole.js'

npm warn tar TAR_ENTRY_ERROR ENOENT: no such file or directory, open 
'C:\Users\motaung\Desktop\Ark-main\Ark-main\node_modules\es-iterator-helpers\Iterator.concat\shim.js'

npm warn tar TAR_ENTRY_ERROR ENOENT: no such file or directory, open 
'C:\Users\motaung\Desktop\Ark-main\Ark-main\node_modules\caniuse-lite\data\features\credential-management.js'

npm warn tar TAR_ENTRY_ERROR ENOENT: no such file or directory, open 
'C:\Users\motaung\Desktop\Ark-main\Ark-main\node_modules\aria-query\lib\etc\roles\literal\statusRole.js'

npm warn tar TAR_ENTRY_ERROR ENOENT: no such file or directory, open 
'C:\Users\motaung\Desktop\Ark-main\Ark-main\node_modules\eslint-plugin-jsx-a11y\lib\util\implicitRoles\li.js'

npm warn tar TAR_ENTRY_ERROR ENOENT: no such file or directory, open 
'C:\Users\motaung\Desktop\Ark-main\Ark-main\node_modules\caniuse-lite\data\features\cross-document-view-transitions.js'

npm warn tar TAR_ENTRY_ERROR ENOENT: no such file or directory, open 'C:\Users\motaung\Desktop\Ark-main\Ark-main\node_m
odules\@typescript-eslint\typescript-estree\dist\parseSettings\getProjectConfigFiles.d.ts'

npm warn tar TAR_ENTRY_ERROR ENOENT: no such file or directory, open 
'C:\Users\motaung\Desktop\Ark-main\Ark-main\node_modules\aria-query\lib\etc\roles\literal\strongRole.js'

npm warn tar TAR_ENTRY_ERROR ENOENT: no such file or directory, open 
'C:\Users\motaung\Desktop\Ark-main\Ark-main\node_modules\eslint-plugin-jsx-a11y\lib\util\implicitRoles\link.js'

npm warn tar TAR_ENTRY_ERROR ENOENT: no such file or directory, open 
'C:\Users\motaung\Desktop\Ark-main\Ark-main\node_modules\es-abstract\2015\ArraySpeciesCreate.js'

npm warn tar TAR_ENTRY_ERROR ENOENT: no such file or directory, open 
'C:\Users\motaung\Desktop\Ark-main\Ark-main\node_modules\caniuse-lite\data\features\cryptography.js'

npm warn tar TAR_ENTRY_ERROR ENOENT: no such file or directory, open 'C:\Users\motaung\Desktop\Ark-main\Ark-main\node_m
odules\@typescript-eslint\typescript-estree\dist\create-program\getScriptKind.d.ts'

npm warn tar TAR_ENTRY_ERROR ENOENT: no such file or directory, open 'C:\Users\motaung\Desktop\Ark-main\Ark-main\node_m
odules\@typescript-eslint\scope-manager\dist\definition\ImportBindingDefinition.js'

npm warn tar TAR_ENTRY_ERROR ENOENT: no such file or directory, open 
'C:\Users\motaung\Desktop\Ark-main\Ark-main\node_modules\es-abstract\2016\ArraySpeciesCreate.js'

npm warn tar TAR_ENTRY_ERROR ENOENT: no such file or directory, open 
'C:\Users\motaung\Desktop\Ark-main\Ark-main\node_modules\caniuse-lite\data\features\css-all.js'

npm warn tar TAR_ENTRY_ERROR ENOENT: no such file or directory, open 'C:\Users\motaung\Desktop\Ark-main\Ark-main\node_m
odules\@typescript-eslint\typescript-estree\dist\create-program\getWatchProgramsForProjects.d.ts'

npm warn tar TAR_ENTRY_ERROR ENOENT: no such file or directory, open 'C:\Users\motaung\Desktop\Ark-main\Ark-main\node_m
odules\@typescript-eslint\scope-manager\dist\referencer\ImportVisitor.js'

npm warn tar TAR_ENTRY_ERROR ENOENT: no such file or directory, open 
'C:\Users\motaung\Desktop\Ark-main\Ark-main\node_modules\es-abstract\2017\ArraySpeciesCreate.js'

npm warn tar TAR_ENTRY_ERROR ENOENT: no such file or directory, open 
'C:\Users\motaung\Desktop\Ark-main\Ark-main\node_modules\es-iterator-helpers\Iterator.prototype.constructor\shim.js'

npm warn tar TAR_ENTRY_ERROR ENOENT: no such file or directory, open 
'C:\Users\motaung\Desktop\Ark-main\Ark-main\node_modules\caniuse-lite\data\features\css-anchor-positioning.js'

npm warn tar TAR_ENTRY_ERROR ENOENT: no such file or directory, open 
'C:\Users\motaung\Desktop\Ark-main\Ark-main\node_modules\@typescript-eslint\scope-manager\dist\definition\index.js'

npm warn tar TAR_ENTRY_ERROR ENOENT: no such file or directory, open 
'C:\Users\motaung\Desktop\Ark-main\Ark-main\node_modules\es-iterator-helpers\Iterator.prototype.drop\shim.js'

npm warn tar TAR_ENTRY_ERROR ENOENT: no such file or directory, open 
'C:\Users\motaung\Desktop\Ark-main\Ark-main\node_modules\caniuse-lite\data\features\css-animation.js'

npm warn tar TAR_ENTRY_ERROR ENOENT: no such file or directory, open 
'C:\Users\motaung\Desktop\Ark-main\Ark-main\node_modules\aria-query\lib\etc\roles\literal\subscriptRole.js'

npm warn tar TAR_ENTRY_ERROR ENOENT: no such file or directory, open 
'C:\Users\motaung\Desktop\Ark-main\Ark-main\node_modules\caniuse-lite\data\features\css-any-link.js'

npm warn tar TAR_ENTRY_ERROR ENOENT: no such file or directory, open 
'C:\Users\motaung\Desktop\Ark-main\Ark-main\node_modules\aria-query\lib\etc\roles\literal\superscriptRole.js'

npm warn tar TAR_ENTRY_ERROR ENOENT: no such file or directory, open 
'C:\Users\motaung\Desktop\Ark-main\Ark-main\node_modules\caniuse-lite\data\features\css-appearance.js'

npm warn tar TAR_ENTRY_ERROR ENOENT: no such file or directory, open 
'C:\Users\motaung\Desktop\Ark-main\Ark-main\node_modules\aria-query\lib\etc\roles\literal\switchRole.js'

npm warn tar TAR_ENTRY_ERROR ENOENT: no such file or directory, open 'C:\Users\motaung\Desktop\Ark-main\Ark-main\node_m
odules\@typescript-eslint\typescript-estree\dist\parseSettings\index.d.ts'

npm warn tar TAR_ENTRY_ERROR ENOENT: no such file or directory, open 
'C:\Users\motaung\Desktop\Ark-main\Ark-main\node_modules\caniuse-lite\data\features\css-at-counter-style.js'

npm warn tar TAR_ENTRY_ERROR ENOENT: no such file or directory, open 
'C:\Users\motaung\Desktop\Ark-main\Ark-main\node_modules\aria-query\lib\etc\roles\literal\tableRole.js'

npm warn tar TAR_ENTRY_ERROR ENOENT: no such file or directory, open 
'C:\Users\motaung\Desktop\Ark-main\Ark-main\node_modules\eslint\lib\cli-engine\formatters\html.js'

npm warn tar TAR_ENTRY_ERROR ENOENT: no such file or directory, open 'C:\Users\motaung\Desktop\Ark-main\Ark-main\node_m
odules\@typescript-eslint\typescript-estree\dist\ts-estree\index.d.ts'

npm warn tar TAR_ENTRY_ERROR ENOENT: no such file or directory, open 
'C:\Users\motaung\Desktop\Ark-main\Ark-main\node_modules\caniuse-lite\data\features\css-autofill.js'

npm warn tar TAR_ENTRY_ERROR ENOENT: no such file or directory, open 
'C:\Users\motaung\Desktop\Ark-main\Ark-main\node_modules\es-iterator-helpers\Iterator.prototype.filter\shim.js'

npm warn tar TAR_ENTRY_ERROR ENOENT: no such file or directory, open 
'C:\Users\motaung\Desktop\Ark-main\Ark-main\node_modules\aria-query\lib\etc\roles\literal\tablistRole.js'

npm warn tar TAR_ENTRY_ERROR ENOENT: no such file or directory, open 'C:\Users\motaung\Desktop\Ark-main\Ark-main\node_m
odules\@typescript-eslint\typescript-estree\dist\parseSettings\inferSingleRun.d.ts'

npm warn tar TAR_ENTRY_ERROR ENOENT: no such file or directory, open 
'C:\Users\motaung\Desktop\Ark-main\Ark-main\node_modules\caniuse-lite\data\features\css-backdrop-filter.js'

npm warn tar TAR_ENTRY_ERROR ENOENT: no such file or directory, open 
'C:\Users\motaung\Desktop\Ark-main\Ark-main\node_modules\es-iterator-helpers\Iterator.prototype.find\shim.js'

npm warn tar TAR_ENTRY_ERROR ENOENT: no such file or directory, open 
'C:\Users\motaung\Desktop\Ark-main\Ark-main\node_modules\aria-query\lib\etc\roles\literal\tabpanelRole.js'

npm warn tar TAR_ENTRY_ERROR ENOENT: no such file or directory, open 
'C:\Users\motaung\Desktop\Ark-main\Ark-main\node_modules\caniuse-lite\data\features\css-background-offsets.js'

npm warn tar TAR_ENTRY_ERROR ENOENT: no such file or directory, open 
'C:\Users\motaung\Desktop\Ark-main\Ark-main\node_modules\es-iterator-helpers\Iterator.prototype.flatMap\shim.js'

npm warn tar TAR_ENTRY_ERROR ENOENT: no such file or directory, open 
'C:\Users\motaung\Desktop\Ark-main\Ark-main\node_modules\aria-query\lib\etc\roles\literal\tabRole.js'

npm warn tar TAR_ENTRY_ERROR ENOENT: no such file or directory, open 
'C:\Users\motaung\Desktop\Ark-main\Ark-main\node_modules\caniuse-lite\data\features\css-backgroundblendmode.js'

npm warn tar TAR_ENTRY_ERROR ENOENT: no such file or directory, open 
'C:\Users\motaung\Desktop\Ark-main\Ark-main\node_modules\es-iterator-helpers\Iterator.prototype.forEach\shim.js'

npm warn tar TAR_ENTRY_ERROR ENOENT: no such file or directory, open 
'C:\Users\motaung\Desktop\Ark-main\Ark-main\node_modules\aria-query\lib\etc\roles\literal\termRole.js'

npm warn tar TAR_ENTRY_ERROR ENOENT: no such file or directory, open 
'C:\Users\motaung\Desktop\Ark-main\Ark-main\node_modules\caniuse-lite\data\features\css-boxdecorationbreak.js'

npm warn tar TAR_ENTRY_ERROR ENOENT: no such file or directory, open 
'C:\Users\motaung\Desktop\Ark-main\Ark-main\node_modules\es-iterator-helpers\Iterator.prototype.includes\shim.js'

npm warn tar TAR_ENTRY_ERROR ENOENT: no such file or directory, open 
'C:\Users\motaung\Desktop\Ark-main\Ark-main\node_modules\aria-query\lib\etc\roles\literal\textboxRole.js'

npm warn tar TAR_ENTRY_ERROR ENOENT: no such file or directory, open 
'C:\Users\motaung\Desktop\Ark-main\Ark-main\node_modules\caniuse-lite\data\features\css-boxshadow.js'

npm warn tar TAR_ENTRY_ERROR ENOENT: no such file or directory, open 
'C:\Users\motaung\Desktop\Ark-main\Ark-main\node_modules\es-iterator-helpers\Iterator.prototype.map\shim.js'

npm warn tar TAR_ENTRY_ERROR ENOENT: no such file or directory, open 
'C:\Users\motaung\Desktop\Ark-main\Ark-main\node_modules\aria-query\lib\etc\roles\literal\timeRole.js'

npm warn tar TAR_ENTRY_ERROR ENOENT: no such file or directory, open 
'C:\Users\motaung\Desktop\Ark-main\Ark-main\node_modules\@typescript-eslint\scope-manager\dist\referencer\index.js'

npm warn tar TAR_ENTRY_ERROR ENOENT: no such file or directory, open 
'C:\Users\motaung\Desktop\Ark-main\Ark-main\node_modules\caniuse-lite\data\features\css-canvas.js'

npm warn tar TAR_ENTRY_ERROR ENOENT: no such file or directory, open 
'C:\Users\motaung\Desktop\Ark-main\Ark-main\node_modules\es-iterator-helpers\Iterator.prototype.reduce\shim.js'

npm warn tar TAR_ENTRY_ERROR ENOENT: no such file or directory, open 
'C:\Users\motaung\Desktop\Ark-main\Ark-main\node_modules\aria-query\lib\etc\roles\literal\timerRole.js'

npm warn tar TAR_ENTRY_ERROR ENOENT: no such file or directory, open 
'C:\Users\motaung\Desktop\Ark-main\Ark-main\node_modules\@typescript-eslint\scope-manager\dist\scope\index.js'

npm warn tar TAR_ENTRY_ERROR ENOENT: no such file or directory, open 
'C:\Users\motaung\Desktop\Ark-main\Ark-main\node_modules\eslint-plugin-jsx-a11y\lib\rules\media-has-caption.js'

npm warn tar TAR_ENTRY_ERROR ENOENT: no such file or directory, open 
'C:\Users\motaung\Desktop\Ark-main\Ark-main\node_modules\caniuse-lite\data\features\css-caret-color.js'

npm warn tar TAR_ENTRY_ERROR ENOENT: no such file or directory, open 
'C:\Users\motaung\Desktop\Ark-main\Ark-main\node_modules\es-iterator-helpers\Iterator.prototype.some\shim.js'

npm warn tar TAR_ENTRY_ERROR ENOENT: no such file or directory, open 
'C:\Users\motaung\Desktop\Ark-main\Ark-main\node_modules\aria-query\lib\etc\roles\literal\toolbarRole.js'

npm warn tar TAR_ENTRY_ERROR ENOENT: no such file or directory, open 
'C:\Users\motaung\Desktop\Ark-main\Ark-main\node_modules\caniuse-lite\data\features\css-cascade-layers.js'

npm warn tar TAR_ENTRY_ERROR ENOENT: no such file or directory, open 
'C:\Users\motaung\Desktop\Ark-main\Ark-main\node_modules\es-iterator-helpers\Iterator.prototype.take\shim.js'

npm warn tar TAR_ENTRY_ERROR ENOENT: no such file or directory, open 
'C:\Users\motaung\Desktop\Ark-main\Ark-main\node_modules\aria-query\lib\etc\roles\literal\tooltipRole.js'

npm warn tar TAR_ENTRY_ERROR ENOENT: no such file or directory, open 
'C:\Users\motaung\Desktop\Ark-main\Ark-main\node_modules\caniuse-lite\data\features\css-cascade-scope.js'

npm warn tar TAR_ENTRY_ERROR ENOENT: no such file or directory, open 
'C:\Users\motaung\Desktop\Ark-main\Ark-main\node_modules\es-iterator-helpers\Iterator.prototype.toArray\shim.js'

npm warn tar TAR_ENTRY_ERROR ENOENT: no such file or directory, open 
'C:\Users\motaung\Desktop\Ark-main\Ark-main\node_modules\aria-query\lib\etc\roles\literal\treegridRole.js'

npm warn tar TAR_ENTRY_ERROR ENOENT: no such file or directory, open 
'C:\Users\motaung\Desktop\Ark-main\Ark-main\node_modules\eslint-plugin-jsx-a11y\lib\util\implicitRoles\menu.js'

npm warn tar TAR_ENTRY_ERROR ENOENT: no such file or directory, open 
'C:\Users\motaung\Desktop\Ark-main\Ark-main\node_modules\caniuse-lite\data\features\css-case-insensitive.js'

npm warn tar TAR_ENTRY_ERROR ENOENT: no such file or directory, open 
'C:\Users\motaung\Desktop\Ark-main\Ark-main\node_modules\es-iterator-helpers\Iterator.prototype\shim.js'

npm warn tar TAR_ENTRY_ERROR ENOENT: no such file or directory, open 
'C:\Users\motaung\Desktop\Ark-main\Ark-main\node_modules\aria-query\lib\etc\roles\literal\treeitemRole.js'

npm warn tar TAR_ENTRY_ERROR ENOENT: no such file or directory, open 
'C:\Users\motaung\Desktop\Ark-main\Ark-main\node_modules\caniuse-lite\data\features\css-clip-path.js'

npm warn tar TAR_ENTRY_ERROR ENOENT: no such file or directory, open 
'C:\Users\motaung\Desktop\Ark-main\Ark-main\node_modules\es-iterator-helpers\Iterator.zip\shim.js'

npm warn tar TAR_ENTRY_ERROR ENOENT: no such file or directory, open 
'C:\Users\motaung\Desktop\Ark-main\Ark-main\node_modules\aria-query\lib\etc\roles\literal\treeRole.js'

npm warn tar TAR_ENTRY_ERROR ENOENT: no such file or directory, rename 
'C:\Users\motaung\Desktop\Ark-main\Ark-main\node_modules\framer-motion\dist\es\projection\geometry\copy.mjs' -> 'C:\Use
rs\motaung\Desktop\Ark-main\Ark-main\node_modules\framer-motion\dist\es\projection\geometry\copy.mjs.DELETE.5d8bcdcd3ea
7a925b97e45c387f54fb3'

npm warn tar TAR_ENTRY_ERROR ENOENT: no such file or directory, open 
'C:\Users\motaung\Desktop\Ark-main\Ark-main\node_modules\caniuse-lite\data\features\css-color-adjust.js'

npm warn tar TAR_ENTRY_ERROR ENOENT: no such file or directory, open 
'C:\Users\motaung\Desktop\Ark-main\Ark-main\node_modules\es-iterator-helpers\Iterator.zipKeyed\shim.js'

npm warn tar TAR_ENTRY_ERROR ENOENT: no such file or directory, open 'C:\Users\motaung\Desktop\Ark-main\Ark-main\node_m
odules\@typescript-eslint\typescript-estree\dist\parseSettings\resolveProjectList.d.ts'

npm warn tar TAR_ENTRY_ERROR ENOENT: no such file or directory, open 
'C:\Users\motaung\Desktop\Ark-main\Ark-main\node_modules\eslint-plugin-jsx-a11y\lib\util\implicitRoles\menuitem.js'

npm warn tar TAR_ENTRY_ERROR ENOENT: no such file or directory, open 
'C:\Users\motaung\Desktop\Ark-main\Ark-main\node_modules\caniuse-lite\data\features\css-color-function.js'

npm warn tar TAR_ENTRY_ERROR ENOENT: no such file or directory, open 
'C:\Users\motaung\Desktop\Ark-main\Ark-main\node_modules\es-iterator-helpers\Iterator\shim.js'

npm warn tar TAR_ENTRY_ERROR ENOENT: no such file or directory, open 
'C:\Users\motaung\Desktop\Ark-main\Ark-main\node_modules\eslint-plugin-jsx-a11y\lib\util\implicitRoles\meter.js'

npm warn tar TAR_ENTRY_ERROR ENOENT: no such file or directory, open 
'C:\Users\motaung\Desktop\Ark-main\Ark-main\node_modules\caniuse-lite\data\features\css-conic-gradients.js'

npm warn tar TAR_ENTRY_ERROR ENOENT: no such file or directory, open 
'C:\Users\motaung\Desktop\Ark-main\Ark-main\node_modules\caniuse-lite\data\features\css-container-queries-style.js'

npm warn tar TAR_ENTRY_ERROR ENOENT: no such file or directory, open 
'C:\Users\motaung\Desktop\Ark-main\Ark-main\node_modules\caniuse-lite\data\features\css-container-queries.js'

npm warn tar TAR_ENTRY_ERROR ENOENT: no such file or directory, open 'C:\Users\motaung\Desktop\Ark-main\Ark-main\node_m
odules\@typescript-eslint\typescript-estree\dist\create-program\shared.d.ts'

npm warn tar TAR_ENTRY_ERROR ENOENT: no such file or directory, open 'C:\Users\motaung\Desktop\Ark-main\Ark-main\node_m
odules\@typescript-eslint\scope-manager\dist\scope\MappedTypeScope.js'

npm warn tar TAR_ENTRY_ERROR ENOENT: no such file or directory, open 
'C:\Users\motaung\Desktop\Ark-main\Ark-main\node_modules\caniuse-lite\data\features\css-container-query-units.js'

npm warn tar TAR_ENTRY_ERROR ENOENT: no such file or directory, open 
'C:\Users\motaung\Desktop\Ark-main\Ark-main\node_modules\@typescript-eslint\scope-manager\dist\scope\ModuleScope.js'

npm warn tar TAR_ENTRY_ERROR ENOENT: no such file or directory, open 
'C:\Users\motaung\Desktop\Ark-main\Ark-main\node_modules\caniuse-lite\data\features\css-containment.js'

npm warn tar TAR_ENTRY_ERROR ENOENT: no such file or directory, open 'C:\Users\motaung\Desktop\Ark-main\Ark-main\node_m
odules\eslint-plugin-jsx-a11y\lib\rules\mouse-events-have-key-events.js'

npm warn tar TAR_ENTRY_ERROR ENOENT: no such file or directory, open 'C:\Users\motaung\Desktop\Ark-main\Ark-main\node_m
odules\@typescript-eslint\scope-manager\dist\definition\ParameterDefinition.js'

npm warn tar TAR_ENTRY_ERROR ENOENT: no such file or directory, open 
'C:\Users\motaung\Desktop\Ark-main\Ark-main\node_modules\caniuse-lite\data\features\css-content-visibility.js'

npm warn tar TAR_ENTRY_ERROR ENOENT: no such file or directory, open 
'C:\Users\motaung\Desktop\Ark-main\Ark-main\node_modules\eslint-plugin-jsx-a11y\lib\util\implicitRoles\nav.js'

npm warn tar TAR_ENTRY_ERROR ENOENT: no such file or directory, open 'C:\Users\motaung\Desktop\Ark-main\Ark-main\node_m
odules\@typescript-eslint\scope-manager\dist\referencer\PatternVisitor.js'

npm warn tar TAR_ENTRY_ERROR ENOENT: no such file or directory, open 
'C:\Users\motaung\Desktop\Ark-main\Ark-main\node_modules\caniuse-lite\data\features\css-counters.js'

npm warn tar TAR_ENTRY_ERROR ENOENT: no such file or directory, open 
'C:\Users\motaung\Desktop\Ark-main\Ark-main\node_modules\@typescript-eslint\scope-manager\dist\referencer\Reference.js'

npm warn tar TAR_ENTRY_ERROR ENOENT: no such file or directory, open 
'C:\Users\motaung\Desktop\Ark-main\Ark-main\node_modules\caniuse-lite\data\features\css-crisp-edges.js'

npm warn tar TAR_ENTRY_ERROR ENOENT: no such file or directory, open 'C:\Users\motaung\Desktop\Ark-main\Ark-main\node_m
odules\@typescript-eslint\scope-manager\dist\referencer\Referencer.js'

npm warn tar TAR_ENTRY_ERROR ENOENT: no such file or directory, open 
'C:\Users\motaung\Desktop\Ark-main\Ark-main\node_modules\caniuse-lite\data\features\css-cross-fade.js'

npm warn tar TAR_ENTRY_ERROR ENOENT: no such file or directory, open 
'C:\Users\motaung\Desktop\Ark-main\Ark-main\node_modules\caniuse-lite\data\features\css-default-pseudo.js'

npm warn tar TAR_ENTRY_ERROR ENOENT: no such file or directory, open 
'C:\Users\motaung\Desktop\Ark-main\Ark-main\node_modules\@typescript-eslint\scope-manager\dist\scope\Scope.js'

npm warn tar TAR_ENTRY_ERROR ENOENT: no such file or directory, open 
'C:\Users\motaung\Desktop\Ark-main\Ark-main\node_modules\caniuse-lite\data\features\css-descendant-gtgt.js'

npm warn tar TAR_ENTRY_ERROR ENOENT: no such file or directory, open 
'C:\Users\motaung\Desktop\Ark-main\Ark-main\node_modules\@typescript-eslint\scope-manager\dist\scope\ScopeBase.js'

npm warn tar TAR_ENTRY_ERROR ENOENT: no such file or directory, open 
'C:\Users\motaung\Desktop\Ark-main\Ark-main\node_modules\caniuse-lite\data\features\css-deviceadaptation.js'

npm warn tar TAR_ENTRY_ERROR ENOENT: no such file or directory, open 
'C:\Users\motaung\Desktop\Ark-main\Ark-main\node_modules\eslint-plugin-jsx-a11y\lib\rules\no-access-key.js'

npm warn tar TAR_ENTRY_ERROR ENOENT: no such file or directory, open 'C:\Users\motaung\Desktop\Ark-main\Ark-main\node_m
odules\@typescript-eslint\typescript-estree\dist\ts-estree\ts-nodes.d.ts'

npm warn tar TAR_ENTRY_ERROR ENOENT: no such file or directory, open 
'C:\Users\motaung\Desktop\Ark-main\Ark-main\node_modules\caniuse-lite\data\features\css-dir-pseudo.js'

npm warn tar TAR_ENTRY_ERROR ENOENT: no such file or directory, open 
'C:\Users\motaung\Desktop\Ark-main\Ark-main\node_modules\caniuse-lite\data\features\css-display-contents.js'

npm warn tar TAR_ENTRY_ERROR ENOENT: no such file or directory, open 'C:\Users\motaung\Desktop\Ark-main\Ark-main\node_m
odules\framer-motion\dist\es\render\svg\utils\create-render-state.mjs'

npm warn tar TAR_ENTRY_ERROR ENOENT: no such file or directory, open 
'C:\Users\motaung\Desktop\Ark-main\Ark-main\node_modules\caniuse-lite\data\features\css-element-function.js'

npm warn tar TAR_ENTRY_ERROR ENOENT: no such file or directory, open 'C:\Users\motaung\Desktop\Ark-main\Ark-main\node_m
odules\eslint-plugin-jsx-a11y\lib\rules\no-aria-hidden-on-focusable.js'

npm warn tar TAR_ENTRY_ERROR ENOENT: no such file or directory, open 
'C:\Users\motaung\Desktop\Ark-main\Ark-main\node_modules\caniuse-lite\data\features\css-env-function.js'

npm warn tar TAR_ENTRY_ERROR ENOENT: no such file or directory, open 
'C:\Users\motaung\Desktop\Ark-main\Ark-main\node_modules\@typescript-eslint\scope-manager\dist\scope\ScopeType.js'

npm warn tar TAR_ENTRY_ERROR ENOENT: no such file or directory, open 
'C:\Users\motaung\Desktop\Ark-main\Ark-main\node_modules\caniuse-lite\data\features\css-exclusions.js'

npm warn tar TAR_ENTRY_ERROR ENOENT: no such file or directory, open 
'C:\Users\motaung\Desktop\Ark-main\Ark-main\node_modules\caniuse-lite\data\features\css-featurequeries.js'

npm warn tar TAR_ENTRY_ERROR ENOENT: no such file or directory, open 
'C:\Users\motaung\Desktop\Ark-main\Ark-main\node_modules\caniuse-lite\data\features\css-file-selector-button.js'

npm warn tar TAR_ENTRY_ERROR ENOENT: no such file or directory, open 
'C:\Users\motaung\Desktop\Ark-main\Ark-main\node_modules\eslint-plugin-jsx-a11y\lib\rules\no-autofocus.js'

npm warn tar TAR_ENTRY_ERROR ENOENT: no such file or directory, open 'C:\Users\motaung\Desktop\Ark-main\Ark-main\node_m
odules\@typescript-eslint\typescript-estree\dist\create-program\useProvidedPrograms.d.ts'

npm warn tar TAR_ENTRY_ERROR ENOENT: no such file or directory, open 
'C:\Users\motaung\Desktop\Ark-main\Ark-main\node_modules\caniuse-lite\data\features\css-filter-function.js'

npm warn tar TAR_ENTRY_ERROR ENOENT: no such file or directory, open 
'C:\Users\motaung\Desktop\Ark-main\Ark-main\node_modules\caniuse-lite\data\features\css-filters.js'

npm warn tar TAR_ENTRY_ERROR ENOENT: no such file or directory, open 
'C:\Users\motaung\Desktop\Ark-main\Ark-main\node_modules\@typescript-eslint\scope-manager\dist\scope\SwitchScope.js'

npm warn tar TAR_ENTRY_ERROR ENOENT: no such file or directory, open 
'C:\Users\motaung\Desktop\Ark-main\Ark-main\node_modules\caniuse-lite\data\features\css-first-letter.js'

npm warn tar TAR_ENTRY_ERROR ENOENT: no such file or directory, open 
'C:\Users\motaung\Desktop\Ark-main\Ark-main\node_modules\eslint-plugin-jsx-a11y\lib\rules\no-distracting-elements.js'

npm warn tar TAR_ENTRY_ERROR ENOENT: no such file or directory, open 'C:\Users\motaung\Desktop\Ark-main\Ark-main\node_m
odules\@typescript-eslint\scope-manager\dist\definition\TSEnumMemberDefinition.js'

npm warn tar TAR_ENTRY_ERROR ENOENT: no such file or directory, open 
'C:\Users\motaung\Desktop\Ark-main\Ark-main\node_modules\caniuse-lite\data\features\css-first-line.js'

npm warn tar TAR_ENTRY_ERROR ENOENT: no such file or directory, open 'C:\Users\motaung\Desktop\Ark-main\Ark-main\node_m
odules\@typescript-eslint\scope-manager\dist\definition\TSEnumNameDefinition.js'

npm warn tar TAR_ENTRY_ERROR ENOENT: no such file or directory, open 'C:\Users\motaung\Desktop\Ark-main\Ark-main\node_m
odules\@typescript-eslint\typescript-estree\dist\parseSettings\warnAboutTSVersion.d.ts'

npm warn tar TAR_ENTRY_ERROR ENOENT: no such file or directory, open 
'C:\Users\motaung\Desktop\Ark-main\Ark-main\node_modules\caniuse-lite\data\features\css-fixed.js'

npm warn tar TAR_ENTRY_ERROR ENOENT: no such file or directory, open 'C:\Users\motaung\Desktop\Ark-main\Ark-main\node_m
odules\@typescript-eslint\typescript-estree\dist\create-program\WatchCompilerHostOfConfigFile.d.ts'

npm warn tar TAR_ENTRY_ERROR ENOENT: no such file or directory, open 
'C:\Users\motaung\Desktop\Ark-main\Ark-main\node_modules\@typescript-eslint\scope-manager\dist\scope\TSEnumScope.js'

npm warn tar TAR_ENTRY_ERROR ENOENT: no such file or directory, open 
'C:\Users\motaung\Desktop\Ark-main\Ark-main\node_modules\caniuse-lite\data\features\css-focus-visible.js'

npm warn tar TAR_ENTRY_ERROR ENOENT: no such file or directory, open 'C:\Users\motaung\Desktop\Ark-main\Ark-main\node_m
odules\@typescript-eslint\scope-manager\dist\definition\TSModuleNameDefinition.js'

npm warn tar TAR_ENTRY_ERROR ENOENT: no such file or directory, open 'C:\Users\motaung\Desktop\Ark-main\Ark-main\node_m
odules\eslint-plugin-jsx-a11y\lib\rules\no-interactive-element-to-noninteractive-role.js'

npm warn tar TAR_ENTRY_ERROR ENOENT: no such file or directory, open 
'C:\Users\motaung\Desktop\Ark-main\Ark-main\node_modules\caniuse-lite\data\features\css-focus-within.js'

npm warn tar TAR_ENTRY_ERROR ENOENT: no such file or directory, open 
'C:\Users\motaung\Desktop\Ark-main\Ark-main\node_modules\@typescript-eslint\scope-manager\dist\scope\TSModuleScope.js'

npm warn tar TAR_ENTRY_ERROR ENOENT: no such file or directory, open 
'C:\Users\motaung\Desktop\Ark-main\Ark-main\node_modules\caniuse-lite\data\features\css-font-palette.js'

npm warn tar TAR_ENTRY_ERROR ENOENT: no such file or directory, open 
'C:\Users\motaung\Desktop\Ark-main\Ark-main\node_modules\caniuse-lite\data\features\css-font-rendering-controls.js'

npm warn tar TAR_ENTRY_ERROR ENOENT: no such file or directory, open 'C:\Users\motaung\Desktop\Ark-main\Ark-main\node_m
odules\@typescript-eslint\scope-manager\dist\definition\TypeDefinition.js'

npm warn tar TAR_ENTRY_ERROR ENOENT: no such file or directory, open 
'C:\Users\motaung\Desktop\Ark-main\Ark-main\node_modules\caniuse-lite\data\features\css-font-stretch.js'

npm warn tar TAR_ENTRY_ERROR ENOENT: no such file or directory, open 
'C:\Users\motaung\Desktop\Ark-main\Ark-main\node_modules\@typescript-eslint\scope-manager\dist\scope\TypeScope.js'

npm warn tar TAR_ENTRY_ERROR ENOENT: no such file or directory, open 
'C:\Users\motaung\Desktop\Ark-main\Ark-main\node_modules\caniuse-lite\data\features\css-gencontent.js'

npm warn tar TAR_ENTRY_ERROR ENOENT: no such file or directory, open 'C:\Users\motaung\Desktop\Ark-main\Ark-main\node_m
odules\@typescript-eslint\scope-manager\dist\referencer\TypeVisitor.js'

npm warn tar TAR_ENTRY_ERROR ENOENT: no such file or directory, open 'C:\Users\motaung\Desktop\Ark-main\Ark-main\node_m
odules\eslint-plugin-jsx-a11y\lib\rules\no-noninteractive-element-interactions.js'

npm warn tar TAR_ENTRY_ERROR ENOENT: no such file or directory, open 
'C:\Users\motaung\Desktop\Ark-main\Ark-main\node_modules\caniuse-lite\data\features\css-gradients.js'

npm warn tar TAR_ENTRY_ERROR ENOENT: no such file or directory, open 
'C:\Users\motaung\Desktop\Ark-main\Ark-main\node_modules\caniuse-lite\data\features\css-grid-animation.js'

npm warn tar TAR_ENTRY_ERROR ENOENT: no such file or directory, open 
'C:\Users\motaung\Desktop\Ark-main\Ark-main\node_modules\caniuse-lite\data\features\css-grid-lanes.js'

npm warn tar TAR_ENTRY_ERROR ENOENT: no such file or directory, open 
'C:\Users\motaung\Desktop\Ark-main\Ark-main\node_modules\caniuse-lite\data\features\css-grid.js'

npm warn tar TAR_ENTRY_ERROR ENOENT: no such file or directory, open 
'C:\Users\motaung\Desktop\Ark-main\Ark-main\node_modules\caniuse-lite\data\features\css-hanging-punctuation.js'

npm warn tar TAR_ENTRY_ERROR ENOENT: no such file or directory, open 
'C:\Users\motaung\Desktop\Ark-main\Ark-main\node_modules\caniuse-lite\data\features\css-has.js'

npm warn tar TAR_ENTRY_ERROR ENOENT: no such file or directory, open 
'C:\Users\motaung\Desktop\Ark-main\Ark-main\node_modules\caniuse-lite\data\features\css-hyphens.js'

npm warn tar TAR_ENTRY_ERROR ENOENT: no such file or directory, open 'C:\Users\motaung\Desktop\Ark-main\Ark-main\node_m
odules\eslint-plugin-jsx-a11y\lib\rules\no-noninteractive-element-to-interactive-role.js'

npm warn tar TAR_ENTRY_ERROR ENOENT: no such file or directory, open 
'C:\Users\motaung\Desktop\Ark-main\Ark-main\node_modules\caniuse-lite\data\features\css-if.js'

npm warn tar TAR_ENTRY_ERROR ENOENT: no such file or directory, open 
'C:\Users\motaung\Desktop\Ark-main\Ark-main\node_modules\caniuse-lite\data\features\css-image-orientation.js'

npm warn tar TAR_ENTRY_ERROR ENOENT: no such file or directory, open 'C:\Users\motaung\Desktop\Ark-main\Ark-main\node_m
odules\@typescript-eslint\scope-manager\dist\definition\VariableDefinition.js'

npm warn tar TAR_ENTRY_ERROR ENOENT: no such file or directory, open 
'C:\Users\motaung\Desktop\Ark-main\Ark-main\node_modules\caniuse-lite\data\features\css-image-set.js'

npm warn tar TAR_ENTRY_ERROR ENOENT: no such file or directory, open 
'C:\Users\motaung\Desktop\Ark-main\Ark-main\node_modules\@typescript-eslint\scope-manager\dist\referencer\Visitor.js'

npm warn tar TAR_ENTRY_ERROR ENOENT: no such file or directory, open 'C:\Users\motaung\Desktop\Ark-main\Ark-main\node_m
odules\eslint-plugin-jsx-a11y\lib\rules\no-noninteractive-tabindex.js'

npm warn tar TAR_ENTRY_ERROR ENOENT: no such file or directory, open 
'C:\Users\motaung\Desktop\Ark-main\Ark-main\node_modules\caniuse-lite\data\features\css-in-out-of-range.js'

npm warn tar TAR_ENTRY_ERROR ENOENT: no such file or directory, open 'C:\Users\motaung\Desktop\Ark-main\Ark-main\node_m
odules\@typescript-eslint\scope-manager\dist\referencer\VisitorBase.js'

npm warn tar TAR_ENTRY_ERROR ENOENT: no such file or directory, open 
'C:\Users\motaung\Desktop\Ark-main\Ark-main\node_modules\framer-motion\dist\es\easing\cubic-bezier.mjs'

npm warn tar TAR_ENTRY_ERROR ENOENT: no such file or directory, open 
'C:\Users\motaung\Desktop\Ark-main\Ark-main\node_modules\caniuse-lite\data\features\css-indeterminate-pseudo.js'

npm warn tar TAR_ENTRY_ERROR ENOENT: no such file or directory, lstat 
'C:\Users\motaung\Desktop\Ark-main\Ark-main\node_modules\eslint\lib\rules\utils\unicode'

npm warn tar TAR_ENTRY_ERROR ENOENT: no such file or directory, open 
'C:\Users\motaung\Desktop\Ark-main\Ark-main\node_modules\caniuse-lite\data\features\css-initial-letter.js'

npm warn tar TAR_ENTRY_ERROR ENOENT: no such file or directory, open 
'C:\Users\motaung\Desktop\Ark-main\Ark-main\node_modules\eslint-plugin-jsx-a11y\lib\rules\no-onchange.js'

npm warn tar TAR_ENTRY_ERROR ENOENT: no such file or directory, open 
'C:\Users\motaung\Desktop\Ark-main\Ark-main\node_modules\caniuse-lite\data\features\css-initial-value.js'

npm warn tar TAR_ENTRY_ERROR ENOENT: no such file or directory, open 
'C:\Users\motaung\Desktop\Ark-main\Ark-main\node_modules\caniuse-lite\data\features\css-lch-lab.js'

npm warn tar TAR_ENTRY_ERROR ENOENT: no such file or directory, open 
'C:\Users\motaung\Desktop\Ark-main\Ark-main\node_modules\caniuse-lite\data\features\css-letter-spacing.js'

npm warn tar TAR_ENTRY_ERROR ENOENT: no such file or directory, open 
'C:\Users\motaung\Desktop\Ark-main\Ark-main\node_modules\caniuse-lite\data\features\css-line-clamp.js'

npm warn tar TAR_ENTRY_ERROR ENOENT: no such file or directory, open 
'C:\Users\motaung\Desktop\Ark-main\Ark-main\node_modules\caniuse-lite\data\features\css-logical-props.js'

npm warn tar TAR_ENTRY_ERROR ENOENT: no such file or directory, open 
'C:\Users\motaung\Desktop\Ark-main\Ark-main\node_modules\eslint-plugin-jsx-a11y\lib\rules\no-redundant-roles.js'

npm warn tar TAR_ENTRY_ERROR ENOENT: no such file or directory, open 
'C:\Users\motaung\Desktop\Ark-main\Ark-main\node_modules\caniuse-lite\data\features\css-marker-pseudo.js'

npm warn tar TAR_ENTRY_ERROR ENOENT: no such file or directory, lstat 
'C:\Users\motaung\Desktop\Ark-main\Ark-main\node_modules\framer-motion\dist\es\utils\offsets'

npm warn tar TAR_ENTRY_ERROR ENOENT: no such file or directory, open 
'C:\Users\motaung\Desktop\Ark-main\Ark-main\node_modules\caniuse-lite\data\features\css-masks.js'

npm warn tar TAR_ENTRY_ERROR ENOENT: no such file or directory, open 
'C:\Users\motaung\Desktop\Ark-main\Ark-main\node_modules\caniuse-lite\data\features\css-matches-pseudo.js'

npm warn tar TAR_ENTRY_ERROR ENOENT: no such file or directory, open 
'C:\Users\motaung\Desktop\Ark-main\Ark-main\node_modules\caniuse-lite\data\features\css-math-functions.js'

npm warn tar TAR_ENTRY_ERROR ENOENT: no such file or directory, open 
'C:\Users\motaung\Desktop\Ark-main\Ark-main\node_modules\caniuse-lite\data\features\css-media-interaction.js'

npm warn tar TAR_ENTRY_ERROR ENOENT: no such file or directory, open 'C:\Users\motaung\Desktop\Ark-main\Ark-main\node_m
odules\eslint-plugin-jsx-a11y\lib\rules\no-static-element-interactions.js'

npm warn tar TAR_ENTRY_ERROR ENOENT: no such file or directory, open 
'C:\Users\motaung\Desktop\Ark-main\Ark-main\node_modules\caniuse-lite\data\features\css-media-range-syntax.js'

npm warn tar TAR_ENTRY_ERROR ENOENT: no such file or directory, open 
'C:\Users\motaung\Desktop\Ark-main\Ark-main\node_modules\eslint-plugin-jsx-a11y\lib\util\implicitRoles\ol.js'

npm warn tar TAR_ENTRY_ERROR ENOENT: no such file or directory, open 
'C:\Users\motaung\Desktop\Ark-main\Ark-main\node_modules\caniuse-lite\data\features\css-media-resolution.js'

npm warn tar TAR_ENTRY_ERROR ENOENT: no such file or directory, open 
'C:\Users\motaung\Desktop\Ark-main\Ark-main\node_modules\eslint-plugin-jsx-a11y\lib\util\implicitRoles\option.js'

npm warn tar TAR_ENTRY_ERROR ENOENT: no such file or directory, open 
'C:\Users\motaung\Desktop\Ark-main\Ark-main\node_modules\caniuse-lite\data\features\css-media-scripting.js'

npm warn tar TAR_ENTRY_ERROR ENOENT: no such file or directory, open 
'C:\Users\motaung\Desktop\Ark-main\Ark-main\node_modules\eslint-plugin-jsx-a11y\lib\util\implicitRoles\output.js'

npm warn tar TAR_ENTRY_ERROR ENOENT: no such file or directory, open 
'C:\Users\motaung\Desktop\Ark-main\Ark-main\node_modules\@typescript-eslint\scope-manager\dist\scope\WithScope.js'

npm warn tar TAR_ENTRY_ERROR ENOENT: no such file or directory, open 
'C:\Users\motaung\Desktop\Ark-main\Ark-main\node_modules\caniuse-lite\data\features\css-mediaqueries.js'

npm warn tar TAR_ENTRY_ERROR ENOENT: no such file or directory, open 
'C:\Users\motaung\Desktop\Ark-main\Ark-main\node_modules\caniuse-lite\data\features\css-mixblendmode.js'

npm warn tar TAR_ENTRY_ERROR ENOENT: no such file or directory, open 
'C:\Users\motaung\Desktop\Ark-main\Ark-main\node_modules\caniuse-lite\data\features\css-module-scripts.js'

npm warn tar TAR_ENTRY_ERROR ENOENT: no such file or directory, open 
'C:\Users\motaung\Desktop\Ark-main\Ark-main\node_modules\caniuse-lite\data\features\css-motion-paths.js'

npm warn tar TAR_ENTRY_ERROR ENOENT: no such file or directory, open 
'C:\Users\motaung\Desktop\Ark-main\Ark-main\node_modules\caniuse-lite\data\features\css-namespaces.js'

npm warn tar TAR_ENTRY_ERROR ENOENT: no such file or directory, open 
'C:\Users\motaung\Desktop\Ark-main\Ark-main\node_modules\framer-motion\dist\es\utils\delay.mjs'

npm warn tar TAR_ENTRY_ERROR ENOENT: no such file or directory, open 
'C:\Users\motaung\Desktop\Ark-main\Ark-main\node_modules\caniuse-lite\data\features\css-nesting.js'

npm warn tar TAR_ENTRY_ERROR ENOENT: no such file or directory, open 
'C:\Users\motaung\Desktop\Ark-main\Ark-main\node_modules\eslint-plugin-react\configs\recommended.js'

npm warn tar TAR_ENTRY_ERROR ENOENT: no such file or directory, open 
'C:\Users\motaung\Desktop\Ark-main\Ark-main\node_modules\caniuse-lite\data\features\css-not-sel-list.js'

npm warn tar TAR_ENTRY_ERROR ENOENT: no such file or directory, open 
'C:\Users\motaung\Desktop\Ark-main\Ark-main\node_modules\caniuse-lite\data\features\css-nth-child-of.js'

npm warn tar TAR_ENTRY_ERROR ENOENT: no such file or directory, open 
'C:\Users\motaung\Desktop\Ark-main\Ark-main\node_modules\caniuse-lite\data\features\css-opacity.js'

npm warn tar TAR_ENTRY_ERROR ENOENT: no such file or directory, open 
'C:\Users\motaung\Desktop\Ark-main\Ark-main\node_modules\caniuse-lite\data\features\css-optional-pseudo.js'

npm warn tar TAR_ENTRY_ERROR ENOENT: no such file or directory, lstat 
'C:\Users\motaung\Desktop\Ark-main\Ark-main\node_modules\eslint\lib\rules\utils\unicode'

npm warn tar TAR_ENTRY_ERROR ENOENT: no such file or directory, open 
'C:\Users\motaung\Desktop\Ark-main\Ark-main\node_modules\caniuse-lite\data\features\css-overflow-anchor.js'

npm warn tar TAR_ENTRY_ERROR ENOENT: no such file or directory, open 
'C:\Users\motaung\Desktop\Ark-main\Ark-main\node_modules\eslint-plugin-jsx-a11y\lib\rules\prefer-tag-over-role.js'

npm warn tar TAR_ENTRY_ERROR ENOENT: no such file or directory, open 
'C:\Users\motaung\Desktop\Ark-main\Ark-main\node_modules\caniuse-lite\data\features\css-overflow-overlay.js'

npm warn tar TAR_ENTRY_ERROR ENOENT: no such file or directory, lstat 
'C:\Users\motaung\Desktop\Ark-main\Ark-main\node_modules\eslint\lib\rules\utils\unicode'

npm warn tar TAR_ENTRY_ERROR ENOENT: no such file or directory, open 
'C:\Users\motaung\Desktop\Ark-main\Ark-main\node_modules\eslint-plugin-jsx-a11y\lib\util\implicitRoles\progress.js'

npm warn tar TAR_ENTRY_ERROR ENOENT: no such file or directory, open 
'C:\Users\motaung\Desktop\Ark-main\Ark-main\node_modules\caniuse-lite\data\features\css-overflow.js'

npm warn tar TAR_ENTRY_ERROR ENOENT: no such file or directory, lstat 
'C:\Users\motaung\Desktop\Ark-main\Ark-main\node_modules\eslint\lib\rules\utils\unicode'

npm warn tar TAR_ENTRY_ERROR ENOENT: no such file or directory, open 
'C:\Users\motaung\Desktop\Ark-main\Ark-main\node_modules\caniuse-lite\data\features\css-overscroll-behavior.js'

npm warn tar TAR_ENTRY_ERROR ENOENT: no such file or directory, lstat 
'C:\Users\motaung\Desktop\Ark-main\Ark-main\node_modules\eslint\lib\rules\utils\unicode'

npm warn tar TAR_ENTRY_ERROR ENOENT: no such file or directory, open 
'C:\Users\motaung\Desktop\Ark-main\Ark-main\node_modules\caniuse-lite\data\features\css-page-break.js'

npm warn tar TAR_ENTRY_ERROR ENOENT: no such file or directory, open 
'C:\Users\motaung\Desktop\Ark-main\Ark-main\node_modules\eslint\lib\cli-engine\formatters\jslint-xml.js'

npm warn tar TAR_ENTRY_ERROR ENOENT: no such file or directory, open 
'C:\Users\motaung\Desktop\Ark-main\Ark-main\node_modules\caniuse-lite\data\features\css-paged-media.js'

npm warn tar TAR_ENTRY_ERROR ENOENT: no such file or directory, open 
'C:\Users\motaung\Desktop\Ark-main\Ark-main\node_modules\eslint\lib\cli-engine\formatters\json-with-metadata.js'

npm warn tar TAR_ENTRY_ERROR ENOENT: no such file or directory, open 'C:\Users\motaung\Desktop\Ark-main\Ark-main\node_m
odules\eslint-plugin-jsx-a11y\lib\rules\role-has-required-aria-props.js'

npm warn tar TAR_ENTRY_ERROR ENOENT: no such file or directory, open 
'C:\Users\motaung\Desktop\Ark-main\Ark-main\node_modules\caniuse-lite\data\features\css-paint-api.js'

npm warn tar TAR_ENTRY_ERROR ENOENT: no such file or directory, open 
'C:\Users\motaung\Desktop\Ark-main\Ark-main\node_modules\eslint\lib\cli-engine\formatters\json.js'

npm warn tar TAR_ENTRY_ERROR ENOENT: no such file or directory, open 
'C:\Users\motaung\Desktop\Ark-main\Ark-main\node_modules\caniuse-lite\data\features\css-placeholder-shown.js'

npm warn tar TAR_ENTRY_ERROR ENOENT: no such file or directory, open 
'C:\Users\motaung\Desktop\Ark-main\Ark-main\node_modules\caniuse-lite\data\features\css-placeholder.js'

npm warn tar TAR_ENTRY_ERROR ENOENT: no such file or directory, open 
'C:\Users\motaung\Desktop\Ark-main\Ark-main\node_modules\caniuse-lite\data\features\css-print-color-adjust.js'

npm warn tar TAR_ENTRY_ERROR ENOENT: no such file or directory, open 
'C:\Users\motaung\Desktop\Ark-main\Ark-main\node_modules\caniuse-lite\data\features\css-read-only-write.js'

npm warn tar TAR_ENTRY_ERROR ENOENT: no such file or directory, open 
'C:\Users\motaung\Desktop\Ark-main\Ark-main\node_modules\caniuse-lite\data\features\css-rebeccapurple.js'

npm warn tar TAR_ENTRY_ERROR ENOENT: no such file or directory, open 
'C:\Users\motaung\Desktop\Ark-main\Ark-main\node_modules\eslint-plugin-jsx-a11y\lib\rules\role-supports-aria-props.js'

npm warn tar TAR_ENTRY_ERROR ENOENT: no such file or directory, open 
'C:\Users\motaung\Desktop\Ark-main\Ark-main\node_modules\eslint\lib\cli-engine\formatters\junit.js'

npm warn tar TAR_ENTRY_ERROR ENOENT: no such file or directory, open 
'C:\Users\motaung\Desktop\Ark-main\Ark-main\node_modules\caniuse-lite\data\features\css-reflections.js'

npm warn tar TAR_ENTRY_ERROR ENOENT: no such file or directory, open 
'C:\Users\motaung\Desktop\Ark-main\Ark-main\node_modules\caniuse-lite\data\features\css-regions.js'

npm warn tar TAR_ENTRY_ERROR ENOENT: no such file or directory, open 
'C:\Users\motaung\Desktop\Ark-main\Ark-main\node_modules\caniuse-lite\data\features\css-relative-colors.js'

npm warn tar TAR_ENTRY_ERROR ENOENT: no such file or directory, open 'C:\Users\motaung\Desktop\Ark-main\Ark-main\node_m
odules\@typescript-eslint\scope-manager\dist\scope\BlockScope.d.ts.map'

npm warn tar TAR_ENTRY_ERROR ENOENT: no such file or directory, open 
'C:\Users\motaung\Desktop\Ark-main\Ark-main\node_modules\caniuse-lite\data\features\css-repeating-gradients.js'

npm warn tar TAR_ENTRY_ERROR ENOENT: no such file or directory, open 
'C:\Users\motaung\Desktop\Ark-main\Ark-main\node_modules\@typescript-eslint\scope-manager\dist\scope\BlockScope.js.map'

npm warn tar TAR_ENTRY_ERROR ENOENT: no such file or directory, open 
'C:\Users\motaung\Desktop\Ark-main\Ark-main\node_modules\caniuse-lite\data\features\css-resize.js'

npm warn tar TAR_ENTRY_ERROR ENOENT: no such file or directory, open 'C:\Users\motaung\Desktop\Ark-main\Ark-main\node_m
odules\@typescript-eslint\scope-manager\dist\definition\CatchClauseDefinition.d.ts.map'

npm warn tar TAR_ENTRY_ERROR ENOENT: no such file or directory, open 
'C:\Users\motaung\Desktop\Ark-main\Ark-main\node_modules\caniuse-lite\data\features\css-revert-value.js'

npm warn tar TAR_ENTRY_ERROR ENOENT: no such file or directory, open 'C:\Users\motaung\Desktop\Ark-main\Ark-main\node_m
odules\@typescript-eslint\scope-manager\dist\definition\CatchClauseDefinition.js.map'

npm warn tar TAR_ENTRY_ERROR ENOENT: no such file or directory, open 
'C:\Users\motaung\Desktop\Ark-main\Ark-main\node_modules\caniuse-lite\data\features\css-rrggbbaa.js'

npm warn tar TAR_ENTRY_ERROR ENOENT: no such file or directory, open 'C:\Users\motaung\Desktop\Ark-main\Ark-main\node_m
odules\@typescript-eslint\scope-manager\dist\scope\CatchScope.d.ts.map'

npm warn tar TAR_ENTRY_ERROR ENOENT: no such file or directory, open 
'C:\Users\motaung\Desktop\Ark-main\Ark-main\node_modules\caniuse-lite\data\features\css-scroll-behavior.js'

npm warn tar TAR_ENTRY_ERROR ENOENT: no such file or directory, open 
'C:\Users\motaung\Desktop\Ark-main\Ark-main\node_modules\@typescript-eslint\scope-manager\dist\scope\CatchScope.js.map'

npm warn tar TAR_ENTRY_ERROR ENOENT: no such file or directory, open 
'C:\Users\motaung\Desktop\Ark-main\Ark-main\node_modules\caniuse-lite\data\features\css-scrollbar.js'

npm warn tar TAR_ENTRY_ERROR ENOENT: no such file or directory, open 'C:\Users\motaung\Desktop\Ark-main\Ark-main\node_m
odules\@typescript-eslint\scope-manager\dist\scope\ClassFieldInitializerScope.d.ts.map'

npm warn tar TAR_ENTRY_ERROR ENOENT: no such file or directory, open 
'C:\Users\motaung\Desktop\Ark-main\Ark-main\node_modules\caniuse-lite\data\features\css-sel2.js'

npm warn tar TAR_ENTRY_ERROR ENOENT: no such file or directory, open 
'C:\Users\motaung\Desktop\Ark-main\Ark-main\node_modules\eslint\lib\rules\utils\keywords.js'

npm warn tar TAR_ENTRY_ERROR ENOENT: no such file or directory, open 'C:\Users\motaung\Desktop\Ark-main\Ark-main\node_m
odules\@typescript-eslint\scope-manager\dist\scope\ClassFieldInitializerScope.js.map'

npm warn tar TAR_ENTRY_ERROR ENOENT: no such file or directory, open 
'C:\Users\motaung\Desktop\Ark-main\Ark-main\node_modules\caniuse-lite\data\features\css-sel3.js'

npm warn tar TAR_ENTRY_ERROR ENOENT: no such file or directory, open 
'C:\Users\motaung\Desktop\Ark-main\Ark-main\node_modules\eslint\lib\rules\utils\lazy-loading-rule-map.js'

npm warn tar TAR_ENTRY_ERROR ENOENT: no such file or directory, open 'C:\Users\motaung\Desktop\Ark-main\Ark-main\node_m
odules\@typescript-eslint\scope-manager\dist\definition\ClassNameDefinition.d.ts.map'

npm warn tar TAR_ENTRY_ERROR ENOENT: no such file or directory, open 
'C:\Users\motaung\Desktop\Ark-main\Ark-main\node_modules\caniuse-lite\data\features\css-selection.js'

npm warn tar TAR_ENTRY_ERROR ENOENT: no such file or directory, open 
'C:\Users\motaung\Desktop\Ark-main\Ark-main\node_modules\eslint-plugin-jsx-a11y\lib\rules\scope.js'

npm warn tar TAR_ENTRY_ERROR ENOENT: no such file or directory, lstat 
'C:\Users\motaung\Desktop\Ark-main\Ark-main\node_modules\eslint\lib\rules\utils\patterns'

npm warn tar TAR_ENTRY_ERROR ENOENT: no such file or directory, open 'C:\Users\motaung\Desktop\Ark-main\Ark-main\node_m
odules\@typescript-eslint\scope-manager\dist\definition\ClassNameDefinition.js.map'

npm warn tar TAR_ENTRY_ERROR ENOENT: no such file or directory, open 
'C:\Users\motaung\Desktop\Ark-main\Ark-main\node_modules\caniuse-lite\data\features\css-shapes.js'

npm warn tar TAR_ENTRY_ERROR ENOENT: no such file or directory, open 
'C:\Users\motaung\Desktop\Ark-main\Ark-main\node_modules\eslint-plugin-jsx-a11y\lib\util\implicitRoles\section.js'

npm warn tar TAR_ENTRY_ERROR ENOENT: no such file or directory, open 'C:\Users\motaung\Desktop\Ark-main\Ark-main\node_m
odules\@typescript-eslint\scope-manager\dist\scope\ClassScope.d.ts.map'

npm warn tar TAR_ENTRY_ERROR ENOENT: no such file or directory, open 
'C:\Users\motaung\Desktop\Ark-main\Ark-main\node_modules\caniuse-lite\data\features\css-snappoints.js'

npm warn tar TAR_ENTRY_ERROR ENOENT: no such file or directory, open 
'C:\Users\motaung\Desktop\Ark-main\Ark-main\node_modules\@typescript-eslint\scope-manager\dist\scope\ClassScope.js.map'

npm warn tar TAR_ENTRY_ERROR ENOENT: no such file or directory, open 
'C:\Users\motaung\Desktop\Ark-main\Ark-main\node_modules\caniuse-lite\data\features\css-sticky.js'

npm warn tar TAR_ENTRY_ERROR ENOENT: no such file or directory, open 
'C:\Users\motaung\Desktop\Ark-main\Ark-main\node_modules\eslint-plugin-jsx-a11y\lib\util\implicitRoles\select.js'

npm warn tar TAR_ENTRY_ERROR ENOENT: no such file or directory, open 'C:\Users\motaung\Desktop\Ark-main\Ark-main\node_m
odules\@typescript-eslint\scope-manager\dist\scope\ClassStaticBlockScope.d.ts.map'

npm warn tar TAR_ENTRY_ERROR ENOENT: no such file or directory, open 
'C:\Users\motaung\Desktop\Ark-main\Ark-main\node_modules\caniuse-lite\data\features\css-subgrid.js'

npm warn tar TAR_ENTRY_ERROR ENOENT: no such file or directory, open 'C:\Users\motaung\Desktop\Ark-main\Ark-main\node_m
odules\@typescript-eslint\scope-manager\dist\scope\ClassStaticBlockScope.js.map'

npm warn tar TAR_ENTRY_ERROR ENOENT: no such file or directory, open 
'C:\Users\motaung\Desktop\Ark-main\Ark-main\node_modules\caniuse-lite\data\features\css-supports-api.js'

npm warn tar TAR_ENTRY_ERROR ENOENT: no such file or directory, open 'C:\Users\motaung\Desktop\Ark-main\Ark-main\node_m
odules\@typescript-eslint\scope-manager\dist\referencer\ClassVisitor.d.ts.map'

npm warn tar TAR_ENTRY_ERROR ENOENT: no such file or directory, open 
'C:\Users\motaung\Desktop\Ark-main\Ark-main\node_modules\caniuse-lite\data\features\css-table.js'

npm warn tar TAR_ENTRY_ERROR ENOENT: no such file or directory, open 
'C:\Users\motaung\Desktop\Ark-main\Ark-main\node_modules\eslint-plugin-jsx-a11y\lib\rules\tabindex-no-positive.js'

npm warn tar TAR_ENTRY_ERROR ENOENT: no such file or directory, open 'C:\Users\motaung\Desktop\Ark-main\Ark-main\node_m
odules\@typescript-eslint\scope-manager\dist\referencer\ClassVisitor.js.map'

npm warn tar TAR_ENTRY_ERROR ENOENT: no such file or directory, open 
'C:\Users\motaung\Desktop\Ark-main\Ark-main\node_modules\caniuse-lite\data\features\css-text-align-last.js'

npm warn tar TAR_ENTRY_ERROR ENOENT: no such file or directory, open 
'C:\Users\motaung\Desktop\Ark-main\Ark-main\node_modules\eslint-plugin-jsx-a11y\lib\util\implicitRoles\tbody.js'

npm warn tar TAR_ENTRY_ERROR ENOENT: no such file or directory, open 'C:\Users\motaung\Desktop\Ark-main\Ark-main\node_m
odules\@typescript-eslint\scope-manager\dist\scope\ConditionalTypeScope.d.ts.map'

npm warn tar TAR_ENTRY_ERROR ENOENT: no such file or directory, open 
'C:\Users\motaung\Desktop\Ark-main\Ark-main\node_modules\caniuse-lite\data\features\css-text-box-trim.js'

npm warn tar TAR_ENTRY_ERROR ENOENT: no such file or directory, open 
'C:\Users\motaung\Desktop\Ark-main\Ark-main\node_modules\eslint-plugin-jsx-a11y\lib\util\implicitRoles\textarea.js'

npm warn tar TAR_ENTRY_ERROR ENOENT: no such file or directory, open 'C:\Users\motaung\Desktop\Ark-main\Ark-main\node_m
odules\@typescript-eslint\scope-manager\dist\scope\ConditionalTypeScope.js.map'

npm warn tar TAR_ENTRY_ERROR ENOENT: no such file or directory, open 
'C:\Users\motaung\Desktop\Ark-main\Ark-main\node_modules\eslint-plugin-import\memo-parser\README.md'

npm warn tar TAR_ENTRY_ERROR ENOENT: no such file or directory, open 
'C:\Users\motaung\Desktop\Ark-main\Ark-main\node_modules\caniuse-lite\data\features\css-text-indent.js'

npm warn tar TAR_ENTRY_ERROR ENOENT: no such file or directory, open 
'C:\Users\motaung\Desktop\Ark-main\Ark-main\node_modules\eslint-plugin-jsx-a11y\lib\util\implicitRoles\tfoot.js'

npm warn tar TAR_ENTRY_ERROR ENOENT: no such file or directory, open 
'C:\Users\motaung\Desktop\Ark-main\Ark-main\node_modules\caniuse-lite\data\features\css-text-justify.js'

npm warn tar TAR_ENTRY_ERROR ENOENT: no such file or directory, open 
'C:\Users\motaung\Desktop\Ark-main\Ark-main\node_modules\eslint-plugin-jsx-a11y\lib\util\implicitRoles\thead.js'

npm warn tar TAR_ENTRY_ERROR ENOENT: no such file or directory, open 
'C:\Users\motaung\Desktop\Ark-main\Ark-main\node_modules\caniuse-lite\data\features\css-text-orientation.js'

npm warn tar TAR_ENTRY_ERROR ENOENT: no such file or directory, open 
'C:\Users\motaung\Desktop\Ark-main\Ark-main\node_modules\eslint-plugin-jsx-a11y\lib\util\implicitRoles\ul.js'

npm warn tar TAR_ENTRY_ERROR ENOENT: no such file or directory, open 
'C:\Users\motaung\Desktop\Ark-main\Ark-main\node_modules\caniuse-lite\data\features\css-text-spacing.js'

npm warn tar TAR_ENTRY_ERROR ENOENT: no such file or directory, open 
'C:\Users\motaung\Desktop\Ark-main\Ark-main\node_modules\caniuse-lite\data\features\css-text-wrap-balance.js'

npm warn tar TAR_ENTRY_ERROR ENOENT: no such file or directory, open 
'C:\Users\motaung\Desktop\Ark-main\Ark-main\node_modules\caniuse-lite\data\features\css-textshadow.js'

npm warn tar TAR_ENTRY_ERROR ENOENT: no such file or directory, open 
'C:\Users\motaung\Desktop\Ark-main\Ark-main\node_modules\caniuse-lite\data\features\css-touch-action.js'

npm warn tar TAR_ENTRY_ERROR ENOENT: no such file or directory, open 
'C:\Users\motaung\Desktop\Ark-main\Ark-main\node_modules\caniuse-lite\data\features\css-transitions.js'

npm warn tar TAR_ENTRY_ERROR ENOENT: no such file or directory, open 
'C:\Users\motaung\Desktop\Ark-main\Ark-main\node_modules\caniuse-lite\data\features\css-unicode-bidi.js'

npm warn tar TAR_ENTRY_ERROR ENOENT: no such file or directory, open 
'C:\Users\motaung\Desktop\Ark-main\Ark-main\node_modules\caniuse-lite\data\features\css-unset-value.js'

npm warn tar TAR_ENTRY_ERROR ENOENT: no such file or directory, open 
'C:\Users\motaung\Desktop\Ark-main\Ark-main\node_modules\caniuse-lite\data\features\css-variables.js'

npm warn tar TAR_ENTRY_ERROR ENOENT: no such file or directory, open 
'C:\Users\motaung\Desktop\Ark-main\Ark-main\node_modules\caniuse-lite\data\features\css-when-else.js'

npm warn tar TAR_ENTRY_ERROR ENOENT: no such file or directory, open 
'C:\Users\motaung\Desktop\Ark-main\Ark-main\node_modules\caniuse-lite\data\features\css-widows-orphans.js'

npm warn tar TAR_ENTRY_ERROR ENOENT: no such file or directory, lstat 
'C:\Users\motaung\Desktop\Ark-main\Ark-main\node_modules\framer-motion\dist\es\animation\animators\drivers'

npm warn tar TAR_ENTRY_ERROR ENOENT: no such file or directory, open 
'C:\Users\motaung\Desktop\Ark-main\Ark-main\node_modules\caniuse-lite\data\features\css-width-stretch.js'

npm warn tar TAR_ENTRY_ERROR ENOENT: no such file or directory, open 'C:\Users\motaung\Desktop\Ark-main\Ark-main\node_m
odules\@typescript-eslint\scope-manager\dist\definition\Definition.d.ts.map'

npm warn tar TAR_ENTRY_ERROR ENOENT: no such file or directory, open 
'C:\Users\motaung\Desktop\Ark-main\Ark-main\node_modules\caniuse-lite\data\features\css-writing-mode.js'

npm warn tar TAR_ENTRY_ERROR ENOENT: no such file or directory, open 'C:\Users\motaung\Desktop\Ark-main\Ark-main\node_m
odules\@typescript-eslint\scope-manager\dist\definition\Definition.js.map'

npm warn tar TAR_ENTRY_ERROR ENOENT: no such file or directory, open 
'C:\Users\motaung\Desktop\Ark-main\Ark-main\node_modules\caniuse-lite\data\features\css-zoom.js'

npm warn tar TAR_ENTRY_ERROR ENOENT: no such file or directory, open 'C:\Users\motaung\Desktop\Ark-main\Ark-main\node_m
odules\@typescript-eslint\scope-manager\dist\definition\DefinitionBase.d.ts.map'

npm warn tar TAR_ENTRY_ERROR ENOENT: no such file or directory, open 
'C:\Users\motaung\Desktop\Ark-main\Ark-main\node_modules\caniuse-lite\data\features\css3-attr.js'

npm warn tar TAR_ENTRY_ERROR ENOENT: no such file or directory, open 'C:\Users\motaung\Desktop\Ark-main\Ark-main\node_m
odules\@typescript-eslint\scope-manager\dist\definition\DefinitionBase.js.map'

npm warn tar TAR_ENTRY_ERROR ENOENT: no such file or directory, open 
'C:\Users\motaung\Desktop\Ark-main\Ark-main\node_modules\caniuse-lite\data\features\css3-boxsizing.js'

npm warn tar TAR_ENTRY_ERROR ENOENT: no such file or directory, open 'C:\Users\motaung\Desktop\Ark-main\Ark-main\node_m
odules\@typescript-eslint\scope-manager\dist\definition\DefinitionType.d.ts.map'

npm warn tar TAR_ENTRY_ERROR ENOENT: no such file or directory, open 
'C:\Users\motaung\Desktop\Ark-main\Ark-main\node_modules\caniuse-lite\data\features\css3-colors.js'

npm warn tar TAR_ENTRY_ERROR ENOENT: no such file or directory, open 'C:\Users\motaung\Desktop\Ark-main\Ark-main\node_m
odules\@typescript-eslint\scope-manager\dist\definition\DefinitionType.js.map'

npm warn tar TAR_ENTRY_ERROR ENOENT: no such file or directory, open 
'C:\Users\motaung\Desktop\Ark-main\Ark-main\node_modules\caniuse-lite\data\features\css3-cursors-grab.js'

npm warn tar TAR_ENTRY_ERROR ENOENT: no such file or directory, open 
'C:\Users\motaung\Desktop\Ark-main\Ark-main\node_modules\caniuse-lite\data\features\css3-cursors-newer.js'

npm warn tar TAR_ENTRY_ERROR ENOENT: no such file or directory, open 
'C:\Users\motaung\Desktop\Ark-main\Ark-main\node_modules\caniuse-lite\data\features\css3-cursors.js'

npm warn tar TAR_ENTRY_ERROR ENOENT: no such file or directory, open 
'C:\Users\motaung\Desktop\Ark-main\Ark-main\node_modules\caniuse-lite\data\features\css3-tabsize.js'

npm warn tar TAR_ENTRY_ERROR ENOENT: no such file or directory, open 
'C:\Users\motaung\Desktop\Ark-main\Ark-main\node_modules\caniuse-lite\data\features\currentcolor.js'

npm warn tar TAR_ENTRY_ERROR ENOENT: no such file or directory, open 
'C:\Users\motaung\Desktop\Ark-main\Ark-main\node_modules\caniuse-lite\data\features\custom-elements.js'

npm warn tar TAR_ENTRY_ERROR ENOENT: no such file or directory, open 
'C:\Users\motaung\Desktop\Ark-main\Ark-main\node_modules\caniuse-lite\data\features\custom-elementsv1.js'

npm warn tar TAR_ENTRY_ERROR ENOENT: no such file or directory, open 
'C:\Users\motaung\Desktop\Ark-main\Ark-main\node_modules\caniuse-lite\data\features\customevent.js'

npm warn tar TAR_ENTRY_ERROR ENOENT: no such file or directory, open 
'C:\Users\motaung\Desktop\Ark-main\Ark-main\node_modules\caniuse-lite\data\features\customizable-select.js'

npm warn tar TAR_ENTRY_ERROR ENOENT: no such file or directory, open 
'C:\Users\motaung\Desktop\Ark-main\Ark-main\node_modules\framer-motion\dist\es\events\event-info.mjs'

npm warn tar TAR_ENTRY_ERROR ENOENT: no such file or directory, open 
'C:\Users\motaung\Desktop\Ark-main\Ark-main\node_modules\eslint\lib\shared\logging.js'

npm warn tar TAR_ENTRY_ERROR ENOENT: no such file or directory, open 
'C:\Users\motaung\Desktop\Ark-main\Ark-main\node_modules\caniuse-lite\data\features\datalist.js'

npm warn tar TAR_ENTRY_ERROR ENOENT: no such file or directory, open 
'C:\Users\motaung\Desktop\Ark-main\Ark-main\node_modules\caniuse-lite\data\features\dataset.js'

npm warn tar TAR_ENTRY_ERROR ENOENT: no such file or directory, open 
'C:\Users\motaung\Desktop\Ark-main\Ark-main\node_modules\caniuse-lite\data\features\datauri.js'

npm warn tar TAR_ENTRY_ERROR ENOENT: no such file or directory, open 
'C:\Users\motaung\Desktop\Ark-main\Ark-main\node_modules\caniuse-lite\data\features\date-tolocaledatestring.js'

npm warn tar TAR_ENTRY_ERROR ENOENT: no such file or directory, open 
'C:\Users\motaung\Desktop\Ark-main\Ark-main\node_modules\caniuse-lite\data\features\declarative-shadow-dom.js'

npm warn tar TAR_ENTRY_ERROR ENOENT: no such file or directory, open 
'C:\Users\motaung\Desktop\Ark-main\Ark-main\node_modules\caniuse-lite\data\features\decorators.js'

npm warn tar TAR_ENTRY_ERROR ENOENT: no such file or directory, open 
'C:\Users\motaung\Desktop\Ark-main\Ark-main\node_modules\caniuse-lite\data\features\details.js'

npm warn tar TAR_ENTRY_ERROR ENOENT: no such file or directory, open 
'C:\Users\motaung\Desktop\Ark-main\Ark-main\node_modules\caniuse-lite\data\features\deviceorientation.js'

npm warn tar TAR_ENTRY_ERROR ENOENT: no such file or directory, open 
'C:\Users\motaung\Desktop\Ark-main\Ark-main\node_modules\caniuse-lite\data\features\devicepixelratio.js'

npm warn tar TAR_ENTRY_ERROR ENOENT: no such file or directory, open 
'C:\Users\motaung\Desktop\Ark-main\Ark-main\node_modules\caniuse-lite\data\features\dialog.js'

npm warn tar TAR_ENTRY_ERROR ENOENT: no such file or directory, open 
'C:\Users\motaung\Desktop\Ark-main\Ark-main\node_modules\caniuse-lite\data\features\dispatchevent.js'

npm warn tar TAR_ENTRY_ERROR EPERM: operation not permitted, unlink 'C:\Users\motaung\Desktop\Ark-main\Ark-main\node_mo
dules\yaml\browser\dist\stringify\stringifyString.js.DELETE.4ca14703414b6b2135966c98299d549b'

npm warn tar TAR_ENTRY_ERROR ENOENT: no such file or directory, open 
'C:\Users\motaung\Desktop\Ark-main\Ark-main\node_modules\caniuse-lite\data\features\dnssec.js'

npm warn tar TAR_ENTRY_ERROR ENOENT: no such file or directory, open 
'C:\Users\motaung\Desktop\Ark-main\Ark-main\node_modules\caniuse-lite\data\features\do-not-track.js'

npm warn tar TAR_ENTRY_ERROR EPERM: operation not permitted, unlink 'C:\Users\motaung\Desktop\Ark-main\Ark-main\node_mo
dules\yaml\dist\test-events.js.DELETE.699071cd5bc83d412392dbbfa44752fb'

npm warn tar TAR_ENTRY_ERROR ENOENT: no such file or directory, rename 
'C:\Users\motaung\Desktop\Ark-main\Ark-main\node_modules\yaml\dist\schema\yaml-1.1\timestamp.js' -> 'C:\Users\motaung\D
esktop\Ark-main\Ark-main\node_modules\yaml\dist\schema\yaml-1.1\timestamp.js.DELETE.7dbaf0dec8882a5831311be5c3171f9b'

npm warn tar TAR_ENTRY_ERROR ENOENT: no such file or directory, open 
'C:\Users\motaung\Desktop\Ark-main\Ark-main\node_modules\caniuse-lite\data\features\document-currentscript.js'

npm warn tar TAR_ENTRY_ERROR ENOENT: no such file or directory, open 
'C:\Users\motaung\Desktop\Ark-main\Ark-main\node_modules\caniuse-lite\data\features\document-evaluate-xpath.js'

npm warn tar TAR_ENTRY_ERROR ENOENT: no such file or directory, open 
'C:\Users\motaung\Desktop\Ark-main\Ark-main\node_modules\caniuse-lite\data\features\document-execcommand.js'

npm warn tar TAR_ENTRY_ERROR ENOENT: no such file or directory, open 
'C:\Users\motaung\Desktop\Ark-main\Ark-main\node_modules\caniuse-lite\data\features\document-policy.js'

npm warn tar TAR_ENTRY_ERROR ENOENT: no such file or directory, open 
'C:\Users\motaung\Desktop\Ark-main\Ark-main\node_modules\caniuse-lite\data\features\document-scrollingelement.js'

npm warn tar TAR_ENTRY_ERROR ENOENT: no such file or directory, open 
'C:\Users\motaung\Desktop\Ark-main\Ark-main\node_modules\caniuse-lite\data\features\documenthead.js'

npm warn tar TAR_ENTRY_ERROR ENOENT: no such file or directory, open 
'C:\Users\motaung\Desktop\Ark-main\Ark-main\node_modules\caniuse-lite\data\features\dom-manip-convenience.js'

npm warn tar TAR_ENTRY_ERROR ENOENT: no such file or directory, open 
'C:\Users\motaung\Desktop\Ark-main\Ark-main\node_modules\caniuse-lite\data\features\dom-range.js'

npm warn tar TAR_ENTRY_ERROR ENOENT: no such file or directory, open 
'C:\Users\motaung\Desktop\Ark-main\Ark-main\node_modules\caniuse-lite\data\features\domcontentloaded.js'

npm warn tar TAR_ENTRY_ERROR ENOENT: no such file or directory, open 
'C:\Users\motaung\Desktop\Ark-main\Ark-main\node_modules\caniuse-lite\data\features\dommatrix.js'

npm warn tar TAR_ENTRY_ERROR ENOENT: no such file or directory, open 
'C:\Users\motaung\Desktop\Ark-main\Ark-main\node_modules\caniuse-lite\data\features\download.js'

npm warn tar TAR_ENTRY_ERROR ENOENT: no such file or directory, open 
'C:\Users\motaung\Desktop\Ark-main\Ark-main\node_modules\caniuse-lite\data\features\dragndrop.js'

npm warn tar TAR_ENTRY_ERROR ENOENT: no such file or directory, open 
'C:\Users\motaung\Desktop\Ark-main\Ark-main\node_modules\caniuse-lite\data\features\element-closest.js'

npm warn tar TAR_ENTRY_ERROR ENOENT: no such file or directory, open 
'C:\Users\motaung\Desktop\Ark-main\Ark-main\node_modules\caniuse-lite\data\features\element-from-point.js'

npm warn tar TAR_ENTRY_ERROR ENOENT: no such file or directory, open 
'C:\Users\motaung\Desktop\Ark-main\Ark-main\node_modules\caniuse-lite\data\features\element-scroll-methods.js'

npm warn tar TAR_ENTRY_ERROR ENOENT: no such file or directory, open 
'C:\Users\motaung\Desktop\Ark-main\Ark-main\node_modules\caniuse-lite\data\features\eme.js'

npm warn tar TAR_ENTRY_ERROR ENOENT: no such file or directory, open 
'C:\Users\motaung\Desktop\Ark-main\Ark-main\node_modules\caniuse-lite\data\features\eot.js'

npm warn tar TAR_ENTRY_ERROR ENOENT: no such file or directory, lstat 
'C:\Users\motaung\Desktop\Ark-main\Ark-main\node_modules\framer-motion\dist\es\animation\animators\waapi\utils'

npm warn tar TAR_ENTRY_ERROR ENOENT: no such file or directory, open 
'C:\Users\motaung\Desktop\Ark-main\Ark-main\node_modules\caniuse-lite\data\features\es5.js'

npm warn tar TAR_ENTRY_ERROR ENOENT: no such file or directory, open 
'C:\Users\motaung\Desktop\Ark-main\Ark-main\node_modules\caniuse-lite\data\features\es6-class.js'

npm warn tar TAR_ENTRY_ERROR ENOENT: no such file or directory, open 
'C:\Users\motaung\Desktop\Ark-main\Ark-main\node_modules\caniuse-lite\data\features\es6-generators.js'

npm warn tar TAR_ENTRY_ERROR ENOENT: no such file or directory, open 
'C:\Users\motaung\Desktop\Ark-main\Ark-main\node_modules\caniuse-lite\data\features\es6-module-dynamic-import.js'

npm warn tar TAR_ENTRY_ERROR ENOENT: no such file or directory, open 
'C:\Users\motaung\Desktop\Ark-main\Ark-main\node_modules\caniuse-lite\data\features\es6-module.js'

npm warn tar TAR_ENTRY_ERROR ENOENT: no such file or directory, open 
'C:\Users\motaung\Desktop\Ark-main\Ark-main\node_modules\caniuse-lite\data\features\es6-number.js'

npm warn tar TAR_ENTRY_ERROR ENOENT: no such file or directory, open 
'C:\Users\motaung\Desktop\Ark-main\Ark-main\node_modules\caniuse-lite\data\features\es6-string-includes.js'

npm warn tar TAR_ENTRY_ERROR ENOENT: no such file or directory, open 
'C:\Users\motaung\Desktop\Ark-main\Ark-main\node_modules\caniuse-lite\data\features\es6.js'

npm warn tar TAR_ENTRY_ERROR ENOENT: no such file or directory, open 
'C:\Users\motaung\Desktop\Ark-main\Ark-main\node_modules\caniuse-lite\data\features\eventsource.js'

npm warn tar TAR_ENTRY_ERROR ENOENT: no such file or directory, open 
'C:\Users\motaung\Desktop\Ark-main\Ark-main\node_modules\caniuse-lite\data\features\extended-system-fonts.js'

npm warn tar TAR_ENTRY_ERROR ENOENT: no such file or directory, open 
'C:\Users\motaung\Desktop\Ark-main\Ark-main\node_modules\caniuse-lite\data\features\feature-policy.js'

npm warn tar TAR_ENTRY_ERROR ENOENT: no such file or directory, open 
'C:\Users\motaung\Desktop\Ark-main\Ark-main\node_modules\caniuse-lite\dist\unpacker\feature.js'

npm warn tar TAR_ENTRY_ERROR ENOENT: no such file or directory, rename 
'C:\Users\motaung\Desktop\Ark-main\Ark-main\node_modules\yaml\browser\dist\nodes\YAMLSeq.js' -> 'C:\Users\motaung\Deskt
op\Ark-main\Ark-main\node_modules\yaml\browser\dist\nodes\YAMLSeq.js.DELETE.e2e0650dbf2a2ea6a0fe8e1786568e2c'

npm warn tar TAR_ENTRY_ERROR ENOENT: no such file or directory, open 
'C:\Users\motaung\Desktop\Ark-main\Ark-main\node_modules\caniuse-lite\dist\unpacker\features.js'

npm warn tar TAR_ENTRY_ERROR ENOENT: no such file or directory, open 
'C:\Users\motaung\Desktop\Ark-main\Ark-main\node_modules\caniuse-lite\data\features\fetch.js'

npm warn tar TAR_ENTRY_ERROR ENOENT: no such file or directory, open 
'C:\Users\motaung\Desktop\Ark-main\Ark-main\node_modules\caniuse-lite\data\features\fieldset-disabled.js'

npm warn tar TAR_ENTRY_ERROR ENOENT: no such file or directory, open 
'C:\Users\motaung\Desktop\Ark-main\Ark-main\node_modules\caniuse-lite\data\features\fileapi.js'

npm warn tar TAR_ENTRY_ERROR ENOENT: no such file or directory, open 
'C:\Users\motaung\Desktop\Ark-main\Ark-main\node_modules\caniuse-lite\data\features\filereader.js'

npm warn tar TAR_ENTRY_ERROR ENOENT: no such file or directory, open 
'C:\Users\motaung\Desktop\Ark-main\Ark-main\node_modules\caniuse-lite\data\features\filereadersync.js'

npm warn tar TAR_ENTRY_ERROR ENOENT: no such file or directory, open 
'C:\Users\motaung\Desktop\Ark-main\Ark-main\node_modules\caniuse-lite\data\features\filesystem.js'

npm warn tar TAR_ENTRY_ERROR ENOENT: no such file or directory, open 
'C:\Users\motaung\Desktop\Ark-main\Ark-main\node_modules\caniuse-lite\data\features\flac.js'

npm warn tar TAR_ENTRY_ERROR ENOENT: no such file or directory, open 
'C:\Users\motaung\Desktop\Ark-main\Ark-main\node_modules\caniuse-lite\data\features\flexbox-gap.js'

npm warn tar TAR_ENTRY_ERROR ENOENT: no such file or directory, open 
'C:\Users\motaung\Desktop\Ark-main\Ark-main\node_modules\caniuse-lite\data\features\flexbox.js'

npm warn tar TAR_ENTRY_ERROR ENOENT: no such file or directory, open 
'C:\Users\motaung\Desktop\Ark-main\Ark-main\node_modules\caniuse-lite\data\features\flow-root.js'

npm warn tar TAR_ENTRY_ERROR ENOENT: no such file or directory, open 
'C:\Users\motaung\Desktop\Ark-main\Ark-main\node_modules\caniuse-lite\data\features\focusin-focusout-events.js'

npm warn tar TAR_ENTRY_ERROR ENOENT: no such file or directory, open 
'C:\Users\motaung\Desktop\Ark-main\Ark-main\node_modules\caniuse-lite\data\features\font-family-system-ui.js'

npm warn tar TAR_ENTRY_ERROR ENOENT: no such file or directory, open 
'C:\Users\motaung\Desktop\Ark-main\Ark-main\node_modules\caniuse-lite\data\features\font-feature.js'

npm warn tar TAR_ENTRY_ERROR ENOENT: no such file or directory, open 
'C:\Users\motaung\Desktop\Ark-main\Ark-main\node_modules\caniuse-lite\data\features\font-kerning.js'

npm warn tar TAR_ENTRY_ERROR ENOENT: no such file or directory, open 
'C:\Users\motaung\Desktop\Ark-main\Ark-main\node_modules\caniuse-lite\data\features\font-loading.js'

npm warn tar TAR_ENTRY_ERROR ENOENT: no such file or directory, open 
'C:\Users\motaung\Desktop\Ark-main\Ark-main\node_modules\caniuse-lite\data\features\font-size-adjust.js'

npm warn tar TAR_ENTRY_ERROR ENOENT: no such file or directory, open 
'C:\Users\motaung\Desktop\Ark-main\Ark-main\node_modules\caniuse-lite\data\features\font-smooth.js'

npm warn tar TAR_ENTRY_ERROR ENOENT: no such file or directory, open 
'C:\Users\motaung\Desktop\Ark-main\Ark-main\node_modules\caniuse-lite\data\features\font-unicode-range.js'

npm warn tar TAR_ENTRY_ERROR ENOENT: no such file or directory, open 
'C:\Users\motaung\Desktop\Ark-main\Ark-main\node_modules\caniuse-lite\data\features\font-variant-alternates.js'

npm warn tar TAR_ENTRY_ERROR ENOENT: no such file or directory, open 
'C:\Users\motaung\Desktop\Ark-main\Ark-main\node_modules\caniuse-lite\data\features\font-variant-numeric.js'

npm warn tar TAR_ENTRY_ERROR ENOENT: no such file or directory, open 
'C:\Users\motaung\Desktop\Ark-main\Ark-main\node_modules\caniuse-lite\data\features\fontface.js'

npm warn tar TAR_ENTRY_ERROR ENOENT: no such file or directory, open 
'C:\Users\motaung\Desktop\Ark-main\Ark-main\node_modules\caniuse-lite\data\features\form-attribute.js'

npm warn tar TAR_ENTRY_ERROR ENOENT: no such file or directory, open 
'C:\Users\motaung\Desktop\Ark-main\Ark-main\node_modules\caniuse-lite\data\features\form-submit-attributes.js'

npm warn tar TAR_ENTRY_ERROR ENOENT: no such file or directory, open 
'C:\Users\motaung\Desktop\Ark-main\Ark-main\node_modules\caniuse-lite\data\features\form-validation.js'

npm warn tar TAR_ENTRY_ERROR ENOENT: no such file or directory, open 
'C:\Users\motaung\Desktop\Ark-main\Ark-main\node_modules\caniuse-lite\data\features\forms.js'

npm warn tar TAR_ENTRY_ERROR ENOENT: no such file or directory, open 
'C:\Users\motaung\Desktop\Ark-main\Ark-main\node_modules\framer-motion\dist\es\animation\animators\waapi\index.mjs'

npm warn tar TAR_ENTRY_ERROR ENOENT: no such file or directory, open 
'C:\Users\motaung\Desktop\Ark-main\Ark-main\node_modules\caniuse-lite\data\features\fullscreen.js'

npm warn tar TAR_ENTRY_ERROR ENOENT: no such file or directory, open 
'C:\Users\motaung\Desktop\Ark-main\Ark-main\node_modules\caniuse-lite\data\features\gamepad.js'

npm warn tar TAR_ENTRY_ERROR EPERM: operation not permitted, unlink 'C:\Users\motaung\Desktop\Ark-main\Ark-main\node_mo
dules\yaml\dist\compose\compose-node.d.ts.DELETE.e92c86143b5570af2688f26ae59d208b'

npm warn tar TAR_ENTRY_ERROR ENOENT: no such file or directory, open 
'C:\Users\motaung\Desktop\Ark-main\Ark-main\node_modules\caniuse-lite\data\features\geolocation.js'

npm warn tar TAR_ENTRY_ERROR ENOENT: no such file or directory, open 
'C:\Users\motaung\Desktop\Ark-main\Ark-main\node_modules\caniuse-lite\data\features\getboundingclientrect.js'

npm warn tar TAR_ENTRY_ERROR ENOENT: no such file or directory, open 
'C:\Users\motaung\Desktop\Ark-main\Ark-main\node_modules\caniuse-lite\data\features\getcomputedstyle.js'

npm warn tar TAR_ENTRY_ERROR ENOENT: no such file or directory, open 
'C:\Users\motaung\Desktop\Ark-main\Ark-main\node_modules\caniuse-lite\data\features\getelementsbyclassname.js'

npm warn tar TAR_ENTRY_ERROR ENOENT: no such file or directory, open 
'C:\Users\motaung\Desktop\Ark-main\Ark-main\node_modules\caniuse-lite\data\features\getrandomvalues.js'

npm warn tar TAR_ENTRY_ERROR UNKNOWN: unknown error, open 
'C:\Users\motaung\Desktop\Ark-main\Ark-main\node_modules\yaml\dist\index.d.ts'

npm warn tar TAR_ENTRY_ERROR ENOENT: no such file or directory, open 
'C:\Users\motaung\Desktop\Ark-main\Ark-main\node_modules\es-abstract\2015\Call.js'

npm warn tar TAR_ENTRY_ERROR ENOENT: no such file or directory, open 
'C:\Users\motaung\Desktop\Ark-main\Ark-main\node_modules\es-abstract\2016\Call.js'

npm warn tar TAR_ENTRY_ERROR ENOENT: no such file or directory, open 
'C:\Users\motaung\Desktop\Ark-main\Ark-main\node_modules\es-abstract\2017\Call.js'

npm warn tar TAR_ENTRY_ERROR ENOENT: no such file or directory, open 
'C:\Users\motaung\Desktop\Ark-main\Ark-main\node_modules\caniuse-lite\data\features\gyroscope.js'

npm warn tar TAR_ENTRY_ERROR ENOENT: no such file or directory, open 
'C:\Users\motaung\Desktop\Ark-main\Ark-main\node_modules\caniuse-lite\data\features\hardwareconcurrency.js'

npm warn tar TAR_ENTRY_ERROR ENOENT: no such file or directory, open 
'C:\Users\motaung\Desktop\Ark-main\Ark-main\node_modules\caniuse-lite\data\features\hashchange.js'

npm warn tar TAR_ENTRY_ERROR ENOENT: no such file or directory, open 
'C:\Users\motaung\Desktop\Ark-main\Ark-main\node_modules\caniuse-lite\data\features\heif.js'

npm warn tar TAR_ENTRY_ERROR ENOENT: no such file or directory, open 
'C:\Users\motaung\Desktop\Ark-main\Ark-main\node_modules\caniuse-lite\data\features\hevc.js'

npm warn tar TAR_ENTRY_ERROR ENOENT: no such file or directory, open 
'C:\Users\motaung\Desktop\Ark-main\Ark-main\node_modules\caniuse-lite\data\features\hidden.js'

npm warn tar TAR_ENTRY_ERROR ENOENT: no such file or directory, open 
'C:\Users\motaung\Desktop\Ark-main\Ark-main\node_modules\caniuse-lite\data\features\high-resolution-time.js'

npm warn tar TAR_ENTRY_ERROR EPERM: operation not permitted, unlink 'C:\Users\motaung\Desktop\Ark-main\Ark-main\node_mo
dules\typescript\lib\pt-br\diagnosticMessages.generated.json.DELETE.01b2a69e1f236b5c5527a45263644a47'

npm warn tar TAR_ENTRY_ERROR ENOENT: no such file or directory, open 
'C:\Users\motaung\Desktop\Ark-main\Ark-main\node_modules\caniuse-lite\data\features\history.js'

npm warn tar TAR_ENTRY_ERROR ENOENT: no such file or directory, open 
'C:\Users\motaung\Desktop\Ark-main\Ark-main\node_modules\sucrase\dist\types\parser\tokenizer\readWordTree.d.ts'

npm warn tar TAR_ENTRY_ERROR ENOENT: no such file or directory, open 
'C:\Users\motaung\Desktop\Ark-main\Ark-main\node_modules\sucrase\dist\types\util\removeMaybeImportAttributes.d.ts'

npm warn tar TAR_ENTRY_ERROR ENOENT: no such file or directory, open 
'C:\Users\motaung\Desktop\Ark-main\Ark-main\node_modules\sucrase\dist\types\util\shouldElideDefaultExport.d.ts'

npm warn tar TAR_ENTRY_ERROR ENOENT: no such file or directory, open 
'C:\Users\motaung\Desktop\Ark-main\Ark-main\node_modules\sucrase\dist\types\parser\tokenizer\state.d.ts'

npm warn tar TAR_ENTRY_ERROR ENOENT: no such file or directory, open 
'C:\Users\motaung\Desktop\Ark-main\Ark-main\node_modules\sucrase\dist\types\parser\traverser\statement.d.ts'

npm warn tar TAR_ENTRY_ERROR ENOENT: no such file or directory, open 
'C:\Users\motaung\Desktop\Ark-main\Ark-main\node_modules\tailwindcss\lib\cli\build\plugin.js'

npm warn tar TAR_ENTRY_ERROR ENOENT: no such file or directory, open 
'C:\Users\motaung\Desktop\Ark-main\Ark-main\node_modules\caniuse-lite\data\features\html-media-capture.js'

npm warn tar TAR_ENTRY_ERROR ENOENT: no such file or directory, open 
'C:\Users\motaung\Desktop\Ark-main\Ark-main\node_modules\caniuse-lite\data\features\html5semantic.js'

npm warn tar TAR_ENTRY_ERROR ENOENT: no such file or directory, open 
'C:\Users\motaung\Desktop\Ark-main\Ark-main\node_modules\caniuse-lite\data\features\http-live-streaming.js'

npm warn tar TAR_ENTRY_ERROR ENOENT: no such file or directory, open 
'C:\Users\motaung\Desktop\Ark-main\Ark-main\node_modules\tailwindcss\lib\postcss-plugins\nesting\plugin.js'

npm warn tar TAR_ENTRY_ERROR ENOENT: no such file or directory, open 
'C:\Users\motaung\Desktop\Ark-main\Ark-main\node_modules\caniuse-lite\data\features\http2.js'

npm warn tar TAR_ENTRY_ERROR ENOENT: no such file or directory, open 
'C:\Users\motaung\Desktop\Ark-main\Ark-main\node_modules\caniuse-lite\data\features\http3.js'

npm warn tar TAR_ENTRY_ERROR ENOENT: no such file or directory, open 
'C:\Users\motaung\Desktop\Ark-main\Ark-main\node_modules\tailwindcss\src\cli\build\plugin.js'

npm warn tar TAR_ENTRY_ERROR ENOENT: no such file or directory, open 
'C:\Users\motaung\Desktop\Ark-main\Ark-main\node_modules\sucrase\dist\types\parser\plugins\types.d.ts'

npm warn tar TAR_ENTRY_ERROR ENOENT: no such file or directory, open 
'C:\Users\motaung\Desktop\Ark-main\Ark-main\node_modules\tailwindcss\src\postcss-plugins\nesting\plugin.js'

npm warn tar TAR_ENTRY_ERROR ENOENT: no such file or directory, open 
'C:\Users\motaung\Desktop\Ark-main\Ark-main\node_modules\sucrase\dist\types\parser\plugins\typescript.d.ts'

npm warn tar TAR_ENTRY_ERROR ENOENT: no such file or directory, open 
'C:\Users\motaung\Desktop\Ark-main\Ark-main\node_modules\sucrase\dist\types\parser\traverser\util.d.ts'

npm warn tar TAR_ENTRY_ERROR ENOENT: no such file or directory, open 
'C:\Users\motaung\Desktop\Ark-main\Ark-main\node_modules\tailwindcss\stubs\postcss.config.js'

npm warn tar TAR_ENTRY_ERROR ENOENT: no such file or directory, open 
'C:\Users\motaung\Desktop\Ark-main\Ark-main\node_modules\sucrase\dist\types\parser\util\whitespace.d.ts'

npm warn tar TAR_ENTRY_ERROR ENOENT: no such file or directory, open 
'C:\Users\motaung\Desktop\Ark-main\Ark-main\node_modules\es-abstract\2015\Canonicalize.js'

npm warn tar TAR_ENTRY_ERROR ENOENT: no such file or directory, open 
'C:\Users\motaung\Desktop\Ark-main\Ark-main\node_modules\sucrase\dist\types\parser\plugins\jsx\xhtml.d.ts'

npm warn tar TAR_ENTRY_ERROR ENOENT: no such file or directory, open 
'C:\Users\motaung\Desktop\Ark-main\Ark-main\node_modules\es-abstract\2016\Canonicalize.js'

npm warn tar TAR_ENTRY_ERROR ENOENT: no such file or directory, open 
'C:\Users\motaung\Desktop\Ark-main\Ark-main\node_modules\caniuse-lite\data\features\iframe-sandbox.js'

npm warn tar TAR_ENTRY_ERROR ENOENT: no such file or directory, open 
'C:\Users\motaung\Desktop\Ark-main\Ark-main\node_modules\es-abstract\2017\Canonicalize.js'

npm warn tar TAR_ENTRY_ERROR ENOENT: no such file or directory, open 
'C:\Users\motaung\Desktop\Ark-main\Ark-main\node_modules\caniuse-lite\data\features\iframe-seamless.js'

npm warn tar TAR_ENTRY_ERROR ENOENT: no such file or directory, open 
'C:\Users\motaung\Desktop\Ark-main\Ark-main\node_modules\caniuse-lite\data\features\iframe-srcdoc.js'

npm warn tar TAR_ENTRY_ERROR ENOENT: no such file or directory, open 
'C:\Users\motaung\Desktop\Ark-main\Ark-main\node_modules\caniuse-lite\data\features\imagecapture.js'

npm warn tar TAR_ENTRY_ERROR ENOENT: no such file or directory, open 
'C:\Users\motaung\Desktop\Ark-main\Ark-main\node_modules\caniuse-lite\data\features\ime.js'

npm warn tar TAR_ENTRY_ERROR ENOENT: no such file or directory, open 
'C:\Users\motaung\Desktop\Ark-main\Ark-main\node_modules\caniuse-lite\data\features\img-naturalwidth-naturalheight.js'

npm warn tar TAR_ENTRY_ERROR ENOENT: no such file or directory, open 
'C:\Users\motaung\Desktop\Ark-main\Ark-main\node_modules\caniuse-lite\data\features\import-maps.js'

npm warn tar TAR_ENTRY_ERROR ENOENT: no such file or directory, open 
'C:\Users\motaung\Desktop\Ark-main\Ark-main\node_modules\caniuse-lite\data\features\imports.js'

npm warn tar TAR_ENTRY_ERROR ENOENT: no such file or directory, open 
'C:\Users\motaung\Desktop\Ark-main\Ark-main\node_modules\caniuse-lite\data\features\indeterminate-checkbox.js'

npm warn tar TAR_ENTRY_ERROR ENOENT: no such file or directory, open 
'C:\Users\motaung\Desktop\Ark-main\Ark-main\node_modules\caniuse-lite\dist\unpacker\index.js'

npm warn tar TAR_ENTRY_ERROR ENOENT: no such file or directory, open 
'C:\Users\motaung\Desktop\Ark-main\Ark-main\node_modules\caniuse-lite\data\features\indexeddb.js'

npm warn tar TAR_ENTRY_ERROR ENOENT: no such file or directory, open 
'C:\Users\motaung\Desktop\Ark-main\Ark-main\node_modules\caniuse-lite\data\features\indexeddb2.js'

npm warn tar TAR_ENTRY_ERROR ENOENT: no such file or directory, open 
'C:\Users\motaung\Desktop\Ark-main\Ark-main\node_modules\caniuse-lite\data\features\inline-block.js'

npm warn tar TAR_ENTRY_ERROR ENOENT: no such file or directory, open 
'C:\Users\motaung\Desktop\Ark-main\Ark-main\node_modules\caniuse-lite\data\features\innertext.js'

npm warn tar TAR_ENTRY_ERROR ENOENT: no such file or directory, open 
'C:\Users\motaung\Desktop\Ark-main\Ark-main\node_modules\tailwindcss\src\lib\regex.js'

npm warn tar TAR_ENTRY_ERROR ENOENT: no such file or directory, open 
'C:\Users\motaung\Desktop\Ark-main\Ark-main\node_modules\caniuse-lite\data\features\input-autocomplete-onoff.js'

npm warn tar TAR_ENTRY_ERROR ENOENT: no such file or directory, open 
'C:\Users\motaung\Desktop\Ark-main\Ark-main\node_modules\tailwindcss\scripts\release-channel.js'

npm warn tar TAR_ENTRY_ERROR ENOENT: no such file or directory, open 
'C:\Users\motaung\Desktop\Ark-main\Ark-main\node_modules\caniuse-lite\data\features\input-color.js'

npm warn tar TAR_ENTRY_ERROR ENOENT: no such file or directory, open 
'C:\Users\motaung\Desktop\Ark-main\Ark-main\node_modules\tailwindcss\scripts\release-notes.js'

npm warn tar TAR_ENTRY_ERROR ENOENT: no such file or directory, open 
'C:\Users\motaung\Desktop\Ark-main\Ark-main\node_modules\caniuse-lite\data\features\input-datetime.js'

npm warn tar TAR_ENTRY_ERROR ENOENT: no such file or directory, open 
'C:\Users\motaung\Desktop\Ark-main\Ark-main\node_modules\caniuse-lite\data\features\input-email-tel-url.js'

npm warn tar TAR_ENTRY_ERROR ENOENT: no such file or directory, open 
'C:\Users\motaung\Desktop\Ark-main\Ark-main\node_modules\caniuse-lite\data\features\input-event.js'

npm warn tar TAR_ENTRY_ERROR ENOENT: no such file or directory, open 
'C:\Users\motaung\Desktop\Ark-main\Ark-main\node_modules\caniuse-lite\data\features\input-file-accept.js'

npm warn tar TAR_ENTRY_ERROR ENOENT: no such file or directory, open 
'C:\Users\motaung\Desktop\Ark-main\Ark-main\node_modules\tailwindcss\src\lib\remap-bitfield.js'

npm warn tar TAR_ENTRY_ERROR ENOENT: no such file or directory, open 
'C:\Users\motaung\Desktop\Ark-main\Ark-main\node_modules\caniuse-lite\data\features\input-file-directory.js'

npm warn tar TAR_ENTRY_ERROR ENOENT: no such file or directory, open 
'C:\Users\motaung\Desktop\Ark-main\Ark-main\node_modules\caniuse-lite\data\features\input-file-multiple.js'

npm warn tar TAR_ENTRY_ERROR ENOENT: no such file or directory, open 
'C:\Users\motaung\Desktop\Ark-main\Ark-main\node_modules\caniuse-lite\data\features\input-inputmode.js'

npm warn tar TAR_ENTRY_ERROR ENOENT: no such file or directory, open 
'C:\Users\motaung\Desktop\Ark-main\Ark-main\node_modules\caniuse-lite\data\features\input-minlength.js'

npm warn tar TAR_ENTRY_ERROR ENOENT: no such file or directory, open 
'C:\Users\motaung\Desktop\Ark-main\Ark-main\node_modules\caniuse-lite\data\features\input-number.js'

npm warn tar TAR_ENTRY_ERROR ENOENT: no such file or directory, open 
'C:\Users\motaung\Desktop\Ark-main\Ark-main\node_modules\caniuse-lite\data\features\input-pattern.js'

npm warn tar TAR_ENTRY_ERROR ENOENT: no such file or directory, open 
'C:\Users\motaung\Desktop\Ark-main\Ark-main\node_modules\caniuse-lite\data\features\input-placeholder.js'

npm warn tar TAR_ENTRY_ERROR ENOENT: no such file or directory, open 
'C:\Users\motaung\Desktop\Ark-main\Ark-main\node_modules\caniuse-lite\data\features\input-range.js'

npm warn tar TAR_ENTRY_ERROR ENOENT: no such file or directory, open 
'C:\Users\motaung\Desktop\Ark-main\Ark-main\node_modules\caniuse-lite\data\features\input-search.js'

npm warn tar TAR_ENTRY_ERROR ENOENT: no such file or directory, open 
'C:\Users\motaung\Desktop\Ark-main\Ark-main\node_modules\caniuse-lite\data\features\input-selection.js'

npm warn tar TAR_ENTRY_ERROR ENOENT: no such file or directory, open 
'C:\Users\motaung\Desktop\Ark-main\Ark-main\node_modules\es-abstract\2015\CanonicalNumericIndexString.js'

npm warn tar TAR_ENTRY_ERROR ENOENT: no such file or directory, open 
'C:\Users\motaung\Desktop\Ark-main\Ark-main\node_modules\caniuse-lite\data\features\insert-adjacent.js'

npm warn tar TAR_ENTRY_ERROR ENOENT: no such file or directory, open 
'C:\Users\motaung\Desktop\Ark-main\Ark-main\node_modules\es-abstract\2016\CanonicalNumericIndexString.js'

npm warn tar TAR_ENTRY_ERROR ENOENT: no such file or directory, open 
'C:\Users\motaung\Desktop\Ark-main\Ark-main\node_modules\caniuse-lite\data\features\insertadjacenthtml.js'

npm warn tar TAR_ENTRY_ERROR ENOENT: no such file or directory, open 
'C:\Users\motaung\Desktop\Ark-main\Ark-main\node_modules\tailwindcss\lib\public\resolve-config.js'

npm warn tar TAR_ENTRY_ERROR ENOENT: no such file or directory, open 
'C:\Users\motaung\Desktop\Ark-main\Ark-main\node_modules\es-abstract\2017\CanonicalNumericIndexString.js'

npm warn tar TAR_ENTRY_ERROR ENOENT: no such file or directory, open 
'C:\Users\motaung\Desktop\Ark-main\Ark-main\node_modules\caniuse-lite\data\features\internationalization.js'

npm warn tar TAR_ENTRY_ERROR ENOENT: no such file or directory, open 
'C:\Users\motaung\Desktop\Ark-main\Ark-main\node_modules\tailwindcss\src\public\resolve-config.js'

npm warn tar TAR_ENTRY_ERROR ENOENT: no such file or directory, open 
'C:\Users\motaung\Desktop\Ark-main\Ark-main\node_modules\caniuse-lite\data\features\intersectionobserver-v2.js'

npm warn tar TAR_ENTRY_ERROR ENOENT: no such file or directory, open 
'C:\Users\motaung\Desktop\Ark-main\Ark-main\node_modules\caniuse-lite\data\features\intersectionobserver.js'

npm warn tar TAR_ENTRY_ERROR ENOENT: no such file or directory, open 
'C:\Users\motaung\Desktop\Ark-main\Ark-main\node_modules\caniuse-lite\data\features\intl-pluralrules.js'

npm warn tar TAR_ENTRY_ERROR ENOENT: no such file or directory, open 
'C:\Users\motaung\Desktop\Ark-main\Ark-main\node_modules\caniuse-lite\data\features\intrinsic-width.js'

npm warn tar TAR_ENTRY_ERROR ENOENT: no such file or directory, open 
'C:\Users\motaung\Desktop\Ark-main\Ark-main\node_modules\tailwindcss\src\lib\resolveDefaultsAtRules.js'

npm warn tar TAR_ENTRY_ERROR ENOENT: no such file or directory, open 
'C:\Users\motaung\Desktop\Ark-main\Ark-main\node_modules\caniuse-lite\data\features\jpeg2000.js'

npm warn tar TAR_ENTRY_ERROR ENOENT: no such file or directory, open 
'C:\Users\motaung\Desktop\Ark-main\Ark-main\node_modules\caniuse-lite\data\features\jpegxl.js'

npm warn tar TAR_ENTRY_ERROR ENOENT: no such file or directory, open 
'C:\Users\motaung\Desktop\Ark-main\Ark-main\node_modules\caniuse-lite\data\features\jpegxr.js'

npm warn tar TAR_ENTRY_ERROR ENOENT: no such file or directory, open 
'C:\Users\motaung\Desktop\Ark-main\Ark-main\node_modules\caniuse-lite\data\features\js-regexp-lookbehind.js'

npm warn tar TAR_ENTRY_ERROR ENOENT: no such file or directory, open 
'C:\Users\motaung\Desktop\Ark-main\Ark-main\node_modules\caniuse-lite\data\features\json.js'

npm warn tar TAR_ENTRY_ERROR ENOENT: no such file or directory, open 
'C:\Users\motaung\Desktop\Ark-main\Ark-main\node_modules\caniuse-lite\data\features\justify-content-space-evenly.js'

npm warn tar TAR_ENTRY_ERROR ENOENT: no such file or directory, open 
'C:\Users\motaung\Desktop\Ark-main\Ark-main\node_modules\es-abstract\2015\CharacterRange.js'

npm warn tar TAR_ENTRY_ERROR ENOENT: no such file or directory, open 
'C:\Users\motaung\Desktop\Ark-main\Ark-main\node_modules\tailwindcss\src\lib\setupContextUtils.js'

npm warn tar TAR_ENTRY_ERROR ENOENT: no such file or directory, open 
'C:\Users\motaung\Desktop\Ark-main\Ark-main\node_modules\es-abstract\2016\CharacterRange.js'

npm warn tar TAR_ENTRY_ERROR ENOENT: no such file or directory, open 
'C:\Users\motaung\Desktop\Ark-main\Ark-main\node_modules\es-abstract\2017\CharacterRange.js'

npm warn tar TAR_ENTRY_ERROR ENOENT: no such file or directory, open 
'C:\Users\motaung\Desktop\Ark-main\Ark-main\node_modules\yaml\dist\schema\types.d.ts'

npm warn tar TAR_ENTRY_ERROR ENOENT: no such file or directory, open 
'C:\Users\motaung\Desktop\Ark-main\Ark-main\node_modules\yaml\dist\compose\util-contains-newline.d.ts'

npm warn tar TAR_ENTRY_ERROR ENOENT: no such file or directory, open 
'C:\Users\motaung\Desktop\Ark-main\Ark-main\node_modules\yaml\dist\compose\util-empty-scalar-position.d.ts'

npm warn tar TAR_ENTRY_ERROR ENOENT: no such file or directory, open 
'C:\Users\motaung\Desktop\Ark-main\Ark-main\node_modules\yaml\dist\compose\util-flow-indent-check.d.ts'

npm warn tar TAR_ENTRY_ERROR ENOENT: no such file or directory, open 
'C:\Users\motaung\Desktop\Ark-main\Ark-main\node_modules\yaml\dist\compose\util-map-includes.d.ts'

npm warn tar TAR_ENTRY_ERROR ENOENT: no such file or directory, rename 
'C:\Users\motaung\Desktop\Ark-main\Ark-main\node_modules\yaml\dist\visit.d.ts' -> 
'C:\Users\motaung\Desktop\Ark-main\Ark-main\node_modules\yaml\dist\visit.d.ts.DELETE.9be303afe980d2b3a59400610f59170f'

npm warn tar TAR_ENTRY_ERROR ENOENT: no such file or directory, open 
'C:\Users\motaung\Desktop\Ark-main\Ark-main\node_modules\caniuse-lite\data\features\kerning-pairs-ligatures.js'

npm warn tar TAR_ENTRY_ERROR ENOENT: no such file or directory, open 
'C:\Users\motaung\Desktop\Ark-main\Ark-main\node_modules\tailwindcss\src\lib\setupTrackingContext.js'

npm warn tar TAR_ENTRY_ERROR ENOENT: no such file or directory, open 
'C:\Users\motaung\Desktop\Ark-main\Ark-main\node_modules\caniuse-lite\data\features\keyboardevent-charcode.js'

npm warn tar TAR_ENTRY_ERROR ENOENT: no such file or directory, open 
'C:\Users\motaung\Desktop\Ark-main\Ark-main\node_modules\caniuse-lite\data\features\keyboardevent-code.js'

npm warn tar TAR_ENTRY_ERROR ENOENT: no such file or directory, open 
'C:\Users\motaung\Desktop\Ark-main\Ark-main\node_modules\caniuse-lite\data\features\keyboardevent-getmodifierstate.js'

npm warn tar TAR_ENTRY_ERROR ENOENT: no such file or directory, open 
'C:\Users\motaung\Desktop\Ark-main\Ark-main\node_modules\caniuse-lite\data\features\keyboardevent-key.js'

npm warn tar TAR_ENTRY_ERROR ENOENT: no such file or directory, open 
'C:\Users\motaung\Desktop\Ark-main\Ark-main\node_modules\tailwindcss\src\lib\sharedState.js'

npm warn tar TAR_ENTRY_ERROR ENOENT: no such file or directory, open 
'C:\Users\motaung\Desktop\Ark-main\Ark-main\node_modules\next\dist\compiled\acorn\acorn.js'

npm warn tar TAR_ENTRY_ERROR ENOENT: no such file or directory, open 
'C:\Users\motaung\Desktop\Ark-main\Ark-main\node_modules\caniuse-lite\data\features\keyboardevent-location.js'

npm warn tar TAR_ENTRY_ERROR ENOENT: no such file or directory, open 
'C:\Users\motaung\Desktop\Ark-main\Ark-main\node_modules\caniuse-lite\data\features\keyboardevent-which.js'

npm warn tar TAR_ENTRY_ERROR ENOENT: no such file or directory, open 
'C:\Users\motaung\Desktop\Ark-main\Ark-main\node_modules\tailwindcss\lib\value-parser\stringify.js'

npm warn tar TAR_ENTRY_ERROR ENOENT: no such file or directory, open 
'C:\Users\motaung\Desktop\Ark-main\Ark-main\node_modules\tailwindcss\src\value-parser\stringify.js'

npm warn tar TAR_ENTRY_ERROR ENOENT: no such file or directory, open 
'C:\Users\motaung\Desktop\Ark-main\Ark-main\node_modules\tailwindcss\src\lib\substituteScreenAtRules.js'

npm warn tar TAR_ENTRY_ERROR ENOENT: no such file or directory, open 
'C:\Users\motaung\Desktop\Ark-main\Ark-main\node_modules\tailwindcss\stubs\tailwind.config.js'

npm warn tar TAR_ENTRY_ERROR ENOENT: no such file or directory, open 'C:\Users\motaung\Desktop\Ark-main\Ark-main\node_m
odules\framer-motion\dist\es\animation\animators\MainThreadAnimation.mjs'

npm warn tar TAR_ENTRY_ERROR ENOENT: no such file or directory, rename 
'C:\Users\motaung\Desktop\Ark-main\Ark-main\node_modules\@swc\helpers\_\_define_property\package.json' -> 'C:\Users\mot
aung\Desktop\Ark-main\Ark-main\node_modules\@swc\helpers\_\_define_property\package.json.DELETE.3dd5788f48dba069e52ae48
f87bf536b'

npm warn tar TAR_ENTRY_ERROR ENOENT: no such file or directory, rename 
'C:\Users\motaung\Desktop\Ark-main\Ark-main\node_modules\@swc\helpers\_\_dispose\package.json' -> 'C:\Users\motaung\Des
ktop\Ark-main\Ark-main\node_modules\@swc\helpers\_\_dispose\package.json.DELETE.e59dd97d60b883952fae31b0a982261f'

npm warn tar TAR_ENTRY_ERROR ENOENT: no such file or directory, open 
'C:\Users\motaung\Desktop\Ark-main\Ark-main\node_modules\caniuse-lite\data\features\lazyload.js'

npm warn tar TAR_ENTRY_ERROR ENOENT: no such file or directory, open 
'C:\Users\motaung\Desktop\Ark-main\Ark-main\node_modules\tailwindcss\scripts\type-utils.js'

npm warn tar TAR_ENTRY_ERROR ENOENT: no such file or directory, open 
'C:\Users\motaung\Desktop\Ark-main\Ark-main\node_modules\tailwindcss\lib\value-parser\unit.js'

npm warn tar TAR_ENTRY_ERROR ENOENT: no such file or directory, open 
'C:\Users\motaung\Desktop\Ark-main\Ark-main\node_modules\tailwindcss\src\value-parser\unit.js'

npm warn tar TAR_ENTRY_ERROR ENOENT: no such file or directory, open 
'C:\Users\motaung\Desktop\Ark-main\Ark-main\node_modules\tailwindcss\lib\cli\build\utils.js'

npm warn tar TAR_ENTRY_ERROR ENOENT: no such file or directory, open 
'C:\Users\motaung\Desktop\Ark-main\Ark-main\node_modules\tailwindcss\src\cli\build\utils.js'

npm warn tar TAR_ENTRY_ERROR ENOENT: no such file or directory, open 
'C:\Users\motaung\Desktop\Ark-main\Ark-main\node_modules\caniuse-lite\data\features\let.js'

npm warn tar TAR_ENTRY_ERROR ENOENT: no such file or directory, open 
'C:\Users\motaung\Desktop\Ark-main\Ark-main\node_modules\tailwindcss\lib\value-parser\walk.js'

npm warn tar TAR_ENTRY_ERROR ENOENT: no such file or directory, open 
'C:\Users\motaung\Desktop\Ark-main\Ark-main\node_modules\caniuse-lite\data\features\link-icon-png.js'

npm warn tar TAR_ENTRY_ERROR ENOENT: no such file or directory, open 
'C:\Users\motaung\Desktop\Ark-main\Ark-main\node_modules\tailwindcss\src\value-parser\walk.js'

npm warn tar TAR_ENTRY_ERROR ENOENT: no such file or directory, open 
'C:\Users\motaung\Desktop\Ark-main\Ark-main\node_modules\caniuse-lite\data\features\link-icon-svg.js'

npm warn tar TAR_ENTRY_ERROR ENOENT: no such file or directory, open 
'C:\Users\motaung\Desktop\Ark-main\Ark-main\node_modules\tailwindcss\lib\cli\build\watching.js'

npm warn tar TAR_ENTRY_ERROR ENOENT: no such file or directory, open 
'C:\Users\motaung\Desktop\Ark-main\Ark-main\node_modules\caniuse-lite\data\features\link-rel-dns-prefetch.js'

npm warn tar TAR_ENTRY_ERROR ENOENT: no such file or directory, open 
'C:\Users\motaung\Desktop\Ark-main\Ark-main\node_modules\tailwindcss\src\cli\build\watching.js'

npm warn tar TAR_ENTRY_ERROR ENOENT: no such file or directory, open 
'C:\Users\motaung\Desktop\Ark-main\Ark-main\node_modules\caniuse-lite\data\features\link-rel-modulepreload.js'

npm warn tar TAR_ENTRY_ERROR ENOENT: no such file or directory, open 
'C:\Users\motaung\Desktop\Ark-main\Ark-main\node_modules\caniuse-lite\data\features\link-rel-preconnect.js'

npm warn tar TAR_ENTRY_ERROR ENOENT: no such file or directory, open 
'C:\Users\motaung\Desktop\Ark-main\Ark-main\node_modules\caniuse-lite\data\features\link-rel-prefetch.js'

npm warn tar TAR_ENTRY_ERROR ENOENT: no such file or directory, open 
'C:\Users\motaung\Desktop\Ark-main\Ark-main\node_modules\caniuse-lite\data\features\link-rel-preload.js'

npm warn tar TAR_ENTRY_ERROR ENOENT: no such file or directory, open 
'C:\Users\motaung\Desktop\Ark-main\Ark-main\node_modules\caniuse-lite\data\features\link-rel-prerender.js'

npm warn tar TAR_ENTRY_ERROR ENOENT: no such file or directory, open 
'C:\Users\motaung\Desktop\Ark-main\Ark-main\node_modules\tailwindcss\stubs\.prettierrc.json'

npm warn tar TAR_ENTRY_ERROR ENOENT: no such file or directory, open 
'C:\Users\motaung\Desktop\Ark-main\Ark-main\node_modules\caniuse-lite\data\features\loading-lazy-attr.js'

npm warn tar TAR_ENTRY_ERROR ENOENT: no such file or directory, open 
'C:\Users\motaung\Desktop\Ark-main\Ark-main\node_modules\caniuse-lite\data\features\loading-lazy-media.js'

npm warn tar TAR_ENTRY_ERROR ENOENT: no such file or directory, open 
'C:\Users\motaung\Desktop\Ark-main\Ark-main\node_modules\caniuse-lite\data\features\localecompare.js'

npm warn tar TAR_ENTRY_ERROR ENOENT: no such file or directory, open 'C:\Users\motaung\Desktop\Ark-main\Ark-main\node_m
odules\framer-motion\dist\es\animation\animators\waapi\NativeAnimation.mjs'

npm warn tar TAR_ENTRY_ERROR ENOENT: no such file or directory, open 
'C:\Users\motaung\Desktop\Ark-main\Ark-main\node_modules\tailwindcss\lib\value-parser\README.md'

npm warn tar TAR_ENTRY_ERROR ENOENT: no such file or directory, open 
'C:\Users\motaung\Desktop\Ark-main\Ark-main\node_modules\tailwindcss\src\value-parser\README.md'

npm warn tar TAR_ENTRY_ERROR ENOENT: no such file or directory, open 
'C:\Users\motaung\Desktop\Ark-main\Ark-main\node_modules\caniuse-lite\data\features\magnetometer.js'

npm warn tar TAR_ENTRY_ERROR ENOENT: no such file or directory, open 
'C:\Users\motaung\Desktop\Ark-main\Ark-main\node_modules\caniuse-lite\data\features\matchesselector.js'

npm warn tar TAR_ENTRY_ERROR ENOENT: no such file or directory, open 
'C:\Users\motaung\Desktop\Ark-main\Ark-main\node_modules\caniuse-lite\data\features\matchmedia.js'

npm warn tar TAR_ENTRY_ERROR ENOENT: no such file or directory, open 
'C:\Users\motaung\Desktop\Ark-main\Ark-main\node_modules\caniuse-lite\data\features\mathml.js'

npm warn tar TAR_ENTRY_ERROR ENOENT: no such file or directory, open 
'C:\Users\motaung\Desktop\Ark-main\Ark-main\node_modules\tailwindcss\types\generated\colors.d.ts'

npm warn tar TAR_ENTRY_ERROR ENOENT: no such file or directory, open 
'C:\Users\motaung\Desktop\Ark-main\Ark-main\node_modules\caniuse-lite\data\features\maxlength.js'

npm warn tar TAR_ENTRY_ERROR ENOENT: no such file or directory, open 
'C:\Users\motaung\Desktop\Ark-main\Ark-main\node_modules\tailwindcss\types\generated\corePluginList.d.ts'

npm warn tar TAR_ENTRY_ERROR ENOENT: no such file or directory, open 
'C:\Users\motaung\Desktop\Ark-main\Ark-main\node_modules\tailwindcss\types\generated\default-theme.d.ts'

npm warn tar TAR_ENTRY_ERROR ENOENT: no such file or directory, open 
'C:\Users\motaung\Desktop\Ark-main\Ark-main\node_modules\caniuse-lite\data\features\mdn-css-backdrop-pseudo-element.js'

npm warn tar TAR_ENTRY_ERROR ENOENT: no such file or directory, open 'C:\Users\motaung\Desktop\Ark-main\Ark-main\node_m
odules\caniuse-lite\data\features\mdn-css-unicode-bidi-isolate-override.js'

npm warn tar TAR_ENTRY_ERROR ENOENT: no such file or directory, open 
'C:\Users\motaung\Desktop\Ark-main\Ark-main\node_modules\caniuse-lite\data\features\mdn-css-unicode-bidi-isolate.js'

npm warn tar TAR_ENTRY_ERROR ENOENT: no such file or directory, open 
'C:\Users\motaung\Desktop\Ark-main\Ark-main\node_modules\caniuse-lite\data\features\mdn-css-unicode-bidi-plaintext.js'

npm warn tar TAR_ENTRY_ERROR ENOENT: no such file or directory, open 
'C:\Users\motaung\Desktop\Ark-main\Ark-main\node_modules\caniuse-lite\data\features\mdn-text-decoration-color.js'

npm warn tar TAR_ENTRY_ERROR ENOENT: no such file or directory, open 
'C:\Users\motaung\Desktop\Ark-main\Ark-main\node_modules\caniuse-lite\data\features\mdn-text-decoration-line.js'

npm warn tar TAR_ENTRY_ERROR ENOENT: no such file or directory, open 
'C:\Users\motaung\Desktop\Ark-main\Ark-main\node_modules\caniuse-lite\data\features\mdn-text-decoration-shorthand.js'

npm warn tar TAR_ENTRY_ERROR ENOENT: no such file or directory, open 
'C:\Users\motaung\Desktop\Ark-main\Ark-main\node_modules\tailwindcss\src\value-parser\index.d.ts'

npm warn tar TAR_ENTRY_ERROR ENOENT: no such file or directory, open 
'C:\Users\motaung\Desktop\Ark-main\Ark-main\node_modules\caniuse-lite\data\features\mdn-text-decoration-style.js'

npm warn tar TAR_ENTRY_ERROR ENOENT: no such file or directory, open 
'C:\Users\motaung\Desktop\Ark-main\Ark-main\node_modules\tailwindcss\src\lib\load-config.ts'

npm warn tar TAR_ENTRY_ERROR ENOENT: no such file or directory, open 
'C:\Users\motaung\Desktop\Ark-main\Ark-main\node_modules\caniuse-lite\data\features\media-fragments.js'

npm warn tar TAR_ENTRY_ERROR ENOENT: no such file or directory, open 
'C:\Users\motaung\Desktop\Ark-main\Ark-main\node_modules\caniuse-lite\data\features\mediacapture-fromelement.js'

npm warn tar TAR_ENTRY_ERROR ENOENT: no such file or directory, open 
'C:\Users\motaung\Desktop\Ark-main\Ark-main\node_modules\caniuse-lite\data\features\mediarecorder.js'

npm warn tar TAR_ENTRY_ERROR ENOENT: no such file or directory, open 
'C:\Users\motaung\Desktop\Ark-main\Ark-main\node_modules\caniuse-lite\data\features\mediasource.js'

npm warn tar TAR_ENTRY_ERROR ENOENT: no such file or directory, open 
'C:\Users\motaung\Desktop\Ark-main\Ark-main\node_modules\caniuse-lite\data\features\menu.js'

npm warn tar TAR_ENTRY_ERROR ENOENT: no such file or directory, open 
'C:\Users\motaung\Desktop\Ark-main\Ark-main\node_modules\caniuse-lite\data\features\meta-theme-color.js'

npm warn tar TAR_ENTRY_ERROR ENOENT: no such file or directory, open 
'C:\Users\motaung\Desktop\Ark-main\Ark-main\node_modules\caniuse-lite\data\features\meter.js'

npm warn tar TAR_ENTRY_ERROR ENOENT: no such file or directory, open 
'C:\Users\motaung\Desktop\Ark-main\Ark-main\node_modules\tailwindcss\stubs\tailwind.config.ts'

npm warn tar TAR_ENTRY_ERROR ENOENT: no such file or directory, open 
'C:\Users\motaung\Desktop\Ark-main\Ark-main\node_modules\caniuse-lite\data\features\midi.js'

npm warn tar TAR_ENTRY_ERROR ENOENT: no such file or directory, open 
'C:\Users\motaung\Desktop\Ark-main\Ark-main\node_modules\caniuse-lite\data\features\minmaxwh.js'

npm warn tar TAR_ENTRY_ERROR ENOENT: no such file or directory, open 
'C:\Users\motaung\Desktop\Ark-main\Ark-main\node_modules\es-abstract\2015\CompletePropertyDescriptor.js'

npm warn tar TAR_ENTRY_ERROR ENOENT: no such file or directory, open 
'C:\Users\motaung\Desktop\Ark-main\Ark-main\node_modules\es-abstract\2016\CompletePropertyDescriptor.js'

npm warn tar TAR_ENTRY_ERROR ENOENT: no such file or directory, open 
'C:\Users\motaung\Desktop\Ark-main\Ark-main\node_modules\es-abstract\2017\CompletePropertyDescriptor.js'

npm warn tar TAR_ENTRY_ERROR EPERM: operation not permitted, unlink 'C:\Users\motaung\Desktop\Ark-main\Ark-main\node_mo
dules\typescript\lib\lib.es2020.bigint.d.ts.DELETE.b6745ca9f59a255fb6d47dd895d7142d'

npm warn tar TAR_ENTRY_ERROR ENOENT: no such file or directory, open 
'C:\Users\motaung\Desktop\Ark-main\Ark-main\node_modules\caniuse-lite\data\features\mp3.js'

npm warn tar TAR_ENTRY_ERROR ENOENT: no such file or directory, open 
'C:\Users\motaung\Desktop\Ark-main\Ark-main\node_modules\caniuse-lite\data\features\mpeg-dash.js'

npm warn tar TAR_ENTRY_ERROR ENOENT: no such file or directory, open 
'C:\Users\motaung\Desktop\Ark-main\Ark-main\node_modules\caniuse-lite\data\features\mpeg4.js'

npm warn tar TAR_ENTRY_ERROR EPERM: operation not permitted, unlink 'C:\Users\motaung\Desktop\Ark-main\Ark-main\node_mo
dules\typescript\lib\lib.es2020.intl.d.ts.DELETE.1843744bd106ee498ec16bd418afc469'

npm warn tar TAR_ENTRY_ERROR UNKNOWN: unknown error, open 
'C:\Users\motaung\Desktop\Ark-main\Ark-main\node_modules\typescript\lib\lib.es2020.promise.d.ts'

npm warn tar TAR_ENTRY_ERROR ENOENT: no such file or directory, open 
'C:\Users\motaung\Desktop\Ark-main\Ark-main\node_modules\caniuse-lite\data\features\multibackgrounds.js'

npm warn tar TAR_ENTRY_ERROR ENOENT: no such file or directory, open 
'C:\Users\motaung\Desktop\Ark-main\Ark-main\node_modules\caniuse-lite\data\features\multicolumn.js'

npm warn tar TAR_ENTRY_ERROR ENOENT: no such file or directory, open 
'C:\Users\motaung\Desktop\Ark-main\Ark-main\node_modules\caniuse-lite\data\features\mutation-events.js'

npm warn tar TAR_ENTRY_ERROR ENOENT: no such file or directory, open 
'C:\Users\motaung\Desktop\Ark-main\Ark-main\node_modules\caniuse-lite\data\features\mutationobserver.js'

npm warn tar TAR_ENTRY_ERROR ENOENT: no such file or directory, open 
'C:\Users\motaung\Desktop\Ark-main\Ark-main\node_modules\es-abstract\2015\CompletionRecord.js'

npm warn tar TAR_ENTRY_ERROR ENOENT: no such file or directory, open 
'C:\Users\motaung\Desktop\Ark-main\Ark-main\node_modules\es-abstract\2016\CompletionRecord.js'

npm warn tar TAR_ENTRY_ERROR ENOENT: no such file or directory, open 
'C:\Users\motaung\Desktop\Ark-main\Ark-main\node_modules\es-abstract\2017\CompletionRecord.js'

npm warn tar TAR_ENTRY_ERROR ENOENT: no such file or directory, open 'C:\Users\motaung\Desktop\Ark-main\Ark-main\node_m
odules\@typescript-eslint\scope-manager\dist\referencer\ExportVisitor.d.ts.map'

npm warn tar TAR_ENTRY_ERROR ENOENT: no such file or directory, open 'C:\Users\motaung\Desktop\Ark-main\Ark-main\node_m
odules\@typescript-eslint\scope-manager\dist\referencer\ExportVisitor.js.map'

npm warn tar TAR_ENTRY_ERROR ENOENT: no such file or directory, open 
'C:\Users\motaung\Desktop\Ark-main\Ark-main\node_modules\@typescript-eslint\scope-manager\dist\scope\ForScope.d.ts.map'

npm warn tar TAR_ENTRY_ERROR ENOENT: no such file or directory, open 
'C:\Users\motaung\Desktop\Ark-main\Ark-main\node_modules\@typescript-eslint\scope-manager\dist\scope\ForScope.js.map'

npm warn tar TAR_ENTRY_ERROR ENOENT: no such file or directory, open 'C:\Users\motaung\Desktop\Ark-main\Ark-main\node_m
odules\@typescript-eslint\scope-manager\dist\scope\FunctionExpressionNameScope.d.ts.map'

npm warn tar TAR_ENTRY_ERROR ENOENT: no such file or directory, open 'C:\Users\motaung\Desktop\Ark-main\Ark-main\node_m
odules\@typescript-eslint\scope-manager\dist\scope\FunctionExpressionNameScope.js.map'

npm warn tar TAR_ENTRY_ERROR ENOENT: no such file or directory, open 'C:\Users\motaung\Desktop\Ark-main\Ark-main\node_m
odules\@typescript-eslint\scope-manager\dist\definition\FunctionNameDefinition.d.ts.map'

npm warn tar TAR_ENTRY_ERROR ENOENT: no such file or directory, open 'C:\Users\motaung\Desktop\Ark-main\Ark-main\node_m
odules\@typescript-eslint\scope-manager\dist\definition\FunctionNameDefinition.js.map'

npm warn tar TAR_ENTRY_ERROR ENOENT: no such file or directory, open 'C:\Users\motaung\Desktop\Ark-main\Ark-main\node_m
odules\@typescript-eslint\scope-manager\dist\scope\FunctionScope.d.ts.map'

npm warn tar TAR_ENTRY_ERROR ENOENT: no such file or directory, open 'C:\Users\motaung\Desktop\Ark-main\Ark-main\node_m
odules\@typescript-eslint\scope-manager\dist\scope\FunctionScope.js.map'

npm warn tar TAR_ENTRY_ERROR ENOENT: no such file or directory, open 'C:\Users\motaung\Desktop\Ark-main\Ark-main\node_m
odules\@typescript-eslint\scope-manager\dist\scope\FunctionTypeScope.d.ts.map'

npm warn tar TAR_ENTRY_ERROR ENOENT: no such file or directory, open 'C:\Users\motaung\Desktop\Ark-main\Ark-main\node_m
odules\@typescript-eslint\scope-manager\dist\scope\FunctionTypeScope.js.map'

npm warn tar TAR_ENTRY_ERROR ENOENT: no such file or directory, open 'C:\Users\motaung\Desktop\Ark-main\Ark-main\node_m
odules\@typescript-eslint\scope-manager\dist\scope\GlobalScope.d.ts.map'

npm warn tar TAR_ENTRY_ERROR ENOENT: no such file or directory, open 'C:\Users\motaung\Desktop\Ark-main\Ark-main\node_m
odules\@typescript-eslint\scope-manager\dist\scope\GlobalScope.js.map'

npm warn tar TAR_ENTRY_ERROR ENOENT: no such file or directory, open 
'C:\Users\motaung\Desktop\Ark-main\Ark-main\node_modules\caniuse-lite\data\features\namevalue-storage.js'

npm warn tar TAR_ENTRY_ERROR ENOENT: no such file or directory, open 'C:\Users\motaung\Desktop\Ark-main\Ark-main\node_m
odules\@typescript-eslint\scope-manager\dist\definition\ImplicitGlobalVariableDefinition.d.ts.map'

npm warn tar TAR_ENTRY_ERROR ENOENT: no such file or directory, open 
'C:\Users\motaung\Desktop\Ark-main\Ark-main\node_modules\caniuse-lite\data\features\native-filesystem-api.js'

npm warn tar TAR_ENTRY_ERROR ENOENT: no such file or directory, open 'C:\Users\motaung\Desktop\Ark-main\Ark-main\node_m
odules\@typescript-eslint\scope-manager\dist\definition\ImplicitGlobalVariableDefinition.js.map'

npm warn tar TAR_ENTRY_ERROR ENOENT: no such file or directory, open 
'C:\Users\motaung\Desktop\Ark-main\Ark-main\node_modules\caniuse-lite\data\features\nav-timing.js'

npm warn tar TAR_ENTRY_ERROR ENOENT: no such file or directory, open 
'C:\Users\motaung\Desktop\Ark-main\Ark-main\node_modules\caniuse-lite\data\features\netinfo.js'

npm warn tar TAR_ENTRY_ERROR ENOENT: no such file or directory, open 'C:\Users\motaung\Desktop\Ark-main\Ark-main\node_m
odules\@typescript-eslint\scope-manager\dist\definition\ImportBindingDefinition.d.ts.map'

npm warn tar TAR_ENTRY_ERROR ENOENT: no such file or directory, open 'C:\Users\motaung\Desktop\Ark-main\Ark-main\node_m
odules\@typescript-eslint\scope-manager\dist\definition\ImportBindingDefinition.js.map'

npm warn tar TAR_ENTRY_ERROR ENOENT: no such file or directory, open 'C:\Users\motaung\Desktop\Ark-main\Ark-main\node_m
odules\@typescript-eslint\scope-manager\dist\referencer\ImportVisitor.d.ts.map'

npm warn tar TAR_ENTRY_ERROR ENOENT: no such file or directory, open 'C:\Users\motaung\Desktop\Ark-main\Ark-main\node_m
odules\@typescript-eslint\scope-manager\dist\referencer\ImportVisitor.js.map'

npm warn tar TAR_ENTRY_ERROR ENOENT: no such file or directory, open 'C:\Users\motaung\Desktop\Ark-main\Ark-main\node_m
odules\@typescript-eslint\scope-manager\dist\definition\index.d.ts.map'

npm warn tar TAR_ENTRY_ERROR ENOENT: no such file or directory, open 'C:\Users\motaung\Desktop\Ark-main\Ark-main\node_m
odules\@typescript-eslint\scope-manager\dist\referencer\index.d.ts.map'

npm warn tar TAR_ENTRY_ERROR ENOENT: no such file or directory, open 
'C:\Users\motaung\Desktop\Ark-main\Ark-main\node_modules\@typescript-eslint\scope-manager\dist\scope\index.d.ts.map'

npm warn tar TAR_ENTRY_ERROR ENOENT: no such file or directory, open 
'C:\Users\motaung\Desktop\Ark-main\Ark-main\node_modules\@typescript-eslint\scope-manager\dist\definition\index.js.map'

npm warn tar TAR_ENTRY_ERROR ENOENT: no such file or directory, open 
'C:\Users\motaung\Desktop\Ark-main\Ark-main\node_modules\caniuse-lite\data\features\notifications.js'

npm warn tar TAR_ENTRY_ERROR ENOENT: no such file or directory, open 
'C:\Users\motaung\Desktop\Ark-main\Ark-main\node_modules\@typescript-eslint\scope-manager\dist\referencer\index.js.map'

npm warn tar TAR_ENTRY_ERROR ENOENT: no such file or directory, open 
'C:\Users\motaung\Desktop\Ark-main\Ark-main\node_modules\@typescript-eslint\scope-manager\dist\scope\index.js.map'

npm warn tar TAR_ENTRY_ERROR ENOENT: no such file or directory, open 'C:\Users\motaung\Desktop\Ark-main\Ark-main\node_m
odules\@typescript-eslint\scope-manager\dist\scope\MappedTypeScope.d.ts.map'

npm warn tar TAR_ENTRY_ERROR ENOENT: no such file or directory, open 'C:\Users\motaung\Desktop\Ark-main\Ark-main\node_m
odules\@typescript-eslint\scope-manager\dist\scope\MappedTypeScope.js.map'

npm warn tar TAR_ENTRY_ERROR ENOENT: no such file or directory, open 'C:\Users\motaung\Desktop\Ark-main\Ark-main\node_m
odules\@typescript-eslint\scope-manager\dist\scope\ModuleScope.d.ts.map'

npm warn tar TAR_ENTRY_ERROR ENOENT: no such file or directory, open 
'C:\Users\motaung\Desktop\Ark-main\Ark-main\node_modules\caniuse-lite\data\features\object-entries.js'

npm warn tar TAR_ENTRY_ERROR ENOENT: no such file or directory, open 'C:\Users\motaung\Desktop\Ark-main\Ark-main\node_m
odules\@typescript-eslint\scope-manager\dist\scope\ModuleScope.js.map'

npm warn tar TAR_ENTRY_ERROR ENOENT: no such file or directory, open 
'C:\Users\motaung\Desktop\Ark-main\Ark-main\node_modules\caniuse-lite\data\features\object-fit.js'

npm warn tar TAR_ENTRY_ERROR ENOENT: no such file or directory, open 'C:\Users\motaung\Desktop\Ark-main\Ark-main\node_m
odules\@typescript-eslint\scope-manager\dist\definition\ParameterDefinition.d.ts.map'

npm warn tar TAR_ENTRY_ERROR ENOENT: no such file or directory, open 
'C:\Users\motaung\Desktop\Ark-main\Ark-main\node_modules\caniuse-lite\data\features\object-observe.js'

npm warn tar TAR_ENTRY_ERROR ENOENT: no such file or directory, open 'C:\Users\motaung\Desktop\Ark-main\Ark-main\node_m
odules\@typescript-eslint\scope-manager\dist\definition\ParameterDefinition.js.map'

npm warn tar TAR_ENTRY_ERROR ENOENT: no such file or directory, open 
'C:\Users\motaung\Desktop\Ark-main\Ark-main\node_modules\caniuse-lite\data\features\object-values.js'

npm warn tar TAR_ENTRY_ERROR ENOENT: no such file or directory, open 'C:\Users\motaung\Desktop\Ark-main\Ark-main\node_m
odules\@typescript-eslint\scope-manager\dist\referencer\PatternVisitor.d.ts.map'

npm warn tar TAR_ENTRY_ERROR ENOENT: no such file or directory, open 
'C:\Users\motaung\Desktop\Ark-main\Ark-main\node_modules\caniuse-lite\data\features\objectrtc.js'

npm warn tar TAR_ENTRY_ERROR ENOENT: no such file or directory, open 'C:\Users\motaung\Desktop\Ark-main\Ark-main\node_m
odules\@typescript-eslint\scope-manager\dist\referencer\PatternVisitor.js.map'

npm warn tar TAR_ENTRY_ERROR ENOENT: no such file or directory, open 
'C:\Users\motaung\Desktop\Ark-main\Ark-main\node_modules\caniuse-lite\data\features\offline-apps.js'

npm warn tar TAR_ENTRY_ERROR ENOENT: no such file or directory, open 'C:\Users\motaung\Desktop\Ark-main\Ark-main\node_m
odules\@typescript-eslint\scope-manager\dist\referencer\Reference.d.ts.map'

npm warn tar TAR_ENTRY_ERROR ENOENT: no such file or directory, open 
'C:\Users\motaung\Desktop\Ark-main\Ark-main\node_modules\caniuse-lite\data\features\offscreencanvas.js'

npm warn tar TAR_ENTRY_ERROR ENOENT: no such file or directory, open 'C:\Users\motaung\Desktop\Ark-main\Ark-main\node_m
odules\@typescript-eslint\scope-manager\dist\referencer\Reference.js.map'

npm warn tar TAR_ENTRY_ERROR ENOENT: no such file or directory, open 
'C:\Users\motaung\Desktop\Ark-main\Ark-main\node_modules\caniuse-lite\data\features\ogg-vorbis.js'

npm warn tar TAR_ENTRY_ERROR ENOENT: no such file or directory, open 'C:\Users\motaung\Desktop\Ark-main\Ark-main\node_m
odules\@typescript-eslint\scope-manager\dist\referencer\Referencer.d.ts.map'

npm warn tar TAR_ENTRY_ERROR ENOENT: no such file or directory, open 
'C:\Users\motaung\Desktop\Ark-main\Ark-main\node_modules\caniuse-lite\data\features\ogv.js'

npm warn tar TAR_ENTRY_ERROR ENOENT: no such file or directory, open 'C:\Users\motaung\Desktop\Ark-main\Ark-main\node_m
odules\@typescript-eslint\scope-manager\dist\referencer\Referencer.js.map'

npm warn tar TAR_ENTRY_ERROR ENOENT: no such file or directory, open 
'C:\Users\motaung\Desktop\Ark-main\Ark-main\node_modules\caniuse-lite\data\features\ol-reversed.js'

npm warn tar TAR_ENTRY_ERROR ENOENT: no such file or directory, open 
'C:\Users\motaung\Desktop\Ark-main\Ark-main\node_modules\@typescript-eslint\scope-manager\dist\scope\Scope.d.ts.map'

npm warn tar TAR_ENTRY_ERROR ENOENT: no such file or directory, open 
'C:\Users\motaung\Desktop\Ark-main\Ark-main\node_modules\@typescript-eslint\scope-manager\dist\scope\Scope.js.map'

npm warn tar TAR_ENTRY_ERROR ENOENT: no such file or directory, open 'C:\Users\motaung\Desktop\Ark-main\Ark-main\node_m
odules\@typescript-eslint\scope-manager\dist\scope\ScopeBase.d.ts.map'

npm warn tar TAR_ENTRY_ERROR ENOENT: no such file or directory, open 
'C:\Users\motaung\Desktop\Ark-main\Ark-main\node_modules\@typescript-eslint\scope-manager\dist\scope\ScopeBase.js.map'

npm warn tar TAR_ENTRY_ERROR ENOENT: no such file or directory, open 
'C:\Users\motaung\Desktop\Ark-main\Ark-main\node_modules\caniuse-lite\data\features\once-event-listener.js'

npm warn tar TAR_ENTRY_ERROR ENOENT: no such file or directory, open 
'C:\Users\motaung\Desktop\Ark-main\Ark-main\node_modules\caniuse-lite\data\features\online-status.js'

npm warn tar TAR_ENTRY_ERROR ENOENT: no such file or directory, lstat 
'C:\Users\motaung\Desktop\Ark-main\Ark-main\node_modules\framer-motion\dist\es\animation\animators\waapi\utils'

npm warn tar TAR_ENTRY_ERROR ENOENT: no such file or directory, open 
'C:\Users\motaung\Desktop\Ark-main\Ark-main\node_modules\caniuse-lite\data\features\opus.js'

npm warn tar TAR_ENTRY_ERROR ENOENT: no such file or directory, open 
'C:\Users\motaung\Desktop\Ark-main\Ark-main\node_modules\caniuse-lite\data\features\orientation-sensor.js'

npm warn tar TAR_ENTRY_ERROR ENOENT: no such file or directory, open 
'C:\Users\motaung\Desktop\Ark-main\Ark-main\node_modules\caniuse-lite\data\features\outline.js'

npm warn tar TAR_ENTRY_ERROR ENOENT: no such file or directory, open 
'C:\Users\motaung\Desktop\Ark-main\Ark-main\node_modules\es-abstract\2015\CreateDataProperty.js'

npm warn tar TAR_ENTRY_ERROR ENOENT: no such file or directory, open 'C:\Users\motaung\Desktop\Ark-main\Ark-main\node_m
odules\@typescript-eslint\scope-manager\dist\scope\ScopeType.d.ts.map'

npm warn tar TAR_ENTRY_ERROR ENOENT: no such file or directory, open 
'C:\Users\motaung\Desktop\Ark-main\Ark-main\node_modules\es-abstract\2016\CreateDataProperty.js'

npm warn tar TAR_ENTRY_ERROR ENOENT: no such file or directory, open 
'C:\Users\motaung\Desktop\Ark-main\Ark-main\node_modules\@typescript-eslint\scope-manager\dist\scope\ScopeType.js.map'

npm warn tar TAR_ENTRY_ERROR EPERM: operation not permitted, unlink 'C:\Users\motaung\Desktop\Ark-main\Ark-main\node_mo
dules\typescript\lib\lib.es5.d.ts.DELETE.62376b86b942a9df6b49bf6a45c24ab8'

npm warn tar TAR_ENTRY_ERROR ENOENT: no such file or directory, open 
'C:\Users\motaung\Desktop\Ark-main\Ark-main\node_modules\es-abstract\2017\CreateDataProperty.js'

npm warn tar TAR_ENTRY_ERROR ENOENT: no such file or directory, open 
'C:\Users\motaung\Desktop\Ark-main\Ark-main\node_modules\caniuse-lite\data\features\pad-start-end.js'

npm warn tar TAR_ENTRY_ERROR ENOENT: no such file or directory, open 
'C:\Users\motaung\Desktop\Ark-main\Ark-main\node_modules\caniuse-lite\data\features\page-transition-events.js'

npm warn tar TAR_ENTRY_ERROR ENOENT: no such file or directory, open 
'C:\Users\motaung\Desktop\Ark-main\Ark-main\node_modules\caniuse-lite\data\features\pagevisibility.js'

npm warn tar TAR_ENTRY_ERROR ENOENT: no such file or directory, open 
'C:\Users\motaung\Desktop\Ark-main\Ark-main\node_modules\caniuse-lite\data\features\passive-event-listener.js'

npm warn tar TAR_ENTRY_ERROR ENOENT: no such file or directory, open 
'C:\Users\motaung\Desktop\Ark-main\Ark-main\node_modules\caniuse-lite\data\features\passkeys.js'

npm warn tar TAR_ENTRY_ERROR ENOENT: no such file or directory, open 
'C:\Users\motaung\Desktop\Ark-main\Ark-main\node_modules\caniuse-lite\data\features\passwordrules.js'

npm warn tar TAR_ENTRY_ERROR ENOENT: no such file or directory, lstat 
'C:\Users\motaung\Desktop\Ark-main\Ark-main\node_modules\framer-motion\dist\es\animation\animators\waapi\utils'

npm warn tar TAR_ENTRY_ERROR ENOENT: no such file or directory, open 
'C:\Users\motaung\Desktop\Ark-main\Ark-main\node_modules\caniuse-lite\data\features\path2d.js'

npm warn tar TAR_ENTRY_ERROR ENOENT: no such file or directory, open 'C:\Users\motaung\Desktop\Ark-main\Ark-main\node_m
odules\@typescript-eslint\scope-manager\dist\scope\SwitchScope.d.ts.map'

npm warn tar TAR_ENTRY_ERROR ENOENT: no such file or directory, open 
'C:\Users\motaung\Desktop\Ark-main\Ark-main\node_modules\caniuse-lite\data\features\payment-request.js'

npm warn tar TAR_ENTRY_ERROR ENOENT: no such file or directory, lstat 
'C:\Users\motaung\Desktop\Ark-main\Ark-main\node_modules\framer-motion\dist\es\animation\animators\waapi\utils'

npm warn tar TAR_ENTRY_ERROR ENOENT: no such file or directory, open 'C:\Users\motaung\Desktop\Ark-main\Ark-main\node_m
odules\@typescript-eslint\scope-manager\dist\scope\SwitchScope.js.map'

npm warn tar TAR_ENTRY_ERROR ENOENT: no such file or directory, open 
'C:\Users\motaung\Desktop\Ark-main\Ark-main\node_modules\caniuse-lite\data\features\pdf-viewer.js'

npm warn tar TAR_ENTRY_ERROR ENOENT: no such file or directory, open 'C:\Users\motaung\Desktop\Ark-main\Ark-main\node_m
odules\@typescript-eslint\scope-manager\dist\definition\TSEnumMemberDefinition.d.ts.map'

npm warn tar TAR_ENTRY_ERROR ENOENT: no such file or directory, open 'C:\Users\motaung\Desktop\Ark-main\Ark-main\node_m
odules\@typescript-eslint\scope-manager\dist\definition\TSEnumMemberDefinition.js.map'

npm warn tar TAR_ENTRY_ERROR ENOENT: no such file or directory, open 'C:\Users\motaung\Desktop\Ark-main\Ark-main\node_m
odules\@typescript-eslint\scope-manager\dist\definition\TSEnumNameDefinition.d.ts.map'

npm warn tar TAR_ENTRY_ERROR ENOENT: no such file or directory, open 'C:\Users\motaung\Desktop\Ark-main\Ark-main\node_m
odules\@typescript-eslint\scope-manager\dist\definition\TSEnumNameDefinition.js.map'

npm warn tar TAR_ENTRY_ERROR ENOENT: no such file or directory, open 'C:\Users\motaung\Desktop\Ark-main\Ark-main\node_m
odules\@typescript-eslint\scope-manager\dist\scope\TSEnumScope.d.ts.map'

npm warn tar TAR_ENTRY_ERROR ENOENT: no such file or directory, open 'C:\Users\motaung\Desktop\Ark-main\Ark-main\node_m
odules\@typescript-eslint\scope-manager\dist\scope\TSEnumScope.js.map'

npm warn tar TAR_ENTRY_ERROR ENOENT: no such file or directory, open 
'C:\Users\motaung\Desktop\Ark-main\Ark-main\node_modules\caniuse-lite\data\features\permissions-api.js'

npm warn tar TAR_ENTRY_ERROR ENOENT: no such file or directory, open 'C:\Users\motaung\Desktop\Ark-main\Ark-main\node_m
odules\@typescript-eslint\scope-manager\dist\definition\TSModuleNameDefinition.d.ts.map'

npm warn tar TAR_ENTRY_ERROR ENOENT: no such file or directory, open 
'C:\Users\motaung\Desktop\Ark-main\Ark-main\node_modules\caniuse-lite\data\features\permissions-policy.js'

npm warn tar TAR_ENTRY_ERROR ENOENT: no such file or directory, open 'C:\Users\motaung\Desktop\Ark-main\Ark-main\node_m
odules\@typescript-eslint\scope-manager\dist\definition\TSModuleNameDefinition.js.map'

npm warn tar TAR_ENTRY_ERROR ENOENT: no such file or directory, open 'C:\Users\motaung\Desktop\Ark-main\Ark-main\node_m
odules\@typescript-eslint\scope-manager\dist\scope\TSModuleScope.d.ts.map'

npm warn tar TAR_ENTRY_ERROR ENOENT: no such file or directory, open 'C:\Users\motaung\Desktop\Ark-main\Ark-main\node_m
odules\@typescript-eslint\scope-manager\dist\scope\TSModuleScope.js.map'

npm warn tar TAR_ENTRY_ERROR ENOENT: no such file or directory, open 'C:\Users\motaung\Desktop\Ark-main\Ark-main\node_m
odules\@typescript-eslint\scope-manager\dist\definition\TypeDefinition.d.ts.map'

npm warn tar TAR_ENTRY_ERROR ENOENT: no such file or directory, open 'C:\Users\motaung\Desktop\Ark-main\Ark-main\node_m
odules\@typescript-eslint\scope-manager\dist\definition\TypeDefinition.js.map'

npm warn tar TAR_ENTRY_ERROR ENOENT: no such file or directory, open 'C:\Users\motaung\Desktop\Ark-main\Ark-main\node_m
odules\@typescript-eslint\scope-manager\dist\scope\TypeScope.d.ts.map'

npm warn tar TAR_ENTRY_ERROR ENOENT: no such file or directory, open 
'C:\Users\motaung\Desktop\Ark-main\Ark-main\node_modules\@typescript-eslint\scope-manager\dist\scope\TypeScope.js.map'

npm warn tar TAR_ENTRY_ERROR ENOENT: no such file or directory, open 'C:\Users\motaung\Desktop\Ark-main\Ark-main\node_m
odules\@typescript-eslint\scope-manager\dist\referencer\TypeVisitor.d.ts.map'

npm warn tar TAR_ENTRY_ERROR ENOENT: no such file or directory, open 'C:\Users\motaung\Desktop\Ark-main\Ark-main\node_m
odules\@typescript-eslint\scope-manager\dist\referencer\TypeVisitor.js.map'

npm warn tar TAR_ENTRY_ERROR ENOENT: no such file or directory, open 
'C:\Users\motaung\Desktop\Ark-main\Ark-main\node_modules\caniuse-lite\data\features\picture-in-picture.js'

npm warn tar TAR_ENTRY_ERROR ENOENT: no such file or directory, open 
'C:\Users\motaung\Desktop\Ark-main\Ark-main\node_modules\caniuse-lite\data\features\picture.js'

npm warn tar TAR_ENTRY_ERROR ENOENT: no such file or directory, open 
'C:\Users\motaung\Desktop\Ark-main\Ark-main\node_modules\caniuse-lite\data\features\ping.js'

npm warn tar TAR_ENTRY_ERROR ENOENT: no such file or directory, open 
'C:\Users\motaung\Desktop\Ark-main\Ark-main\node_modules\es-abstract\2015\CreateDataPropertyOrThrow.js'

npm warn tar TAR_ENTRY_ERROR ENOENT: no such file or directory, open 'C:\Users\motaung\Desktop\Ark-main\Ark-main\node_m
odules\@typescript-eslint\scope-manager\dist\definition\VariableDefinition.d.ts.map'

npm warn tar TAR_ENTRY_ERROR ENOENT: no such file or directory, open 
'C:\Users\motaung\Desktop\Ark-main\Ark-main\node_modules\es-abstract\2016\CreateDataPropertyOrThrow.js'

npm warn tar TAR_ENTRY_ERROR ENOENT: no such file or directory, open 'C:\Users\motaung\Desktop\Ark-main\Ark-main\node_m
odules\@typescript-eslint\scope-manager\dist\definition\VariableDefinition.js.map'

npm warn tar TAR_ENTRY_ERROR ENOENT: no such file or directory, open 
'C:\Users\motaung\Desktop\Ark-main\Ark-main\node_modules\es-abstract\2017\CreateDataPropertyOrThrow.js'

npm warn tar TAR_ENTRY_ERROR ENOENT: no such file or directory, open 'C:\Users\motaung\Desktop\Ark-main\Ark-main\node_m
odules\@typescript-eslint\scope-manager\dist\referencer\Visitor.d.ts.map'

npm warn tar TAR_ENTRY_ERROR ENOENT: no such file or directory, open 'C:\Users\motaung\Desktop\Ark-main\Ark-main\node_m
odules\@typescript-eslint\scope-manager\dist\referencer\Visitor.js.map'

npm warn tar TAR_ENTRY_ERROR ENOENT: no such file or directory, open 'C:\Users\motaung\Desktop\Ark-main\Ark-main\node_m
odules\@typescript-eslint\scope-manager\dist\referencer\VisitorBase.d.ts.map'

npm warn tar TAR_ENTRY_ERROR ENOENT: no such file or directory, open 'C:\Users\motaung\Desktop\Ark-main\Ark-main\node_m
odules\@typescript-eslint\scope-manager\dist\referencer\VisitorBase.js.map'

npm warn tar TAR_ENTRY_ERROR ENOENT: no such file or directory, rename 
'C:\Users\motaung\Desktop\Ark-main\Ark-main\node_modules\typescript\lib\lib.esnext.object.d.ts' -> 'C:\Users\motaung\De
sktop\Ark-main\Ark-main\node_modules\typescript\lib\lib.esnext.object.d.ts.DELETE.44c977733c930b50f076f529f5a7037b'

npm warn tar TAR_ENTRY_ERROR ENOENT: no such file or directory, open 
'C:\Users\motaung\Desktop\Ark-main\Ark-main\node_modules\caniuse-lite\data\features\png-alpha.js'

npm warn tar TAR_ENTRY_ERROR ENOENT: no such file or directory, open 
'C:\Users\motaung\Desktop\Ark-main\Ark-main\node_modules\caniuse-lite\data\features\pointer-events.js'

npm warn tar TAR_ENTRY_ERROR ENOENT: no such file or directory, open 
'C:\Users\motaung\Desktop\Ark-main\Ark-main\node_modules\caniuse-lite\data\features\pointer.js'

npm warn tar TAR_ENTRY_ERROR ENOENT: no such file or directory, open 
'C:\Users\motaung\Desktop\Ark-main\Ark-main\node_modules\caniuse-lite\data\features\pointerlock.js'

npm warn tar TAR_ENTRY_ERROR ENOENT: no such file or directory, open 
'C:\Users\motaung\Desktop\Ark-main\Ark-main\node_modules\caniuse-lite\data\features\portals.js'

npm warn tar TAR_ENTRY_ERROR ENOENT: no such file or directory, rename 
'C:\Users\motaung\Desktop\Ark-main\Ark-main\node_modules\typescript\lib\lib.esnext.string.d.ts' -> 'C:\Users\motaung\De
sktop\Ark-main\Ark-main\node_modules\typescript\lib\lib.esnext.string.d.ts.DELETE.d6892367bdc6205d386d6387a802ed69'

npm warn tar TAR_ENTRY_ERROR ENOENT: no such file or directory, open 
'C:\Users\motaung\Desktop\Ark-main\Ark-main\node_modules\caniuse-lite\data\features\prefers-color-scheme.js'

npm warn tar TAR_ENTRY_ERROR ENOENT: no such file or directory, open 
'C:\Users\motaung\Desktop\Ark-main\Ark-main\node_modules\caniuse-lite\data\features\prefers-reduced-motion.js'

npm warn tar TAR_ENTRY_ERROR ENOENT: no such file or directory, open 
'C:\Users\motaung\Desktop\Ark-main\Ark-main\node_modules\caniuse-lite\data\features\progress.js'

npm warn tar TAR_ENTRY_ERROR ENOENT: no such file or directory, open 
'C:\Users\motaung\Desktop\Ark-main\Ark-main\node_modules\caniuse-lite\data\features\promise-finally.js'

npm warn tar TAR_ENTRY_ERROR ENOENT: no such file or directory, open 
'C:\Users\motaung\Desktop\Ark-main\Ark-main\node_modules\caniuse-lite\data\features\promises.js'

npm warn tar TAR_ENTRY_ERROR ENOENT: no such file or directory, open 
'C:\Users\motaung\Desktop\Ark-main\Ark-main\node_modules\caniuse-lite\data\features\proximity.js'

npm warn tar TAR_ENTRY_ERROR ENOENT: no such file or directory, open 
'C:\Users\motaung\Desktop\Ark-main\Ark-main\node_modules\caniuse-lite\data\features\proxy.js'

npm warn tar TAR_ENTRY_ERROR UNKNOWN: unknown error, open 
'C:\Users\motaung\Desktop\Ark-main\Ark-main\node_modules\typescript\lib\lib.webworker.asynciterable.d.ts'

npm warn tar TAR_ENTRY_ERROR EPERM: operation not permitted, unlink 'C:\Users\motaung\Desktop\Ark-main\Ark-main\node_mo
dules\typescript\lib\lib.webworker.d.ts.DELETE.f644860e0ff06d1a28813c7be2a202b5'

npm warn tar TAR_ENTRY_ERROR ENOENT: no such file or directory, open 
'C:\Users\motaung\Desktop\Ark-main\Ark-main\node_modules\caniuse-lite\data\features\publickeypinning.js'

npm warn tar TAR_ENTRY_ERROR ENOENT: no such file or directory, open 
'C:\Users\motaung\Desktop\Ark-main\Ark-main\node_modules\caniuse-lite\data\features\push-api.js'

npm warn tar TAR_ENTRY_ERROR ENOENT: no such file or directory, open 'C:\Users\motaung\Desktop\Ark-main\Ark-main\node_m
odules\@typescript-eslint\scope-manager\dist\scope\WithScope.d.ts.map'

npm warn tar TAR_ENTRY_ERROR ENOENT: no such file or directory, open 
'C:\Users\motaung\Desktop\Ark-main\Ark-main\node_modules\@typescript-eslint\scope-manager\dist\scope\WithScope.js.map'

npm warn tar TAR_ENTRY_ERROR ENOENT: no such file or directory, open 
'C:\Users\motaung\Desktop\Ark-main\Ark-main\node_modules\es-abstract\2015\CreateHTML.js'

npm warn tar TAR_ENTRY_ERROR ENOENT: no such file or directory, open 
'C:\Users\motaung\Desktop\Ark-main\Ark-main\node_modules\es-abstract\2016\CreateHTML.js'

npm warn tar TAR_ENTRY_ERROR ENOENT: no such file or directory, open 
'C:\Users\motaung\Desktop\Ark-main\Ark-main\node_modules\es-abstract\2017\CreateHTML.js'

npm warn tar TAR_ENTRY_ERROR ENOENT: no such file or directory, open 
'C:\Users\motaung\Desktop\Ark-main\Ark-main\node_modules\caniuse-lite\data\features\queryselector.js'

npm warn tar TAR_ENTRY_ERROR ENOENT: no such file or directory, open 
'C:\Users\motaung\Desktop\Ark-main\Ark-main\node_modules\@typescript-eslint\scope-manager\dist\scope\BlockScope.d.ts'

npm warn tar TAR_ENTRY_ERROR ENOENT: no such file or directory, open 'C:\Users\motaung\Desktop\Ark-main\Ark-main\node_m
odules\@typescript-eslint\scope-manager\dist\definition\CatchClauseDefinition.d.ts'

npm warn tar TAR_ENTRY_ERROR ENOENT: no such file or directory, open 
'C:\Users\motaung\Desktop\Ark-main\Ark-main\node_modules\@typescript-eslint\scope-manager\dist\scope\CatchScope.d.ts'

npm warn tar TAR_ENTRY_ERROR ENOENT: no such file or directory, open 'C:\Users\motaung\Desktop\Ark-main\Ark-main\node_m
odules\@typescript-eslint\scope-manager\dist\scope\ClassFieldInitializerScope.d.ts'

npm warn tar TAR_ENTRY_ERROR ENOENT: no such file or directory, open 
'C:\Users\motaung\Desktop\Ark-main\Ark-main\node_modules\caniuse-lite\data\features\readonly-attr.js'

npm warn tar TAR_ENTRY_ERROR ENOENT: no such file or directory, open 'C:\Users\motaung\Desktop\Ark-main\Ark-main\node_m
odules\@typescript-eslint\scope-manager\dist\definition\ClassNameDefinition.d.ts'

npm warn tar TAR_ENTRY_ERROR ENOENT: no such file or directory, open 
'C:\Users\motaung\Desktop\Ark-main\Ark-main\node_modules\caniuse-lite\data\features\referrer-policy.js'

npm warn tar TAR_ENTRY_ERROR ENOENT: no such file or directory, open 
'C:\Users\motaung\Desktop\Ark-main\Ark-main\node_modules\@typescript-eslint\scope-manager\dist\scope\ClassScope.d.ts'

npm warn tar TAR_ENTRY_ERROR ENOENT: no such file or directory, open 
'C:\Users\motaung\Desktop\Ark-main\Ark-main\node_modules\caniuse-lite\dist\unpacker\region.js'

npm warn tar TAR_ENTRY_ERROR ENOENT: no such file or directory, open 'C:\Users\motaung\Desktop\Ark-main\Ark-main\node_m
odules\@typescript-eslint\scope-manager\dist\scope\ClassStaticBlockScope.d.ts'

npm warn tar TAR_ENTRY_ERROR ENOENT: no such file or directory, open 
'C:\Users\motaung\Desktop\Ark-main\Ark-main\node_modules\caniuse-lite\data\features\registerprotocolhandler.js'

npm warn tar TAR_ENTRY_ERROR ENOENT: no such file or directory, open 'C:\Users\motaung\Desktop\Ark-main\Ark-main\node_m
odules\@typescript-eslint\scope-manager\dist\referencer\ClassVisitor.d.ts'

npm warn tar TAR_ENTRY_ERROR ENOENT: no such file or directory, open 
'C:\Users\motaung\Desktop\Ark-main\Ark-main\node_modules\caniuse-lite\data\features\rel-noopener.js'

npm warn tar TAR_ENTRY_ERROR ENOENT: no such file or directory, open 'C:\Users\motaung\Desktop\Ark-main\Ark-main\node_m
odules\@typescript-eslint\scope-manager\dist\scope\ConditionalTypeScope.d.ts'

npm warn tar TAR_ENTRY_ERROR ENOENT: no such file or directory, open 
'C:\Users\motaung\Desktop\Ark-main\Ark-main\node_modules\caniuse-lite\data\features\rel-noreferrer.js'

npm warn tar TAR_ENTRY_ERROR ENOENT: no such file or directory, open 
'C:\Users\motaung\Desktop\Ark-main\Ark-main\node_modules\caniuse-lite\data\features\rellist.js'

npm warn tar TAR_ENTRY_ERROR ENOENT: no such file or directory, open 
'C:\Users\motaung\Desktop\Ark-main\Ark-main\node_modules\caniuse-lite\data\features\rem.js'

npm warn tar TAR_ENTRY_ERROR ENOENT: no such file or directory, open 
'C:\Users\motaung\Desktop\Ark-main\Ark-main\node_modules\caniuse-lite\data\features\requestanimationframe.js'

npm warn tar TAR_ENTRY_ERROR ENOENT: no such file or directory, open 
'C:\Users\motaung\Desktop\Ark-main\Ark-main\node_modules\caniuse-lite\data\features\requestidlecallback.js'

npm warn tar TAR_ENTRY_ERROR ENOENT: no such file or directory, open 
'C:\Users\motaung\Desktop\Ark-main\Ark-main\node_modules\caniuse-lite\data\features\resizeobserver.js'

npm warn tar TAR_ENTRY_ERROR ENOENT: no such file or directory, open 
'C:\Users\motaung\Desktop\Ark-main\Ark-main\node_modules\caniuse-lite\data\features\resource-timing.js'

npm warn tar TAR_ENTRY_ERROR ENOENT: no such file or directory, open 
'C:\Users\motaung\Desktop\Ark-main\Ark-main\node_modules\caniuse-lite\data\features\rest-parameters.js'

npm warn tar TAR_ENTRY_ERROR ENOENT: no such file or directory, open 'C:\Users\motaung\Desktop\Ark-main\Ark-main\node_m
odules\@typescript-eslint\scope-manager\dist\definition\Definition.d.ts'

npm warn tar TAR_ENTRY_ERROR ENOENT: no such file or directory, open 'C:\Users\motaung\Desktop\Ark-main\Ark-main\node_m
odules\@typescript-eslint\scope-manager\dist\definition\DefinitionBase.d.ts'

npm warn tar TAR_ENTRY_ERROR ENOENT: no such file or directory, open 'C:\Users\motaung\Desktop\Ark-main\Ark-main\node_m
odules\@typescript-eslint\scope-manager\dist\definition\DefinitionType.d.ts'

npm warn tar TAR_ENTRY_ERROR ENOENT: no such file or directory, open 
'C:\Users\motaung\Desktop\Ark-main\Ark-main\node_modules\framer-motion\dist\es\events\use-dom-event.mjs'

npm warn tar TAR_ENTRY_ERROR ENOENT: no such file or directory, open 
'C:\Users\motaung\Desktop\Ark-main\Ark-main\node_modules\caniuse-lite\data\features\rtcpeerconnection.js'

npm warn tar TAR_ENTRY_ERROR ENOENT: no such file or directory, open 
'C:\Users\motaung\Desktop\Ark-main\Ark-main\node_modules\es-abstract\2015\CreateIterResultObject.js'

npm warn tar TAR_ENTRY_ERROR ENOENT: no such file or directory, open 
'C:\Users\motaung\Desktop\Ark-main\Ark-main\node_modules\caniuse-lite\data\features\ruby.js'

npm warn tar TAR_ENTRY_ERROR ENOENT: no such file or directory, open 
'C:\Users\motaung\Desktop\Ark-main\Ark-main\node_modules\es-abstract\2016\CreateIterResultObject.js'

npm warn tar TAR_ENTRY_ERROR ENOENT: no such file or directory, open 
'C:\Users\motaung\Desktop\Ark-main\Ark-main\node_modules\caniuse-lite\data\features\run-in.js'

npm warn tar TAR_ENTRY_ERROR ENOENT: no such file or directory, open 
'C:\Users\motaung\Desktop\Ark-main\Ark-main\node_modules\es-abstract\2017\CreateIterResultObject.js'

npm warn tar TAR_ENTRY_ERROR ENOENT: no such file or directory, open 
'C:\Users\motaung\Desktop\Ark-main\Ark-main\node_modules\caniuse-lite\data\features\same-site-cookie-attribute.js'

npm warn tar TAR_ENTRY_ERROR ENOENT: no such file or directory, open 
'C:\Users\motaung\Desktop\Ark-main\Ark-main\node_modules\es-abstract\2015\CreateListFromArrayLike.js'

npm warn tar TAR_ENTRY_ERROR ENOENT: no such file or directory, open 
'C:\Users\motaung\Desktop\Ark-main\Ark-main\node_modules\es-abstract\2016\CreateListFromArrayLike.js'

npm warn tar TAR_ENTRY_ERROR ENOENT: no such file or directory, open 
'C:\Users\motaung\Desktop\Ark-main\Ark-main\node_modules\es-abstract\2017\CreateListFromArrayLike.js'

npm warn tar TAR_ENTRY_ERROR ENOENT: no such file or directory, open 
'C:\Users\motaung\Desktop\Ark-main\Ark-main\node_modules\caniuse-lite\data\features\screen-orientation.js'

npm warn tar TAR_ENTRY_ERROR ENOENT: no such file or directory, open 
'C:\Users\motaung\Desktop\Ark-main\Ark-main\node_modules\caniuse-lite\data\features\script-async.js'

npm warn tar TAR_ENTRY_ERROR ENOENT: no such file or directory, open 
'C:\Users\motaung\Desktop\Ark-main\Ark-main\node_modules\caniuse-lite\data\features\script-defer.js'

npm warn tar TAR_ENTRY_ERROR ENOENT: no such file or directory, open 
'C:\Users\motaung\Desktop\Ark-main\Ark-main\node_modules\caniuse-lite\data\features\scrollintoview.js'

npm warn tar TAR_ENTRY_ERROR ENOENT: no such file or directory, open 
'C:\Users\motaung\Desktop\Ark-main\Ark-main\node_modules\caniuse-lite\data\features\scrollintoviewifneeded.js'

npm warn tar TAR_ENTRY_ERROR ENOENT: no such file or directory, open 
'C:\Users\motaung\Desktop\Ark-main\Ark-main\node_modules\caniuse-lite\data\features\sdch.js'

npm warn tar TAR_ENTRY_ERROR ENOENT: no such file or directory, open 
'C:\Users\motaung\Desktop\Ark-main\Ark-main\node_modules\caniuse-lite\data\features\selection-api.js'

npm warn tar TAR_ENTRY_ERROR ENOENT: no such file or directory, open 
'C:\Users\motaung\Desktop\Ark-main\Ark-main\node_modules\caniuse-lite\data\features\server-timing.js'

npm warn tar TAR_ENTRY_ERROR ENOENT: no such file or directory, open 
'C:\Users\motaung\Desktop\Ark-main\Ark-main\node_modules\caniuse-lite\data\features\serviceworkers.js'

npm warn tar TAR_ENTRY_ERROR ENOENT: no such file or directory, open 
'C:\Users\motaung\Desktop\Ark-main\Ark-main\node_modules\caniuse-lite\data\features\setimmediate.js'

npm warn tar TAR_ENTRY_ERROR ENOENT: no such file or directory, rename 
'C:\Users\motaung\Desktop\Ark-main\Ark-main\node_modules\framer-motion\dist\es\render\html\use-props.mjs' -> 'C:\Users\
motaung\Desktop\Ark-main\Ark-main\node_modules\framer-motion\dist\es\render\html\use-props.mjs.DELETE.321e1e3bf00759953
85cd19436668b52'

npm warn tar TAR_ENTRY_ERROR ENOENT: no such file or directory, open 
'C:\Users\motaung\Desktop\Ark-main\Ark-main\node_modules\es-abstract\2015\CreateMethodProperty.js'

npm warn tar TAR_ENTRY_ERROR ENOENT: no such file or directory, open 
'C:\Users\motaung\Desktop\Ark-main\Ark-main\node_modules\caniuse-lite\data\features\shadowdom.js'

npm warn tar TAR_ENTRY_ERROR ENOENT: no such file or directory, open 
'C:\Users\motaung\Desktop\Ark-main\Ark-main\node_modules\es-abstract\2016\CreateMethodProperty.js'

npm warn tar TAR_ENTRY_ERROR ENOENT: no such file or directory, open 
'C:\Users\motaung\Desktop\Ark-main\Ark-main\node_modules\caniuse-lite\data\features\shadowdomv1.js'

npm warn tar TAR_ENTRY_ERROR ENOENT: no such file or directory, open 
'C:\Users\motaung\Desktop\Ark-main\Ark-main\node_modules\es-abstract\2017\CreateMethodProperty.js'

npm warn tar TAR_ENTRY_ERROR ENOENT: no such file or directory, open 
'C:\Users\motaung\Desktop\Ark-main\Ark-main\node_modules\caniuse-lite\data\features\sharedarraybuffer.js'

npm warn tar TAR_ENTRY_ERROR ENOENT: no such file or directory, open 
'C:\Users\motaung\Desktop\Ark-main\Ark-main\node_modules\caniuse-lite\data\features\sharedworkers.js'

npm warn tar TAR_ENTRY_ERROR UNKNOWN: unknown error, open 
'C:\Users\motaung\Desktop\Ark-main\Ark-main\node_modules\framer-motion\dist\es\value\use-scroll.mjs'

npm warn tar TAR_ENTRY_ERROR ENOENT: no such file or directory, open 
'C:\Users\motaung\Desktop\Ark-main\Ark-main\node_modules\caniuse-lite\data\features\sni.js'

npm warn tar TAR_ENTRY_ERROR UNKNOWN: unknown error, open 
'C:\Users\motaung\Desktop\Ark-main\Ark-main\node_modules\framer-motion\dist\es\value\use-spring.mjs'

npm warn tar TAR_ENTRY_ERROR ENOENT: no such file or directory, open 
'C:\Users\motaung\Desktop\Ark-main\Ark-main\node_modules\caniuse-lite\data\features\spdy.js'

npm warn tar TAR_ENTRY_ERROR ENOENT: no such file or directory, open 
'C:\Users\motaung\Desktop\Ark-main\Ark-main\node_modules\caniuse-lite\data\features\speech-recognition.js'

npm warn tar TAR_ENTRY_ERROR ENOENT: no such file or directory, open 
'C:\Users\motaung\Desktop\Ark-main\Ark-main\node_modules\caniuse-lite\data\features\speech-synthesis.js'

npm warn tar TAR_ENTRY_ERROR ENOENT: no such file or directory, open 
'C:\Users\motaung\Desktop\Ark-main\Ark-main\node_modules\caniuse-lite\data\features\spellcheck-attribute.js'

npm warn tar TAR_ENTRY_ERROR ENOENT: no such file or directory, open 
'C:\Users\motaung\Desktop\Ark-main\Ark-main\node_modules\caniuse-lite\data\features\sql-storage.js'

npm warn tar TAR_ENTRY_ERROR ENOENT: no such file or directory, open 
'C:\Users\motaung\Desktop\Ark-main\Ark-main\node_modules\caniuse-lite\data\features\srcset.js'

npm warn tar TAR_ENTRY_ERROR ENOENT: no such file or directory, open 
'C:\Users\motaung\Desktop\Ark-main\Ark-main\node_modules\caniuse-lite\data\features\stream.js'

npm warn tar TAR_ENTRY_ERROR ENOENT: no such file or directory, open 
'C:\Users\motaung\Desktop\Ark-main\Ark-main\node_modules\caniuse-lite\data\features\streams.js'

npm warn tar TAR_ENTRY_ERROR ENOENT: no such file or directory, open 
'C:\Users\motaung\Desktop\Ark-main\Ark-main\node_modules\caniuse-lite\data\features\stricttransportsecurity.js'

npm warn tar TAR_ENTRY_ERROR ENOENT: no such file or directory, open 
'C:\Users\motaung\Desktop\Ark-main\Ark-main\node_modules\caniuse-lite\data\features\style-scoped.js'

npm warn tar TAR_ENTRY_ERROR ENOENT: no such file or directory, open 
'C:\Users\motaung\Desktop\Ark-main\Ark-main\node_modules\caniuse-lite\data\features\subresource-bundling.js'

npm warn tar TAR_ENTRY_ERROR ENOENT: no such file or directory, open 
'C:\Users\motaung\Desktop\Ark-main\Ark-main\node_modules\caniuse-lite\data\features\subresource-integrity.js'

npm warn tar TAR_ENTRY_ERROR ENOENT: no such file or directory, open 
'C:\Users\motaung\Desktop\Ark-main\Ark-main\node_modules\caniuse-lite\data\features\svg-css.js'

npm warn tar TAR_ENTRY_ERROR ENOENT: no such file or directory, open 
'C:\Users\motaung\Desktop\Ark-main\Ark-main\node_modules\caniuse-lite\data\features\svg-filters.js'

npm warn tar TAR_ENTRY_ERROR ENOENT: no such file or directory, open 
'C:\Users\motaung\Desktop\Ark-main\Ark-main\node_modules\caniuse-lite\data\features\svg-fonts.js'

npm warn tar TAR_ENTRY_ERROR ENOENT: no such file or directory, open 
'C:\Users\motaung\Desktop\Ark-main\Ark-main\node_modules\caniuse-lite\data\features\svg-fragment.js'

npm warn tar TAR_ENTRY_ERROR ENOENT: no such file or directory, open 
'C:\Users\motaung\Desktop\Ark-main\Ark-main\node_modules\caniuse-lite\data\features\svg-html.js'

npm warn tar TAR_ENTRY_ERROR ENOENT: no such file or directory, open 
'C:\Users\motaung\Desktop\Ark-main\Ark-main\node_modules\caniuse-lite\data\features\svg-html5.js'

npm warn tar TAR_ENTRY_ERROR ENOENT: no such file or directory, open 
'C:\Users\motaung\Desktop\Ark-main\Ark-main\node_modules\caniuse-lite\data\features\svg-img.js'

npm warn tar TAR_ENTRY_ERROR ENOENT: no such file or directory, open 
'C:\Users\motaung\Desktop\Ark-main\Ark-main\node_modules\es-abstract\2015\DateFromTime.js'

npm warn tar TAR_ENTRY_ERROR ENOENT: no such file or directory, open 
'C:\Users\motaung\Desktop\Ark-main\Ark-main\node_modules\caniuse-lite\data\features\svg-smil.js'

npm warn tar TAR_ENTRY_ERROR ENOENT: no such file or directory, open 
'C:\Users\motaung\Desktop\Ark-main\Ark-main\node_modules\es-abstract\2016\DateFromTime.js'

npm warn tar TAR_ENTRY_ERROR ENOENT: no such file or directory, open 
'C:\Users\motaung\Desktop\Ark-main\Ark-main\node_modules\caniuse-lite\data\features\svg.js'

npm warn tar TAR_ENTRY_ERROR ENOENT: no such file or directory, open 
'C:\Users\motaung\Desktop\Ark-main\Ark-main\node_modules\es-abstract\2017\DateFromTime.js'

npm warn tar TAR_ENTRY_ERROR ENOENT: no such file or directory, open 
'C:\Users\motaung\Desktop\Ark-main\Ark-main\node_modules\caniuse-lite\data\features\sxg.js'

npm warn tar TAR_ENTRY_ERROR ENOENT: no such file or directory, open 
'C:\Users\motaung\Desktop\Ark-main\Ark-main\node_modules\caniuse-lite\data\features\tabindex-attr.js'

npm warn tar TAR_ENTRY_ERROR ENOENT: no such file or directory, open 
'C:\Users\motaung\Desktop\Ark-main\Ark-main\node_modules\caniuse-lite\data\features\template-literals.js'

npm warn tar TAR_ENTRY_ERROR ENOENT: no such file or directory, open 
'C:\Users\motaung\Desktop\Ark-main\Ark-main\node_modules\caniuse-lite\data\features\template.js'

npm warn tar TAR_ENTRY_ERROR ENOENT: no such file or directory, open 
'C:\Users\motaung\Desktop\Ark-main\Ark-main\node_modules\caniuse-lite\data\features\temporal.js'

npm warn tar TAR_ENTRY_ERROR EPERM: operation not permitted, unlink 'C:\Users\motaung\Desktop\Ark-main\Ark-main\node_mo
dules\es-abstract\2022\DateFromTime.js.DELETE.fe488774b9da263ba7b98330fd1b6bc9'

npm warn tar TAR_ENTRY_ERROR ENOENT: no such file or directory, open 
'C:\Users\motaung\Desktop\Ark-main\Ark-main\node_modules\caniuse-lite\data\features\testfeat.js'

npm warn tar TAR_ENTRY_ERROR ENOENT: no such file or directory, open 
'C:\Users\motaung\Desktop\Ark-main\Ark-main\node_modules\caniuse-lite\data\features\text-decoration.js'

npm warn tar TAR_ENTRY_ERROR ENOENT: no such file or directory, open 
'C:\Users\motaung\Desktop\Ark-main\Ark-main\node_modules\caniuse-lite\data\features\text-emphasis.js'

npm warn tar TAR_ENTRY_ERROR ENOENT: no such file or directory, open 
'C:\Users\motaung\Desktop\Ark-main\Ark-main\node_modules\caniuse-lite\data\features\text-overflow.js'

npm warn tar TAR_ENTRY_ERROR ENOENT: no such file or directory, open 
'C:\Users\motaung\Desktop\Ark-main\Ark-main\node_modules\caniuse-lite\data\features\text-size-adjust.js'

npm warn tar TAR_ENTRY_ERROR EPERM: operation not permitted, unlink 'C:\Users\motaung\Desktop\Ark-main\Ark-main\node_mo
dules\@swc\helpers\src\_set.mjs.DELETE.47e3847842d4a1bcab6f27a3c3c5e892'

npm warn tar TAR_ENTRY_ERROR ENOENT: no such file or directory, open 
'C:\Users\motaung\Desktop\Ark-main\Ark-main\node_modules\caniuse-lite\data\features\text-stroke.js'

npm warn tar TAR_ENTRY_ERROR ENOENT: no such file or directory, rename 
'C:\Users\motaung\Desktop\Ark-main\Ark-main\node_modules\@swc\helpers\src\_skip_first_generator_next.mjs' -> 'C:\Users\
motaung\Desktop\Ark-main\Ark-main\node_modules\@swc\helpers\src\_skip_first_generator_next.mjs.DELETE.f113fd32add133021
7aa6c5369c2ae17'

npm warn tar TAR_ENTRY_ERROR ENOENT: no such file or directory, open 
'C:\Users\motaung\Desktop\Ark-main\Ark-main\node_modules\caniuse-lite\data\features\textcontent.js'

npm warn tar TAR_ENTRY_ERROR ENOENT: no such file or directory, open 
'C:\Users\motaung\Desktop\Ark-main\Ark-main\node_modules\caniuse-lite\data\features\textencoder.js'

npm warn tar TAR_ENTRY_ERROR ENOENT: no such file or directory, open 
'C:\Users\motaung\Desktop\Ark-main\Ark-main\node_modules\eslint\lib\rules\utils\regular-expressions.js'

npm warn tar TAR_ENTRY_ERROR UNKNOWN: unknown error, open 
'C:\Users\motaung\Desktop\Ark-main\Ark-main\node_modules\es-abstract\2024\DateFromTime.js'

npm warn tar TAR_ENTRY_ERROR ENOENT: no such file or directory, open 
'C:\Users\motaung\Desktop\Ark-main\Ark-main\node_modules\eslint\lib\shared\relative-module-resolver.js'

npm warn tar TAR_ENTRY_ERROR UNKNOWN: unknown error, open 
'C:\Users\motaung\Desktop\Ark-main\Ark-main\node_modules\@typescript-eslint\scope-manager\dist\lib\es2020.full.d.ts'

npm warn tar TAR_ENTRY_ERROR ENOENT: no such file or directory, open 
'C:\Users\motaung\Desktop\Ark-main\Ark-main\node_modules\caniuse-lite\data\features\tls1-1.js'

npm warn tar TAR_ENTRY_ERROR ENOENT: no such file or directory, open 
'C:\Users\motaung\Desktop\Ark-main\Ark-main\node_modules\caniuse-lite\data\features\tls1-2.js'

npm warn tar TAR_ENTRY_ERROR ENOENT: no such file or directory, open 
'C:\Users\motaung\Desktop\Ark-main\Ark-main\node_modules\caniuse-lite\data\features\tls1-3.js'

npm warn tar TAR_ENTRY_ERROR ENOENT: no such file or directory, open 
'C:\Users\motaung\Desktop\Ark-main\Ark-main\node_modules\caniuse-lite\data\features\touch.js'

npm warn tar TAR_ENTRY_ERROR ENOENT: no such file or directory, open 
'C:\Users\motaung\Desktop\Ark-main\Ark-main\node_modules\caniuse-lite\data\features\transforms2d.js'

npm warn tar TAR_ENTRY_ERROR ENOENT: no such file or directory, open 
'C:\Users\motaung\Desktop\Ark-main\Ark-main\node_modules\es-abstract\2015\Day.js'

npm warn tar TAR_ENTRY_ERROR ENOENT: no such file or directory, open 
'C:\Users\motaung\Desktop\Ark-main\Ark-main\node_modules\caniuse-lite\data\features\transforms3d.js'

npm warn tar TAR_ENTRY_ERROR ENOENT: no such file or directory, open 
'C:\Users\motaung\Desktop\Ark-main\Ark-main\node_modules\es-abstract\2016\Day.js'

npm warn tar TAR_ENTRY_ERROR ENOENT: no such file or directory, open 
'C:\Users\motaung\Desktop\Ark-main\Ark-main\node_modules\caniuse-lite\data\features\trusted-types.js'

npm warn tar TAR_ENTRY_ERROR ENOENT: no such file or directory, open 
'C:\Users\motaung\Desktop\Ark-main\Ark-main\node_modules\eslint\lib\shared\runtime-info.js'
npm warn tar TAR_ENTRY_ERROR ENOENT: no such file or directory, open 
'C:\Users\motaung\Desktop\Ark-main\Ark-main\node_modules\es-abstract\2017\Day.js'

npm warn tar TAR_ENTRY_ERROR ENOENT: no such file or directory, open 
'C:\Users\motaung\Desktop\Ark-main\Ark-main\node_modules\caniuse-lite\data\features\ttf.js'

npm warn tar TAR_ENTRY_ERROR ENOENT: no such file or directory, open 
'C:\Users\motaung\Desktop\Ark-main\Ark-main\node_modules\caniuse-lite\data\features\typedarrays.js'

npm warn tar TAR_ENTRY_ERROR ENOENT: no such file or directory, open 
'C:\Users\motaung\Desktop\Ark-main\Ark-main\node_modules\caniuse-lite\data\features\u2f.js'

npm warn tar TAR_ENTRY_ERROR ENOENT: no such file or directory, open 
'C:\Users\motaung\Desktop\Ark-main\Ark-main\node_modules\eslint\lib\shared\severity.js'

npm warn tar TAR_ENTRY_ERROR ENOENT: no such file or directory, open 
'C:\Users\motaung\Desktop\Ark-main\Ark-main\node_modules\caniuse-lite\data\features\unhandledrejection.js'

npm warn tar TAR_ENTRY_ERROR ENOENT: no such file or directory, open 
'C:\Users\motaung\Desktop\Ark-main\Ark-main\node_modules\caniuse-lite\data\features\upgradeinsecurerequests.js'

npm warn tar TAR_ENTRY_ERROR ENOENT: no such file or directory, open 
'C:\Users\motaung\Desktop\Ark-main\Ark-main\node_modules\es-abstract\2015\DayFromYear.js'

npm warn tar TAR_ENTRY_ERROR ENOENT: no such file or directory, open 
'C:\Users\motaung\Desktop\Ark-main\Ark-main\node_modules\caniuse-lite\data\features\url-scroll-to-text-fragment.js'

npm warn tar TAR_ENTRY_ERROR ENOENT: no such file or directory, open 
'C:\Users\motaung\Desktop\Ark-main\Ark-main\node_modules\es-abstract\2016\DayFromYear.js'

npm warn tar TAR_ENTRY_ERROR ENOENT: no such file or directory, open 
'C:\Users\motaung\Desktop\Ark-main\Ark-main\node_modules\caniuse-lite\data\features\url.js'

npm warn tar TAR_ENTRY_ERROR ENOENT: no such file or directory, open 
'C:\Users\motaung\Desktop\Ark-main\Ark-main\node_modules\es-abstract\2017\DayFromYear.js'

npm warn tar TAR_ENTRY_ERROR ENOENT: no such file or directory, open 
'C:\Users\motaung\Desktop\Ark-main\Ark-main\node_modules\caniuse-lite\data\features\urlsearchparams.js'

npm warn tar TAR_ENTRY_ERROR ENOENT: no such file or directory, open 
'C:\Users\motaung\Desktop\Ark-main\Ark-main\node_modules\caniuse-lite\data\features\use-strict.js'

npm warn tar TAR_ENTRY_ERROR ENOENT: no such file or directory, open 
'C:\Users\motaung\Desktop\Ark-main\Ark-main\node_modules\caniuse-lite\data\features\user-select-none.js'

npm warn tar TAR_ENTRY_ERROR ENOENT: no such file or directory, open 
'C:\Users\motaung\Desktop\Ark-main\Ark-main\node_modules\caniuse-lite\data\features\user-timing.js'

npm warn tar TAR_ENTRY_ERROR ENOENT: no such file or directory, open 
'C:\Users\motaung\Desktop\Ark-main\Ark-main\node_modules\caniuse-lite\data\features\variable-fonts.js'

npm warn tar TAR_ENTRY_ERROR ENOENT: no such file or directory, open 
'C:\Users\motaung\Desktop\Ark-main\Ark-main\node_modules\caniuse-lite\data\features\vector-effect.js'

npm warn tar TAR_ENTRY_ERROR ENOENT: no such file or directory, open 
'C:\Users\motaung\Desktop\Ark-main\Ark-main\node_modules\es-abstract\2015\DaysInYear.js'

npm warn tar TAR_ENTRY_ERROR ENOENT: no such file or directory, open 
'C:\Users\motaung\Desktop\Ark-main\Ark-main\node_modules\es-abstract\2016\DaysInYear.js'

npm warn tar TAR_ENTRY_ERROR ENOENT: no such file or directory, open 
'C:\Users\motaung\Desktop\Ark-main\Ark-main\node_modules\eslint\lib\shared\string-utils.js'

npm warn tar TAR_ENTRY_ERROR ENOENT: no such file or directory, open 
'C:\Users\motaung\Desktop\Ark-main\Ark-main\node_modules\eslint\lib\cli-engine\formatters\stylish.js'

npm warn tar TAR_ENTRY_ERROR ENOENT: no such file or directory, open 
'C:\Users\motaung\Desktop\Ark-main\Ark-main\node_modules\es-abstract\2017\DaysInYear.js'

npm warn tar TAR_ENTRY_ERROR ENOENT: no such file or directory, open 
'C:\Users\motaung\Desktop\Ark-main\Ark-main\node_modules\caniuse-lite\data\features\vibration.js'

npm warn tar TAR_ENTRY_ERROR ENOENT: no such file or directory, open 
'C:\Users\motaung\Desktop\Ark-main\Ark-main\node_modules\caniuse-lite\data\features\video.js'

npm warn tar TAR_ENTRY_ERROR ENOENT: no such file or directory, open 
'C:\Users\motaung\Desktop\Ark-main\Ark-main\node_modules\caniuse-lite\data\features\videotracks.js'

npm warn tar TAR_ENTRY_ERROR ENOENT: no such file or directory, open 
'C:\Users\motaung\Desktop\Ark-main\Ark-main\node_modules\caniuse-lite\data\features\view-transitions.js'

npm warn tar TAR_ENTRY_ERROR ENOENT: no such file or directory, open 
'C:\Users\motaung\Desktop\Ark-main\Ark-main\node_modules\caniuse-lite\data\features\viewport-unit-variants.js'

npm warn tar TAR_ENTRY_ERROR ENOENT: no such file or directory, open 
'C:\Users\motaung\Desktop\Ark-main\Ark-main\node_modules\caniuse-lite\data\features\viewport-units.js'

npm warn tar TAR_ENTRY_ERROR ENOENT: no such file or directory, open 
'C:\Users\motaung\Desktop\Ark-main\Ark-main\node_modules\eslint\lib\cli-engine\formatters\tap.js'

npm warn tar TAR_ENTRY_ERROR ENOENT: no such file or directory, open 
'C:\Users\motaung\Desktop\Ark-main\Ark-main\node_modules\caniuse-lite\data\features\wai-aria.js'

npm warn tar TAR_ENTRY_ERROR ENOENT: no such file or directory, open 
'C:\Users\motaung\Desktop\Ark-main\Ark-main\node_modules\caniuse-lite\data\features\wake-lock.js'

npm warn tar TAR_ENTRY_ERROR ENOENT: no such file or directory, open 
'C:\Users\motaung\Desktop\Ark-main\Ark-main\node_modules\eslint\lib\linter\timing.js'

npm warn tar TAR_ENTRY_ERROR ENOENT: no such file or directory, open 
'C:\Users\motaung\Desktop\Ark-main\Ark-main\node_modules\caniuse-lite\data\features\wasm-bigint.js'

npm warn tar TAR_ENTRY_ERROR ENOENT: no such file or directory, open 
'C:\Users\motaung\Desktop\Ark-main\Ark-main\node_modules\eslint\lib\shared\traverser.js'

npm warn tar TAR_ENTRY_ERROR ENOENT: no such file or directory, open 
'C:\Users\motaung\Desktop\Ark-main\Ark-main\node_modules\caniuse-lite\data\features\wasm-bulk-memory.js'

npm warn tar TAR_ENTRY_ERROR ENOENT: no such file or directory, open 
'C:\Users\motaung\Desktop\Ark-main\Ark-main\node_modules\eslint\lib\shared\types.js'

npm warn tar TAR_ENTRY_ERROR ENOENT: no such file or directory, open 
'C:\Users\motaung\Desktop\Ark-main\Ark-main\node_modules\caniuse-lite\data\features\wasm-extended-const.js'

npm warn tar TAR_ENTRY_ERROR ENOENT: no such file or directory, open 
'C:\Users\motaung\Desktop\Ark-main\Ark-main\node_modules\caniuse-lite\data\features\wasm-gc.js'

npm warn tar TAR_ENTRY_ERROR ENOENT: no such file or directory, open 
'C:\Users\motaung\Desktop\Ark-main\Ark-main\node_modules\caniuse-lite\data\features\wasm-multi-memory.js'

npm warn tar TAR_ENTRY_ERROR ENOENT: no such file or directory, open 
'C:\Users\motaung\Desktop\Ark-main\Ark-main\node_modules\caniuse-lite\data\features\wasm-multi-value.js'

npm warn tar TAR_ENTRY_ERROR ENOENT: no such file or directory, open 
'C:\Users\motaung\Desktop\Ark-main\Ark-main\node_modules\caniuse-lite\data\features\wasm-mutable-globals.js'

npm warn tar TAR_ENTRY_ERROR ENOENT: no such file or directory, open 
'C:\Users\motaung\Desktop\Ark-main\Ark-main\node_modules\eslint\lib\cli-engine\formatters\unix.js'

npm warn tar TAR_ENTRY_ERROR ENOENT: no such file or directory, open 
'C:\Users\motaung\Desktop\Ark-main\Ark-main\node_modules\caniuse-lite\data\features\wasm-nontrapping-fptoint.js'

npm warn tar TAR_ENTRY_ERROR ENOENT: no such file or directory, open 
'C:\Users\motaung\Desktop\Ark-main\Ark-main\node_modules\es-abstract\2015\DayWithinYear.js'

npm warn tar TAR_ENTRY_ERROR ENOENT: no such file or directory, open 
'C:\Users\motaung\Desktop\Ark-main\Ark-main\node_modules\caniuse-lite\data\features\wasm-reference-types.js'

npm warn tar TAR_ENTRY_ERROR ENOENT: no such file or directory, open 
'C:\Users\motaung\Desktop\Ark-main\Ark-main\node_modules\es-abstract\2016\DayWithinYear.js'

npm warn tar TAR_ENTRY_ERROR ENOENT: no such file or directory, open 
'C:\Users\motaung\Desktop\Ark-main\Ark-main\node_modules\caniuse-lite\data\features\wasm-relaxed-simd.js'

npm warn tar TAR_ENTRY_ERROR ENOENT: no such file or directory, open 
'C:\Users\motaung\Desktop\Ark-main\Ark-main\node_modules\es-abstract\2017\DayWithinYear.js'

npm warn tar TAR_ENTRY_ERROR ENOENT: no such file or directory, open 
'C:\Users\motaung\Desktop\Ark-main\Ark-main\node_modules\caniuse-lite\data\features\wasm-signext.js'

npm warn tar TAR_ENTRY_ERROR ENOENT: no such file or directory, open 
'C:\Users\motaung\Desktop\Ark-main\Ark-main\node_modules\caniuse-lite\data\features\wasm-simd.js'

npm warn tar TAR_ENTRY_ERROR ENOENT: no such file or directory, open 'C:\Users\motaung\Desktop\Ark-main\Ark-main\node_m
odules\next\dist\server\future\normalizers\built\app\app-pathname-normalizer.js'

npm warn tar TAR_ENTRY_ERROR ENOENT: no such file or directory, open 
'C:\Users\motaung\Desktop\Ark-main\Ark-main\node_modules\caniuse-lite\data\features\wasm-tail-calls.js'

npm warn tar TAR_ENTRY_ERROR ENOENT: no such file or directory, open 
'C:\Users\motaung\Desktop\Ark-main\Ark-main\node_modules\caniuse-lite\data\features\wasm-threads.js'

npm warn tar TAR_ENTRY_ERROR ENOENT: no such file or directory, open 
'C:\Users\motaung\Desktop\Ark-main\Ark-main\node_modules\caniuse-lite\data\features\wasm.js'

npm warn tar TAR_ENTRY_ERROR ENOENT: no such file or directory, open 
'C:\Users\motaung\Desktop\Ark-main\Ark-main\node_modules\caniuse-lite\data\features\wav.js'

npm warn tar TAR_ENTRY_ERROR ENOENT: no such file or directory, open 
'C:\Users\motaung\Desktop\Ark-main\Ark-main\node_modules\caniuse-lite\data\features\wbr-element.js'

npm warn tar TAR_ENTRY_ERROR ENOENT: no such file or directory, open 
'C:\Users\motaung\Desktop\Ark-main\Ark-main\node_modules\next\dist\shared\lib\router\utils\app-paths.js'

npm warn tar TAR_ENTRY_ERROR ENOENT: no such file or directory, open 
'C:\Users\motaung\Desktop\Ark-main\Ark-main\node_modules\caniuse-lite\data\features\web-animation.js'

npm warn tar TAR_ENTRY_ERROR ENOENT: no such file or directory, open 
'C:\Users\motaung\Desktop\Ark-main\Ark-main\node_modules\caniuse-lite\data\features\web-app-manifest.js'

npm warn tar TAR_ENTRY_ERROR EPERM: operation not permitted, unlink 'C:\Users\motaung\Desktop\Ark-main\Ark-main\node_mo
dules\next\dist\esm\server\app-render\app-render.js.DELETE.4b122c9c6cf48427eeaec7622910419d'

npm warn tar TAR_ENTRY_ERROR ENOENT: no such file or directory, open 
'C:\Users\motaung\Desktop\Ark-main\Ark-main\node_modules\caniuse-lite\data\features\web-bluetooth.js'

npm warn tar TAR_ENTRY_ERROR ENOENT: no such file or directory, open 
'C:\Users\motaung\Desktop\Ark-main\Ark-main\node_modules\next\dist\server\app-render\app-render.js'

npm warn tar TAR_ENTRY_ERROR ENOENT: no such file or directory, open 
'C:\Users\motaung\Desktop\Ark-main\Ark-main\node_modules\caniuse-lite\data\features\web-serial.js'

npm warn tar TAR_ENTRY_ERROR ENOENT: no such file or directory, open 
'C:\Users\motaung\Desktop\Ark-main\Ark-main\node_modules\caniuse-lite\data\features\web-share.js'

npm warn tar TAR_ENTRY_ERROR ENOENT: no such file or directory, open 'C:\Users\motaung\Desktop\Ark-main\Ark-main\node_m
odules\@typescript-eslint\scope-manager\dist\referencer\ExportVisitor.d.ts'

npm warn tar TAR_ENTRY_ERROR ENOENT: no such file or directory, open 
'C:\Users\motaung\Desktop\Ark-main\Ark-main\node_modules\caniuse-lite\data\features\webauthn.js'

npm warn tar TAR_ENTRY_ERROR EPERM: operation not permitted, unlink 'C:\Users\motaung\Desktop\Ark-main\Ark-main\node_mo
dules\next\dist\compiled\next-server\app-route-experimental.runtime.dev.js.DELETE.9b033c88d7732927a8c701bdcf1883b3'

npm warn tar TAR_ENTRY_ERROR ENOENT: no such file or directory, open 
'C:\Users\motaung\Desktop\Ark-main\Ark-main\node_modules\eslint\lib\source-code\token-store\utils.js'

npm warn tar TAR_ENTRY_ERROR ENOENT: no such file or directory, open 
'C:\Users\motaung\Desktop\Ark-main\Ark-main\node_modules\@typescript-eslint\scope-manager\dist\scope\ForScope.d.ts'

npm warn tar TAR_ENTRY_ERROR ENOENT: no such file or directory, open 
'C:\Users\motaung\Desktop\Ark-main\Ark-main\node_modules\caniuse-lite\data\features\webcodecs.js'

npm warn tar TAR_ENTRY_ERROR ENOENT: no such file or directory, open 
'C:\Users\motaung\Desktop\Ark-main\Ark-main\node_modules\caniuse-lite\data\features\webgl.js'

npm warn tar TAR_ENTRY_ERROR ENOENT: no such file or directory, open 'C:\Users\motaung\Desktop\Ark-main\Ark-main\node_m
odules\@typescript-eslint\scope-manager\dist\scope\FunctionExpressionNameScope.d.ts'

npm warn tar TAR_ENTRY_ERROR ENOENT: no such file or directory, open 
'C:\Users\motaung\Desktop\Ark-main\Ark-main\node_modules\caniuse-lite\data\features\webgl2.js'

npm warn tar TAR_ENTRY_ERROR ENOENT: no such file or directory, open 'C:\Users\motaung\Desktop\Ark-main\Ark-main\node_m
odules\@typescript-eslint\scope-manager\dist\definition\FunctionNameDefinition.d.ts'

npm warn tar TAR_ENTRY_ERROR ENOENT: no such file or directory, open 
'C:\Users\motaung\Desktop\Ark-main\Ark-main\node_modules\caniuse-lite\data\features\webgpu.js'

npm warn tar TAR_ENTRY_ERROR ENOENT: no such file or directory, open 'C:\Users\motaung\Desktop\Ark-main\Ark-main\node_m
odules\@typescript-eslint\scope-manager\dist\scope\FunctionScope.d.ts'

npm warn tar TAR_ENTRY_ERROR ENOENT: no such file or directory, open 'C:\Users\motaung\Desktop\Ark-main\Ark-main\node_m
odules\@typescript-eslint\scope-manager\dist\scope\FunctionTypeScope.d.ts'

npm warn tar TAR_ENTRY_ERROR ENOENT: no such file or directory, open 
'C:\Users\motaung\Desktop\Ark-main\Ark-main\node_modules\caniuse-lite\data\features\webhid.js'

npm warn tar TAR_ENTRY_ERROR ENOENT: no such file or directory, open 
'C:\Users\motaung\Desktop\Ark-main\Ark-main\node_modules\@typescript-eslint\scope-manager\dist\scope\GlobalScope.d.ts'

npm warn tar TAR_ENTRY_ERROR ENOENT: no such file or directory, open 
'C:\Users\motaung\Desktop\Ark-main\Ark-main\node_modules\caniuse-lite\data\features\webkit-user-drag.js'

npm warn tar TAR_ENTRY_ERROR ENOENT: no such file or directory, open 
'C:\Users\motaung\Desktop\Ark-main\Ark-main\node_modules\caniuse-lite\data\features\webm.js'

npm warn tar TAR_ENTRY_ERROR ENOENT: no such file or directory, open 
'C:\Users\motaung\Desktop\Ark-main\Ark-main\node_modules\caniuse-lite\data\features\webnfc.js'

npm warn tar TAR_ENTRY_ERROR ENOENT: no such file or directory, open 
'C:\Users\motaung\Desktop\Ark-main\Ark-main\node_modules\caniuse-lite\data\features\webp.js'

npm warn tar TAR_ENTRY_ERROR ENOENT: no such file or directory, open 
'C:\Users\motaung\Desktop\Ark-main\Ark-main\node_modules\caniuse-lite\data\features\websockets.js'

npm warn tar TAR_ENTRY_ERROR ENOENT: no such file or directory, open 
'C:\Users\motaung\Desktop\Ark-main\Ark-main\node_modules\caniuse-lite\data\features\webtransport.js'

npm warn tar TAR_ENTRY_ERROR ENOENT: no such file or directory, open 'C:\Users\motaung\Desktop\Ark-main\Ark-main\node_m
odules\@typescript-eslint\scope-manager\dist\definition\ImplicitGlobalVariableDefinition.d.ts'

npm warn tar TAR_ENTRY_ERROR ENOENT: no such file or directory, open 'C:\Users\motaung\Desktop\Ark-main\Ark-main\node_m
odules\next\dist\server\future\route-definitions\app-route-route-definition.js'

npm warn tar TAR_ENTRY_ERROR ENOENT: no such file or directory, open 
'C:\Users\motaung\Desktop\Ark-main\Ark-main\node_modules\caniuse-lite\data\features\webusb.js'

npm warn tar TAR_ENTRY_ERROR ENOENT: no such file or directory, open 
'C:\Users\motaung\Desktop\Ark-main\Ark-main\node_modules\caniuse-lite\data\features\webvr.js'

npm warn tar TAR_ENTRY_ERROR ENOENT: no such file or directory, open 
'C:\Users\motaung\Desktop\Ark-main\Ark-main\node_modules\caniuse-lite\data\features\webvtt.js'

npm warn tar TAR_ENTRY_ERROR ENOENT: no such file or directory, open 
'C:\Users\motaung\Desktop\Ark-main\Ark-main\node_modules\eslint\lib\cli-engine\formatters\visualstudio.js'

npm warn tar TAR_ENTRY_ERROR ENOENT: no such file or directory, open 
'C:\Users\motaung\Desktop\Ark-main\Ark-main\node_modules\caniuse-lite\data\features\webworkers.js'

npm warn tar TAR_ENTRY_ERROR ENOENT: no such file or directory, open 
'C:\Users\motaung\Desktop\Ark-main\Ark-main\node_modules\eslint\messages\whitespace-found.js'

npm warn tar TAR_ENTRY_ERROR ENOENT: no such file or directory, open 'C:\Users\motaung\Desktop\Ark-main\Ark-main\node_m
odules\@typescript-eslint\scope-manager\dist\definition\ImportBindingDefinition.d.ts'

npm warn tar TAR_ENTRY_ERROR ENOENT: no such file or directory, open 
'C:\Users\motaung\Desktop\Ark-main\Ark-main\node_modules\caniuse-lite\data\features\webxr.js'

npm warn tar TAR_ENTRY_ERROR ENOENT: no such file or directory, open 'C:\Users\motaung\Desktop\Ark-main\Ark-main\node_m
odules\next\dist\server\future\route-matches\app-route-route-match.js'

npm warn tar TAR_ENTRY_ERROR ENOENT: no such file or directory, open 'C:\Users\motaung\Desktop\Ark-main\Ark-main\node_m
odules\@typescript-eslint\scope-manager\dist\referencer\ImportVisitor.d.ts'

npm warn tar TAR_ENTRY_ERROR ENOENT: no such file or directory, open 
'C:\Users\motaung\Desktop\Ark-main\Ark-main\node_modules\@typescript-eslint\scope-manager\dist\definition\index.d.ts'

npm warn tar TAR_ENTRY_ERROR ENOENT: no such file or directory, open 
'C:\Users\motaung\Desktop\Ark-main\Ark-main\node_modules\caniuse-lite\data\features\will-change.js'

npm warn tar TAR_ENTRY_ERROR ENOENT: no such file or directory, open 
'C:\Users\motaung\Desktop\Ark-main\Ark-main\node_modules\caniuse-lite\data\features\woff.js'

npm warn tar TAR_ENTRY_ERROR ENOENT: no such file or directory, open 
'C:\Users\motaung\Desktop\Ark-main\Ark-main\node_modules\caniuse-lite\data\features\woff2.js'

npm warn tar TAR_ENTRY_ERROR ENOENT: no such file or directory, open 
'C:\Users\motaung\Desktop\Ark-main\Ark-main\node_modules\caniuse-lite\data\features\word-break.js'

npm warn tar TAR_ENTRY_ERROR ENOENT: no such file or directory, unlink 'C:\Users\motaung\Desktop\Ark-main\Ark-main\node
_modules\es-abstract\2023\DefaultTimeZone.js.DELETE.ca9f0b8bc5e7d9c717345076cf1540e3'

npm warn tar TAR_ENTRY_ERROR ENOENT: no such file or directory, open 
'C:\Users\motaung\Desktop\Ark-main\Ark-main\node_modules\caniuse-lite\data\features\wordwrap.js'

npm warn tar TAR_ENTRY_ERROR ENOENT: no such file or directory, open 
'C:\Users\motaung\Desktop\Ark-main\Ark-main\node_modules\eslint\lib\cli-engine\xml-escape.js'

npm warn tar TAR_ENTRY_ERROR ENOENT: no such file or directory, open 
'C:\Users\motaung\Desktop\Ark-main\Ark-main\node_modules\@typescript-eslint\scope-manager\dist\referencer\index.d.ts'

npm warn tar TAR_ENTRY_ERROR ENOENT: no such file or directory, open 
'C:\Users\motaung\Desktop\Ark-main\Ark-main\node_modules\@typescript-eslint\scope-manager\dist\scope\index.d.ts'

npm warn tar TAR_ENTRY_ERROR ENOENT: no such file or directory, open 
'C:\Users\motaung\Desktop\Ark-main\Ark-main\node_modules\caniuse-lite\data\features\x-doc-messaging.js'

npm warn tar TAR_ENTRY_ERROR ENOENT: no such file or directory, open 
'C:\Users\motaung\Desktop\Ark-main\Ark-main\node_modules\caniuse-lite\data\features\x-frame-options.js'

npm warn tar TAR_ENTRY_ERROR ENOENT: no such file or directory, open 
'C:\Users\motaung\Desktop\Ark-main\Ark-main\node_modules\caniuse-lite\data\features\xhr2.js'

npm warn tar TAR_ENTRY_ERROR ENOENT: no such file or directory, open 
'C:\Users\motaung\Desktop\Ark-main\Ark-main\node_modules\caniuse-lite\data\features\xhtml.js'

npm warn tar TAR_ENTRY_ERROR ENOENT: no such file or directory, open 
'C:\Users\motaung\Desktop\Ark-main\Ark-main\node_modules\caniuse-lite\data\features\xhtmlsmil.js'

npm warn tar TAR_ENTRY_ERROR ENOENT: no such file or directory, open 
'C:\Users\motaung\Desktop\Ark-main\Ark-main\node_modules\caniuse-lite\data\features\xml-serializer.js'

npm warn tar TAR_ENTRY_ERROR ENOENT: no such file or directory, open 'C:\Users\motaung\Desktop\Ark-main\Ark-main\node_m
odules\@typescript-eslint\scope-manager\dist\scope\MappedTypeScope.d.ts'

npm warn tar TAR_ENTRY_ERROR ENOENT: no such file or directory, open 
'C:\Users\motaung\Desktop\Ark-main\Ark-main\node_modules\eslint\lib\cli-engine\formatters\formatters-meta.json'

npm warn tar TAR_ENTRY_ERROR ENOENT: no such file or directory, open 
'C:\Users\motaung\Desktop\Ark-main\Ark-main\node_modules\@typescript-eslint\scope-manager\dist\scope\ModuleScope.d.ts'

npm warn tar TAR_ENTRY_ERROR ENOENT: no such file or directory, open 'C:\Users\motaung\Desktop\Ark-main\Ark-main\node_m
odules\@typescript-eslint\scope-manager\dist\definition\ParameterDefinition.d.ts'

npm warn tar TAR_ENTRY_ERROR ENOENT: no such file or directory, open 'C:\Users\motaung\Desktop\Ark-main\Ark-main\node_m
odules\@typescript-eslint\scope-manager\dist\referencer\PatternVisitor.d.ts'

npm warn tar TAR_ENTRY_ERROR ENOENT: no such file or directory, open 'C:\Users\motaung\Desktop\Ark-main\Ark-main\node_m
odules\@typescript-eslint\scope-manager\dist\referencer\Reference.d.ts'

npm warn tar TAR_ENTRY_ERROR ENOENT: no such file or directory, open 
'C:\Users\motaung\Desktop\Ark-main\Ark-main\node_modules\eslint\conf\replacements.json'

npm warn tar TAR_ENTRY_ERROR ENOENT: no such file or directory, open 'C:\Users\motaung\Desktop\Ark-main\Ark-main\node_m
odules\@typescript-eslint\scope-manager\dist\referencer\Referencer.d.ts'

npm warn tar TAR_ENTRY_ERROR ENOENT: no such file or directory, open 
'C:\Users\motaung\Desktop\Ark-main\Ark-main\node_modules\@typescript-eslint\scope-manager\dist\scope\Scope.d.ts'

npm warn tar TAR_ENTRY_ERROR ENOENT: no such file or directory, open 
'C:\Users\motaung\Desktop\Ark-main\Ark-main\node_modules\eslint\conf\rule-type-list.json'

npm warn tar TAR_ENTRY_ERROR ENOENT: no such file or directory, open 
'C:\Users\motaung\Desktop\Ark-main\Ark-main\node_modules\@typescript-eslint\scope-manager\dist\scope\ScopeBase.d.ts'

npm warn deprecated eslint@8.57.0: This version is no longer supported. Please see https://eslint.org/version-support 
for other options.

npm warn tar TAR_ENTRY_ERROR ENOENT: no such file or directory, open 
'C:\Users\motaung\Desktop\Ark-main\Ark-main\node_modules\@typescript-eslint\scope-manager\dist\scope\ScopeType.d.ts'

npm warn tar TAR_ENTRY_ERROR ENOENT: no such file or directory, open 
'C:\Users\motaung\Desktop\Ark-main\Ark-main\node_modules\es-abstract\2015\DefinePropertyOrThrow.js'

npm warn tar TAR_ENTRY_ERROR ENOENT: no such file or directory, open 
'C:\Users\motaung\Desktop\Ark-main\Ark-main\node_modules\es-abstract\2016\DefinePropertyOrThrow.js'

npm warn tar TAR_ENTRY_ERROR ENOENT: no such file or directory, open 
'C:\Users\motaung\Desktop\Ark-main\Ark-main\node_modules\es-abstract\2017\DefinePropertyOrThrow.js'

npm warn tar TAR_ENTRY_ERROR ENOENT: no such file or directory, open 
'C:\Users\motaung\Desktop\Ark-main\Ark-main\node_modules\caniuse-lite\data\features\zstd.js'

npm warn tar TAR_ENTRY_ERROR ENOENT: no such file or directory, open 
'C:\Users\motaung\Desktop\Ark-main\Ark-main\node_modules\@typescript-eslint\scope-manager\dist\scope\SwitchScope.d.ts'

npm warn tar TAR_ENTRY_ERROR ENOENT: no such file or directory, open 'C:\Users\motaung\Desktop\Ark-main\Ark-main\node_m
odules\@typescript-eslint\scope-manager\dist\definition\TSEnumMemberDefinition.d.ts'

npm warn tar TAR_ENTRY_ERROR ENOENT: no such file or directory, open 'C:\Users\motaung\Desktop\Ark-main\Ark-main\node_m
odules\@typescript-eslint\scope-manager\dist\definition\TSEnumNameDefinition.d.ts'

npm warn tar TAR_ENTRY_ERROR ENOENT: no such file or directory, open 
'C:\Users\motaung\Desktop\Ark-main\Ark-main\node_modules\@typescript-eslint\scope-manager\dist\scope\TSEnumScope.d.ts'

npm warn tar TAR_ENTRY_ERROR ENOENT: no such file or directory, open 'C:\Users\motaung\Desktop\Ark-main\Ark-main\node_m
odules\@typescript-eslint\scope-manager\dist\definition\TSModuleNameDefinition.d.ts'

npm warn tar TAR_ENTRY_ERROR ENOENT: no such file or directory, open 'C:\Users\motaung\Desktop\Ark-main\Ark-main\node_m
odules\@typescript-eslint\scope-manager\dist\scope\TSModuleScope.d.ts'

npm warn tar TAR_ENTRY_ERROR ENOENT: no such file or directory, open 'C:\Users\motaung\Desktop\Ark-main\Ark-main\node_m
odules\@typescript-eslint\scope-manager\dist\definition\TypeDefinition.d.ts'

npm warn tar TAR_ENTRY_ERROR ENOENT: no such file or directory, open 
'C:\Users\motaung\Desktop\Ark-main\Ark-main\node_modules\next\dist\esm\client\components\app-router-announcer.js'

npm warn tar TAR_ENTRY_ERROR ENOENT: no such file or directory, open 
'C:\Users\motaung\Desktop\Ark-main\Ark-main\node_modules\@typescript-eslint\scope-manager\dist\scope\TypeScope.d.ts'

npm warn tar TAR_ENTRY_ERROR ENOENT: no such file or directory, open 'C:\Users\motaung\Desktop\Ark-main\Ark-main\node_m
odules\next\dist\esm\server\future\route-modules\app-page\vendored\contexts\app-router-context.js'

npm warn tar TAR_ENTRY_ERROR ENOENT: no such file or directory, open 'C:\Users\motaung\Desktop\Ark-main\Ark-main\node_m
odules\@typescript-eslint\scope-manager\dist\referencer\TypeVisitor.d.ts'

npm warn tar TAR_ENTRY_ERROR ENOENT: no such file or directory, open 'C:\Users\motaung\Desktop\Ark-main\Ark-main\node_m
odules\next\dist\esm\server\future\route-modules\pages\vendored\contexts\app-router-context.js'

npm warn tar TAR_ENTRY_ERROR ENOENT: no such file or directory, open 'C:\Users\motaung\Desktop\Ark-main\Ark-main\node_m
odules\next\dist\server\future\route-modules\app-page\vendored\contexts\app-router-context.js'

npm warn tar TAR_ENTRY_ERROR ENOENT: no such file or directory, open 'C:\Users\motaung\Desktop\Ark-main\Ark-main\node_m
odules\next\dist\server\future\route-modules\pages\vendored\contexts\app-router-context.js'

npm warn tar TAR_ENTRY_ERROR ENOENT: no such file or directory, open 'C:\Users\motaung\Desktop\Ark-main\Ark-main\node_m
odules\@typescript-eslint\scope-manager\dist\definition\VariableDefinition.d.ts'

npm warn tar TAR_ENTRY_ERROR ENOENT: no such file or directory, open 
'C:\Users\motaung\Desktop\Ark-main\Ark-main\node_modules\@typescript-eslint\scope-manager\dist\referencer\Visitor.d.ts'

npm warn tar TAR_ENTRY_ERROR ENOENT: no such file or directory, open 
'C:\Users\motaung\Desktop\Ark-main\Ark-main\node_modules\next\dist\esm\client\components\app-router-headers.js'

npm warn tar TAR_ENTRY_ERROR ENOENT: no such file or directory, open 'C:\Users\motaung\Desktop\Ark-main\Ark-main\node_m
odules\@typescript-eslint\scope-manager\dist\referencer\VisitorBase.d.ts'

npm warn tar TAR_ENTRY_ERROR ENOENT: no such file or directory, open 
'C:\Users\motaung\Desktop\Ark-main\Ark-main\node_modules\next\dist\esm\client\components\app-router.js'

npm warn tar TAR_ENTRY_ERROR ENOENT: no such file or directory, open 
'C:\Users\motaung\Desktop\Ark-main\Ark-main\node_modules\next\dist\esm\client\app-webpack.js'

npm warn tar TAR_ENTRY_ERROR ENOENT: no such file or directory, open 
'C:\Users\motaung\Desktop\Ark-main\Ark-main\node_modules\next\dist\api\app.js'

npm warn tar TAR_ENTRY_ERROR ENOENT: no such file or directory, open 
'C:\Users\motaung\Desktop\Ark-main\Ark-main\node_modules\next\dist\esm\api\app.js'

npm warn tar TAR_ENTRY_ERROR ENOENT: no such file or directory, lstat 
'C:\Users\motaung\Desktop\Ark-main\Ark-main\node_modules\next\dist\esm\client\components\router-reducer'

npm warn tar TAR_ENTRY_ERROR ENOENT: no such file or directory, lstat 
'C:\Users\motaung\Desktop\Ark-main\Ark-main\node_modules\next\dist\esm\client\components\router-reducer'

npm warn tar TAR_ENTRY_ERROR ENOENT: no such file or directory, lstat 
'C:\Users\motaung\Desktop\Ark-main\Ark-main\node_modules\next\dist\compiled\@babel\runtime\helpers'

npm warn tar TAR_ENTRY_ERROR ENOENT: no such file or directory, open 
'C:\Users\motaung\Desktop\Ark-main\Ark-main\node_modules\es-abstract\2015\DeletePropertyOrThrow.js'

npm warn tar TAR_ENTRY_ERROR ENOENT: no such file or directory, open 
'C:\Users\motaung\Desktop\Ark-main\Ark-main\node_modules\es-abstract\2016\DeletePropertyOrThrow.js'

npm warn tar TAR_ENTRY_ERROR ENOENT: no such file or directory, open 
'C:\Users\motaung\Desktop\Ark-main\Ark-main\node_modules\@typescript-eslint\scope-manager\dist\scope\WithScope.d.ts'

npm warn tar TAR_ENTRY_ERROR ENOENT: no such file or directory, open 
'C:\Users\motaung\Desktop\Ark-main\Ark-main\node_modules\es-abstract\2017\DeletePropertyOrThrow.js'

npm warn tar TAR_ENTRY_ERROR ENOENT: no such file or directory, lstat 
'C:\Users\motaung\Desktop\Ark-main\Ark-main\node_modules\next\dist\compiled\@babel\runtime\helpers'

npm warn tar TAR_ENTRY_ERROR ENOENT: no such file or directory, lstat 
'C:\Users\motaung\Desktop\Ark-main\Ark-main\node_modules\next\dist\compiled\@babel\runtime\helpers'

npm warn tar TAR_ENTRY_ERROR ENOENT: no such file or directory, lstat 
'C:\Users\motaung\Desktop\Ark-main\Ark-main\node_modules\next\dist\compiled\@babel\runtime\helpers'

npm warn tar TAR_ENTRY_ERROR ENOENT: no such file or directory, lstat 
'C:\Users\motaung\Desktop\Ark-main\Ark-main\node_modules\next\dist\compiled\@babel\runtime\helpers'

npm warn tar TAR_ENTRY_ERROR ENOENT: no such file or directory, lstat 
'C:\Users\motaung\Desktop\Ark-main\Ark-main\node_modules\next\dist\compiled\@babel\runtime\helpers'

npm warn tar TAR_ENTRY_ERROR ENOENT: no such file or directory, lstat 
'C:\Users\motaung\Desktop\Ark-main\Ark-main\node_modules\next\dist\compiled\@babel\runtime\helpers'

npm warn tar TAR_ENTRY_ERROR ENOENT: no such file or directory, lstat 
'C:\Users\motaung\Desktop\Ark-main\Ark-main\node_modules\next\dist\compiled\@babel\runtime\helpers'

npm warn tar TAR_ENTRY_ERROR ENOENT: no such file or directory, lstat 
'C:\Users\motaung\Desktop\Ark-main\Ark-main\node_modules\next\dist\compiled\@babel\runtime\helpers'

npm warn tar TAR_ENTRY_ERROR ENOENT: no such file or directory, lstat 
'C:\Users\motaung\Desktop\Ark-main\Ark-main\node_modules\next\dist\compiled\@babel\runtime\helpers'

npm warn tar TAR_ENTRY_ERROR ENOENT: no such file or directory, open 
'C:\Users\motaung\Desktop\Ark-main\Ark-main\node_modules\es-abstract\2015\DetachArrayBuffer.js'

npm warn tar TAR_ENTRY_ERROR ENOENT: no such file or directory, open 
'C:\Users\motaung\Desktop\Ark-main\Ark-main\node_modules\es-abstract\2016\DetachArrayBuffer.js'

npm warn tar TAR_ENTRY_ERROR ENOENT: no such file or directory, open 
'C:\Users\motaung\Desktop\Ark-main\Ark-main\node_modules\es-abstract\2017\DetachArrayBuffer.js'

npm warn tar TAR_ENTRY_ERROR ENOENT: no such file or directory, lstat 
'C:\Users\motaung\Desktop\Ark-main\Ark-main\node_modules\next\dist\compiled\@babel\runtime\helpers'

npm warn tar TAR_ENTRY_ERROR ENOENT: no such file or directory, lstat 
'C:\Users\motaung\Desktop\Ark-main\Ark-main\node_modules\next\dist\compiled\@babel\runtime\helpers'

npm warn tar TAR_ENTRY_ERROR ENOENT: no such file or directory, lstat 
'C:\Users\motaung\Desktop\Ark-main\Ark-main\node_modules\next\dist\compiled\@babel\runtime\helpers'

npm warn tar TAR_ENTRY_ERROR ENOENT: no such file or directory, lstat 
'C:\Users\motaung\Desktop\Ark-main\Ark-main\node_modules\next\dist\compiled\@babel\runtime\helpers'

npm warn tar TAR_ENTRY_ERROR ENOENT: no such file or directory, lstat 
'C:\Users\motaung\Desktop\Ark-main\Ark-main\node_modules\next\dist\compiled\@babel\runtime\helpers'

npm warn tar TAR_ENTRY_ERROR ENOENT: no such file or directory, lstat 
'C:\Users\motaung\Desktop\Ark-main\Ark-main\node_modules\next\dist\compiled\@babel\runtime\helpers'

npm warn tar TAR_ENTRY_ERROR ENOENT: no such file or directory, lstat 
'C:\Users\motaung\Desktop\Ark-main\Ark-main\node_modules\next\dist\compiled\@babel\runtime\helpers'

npm warn tar TAR_ENTRY_ERROR ENOENT: no such file or directory, lstat 
'C:\Users\motaung\Desktop\Ark-main\Ark-main\node_modules\next\dist\compiled\@babel\runtime\helpers'

npm warn tar TAR_ENTRY_ERROR ENOENT: no such file or directory, open 
'C:\Users\motaung\Desktop\Ark-main\Ark-main\node_modules\next\dist\compiled\assert\assert.js'

npm warn tar TAR_ENTRY_ERROR ENOENT: no such file or directory, lstat 
'C:\Users\motaung\Desktop\Ark-main\Ark-main\node_modules\next\dist\compiled\@babel\runtime\helpers'

npm warn tar TAR_ENTRY_ERROR ENOENT: no such file or directory, lstat 
'C:\Users\motaung\Desktop\Ark-main\Ark-main\node_modules\next\dist\compiled\@babel\runtime\helpers'

npm warn tar TAR_ENTRY_ERROR EPERM: operation not permitted, unlink 'C:\Users\motaung\Desktop\Ark-main\Ark-main\node_mo
dules\es-abstract\2025\EncodeForRegExpEscape.js.DELETE.e21a1ad483451c2a14b425db0a3377a2'

npm warn tar TAR_ENTRY_ERROR ENOENT: no such file or directory, open 
'C:\Users\motaung\Desktop\Ark-main\Ark-main\node_modules\es-abstract\2015\EnumerableOwnNames.js'

npm warn tar TAR_ENTRY_ERROR ENOENT: no such file or directory, open 
'C:\Users\motaung\Desktop\Ark-main\Ark-main\node_modules\es-abstract\2016\EnumerableOwnNames.js'

npm warn tar TAR_ENTRY_ERROR ENOENT: no such file or directory, open 
'C:\Users\motaung\Desktop\Ark-main\Ark-main\node_modules\es-abstract\2017\EnumerableOwnProperties.js'

npm warn tar TAR_ENTRY_ERROR EPERM: operation not permitted, unlink 'C:\Users\motaung\Desktop\Ark-main\Ark-main\node_mo
dules\es-abstract\2023\EnumerableOwnProperties.js.DELETE.aef71ca6b954db6261c08ef8f44b9712'

npm warn tar TAR_ENTRY_ERROR ENOENT: no such file or directory, lstat 
'C:\Users\motaung\Desktop\Ark-main\Ark-main\node_modules\next\dist\compiled\@babel\runtime\helpers'

npm warn tar TAR_ENTRY_ERROR ENOENT: no such file or directory, lstat 
'C:\Users\motaung\Desktop\Ark-main\Ark-main\node_modules\next\dist\compiled\@babel\runtime\helpers'

npm warn tar TAR_ENTRY_ERROR ENOENT: no such file or directory, lstat 
'C:\Users\motaung\Desktop\Ark-main\Ark-main\node_modules\next\dist\compiled\@babel\runtime\helpers'

npm warn tar TAR_ENTRY_ERROR ENOENT: no such file or directory, lstat 
'C:\Users\motaung\Desktop\Ark-main\Ark-main\node_modules\next\dist\compiled\@babel\runtime\helpers'

npm warn tar TAR_ENTRY_ERROR ENOENT: no such file or directory, lstat 
'C:\Users\motaung\Desktop\Ark-main\Ark-main\node_modules\next\dist\compiled\@babel\runtime\helpers'

npm warn tar TAR_ENTRY_ERROR ENOENT: no such file or directory, lstat 
'C:\Users\motaung\Desktop\Ark-main\Ark-main\node_modules\next\dist\compiled\@babel\runtime\helpers'

npm warn tar TAR_ENTRY_ERROR ENOENT: no such file or directory, lstat 
'C:\Users\motaung\Desktop\Ark-main\Ark-main\node_modules\next\dist\compiled\@babel\runtime\helpers'

npm warn tar TAR_ENTRY_ERROR ENOENT: no such file or directory, lstat 
'C:\Users\motaung\Desktop\Ark-main\Ark-main\node_modules\next\dist\compiled\@babel\runtime\helpers'

npm warn tar TAR_ENTRY_ERROR EPERM: operation not permitted, unlink 'C:\Users\motaung\Desktop\Ark-main\Ark-main\node_mo
dules\next\dist\esm\server\lib\squoosh\avif\avif_node_dec.js.DELETE.ea6fc9fa5df92f1aae2709e91b4ff458'

npm warn tar TAR_ENTRY_ERROR EPERM: operation not permitted, unlink 'C:\Users\motaung\Desktop\Ark-main\Ark-main\node_mo
dules\next\dist\esm\server\lib\squoosh\avif\avif_node_enc.js.DELETE.63817e13fd1d4cd5cd22d19dd9e0da15'

npm warn tar TAR_ENTRY_ERROR ENOENT: no such file or directory, lstat 
'C:\Users\motaung\Desktop\Ark-main\Ark-main\node_modules\next\dist\compiled\@babel\runtime\helpers'

npm warn tar TAR_ENTRY_ERROR ENOENT: no such file or directory, lstat 
'C:\Users\motaung\Desktop\Ark-main\Ark-main\node_modules\next\dist\compiled\@babel\runtime\helpers'

npm warn tar TAR_ENTRY_ERROR ENOENT: no such file or directory, lstat 
'C:\Users\motaung\Desktop\Ark-main\Ark-main\node_modules\next\dist\compiled\@babel\runtime\helpers'

npm warn tar TAR_ENTRY_ERROR ENOENT: no such file or directory, lstat 
'C:\Users\motaung\Desktop\Ark-main\Ark-main\node_modules\next\dist\compiled\@babel\runtime\helpers'

npm warn tar TAR_ENTRY_ERROR EPERM: operation not permitted, unlink 
'C:\Users\motaung\Desktop\Ark-main\Ark-main\node_modules\es-abstract\es2018.js.DELETE.c52b7b2d900ba2d841cf09117b2a6d25'

npm warn tar TAR_ENTRY_ERROR EPERM: operation not permitted, unlink 
'C:\Users\motaung\Desktop\Ark-main\Ark-main\node_modules\es-abstract\es2021.js.DELETE.f37c2ed58a83d27eaebdde22d66945fd'

npm warn tar TAR_ENTRY_ERROR ENOENT: no such file or directory, open 
'C:\Users\motaung\Desktop\Ark-main\Ark-main\node_modules\es-abstract\operations\es5.js'

npm warn tar TAR_ENTRY_ERROR EPERM: operation not permitted, unlink 'C:\Users\motaung\Desktop\Ark-main\Ark-main\node_mo
dules\next\dist\server\future\route-matcher-providers\dev\helpers\file-reader\batched-file-reader.js.DELETE.ccc5b9d5fc3
3c6ec243db1f8539d4ad1'

npm warn tar TAR_ENTRY_ERROR UNKNOWN: unknown error, open 
'C:\Users\motaung\Desktop\Ark-main\Ark-main\node_modules\next\dist\lib\batcher.js'

npm warn tar TAR_ENTRY_ERROR ENOENT: no such file or directory, open 
'C:\Users\motaung\Desktop\Ark-main\Ark-main\node_modules\es-abstract\2015\floor.js'

npm warn tar TAR_ENTRY_ERROR ENOENT: no such file or directory, open 
'C:\Users\motaung\Desktop\Ark-main\Ark-main\node_modules\es-abstract\2016\floor.js'

npm warn tar TAR_ENTRY_ERROR ENOENT: no such file or directory, open 
'C:\Users\motaung\Desktop\Ark-main\Ark-main\node_modules\es-abstract\2017\floor.js'

npm warn tar TAR_ENTRY_ERROR ENOENT: no such file or directory, open 
'C:\Users\motaung\Desktop\Ark-main\Ark-main\node_modules\es-abstract\2015\FromPropertyDescriptor.js'

npm warn tar TAR_ENTRY_ERROR ENOENT: no such file or directory, open 
'C:\Users\motaung\Desktop\Ark-main\Ark-main\node_modules\es-abstract\2016\FromPropertyDescriptor.js'

npm warn tar TAR_ENTRY_ERROR ENOENT: no such file or directory, open 
'C:\Users\motaung\Desktop\Ark-main\Ark-main\node_modules\es-abstract\2017\FromPropertyDescriptor.js'

npm warn tar TAR_ENTRY_ERROR EPERM: operation not permitted, unlink 'C:\Users\motaung\Desktop\Ark-main\Ark-main\node_mo
dules\es-abstract\2025\GeneratorValidate.js.DELETE.b9a0d3ee2d476ad567464a431e4215f7'

npm warn tar TAR_ENTRY_ERROR ENOENT: no such file or directory, open 
'C:\Users\motaung\Desktop\Ark-main\Ark-main\node_modules\es-abstract\2015\Get.js'

npm warn tar TAR_ENTRY_ERROR ENOENT: no such file or directory, open 
'C:\Users\motaung\Desktop\Ark-main\Ark-main\node_modules\es-abstract\2016\Get.js'

npm warn tar TAR_ENTRY_ERROR ENOENT: no such file or directory, open 
'C:\Users\motaung\Desktop\Ark-main\Ark-main\node_modules\es-abstract\2017\Get.js'

npm warn tar TAR_ENTRY_ERROR ENOENT: no such file or directory, open 
'C:\Users\motaung\Desktop\Ark-main\Ark-main\node_modules\next\dist\compiled\babel\bundle.js'

npm warn tar TAR_ENTRY_ERROR ENOENT: no such file or directory, open 
'C:\Users\motaung\Desktop\Ark-main\Ark-main\node_modules\es-abstract\2015\GetGlobalObject.js'

npm warn tar TAR_ENTRY_ERROR ENOENT: no such file or directory, open 
'C:\Users\motaung\Desktop\Ark-main\Ark-main\node_modules\es-abstract\2016\GetGlobalObject.js'

npm warn tar TAR_ENTRY_ERROR ENOENT: no such file or directory, open 
'C:\Users\motaung\Desktop\Ark-main\Ark-main\node_modules\es-abstract\2017\GetGlobalObject.js'

npm warn tar TAR_ENTRY_ERROR ENOENT: no such file or directory, open 
'C:\Users\motaung\Desktop\Ark-main\Ark-main\node_modules\es-abstract\2015\GetIterator.js'

npm warn tar TAR_ENTRY_ERROR ENOENT: no such file or directory, open 
'C:\Users\motaung\Desktop\Ark-main\Ark-main\node_modules\es-abstract\2016\GetIterator.js'

npm warn tar TAR_ENTRY_ERROR ENOENT: no such file or directory, open 
'C:\Users\motaung\Desktop\Ark-main\Ark-main\node_modules\es-abstract\2017\GetIterator.js'

npm warn tar TAR_ENTRY_ERROR ENOENT: no such file or directory, rename 
'C:\Users\motaung\Desktop\Ark-main\Ark-main\node_modules\es-abstract\2024\GetIterator.js' -> 'C:\Users\motaung\Desktop\
Ark-main\Ark-main\node_modules\es-abstract\2024\GetIterator.js.DELETE.1053857a2af54e43d3b73fd2d9b37295'

npm warn tar TAR_ENTRY_ERROR EPERM: operation not permitted, unlink 'C:\Users\motaung\Desktop\Ark-main\Ark-main\node_mo
dules\es-abstract\2025\GetIterator.js.DELETE.6b3fc6389dc12740dc613d61be4009e8'

npm warn tar TAR_ENTRY_ERROR ENOENT: no such file or directory, lstat 
'C:\Users\motaung\Desktop\Ark-main\Ark-main\node_modules\next\dist\compiled\@babel\runtime\helpers'

npm warn tar TAR_ENTRY_ERROR ENOENT: no such file or directory, lstat 
'C:\Users\motaung\Desktop\Ark-main\Ark-main\node_modules\next\dist\compiled\@babel\runtime\helpers'

npm warn tar TAR_ENTRY_ERROR ENOENT: no such file or directory, lstat 
'C:\Users\motaung\Desktop\Ark-main\Ark-main\node_modules\next\dist\compiled\@babel\runtime\helpers'

npm warn tar TAR_ENTRY_ERROR ENOENT: no such file or directory, lstat 
'C:\Users\motaung\Desktop\Ark-main\Ark-main\node_modules\next\dist\compiled\@babel\runtime\helpers'

npm warn tar TAR_ENTRY_ERROR ENOENT: no such file or directory, open 
'C:\Users\motaung\Desktop\Ark-main\Ark-main\node_modules\es-abstract\2015\GetMethod.js'

npm warn tar TAR_ENTRY_ERROR ENOENT: no such file or directory, lstat 
'C:\Users\motaung\Desktop\Ark-main\Ark-main\node_modules\next\dist\compiled\@babel\runtime\helpers'

npm warn tar TAR_ENTRY_ERROR ENOENT: no such file or directory, open 
'C:\Users\motaung\Desktop\Ark-main\Ark-main\node_modules\es-abstract\2016\GetMethod.js'

npm warn tar TAR_ENTRY_ERROR ENOENT: no such file or directory, open 
'C:\Users\motaung\Desktop\Ark-main\Ark-main\node_modules\es-abstract\2017\GetMethod.js'

npm warn tar TAR_ENTRY_ERROR ENOENT: no such file or directory, lstat 
'C:\Users\motaung\Desktop\Ark-main\Ark-main\node_modules\next\dist\compiled\@babel\runtime\helpers'

npm warn tar TAR_ENTRY_ERROR ENOENT: no such file or directory, lstat 
'C:\Users\motaung\Desktop\Ark-main\Ark-main\node_modules\next\dist\compiled\@babel\runtime\helpers'

npm warn tar TAR_ENTRY_ERROR ENOENT: no such file or directory, lstat 
'C:\Users\motaung\Desktop\Ark-main\Ark-main\node_modules\next\dist\compiled\@babel\runtime\helpers'

npm warn tar TAR_ENTRY_ERROR ENOENT: no such file or directory, lstat 
'C:\Users\motaung\Desktop\Ark-main\Ark-main\node_modules\next\dist\compiled\@babel\runtime\helpers'

npm warn tar TAR_ENTRY_ERROR ENOENT: no such file or directory, lstat 
'C:\Users\motaung\Desktop\Ark-main\Ark-main\node_modules\next\dist\compiled\@babel\runtime\helpers'

npm warn tar TAR_ENTRY_ERROR ENOENT: no such file or directory, lstat 
'C:\Users\motaung\Desktop\Ark-main\Ark-main\node_modules\next\dist\compiled\@babel\runtime\helpers'

npm warn tar TAR_ENTRY_ERROR ENOENT: no such file or directory, lstat 
'C:\Users\motaung\Desktop\Ark-main\Ark-main\node_modules\next\dist\compiled\@babel\runtime\helpers'

npm warn tar TAR_ENTRY_ERROR ENOENT: no such file or directory, lstat 
'C:\Users\motaung\Desktop\Ark-main\Ark-main\node_modules\next\dist\compiled\@babel\runtime\helpers'

npm warn tar TAR_ENTRY_ERROR ENOENT: no such file or directory, lstat 
'C:\Users\motaung\Desktop\Ark-main\Ark-main\node_modules\next\dist\compiled\@babel\runtime\helpers'

npm warn tar TAR_ENTRY_ERROR ENOENT: no such file or directory, lstat 
'C:\Users\motaung\Desktop\Ark-main\Ark-main\node_modules\next\dist\compiled\@babel\runtime\helpers'

npm warn tar TAR_ENTRY_ERROR ENOENT: no such file or directory, lstat 
'C:\Users\motaung\Desktop\Ark-main\Ark-main\node_modules\next\dist\compiled\@babel\runtime\helpers'

npm warn tar TAR_ENTRY_ERROR ENOENT: no such file or directory, lstat 
'C:\Users\motaung\Desktop\Ark-main\Ark-main\node_modules\next\dist\compiled\@babel\runtime\helpers'

npm warn tar TAR_ENTRY_ERROR ENOENT: no such file or directory, lstat 
'C:\Users\motaung\Desktop\Ark-main\Ark-main\node_modules\next\dist\compiled\@babel\runtime\helpers'

npm warn tar TAR_ENTRY_ERROR ENOENT: no such file or directory, lstat 
'C:\Users\motaung\Desktop\Ark-main\Ark-main\node_modules\next\dist\compiled\@babel\runtime\helpers'

npm warn tar TAR_ENTRY_ERROR ENOENT: no such file or directory, lstat 
'C:\Users\motaung\Desktop\Ark-main\Ark-main\node_modules\next\dist\compiled\@babel\runtime\helpers'

npm warn tar TAR_ENTRY_ERROR ENOENT: no such file or directory, lstat 
'C:\Users\motaung\Desktop\Ark-main\Ark-main\node_modules\next\dist\compiled\@babel\runtime\helpers'

npm warn tar TAR_ENTRY_ERROR ENOENT: no such file or directory, lstat 
'C:\Users\motaung\Desktop\Ark-main\Ark-main\node_modules\next\dist\compiled\@babel\runtime\helpers'

npm warn tar TAR_ENTRY_ERROR ENOENT: no such file or directory, lstat 
'C:\Users\motaung\Desktop\Ark-main\Ark-main\node_modules\next\dist\compiled\@babel\runtime\helpers'

npm warn tar TAR_ENTRY_ERROR ENOENT: no such file or directory, lstat 
'C:\Users\motaung\Desktop\Ark-main\Ark-main\node_modules\next\dist\compiled\@babel\runtime\helpers'

npm warn tar TAR_ENTRY_ERROR ENOENT: no such file or directory, lstat 
'C:\Users\motaung\Desktop\Ark-main\Ark-main\node_modules\next\dist\compiled\@babel\runtime\helpers'

npm warn tar TAR_ENTRY_ERROR ENOENT: no such file or directory, lstat 
'C:\Users\motaung\Desktop\Ark-main\Ark-main\node_modules\next\dist\compiled\@babel\runtime\helpers'

npm warn tar TAR_ENTRY_ERROR ENOENT: no such file or directory, lstat 
'C:\Users\motaung\Desktop\Ark-main\Ark-main\node_modules\next\dist\compiled\@babel\runtime\helpers'

npm warn tar TAR_ENTRY_ERROR ENOENT: no such file or directory, lstat 
'C:\Users\motaung\Desktop\Ark-main\Ark-main\node_modules\next\dist\compiled\@babel\runtime\helpers'

npm warn tar TAR_ENTRY_ERROR ENOENT: no such file or directory, lstat 
'C:\Users\motaung\Desktop\Ark-main\Ark-main\node_modules\next\dist\compiled\@babel\runtime\helpers'

npm warn tar TAR_ENTRY_ERROR ENOENT: no such file or directory, lstat 
'C:\Users\motaung\Desktop\Ark-main\Ark-main\node_modules\next\dist\compiled\@babel\runtime\helpers'

npm warn tar TAR_ENTRY_ERROR ENOENT: no such file or directory, lstat 
'C:\Users\motaung\Desktop\Ark-main\Ark-main\node_modules\next\dist\compiled\@babel\runtime\helpers'

npm warn tar TAR_ENTRY_ERROR ENOENT: no such file or directory, lstat 
'C:\Users\motaung\Desktop\Ark-main\Ark-main\node_modules\next\dist\compiled\@babel\runtime\helpers'

npm warn tar TAR_ENTRY_ERROR ENOENT: no such file or directory, lstat 
'C:\Users\motaung\Desktop\Ark-main\Ark-main\node_modules\next\dist\compiled\@babel\runtime\helpers'

npm warn tar TAR_ENTRY_ERROR ENOENT: no such file or directory, open 
'C:\Users\motaung\Desktop\Ark-main\Ark-main\node_modules\es-abstract\2015\GetOwnPropertyKeys.js'

npm warn tar TAR_ENTRY_ERROR ENOENT: no such file or directory, open 
'C:\Users\motaung\Desktop\Ark-main\Ark-main\node_modules\es-abstract\2016\GetOwnPropertyKeys.js'

npm warn tar TAR_ENTRY_ERROR ENOENT: no such file or directory, open 
'C:\Users\motaung\Desktop\Ark-main\Ark-main\node_modules\es-abstract\2017\GetOwnPropertyKeys.js'

npm warn tar TAR_ENTRY_ERROR ENOENT: no such file or directory, lstat 
'C:\Users\motaung\Desktop\Ark-main\Ark-main\node_modules\next\dist\compiled\@babel\runtime\helpers'

npm warn tar TAR_ENTRY_ERROR ENOENT: no such file or directory, lstat 
'C:\Users\motaung\Desktop\Ark-main\Ark-main\node_modules\next\dist\compiled\@babel\runtime\helpers'

npm warn tar TAR_ENTRY_ERROR ENOENT: no such file or directory, lstat 
'C:\Users\motaung\Desktop\Ark-main\Ark-main\node_modules\next\dist\compiled\@babel\runtime\helpers'

npm warn tar TAR_ENTRY_ERROR ENOENT: no such file or directory, lstat 
'C:\Users\motaung\Desktop\Ark-main\Ark-main\node_modules\next\dist\compiled\@babel\runtime\helpers'

npm warn tar TAR_ENTRY_ERROR ENOENT: no such file or directory, lstat 
'C:\Users\motaung\Desktop\Ark-main\Ark-main\node_modules\next\dist\compiled\@babel\runtime\helpers'

npm warn tar TAR_ENTRY_ERROR ENOENT: no such file or directory, lstat 
'C:\Users\motaung\Desktop\Ark-main\Ark-main\node_modules\next\dist\compiled\@babel\runtime\helpers'

npm warn tar TAR_ENTRY_ERROR ENOENT: no such file or directory, lstat 
'C:\Users\motaung\Desktop\Ark-main\Ark-main\node_modules\next\dist\compiled\@babel\runtime\helpers'

npm warn tar TAR_ENTRY_ERROR ENOENT: no such file or directory, lstat 
'C:\Users\motaung\Desktop\Ark-main\Ark-main\node_modules\next\dist\compiled\@babel\runtime\helpers'

npm warn tar TAR_ENTRY_ERROR ENOENT: no such file or directory, lstat 
'C:\Users\motaung\Desktop\Ark-main\Ark-main\node_modules\next\dist\compiled\@babel\runtime\helpers'

npm warn tar TAR_ENTRY_ERROR ENOENT: no such file or directory, lstat 
'C:\Users\motaung\Desktop\Ark-main\Ark-main\node_modules\next\dist\compiled\@babel\runtime\helpers'

npm warn tar TAR_ENTRY_ERROR ENOENT: no such file or directory, lstat 
'C:\Users\motaung\Desktop\Ark-main\Ark-main\node_modules\next\dist\compiled\@babel\runtime\helpers'

npm warn tar TAR_ENTRY_ERROR ENOENT: no such file or directory, lstat 
'C:\Users\motaung\Desktop\Ark-main\Ark-main\node_modules\next\dist\compiled\@babel\runtime\helpers'

npm warn tar TAR_ENTRY_ERROR ENOENT: no such file or directory, lstat 
'C:\Users\motaung\Desktop\Ark-main\Ark-main\node_modules\next\dist\compiled\@babel\runtime\helpers'

npm warn tar TAR_ENTRY_ERROR ENOENT: no such file or directory, lstat 
'C:\Users\motaung\Desktop\Ark-main\Ark-main\node_modules\next\dist\compiled\@babel\runtime\helpers'

npm warn tar TAR_ENTRY_ERROR ENOENT: no such file or directory, lstat 
'C:\Users\motaung\Desktop\Ark-main\Ark-main\node_modules\next\dist\compiled\@babel\runtime\helpers'

npm warn tar TAR_ENTRY_ERROR ENOENT: no such file or directory, open 
'C:\Users\motaung\Desktop\Ark-main\Ark-main\node_modules\es-abstract\2015\GetPrototypeFromConstructor.js'

npm warn tar TAR_ENTRY_ERROR ENOENT: no such file or directory, open 
'C:\Users\motaung\Desktop\Ark-main\Ark-main\node_modules\es-abstract\2016\GetPrototypeFromConstructor.js'

npm warn tar TAR_ENTRY_ERROR ENOENT: no such file or directory, open 
'C:\Users\motaung\Desktop\Ark-main\Ark-main\node_modules\es-abstract\2017\GetPrototypeFromConstructor.js'

npm warn tar TAR_ENTRY_ERROR ENOENT: no such file or directory, open 
'C:\Users\motaung\Desktop\Ark-main\Ark-main\node_modules\es-abstract\2025\GetStringIndex.js'

npm warn tar TAR_ENTRY_ERROR ENOENT: no such file or directory, open 
'C:\Users\motaung\Desktop\Ark-main\Ark-main\node_modules\es-abstract\2015\GetSubstitution.js'

npm warn tar TAR_ENTRY_ERROR ENOENT: no such file or directory, open 
'C:\Users\motaung\Desktop\Ark-main\Ark-main\node_modules\es-abstract\2016\GetSubstitution.js'

npm warn tar TAR_ENTRY_ERROR ENOENT: no such file or directory, open 
'C:\Users\motaung\Desktop\Ark-main\Ark-main\node_modules\es-abstract\2017\GetSubstitution.js'

npm warn tar TAR_ENTRY_ERROR ENOENT: no such file or directory, open 
'C:\Users\motaung\Desktop\Ark-main\Ark-main\node_modules\es-abstract\2019\GetSubstitution.js'

npm warn tar TAR_ENTRY_ERROR ENOENT: no such file or directory, open 
'C:\Users\motaung\Desktop\Ark-main\Ark-main\node_modules\es-abstract\2020\GetSubstitution.js'

npm warn tar TAR_ENTRY_ERROR ENOENT: no such file or directory, open 
'C:\Users\motaung\Desktop\Ark-main\Ark-main\node_modules\es-abstract\2021\GetSubstitution.js'

npm warn tar TAR_ENTRY_ERROR ENOENT: no such file or directory, open 
'C:\Users\motaung\Desktop\Ark-main\Ark-main\node_modules\es-abstract\2022\GetSubstitution.js'

npm warn tar TAR_ENTRY_ERROR ENOENT: no such file or directory, open 
'C:\Users\motaung\Desktop\Ark-main\Ark-main\node_modules\es-abstract\2025\GetSubstitution.js'

npm warn tar TAR_ENTRY_ERROR ENOENT: no such file or directory, open 
'C:\Users\motaung\Desktop\Ark-main\Ark-main\node_modules\es-abstract\helpers\getSymbolDescription.js'

npm warn tar TAR_ENTRY_ERROR ENOENT: no such file or directory, lstat 
'C:\Users\motaung\Desktop\Ark-main\Ark-main\node_modules\next\dist\esm\lib\metadata'

npm warn tar TAR_ENTRY_ERROR ENOENT: no such file or directory, open 
'C:\Users\motaung\Desktop\Ark-main\Ark-main\node_modules\es-abstract\2025\GetUTCEpochNanoseconds.js'

npm warn tar TAR_ENTRY_ERROR ENOENT: no such file or directory, open 
'C:\Users\motaung\Desktop\Ark-main\Ark-main\node_modules\es-abstract\2015\GetV.js'

npm warn tar TAR_ENTRY_ERROR ENOENT: no such file or directory, open 
'C:\Users\motaung\Desktop\Ark-main\Ark-main\node_modules\es-abstract\2016\GetV.js'

npm warn tar TAR_ENTRY_ERROR ENOENT: no such file or directory, open 
'C:\Users\motaung\Desktop\Ark-main\Ark-main\node_modules\es-abstract\2017\GetV.js'

npm warn tar TAR_ENTRY_ERROR ENOENT: no such file or directory, lstat 
'C:\Users\motaung\Desktop\Ark-main\Ark-main\node_modules\next\dist\client\components\react-dev-overlay'

npm warn tar TAR_ENTRY_ERROR ENOENT: no such file or directory, open 
'C:\Users\motaung\Desktop\Ark-main\Ark-main\node_modules\es-abstract\2019\GetV.js'

npm warn tar TAR_ENTRY_ERROR ENOENT: no such file or directory, open 
'C:\Users\motaung\Desktop\Ark-main\Ark-main\node_modules\es-abstract\2020\GetV.js'

npm warn tar TAR_ENTRY_ERROR ENOENT: no such file or directory, open 
'C:\Users\motaung\Desktop\Ark-main\Ark-main\node_modules\es-abstract\2021\GetV.js'

npm warn tar TAR_ENTRY_ERROR ENOENT: no such file or directory, open 
'C:\Users\motaung\Desktop\Ark-main\Ark-main\node_modules\es-abstract\2022\GetV.js'

npm warn tar TAR_ENTRY_ERROR ENOENT: no such file or directory, open 
'C:\Users\motaung\Desktop\Ark-main\Ark-main\node_modules\next\dist\esm\lib\coalesced-function.js'

npm warn tar TAR_ENTRY_ERROR ENOENT: no such file or directory, open 
'C:\Users\motaung\Desktop\Ark-main\Ark-main\node_modules\es-abstract\2025\GetV.js'

npm warn tar TAR_ENTRY_ERROR ENOENT: no such file or directory, open 
'C:\Users\motaung\Desktop\Ark-main\Ark-main\node_modules\es-abstract\2015\GetValueFromBuffer.js'

npm warn tar TAR_ENTRY_ERROR ENOENT: no such file or directory, open 
'C:\Users\motaung\Desktop\Ark-main\Ark-main\node_modules\es-abstract\2016\GetValueFromBuffer.js'

npm warn tar TAR_ENTRY_ERROR ENOENT: no such file or directory, open 
'C:\Users\motaung\Desktop\Ark-main\Ark-main\node_modules\es-abstract\2017\GetValueFromBuffer.js'

npm warn tar TAR_ENTRY_ERROR ENOENT: no such file or directory, open 
'C:\Users\motaung\Desktop\Ark-main\Ark-main\node_modules\next\dist\compiled\babel\code-frame.js'

npm warn tar TAR_ENTRY_ERROR ENOENT: no such file or directory, open 
'C:\Users\motaung\Desktop\Ark-main\Ark-main\node_modules\es-abstract\2019\GetValueFromBuffer.js'

npm warn tar TAR_ENTRY_ERROR ENOENT: no such file or directory, open 
'C:\Users\motaung\Desktop\Ark-main\Ark-main\node_modules\es-abstract\2020\GetValueFromBuffer.js'

npm warn tar TAR_ENTRY_ERROR ENOENT: no such file or directory, open 
'C:\Users\motaung\Desktop\Ark-main\Ark-main\node_modules\es-abstract\2021\GetValueFromBuffer.js'

npm warn tar TAR_ENTRY_ERROR ENOENT: no such file or directory, lstat 
'C:\Users\motaung\Desktop\Ark-main\Ark-main\node_modules\next\dist\esm\server\lib\squoosh'

npm warn tar TAR_ENTRY_ERROR ENOENT: no such file or directory, open 
'C:\Users\motaung\Desktop\Ark-main\Ark-main\node_modules\es-abstract\2022\GetValueFromBuffer.js'

npm warn tar TAR_ENTRY_ERROR ENOENT: no such file or directory, lstat 
'C:\Users\motaung\Desktop\Ark-main\Ark-main\node_modules\next\dist\server\lib\squoosh'

npm warn tar TAR_ENTRY_ERROR ENOENT: no such file or directory, lstat 
'C:\Users\motaung\Desktop\Ark-main\Ark-main\node_modules\next\dist\client\components\react-dev-overlay'

npm warn tar TAR_ENTRY_ERROR ENOENT: no such file or directory, open 
'C:\Users\motaung\Desktop\Ark-main\Ark-main\node_modules\es-abstract\2025\GetValueFromBuffer.js'

npm warn tar TAR_ENTRY_ERROR ENOENT: no such file or directory, open 
'C:\Users\motaung\Desktop\Ark-main\Ark-main\node_modules\es-abstract\2025\GetViewByteLength.js'

npm warn tar TAR_ENTRY_ERROR ENOENT: no such file or directory, lstat 
'C:\Users\motaung\Desktop\Ark-main\Ark-main\node_modules\next\dist\build\webpack'

npm warn tar TAR_ENTRY_ERROR ENOENT: no such file or directory, open 
'C:\Users\motaung\Desktop\Ark-main\Ark-main\node_modules\es-abstract\2025\GroupBy.js'

npm warn tar TAR_ENTRY_ERROR ENOENT: no such file or directory, lstat 
'C:\Users\motaung\Desktop\Ark-main\Ark-main\node_modules\next\dist\esm\build\webpack'

npm warn tar TAR_ENTRY_ERROR ENOENT: no such file or directory, lstat 
'C:\Users\motaung\Desktop\Ark-main\Ark-main\node_modules\next\dist\client\components\react-dev-overlay'

npm warn tar TAR_ENTRY_ERROR ENOENT: no such file or directory, open 
'C:\Users\motaung\Desktop\Ark-main\Ark-main\node_modules\es-abstract\2025\HasEitherUnicodeFlag.js'

npm warn tar TAR_ENTRY_ERROR ENOENT: no such file or directory, open 
'C:\Users\motaung\Desktop\Ark-main\Ark-main\node_modules\es-abstract\2015\HasOwnProperty.js'

npm warn tar TAR_ENTRY_ERROR ENOENT: no such file or directory, open 
'C:\Users\motaung\Desktop\Ark-main\Ark-main\node_modules\es-abstract\2016\HasOwnProperty.js'

npm warn tar TAR_ENTRY_ERROR ENOENT: no such file or directory, open 
'C:\Users\motaung\Desktop\Ark-main\Ark-main\node_modules\es-abstract\2017\HasOwnProperty.js'

npm warn tar TAR_ENTRY_ERROR ENOENT: no such file or directory, open 
'C:\Users\motaung\Desktop\Ark-main\Ark-main\node_modules\next\dist\build\collect-build-traces.js'

npm warn tar TAR_ENTRY_ERROR ENOENT: no such file or directory, open 
'C:\Users\motaung\Desktop\Ark-main\Ark-main\node_modules\es-abstract\2018\HasOwnProperty.js'

npm warn tar TAR_ENTRY_ERROR ENOENT: no such file or directory, open 
'C:\Users\motaung\Desktop\Ark-main\Ark-main\node_modules\next\dist\esm\build\collect-build-traces.js'

npm warn tar TAR_ENTRY_ERROR ENOENT: no such file or directory, open 
'C:\Users\motaung\Desktop\Ark-main\Ark-main\node_modules\es-abstract\2019\HasOwnProperty.js'

npm warn tar TAR_ENTRY_ERROR ENOENT: no such file or directory, open 
'C:\Users\motaung\Desktop\Ark-main\Ark-main\node_modules\next\dist\build\babel\plugins\commonjs.js'

npm warn tar TAR_ENTRY_ERROR ENOENT: no such file or directory, open 
'C:\Users\motaung\Desktop\Ark-main\Ark-main\node_modules\es-abstract\2020\HasOwnProperty.js'

npm warn tar TAR_ENTRY_ERROR ENOENT: no such file or directory, open 
'C:\Users\motaung\Desktop\Ark-main\Ark-main\node_modules\next\dist\esm\build\babel\plugins\commonjs.js'

npm warn tar TAR_ENTRY_ERROR ENOENT: no such file or directory, open 
'C:\Users\motaung\Desktop\Ark-main\Ark-main\node_modules\es-abstract\2021\HasOwnProperty.js'

npm warn tar TAR_ENTRY_ERROR ENOENT: no such file or directory, open 
'C:\Users\motaung\Desktop\Ark-main\Ark-main\node_modules\next\dist\esm\shared\lib\router\utils\compare-states.js'

npm warn tar TAR_ENTRY_ERROR ENOENT: no such file or directory, open 
'C:\Users\motaung\Desktop\Ark-main\Ark-main\node_modules\es-abstract\2022\HasOwnProperty.js'

npm warn tar TAR_ENTRY_ERROR ENOENT: no such file or directory, open 
'C:\Users\motaung\Desktop\Ark-main\Ark-main\node_modules\next\dist\shared\lib\router\utils\compare-states.js'

npm warn tar TAR_ENTRY_ERROR ENOENT: no such file or directory, open 
'C:\Users\motaung\Desktop\Ark-main\Ark-main\node_modules\next\dist\esm\lib\compile-error.js'

npm warn tar TAR_ENTRY_ERROR ENOENT: no such file or directory, open 
'C:\Users\motaung\Desktop\Ark-main\Ark-main\node_modules\next\dist\build\compiler.js'

npm warn tar TAR_ENTRY_ERROR ENOENT: no such file or directory, open 
'C:\Users\motaung\Desktop\Ark-main\Ark-main\node_modules\es-abstract\2025\HasOwnProperty.js'

npm warn tar TAR_ENTRY_ERROR ENOENT: no such file or directory, open 
'C:\Users\motaung\Desktop\Ark-main\Ark-main\node_modules\next\dist\esm\build\compiler.js'

npm warn tar TAR_ENTRY_ERROR ENOENT: no such file or directory, open 
'C:\Users\motaung\Desktop\Ark-main\Ark-main\node_modules\es-abstract\2015\HasProperty.js'

npm warn tar TAR_ENTRY_ERROR ENOENT: no such file or directory, open 'C:\Users\motaung\Desktop\Ark-main\Ark-main\node_m
odules\next\dist\client\components\react-dev-overlay\internal\container\RuntimeError\component-stack-pseudo-html.js'

npm warn tar TAR_ENTRY_ERROR ENOENT: no such file or directory, open 
'C:\Users\motaung\Desktop\Ark-main\Ark-main\node_modules\es-abstract\2016\HasProperty.js'

npm warn tar TAR_ENTRY_ERROR ENOENT: no such file or directory, open 'C:\Users\motaung\Desktop\Ark-main\Ark-main\node_m
odules\next\dist\esm\client\components\react-dev-overlay\internal\container\RuntimeError\component-stack-pseudo-html.js
'

npm warn tar TAR_ENTRY_ERROR ENOENT: no such file or directory, open 
'C:\Users\motaung\Desktop\Ark-main\Ark-main\node_modules\es-abstract\2017\HasProperty.js'

npm warn tar TAR_ENTRY_ERROR ENOENT: no such file or directory, open 'C:\Users\motaung\Desktop\Ark-main\Ark-main\node_m
odules\next\dist\client\components\react-dev-overlay\internal\container\RuntimeError\ComponentStackFrameRow.js'

npm warn tar TAR_ENTRY_ERROR ENOENT: no such file or directory, open 
'C:\Users\motaung\Desktop\Ark-main\Ark-main\node_modules\es-abstract\2018\HasProperty.js'

npm warn tar TAR_ENTRY_ERROR ENOENT: no such file or directory, open 'C:\Users\motaung\Desktop\Ark-main\Ark-main\node_m
odules\next\dist\esm\client\components\react-dev-overlay\internal\container\RuntimeError\ComponentStackFrameRow.js'

npm warn tar TAR_ENTRY_ERROR ENOENT: no such file or directory, open 
'C:\Users\motaung\Desktop\Ark-main\Ark-main\node_modules\es-abstract\2019\HasProperty.js'

npm warn tar TAR_ENTRY_ERROR ENOENT: no such file or directory, open 'C:\Users\motaung\Desktop\Ark-main\Ark-main\node_m
odules\next\dist\client\components\react-dev-overlay\internal\styles\ComponentStyles.js'

npm warn tar TAR_ENTRY_ERROR ENOENT: no such file or directory, open 
'C:\Users\motaung\Desktop\Ark-main\Ark-main\node_modules\es-abstract\2020\HasProperty.js'

npm warn tar TAR_ENTRY_ERROR ENOENT: no such file or directory, open 'C:\Users\motaung\Desktop\Ark-main\Ark-main\node_m
odules\next\dist\esm\client\components\react-dev-overlay\internal\styles\ComponentStyles.js'

npm warn tar TAR_ENTRY_ERROR ENOENT: no such file or directory, open 
'C:\Users\motaung\Desktop\Ark-main\Ark-main\node_modules\es-abstract\2021\HasProperty.js'

npm warn tar TAR_ENTRY_ERROR ENOENT: no such file or directory, open 'C:\Users\motaung\Desktop\Ark-main\Ark-main\node_m
odules\next\dist\client\components\router-reducer\compute-changed-path.js'

npm warn tar TAR_ENTRY_ERROR ENOENT: no such file or directory, open 
'C:\Users\motaung\Desktop\Ark-main\Ark-main\node_modules\es-abstract\2022\HasProperty.js'

npm warn tar TAR_ENTRY_ERROR ENOENT: no such file or directory, open 
'C:\Users\motaung\Desktop\Ark-main\Ark-main\node_modules\es-abstract\2025\HasProperty.js'

npm warn tar TAR_ENTRY_ERROR ENOENT: no such file or directory, open 
'C:\Users\motaung\Desktop\Ark-main\Ark-main\node_modules\es-abstract\2015\HourFromTime.js'

npm warn tar TAR_ENTRY_ERROR ENOENT: no such file or directory, open 
'C:\Users\motaung\Desktop\Ark-main\Ark-main\node_modules\es-abstract\2016\HourFromTime.js'

npm warn tar TAR_ENTRY_ERROR ENOENT: no such file or directory, open 
'C:\Users\motaung\Desktop\Ark-main\Ark-main\node_modules\es-abstract\2017\HourFromTime.js'

npm warn tar TAR_ENTRY_ERROR ENOENT: no such file or directory, open 
'C:\Users\motaung\Desktop\Ark-main\Ark-main\node_modules\next\dist\esm\server\config-schema.js'

npm warn tar TAR_ENTRY_ERROR ENOENT: no such file or directory, open 
'C:\Users\motaung\Desktop\Ark-main\Ark-main\node_modules\next\dist\server\config-schema.js'

npm warn tar TAR_ENTRY_ERROR ENOENT: no such file or directory, open 
'C:\Users\motaung\Desktop\Ark-main\Ark-main\node_modules\next\dist\esm\server\config-shared.js'

npm warn tar TAR_ENTRY_ERROR ENOENT: no such file or directory, open 
'C:\Users\motaung\Desktop\Ark-main\Ark-main\node_modules\next\dist\server\config-shared.js'

npm warn tar TAR_ENTRY_ERROR ENOENT: no such file or directory, open 
'C:\Users\motaung\Desktop\Ark-main\Ark-main\node_modules\next\dist\esm\server\config-utils.js'

npm warn tar TAR_ENTRY_ERROR ENOENT: no such file or directory, open 
'C:\Users\motaung\Desktop\Ark-main\Ark-main\node_modules\next\dist\server\config-utils.js'

npm warn tar TAR_ENTRY_ERROR ENOENT: no such file or directory, open 
'C:\Users\motaung\Desktop\Ark-main\Ark-main\node_modules\next\dist\esm\server\config.js'

npm warn tar TAR_ENTRY_ERROR ENOENT: no such file or directory, open 
'C:\Users\motaung\Desktop\Ark-main\Ark-main\node_modules\next\dist\esm\server\typescript\rules\config.js'

npm warn tar TAR_ENTRY_ERROR ENOENT: no such file or directory, open 
'C:\Users\motaung\Desktop\Ark-main\Ark-main\node_modules\next\dist\server\config.js'

npm warn tar TAR_ENTRY_ERROR ENOENT: no such file or directory, open 
'C:\Users\motaung\Desktop\Ark-main\Ark-main\node_modules\next\dist\server\typescript\rules\config.js'

npm warn tar TAR_ENTRY_ERROR ENOENT: no such file or directory, open 'C:\Users\motaung\Desktop\Ark-main\Ark-main\node_m
odules\next\dist\compiled\@edge-runtime\primitives\console.js.text.js'

npm warn tar TAR_ENTRY_ERROR ENOENT: no such file or directory, lstat 
'C:\Users\motaung\Desktop\Ark-main\Ark-main\node_modules\next\dist\esm\server\typescript'

npm warn tar TAR_ENTRY_ERROR ENOENT: no such file or directory, lstat 
'C:\Users\motaung\Desktop\Ark-main\Ark-main\node_modules\next\dist\server\typescript'

npm warn tar TAR_ENTRY_ERROR ENOENT: no such file or directory, open 
'C:\Users\motaung\Desktop\Ark-main\Ark-main\node_modules\next\dist\api\constants.js'

npm warn tar TAR_ENTRY_ERROR ENOENT: no such file or directory, open 
'C:\Users\motaung\Desktop\Ark-main\Ark-main\node_modules\next\dist\esm\api\constants.js'

npm warn tar TAR_ENTRY_ERROR ENOENT: no such file or directory, open 
'C:\Users\motaung\Desktop\Ark-main\Ark-main\node_modules\next\dist\esm\lib\constants.js'

npm warn tar TAR_ENTRY_ERROR ENOENT: no such file or directory, lstat 
'C:\Users\motaung\Desktop\Ark-main\Ark-main\node_modules\next\dist\esm\lib\metadata'

npm warn tar TAR_ENTRY_ERROR ENOENT: no such file or directory, lstat 
'C:\Users\motaung\Desktop\Ark-main\Ark-main\node_modules\next\dist\esm\server\lib\trace'

npm warn tar TAR_ENTRY_ERROR ENOENT: no such file or directory, open 
'C:\Users\motaung\Desktop\Ark-main\Ark-main\node_modules\next\dist\esm\shared\lib\constants.js'

npm warn tar TAR_ENTRY_ERROR ENOENT: no such file or directory, open 
'C:\Users\motaung\Desktop\Ark-main\Ark-main\node_modules\next\dist\lib\metadata\constants.js'

npm warn tar TAR_ENTRY_ERROR ENOENT: no such file or directory, lstat 
'C:\Users\motaung\Desktop\Ark-main\Ark-main\node_modules\next\dist\server\lib\trace'

npm warn tar TAR_ENTRY_ERROR ENOENT: no such file or directory, open 
'C:\Users\motaung\Desktop\Ark-main\Ark-main\node_modules\next\dist\shared\lib\constants.js'

npm warn tar TAR_ENTRY_ERROR ENOENT: no such file or directory, lstat 
'C:\Users\motaung\Desktop\Ark-main\Ark-main\node_modules\next\dist\compiled\@babel\runtime\helpers'

npm warn tar TAR_ENTRY_ERROR ENOENT: no such file or directory, lstat 
'C:\Users\motaung\Desktop\Ark-main\Ark-main\node_modules\next\dist\compiled\@babel\runtime\helpers'

npm warn tar TAR_ENTRY_ERROR ENOENT: no such file or directory, lstat 
'C:\Users\motaung\Desktop\Ark-main\Ark-main\node_modules\next\dist\esm\server\web\sandbox'

npm warn tar TAR_ENTRY_ERROR ENOENT: no such file or directory, lstat 
'C:\Users\motaung\Desktop\Ark-main\Ark-main\node_modules\next\dist\esm\server\web\spec-extension'

npm warn tar TAR_ENTRY_ERROR ENOENT: no such file or directory, open 
'C:\Users\motaung\Desktop\Ark-main\Ark-main\node_modules\next\dist\esm\build\webpack\plugins\copy-file-plugin.js'

npm warn tar TAR_ENTRY_ERROR ENOENT: no such file or directory, open 
'C:\Users\motaung\Desktop\Ark-main\Ark-main\node_modules\next\dist\compiled\babel\core-lib-block-hoist-plugin.js'

npm warn tar TAR_ENTRY_ERROR ENOENT: no such file or directory, open 
'C:\Users\motaung\Desktop\Ark-main\Ark-main\node_modules\next\dist\compiled\babel\core-lib-config.js'

npm warn tar TAR_ENTRY_ERROR ENOENT: no such file or directory, open 
'C:\Users\motaung\Desktop\Ark-main\Ark-main\node_modules\next\dist\compiled\babel\core-lib-normalize-file.js'

npm warn tar TAR_ENTRY_ERROR ENOENT: no such file or directory, open 
'C:\Users\motaung\Desktop\Ark-main\Ark-main\node_modules\next\dist\compiled\babel\core-lib-normalize-opts.js'

npm warn tar TAR_ENTRY_ERROR ENOENT: no such file or directory, open 
'C:\Users\motaung\Desktop\Ark-main\Ark-main\node_modules\next\dist\compiled\babel\core-lib-plugin-pass.js'

npm warn tar TAR_ENTRY_ERROR ENOENT: no such file or directory, open 
'C:\Users\motaung\Desktop\Ark-main\Ark-main\node_modules\next\dist\compiled\babel\core.js'

npm warn tar TAR_ENTRY_ERROR ENOENT: no such file or directory, open 
'C:\Users\motaung\Desktop\Ark-main\Ark-main\node_modules\es-abstract\2015\InLeapYear.js'

npm warn tar TAR_ENTRY_ERROR ENOENT: no such file or directory, open 
'C:\Users\motaung\Desktop\Ark-main\Ark-main\node_modules\es-abstract\2016\InLeapYear.js'

npm warn tar TAR_ENTRY_ERROR ENOENT: no such file or directory, open 
'C:\Users\motaung\Desktop\Ark-main\Ark-main\node_modules\es-abstract\2017\InLeapYear.js'

npm warn tar TAR_ENTRY_ERROR ENOENT: no such file or directory, open 
'C:\Users\motaung\Desktop\Ark-main\Ark-main\node_modules\es-abstract\2015\InstanceofOperator.js'

npm warn tar TAR_ENTRY_ERROR ENOENT: no such file or directory, open 
'C:\Users\motaung\Desktop\Ark-main\Ark-main\node_modules\es-abstract\2016\InstanceofOperator.js'

npm warn tar TAR_ENTRY_ERROR ENOENT: no such file or directory, open 
'C:\Users\motaung\Desktop\Ark-main\Ark-main\node_modules\es-abstract\2017\InstanceofOperator.js'

npm warn tar TAR_ENTRY_ERROR ENOENT: no such file or directory, lstat 
'C:\Users\motaung\Desktop\Ark-main\Ark-main\node_modules\next\dist\compiled\@babel\runtime\helpers'

npm warn tar TAR_ENTRY_ERROR ENOENT: no such file or directory, lstat 
'C:\Users\motaung\Desktop\Ark-main\Ark-main\node_modules\next\dist\compiled\@babel\runtime\helpers'

npm warn tar TAR_ENTRY_ERROR ENOENT: no such file or directory, lstat 
'C:\Users\motaung\Desktop\Ark-main\Ark-main\node_modules\next\dist\compiled\@babel\runtime\helpers'

npm warn tar TAR_ENTRY_ERROR ENOENT: no such file or directory, lstat 
'C:\Users\motaung\Desktop\Ark-main\Ark-main\node_modules\next\dist\compiled\@babel\runtime\helpers'

npm warn tar TAR_ENTRY_ERROR ENOENT: no such file or directory, lstat 
'C:\Users\motaung\Desktop\Ark-main\Ark-main\node_modules\next\dist\compiled\@babel\runtime\helpers'

npm warn tar TAR_ENTRY_ERROR ENOENT: no such file or directory, lstat 
'C:\Users\motaung\Desktop\Ark-main\Ark-main\node_modules\next\dist\compiled\@babel\runtime\helpers'

npm warn tar TAR_ENTRY_ERROR ENOENT: no such file or directory, lstat 
'C:\Users\motaung\Desktop\Ark-main\Ark-main\node_modules\next\dist\compiled\@babel\runtime\helpers'

npm warn tar TAR_ENTRY_ERROR ENOENT: no such file or directory, lstat 
'C:\Users\motaung\Desktop\Ark-main\Ark-main\node_modules\next\dist\compiled\@babel\runtime\helpers'

npm warn tar TAR_ENTRY_ERROR ENOENT: no such file or directory, open 
'C:\Users\motaung\Desktop\Ark-main\Ark-main\node_modules\es-abstract\2015\IntegerIndexedElementGet.js'

npm warn tar TAR_ENTRY_ERROR ENOENT: no such file or directory, open 
'C:\Users\motaung\Desktop\Ark-main\Ark-main\node_modules\es-abstract\2016\IntegerIndexedElementGet.js'

npm warn tar TAR_ENTRY_ERROR ENOENT: no such file or directory, open 
'C:\Users\motaung\Desktop\Ark-main\Ark-main\node_modules\es-abstract\2017\IntegerIndexedElementGet.js'

npm warn tar TAR_ENTRY_ERROR ENOENT: no such file or directory, open 
'C:\Users\motaung\Desktop\Ark-main\Ark-main\node_modules\es-abstract\2015\IntegerIndexedElementSet.js'

npm warn tar TAR_ENTRY_ERROR ENOENT: no such file or directory, open 
'C:\Users\motaung\Desktop\Ark-main\Ark-main\node_modules\es-abstract\2016\IntegerIndexedElementSet.js'

npm warn tar TAR_ENTRY_ERROR ENOENT: no such file or directory, open 
'C:\Users\motaung\Desktop\Ark-main\Ark-main\node_modules\es-abstract\2017\IntegerIndexedElementSet.js'

npm warn tar TAR_ENTRY_ERROR ENOENT: no such file or directory, open 
'C:\Users\motaung\Desktop\Ark-main\Ark-main\node_modules\es-abstract\2015\InternalizeJSONProperty.js'

npm warn tar TAR_ENTRY_ERROR ENOENT: no such file or directory, open 
'C:\Users\motaung\Desktop\Ark-main\Ark-main\node_modules\es-abstract\2016\InternalizeJSONProperty.js'

npm warn tar TAR_ENTRY_ERROR ENOENT: no such file or directory, open 
'C:\Users\motaung\Desktop\Ark-main\Ark-main\node_modules\es-abstract\2017\InternalizeJSONProperty.js'

npm warn tar TAR_ENTRY_ERROR ENOENT: no such file or directory, lstat 
'C:\Users\motaung\Desktop\Ark-main\Ark-main\node_modules\next\dist\compiled\@babel\runtime\helpers'

npm warn tar TAR_ENTRY_ERROR ENOENT: no such file or directory, lstat 
'C:\Users\motaung\Desktop\Ark-main\Ark-main\node_modules\next\dist\compiled\@babel\runtime\helpers'

npm warn tar TAR_ENTRY_ERROR ENOENT: no such file or directory, lstat 
'C:\Users\motaung\Desktop\Ark-main\Ark-main\node_modules\next\dist\compiled\@babel\runtime\helpers'

npm warn tar TAR_ENTRY_ERROR ENOENT: no such file or directory, lstat 
'C:\Users\motaung\Desktop\Ark-main\Ark-main\node_modules\next\dist\compiled\@babel\runtime\helpers'

npm warn tar TAR_ENTRY_ERROR ENOENT: no such file or directory, open 
'C:\Users\motaung\Desktop\Ark-main\Ark-main\node_modules\es-abstract\2015\Invoke.js'

npm warn tar TAR_ENTRY_ERROR ENOENT: no such file or directory, open 
'C:\Users\motaung\Desktop\Ark-main\Ark-main\node_modules\es-abstract\2016\Invoke.js'

npm warn tar TAR_ENTRY_ERROR ENOENT: no such file or directory, open 
'C:\Users\motaung\Desktop\Ark-main\Ark-main\node_modules\es-abstract\2017\Invoke.js'

npm warn tar TAR_ENTRY_ERROR ENOENT: no such file or directory, lstat 
'C:\Users\motaung\Desktop\Ark-main\Ark-main\node_modules\next\dist\compiled\@babel\runtime\helpers'

npm warn tar TAR_ENTRY_ERROR ENOENT: no such file or directory, lstat 
'C:\Users\motaung\Desktop\Ark-main\Ark-main\node_modules\next\dist\compiled\@babel\runtime\helpers'

npm warn tar TAR_ENTRY_ERROR ENOENT: no such file or directory, lstat 
'C:\Users\motaung\Desktop\Ark-main\Ark-main\node_modules\next\dist\compiled\@babel\runtime\helpers'

npm warn tar TAR_ENTRY_ERROR ENOENT: no such file or directory, lstat 
'C:\Users\motaung\Desktop\Ark-main\Ark-main\node_modules\next\dist\compiled\@babel\runtime\helpers'

npm warn tar TAR_ENTRY_ERROR ENOENT: no such file or directory, lstat 
'C:\Users\motaung\Desktop\Ark-main\Ark-main\node_modules\next\dist\compiled\@babel\runtime\helpers'

npm warn tar TAR_ENTRY_ERROR ENOENT: no such file or directory, lstat 
'C:\Users\motaung\Desktop\Ark-main\Ark-main\node_modules\next\dist\compiled\@babel\runtime\helpers'

npm warn tar TAR_ENTRY_ERROR ENOENT: no such file or directory, open 
'C:\Users\motaung\Desktop\Ark-main\Ark-main\node_modules\es-abstract\2015\IsAccessorDescriptor.js'

npm warn tar TAR_ENTRY_ERROR ENOENT: no such file or directory, open 
'C:\Users\motaung\Desktop\Ark-main\Ark-main\node_modules\es-abstract\2016\IsAccessorDescriptor.js'

npm warn tar TAR_ENTRY_ERROR ENOENT: no such file or directory, open 
'C:\Users\motaung\Desktop\Ark-main\Ark-main\node_modules\es-abstract\2017\IsAccessorDescriptor.js'

npm warn tar TAR_ENTRY_ERROR ENOENT: no such file or directory, open 
'C:\Users\motaung\Desktop\Ark-main\Ark-main\node_modules\es-abstract\2015\IsArray.js'

npm warn tar TAR_ENTRY_ERROR ENOENT: no such file or directory, open 
'C:\Users\motaung\Desktop\Ark-main\Ark-main\node_modules\es-abstract\2016\IsArray.js'

npm warn tar TAR_ENTRY_ERROR ENOENT: no such file or directory, open 
'C:\Users\motaung\Desktop\Ark-main\Ark-main\node_modules\es-abstract\2017\IsArray.js'

npm warn tar TAR_ENTRY_ERROR ENOENT: no such file or directory, open 
'C:\Users\motaung\Desktop\Ark-main\Ark-main\node_modules\es-abstract\2015\IsCallable.js'

npm warn tar TAR_ENTRY_ERROR ENOENT: no such file or directory, open 
'C:\Users\motaung\Desktop\Ark-main\Ark-main\node_modules\es-abstract\2016\IsCallable.js'

npm warn tar TAR_ENTRY_ERROR ENOENT: no such file or directory, open 
'C:\Users\motaung\Desktop\Ark-main\Ark-main\node_modules\es-abstract\2017\IsCallable.js'

npm warn tar TAR_ENTRY_ERROR ENOENT: no such file or directory, open 
'C:\Users\motaung\Desktop\Ark-main\Ark-main\node_modules\es-abstract\2015\IsCompatiblePropertyDescriptor.js'

npm warn tar TAR_ENTRY_ERROR ENOENT: no such file or directory, open 
'C:\Users\motaung\Desktop\Ark-main\Ark-main\node_modules\es-abstract\2016\IsCompatiblePropertyDescriptor.js'

npm warn tar TAR_ENTRY_ERROR ENOENT: no such file or directory, open 
'C:\Users\motaung\Desktop\Ark-main\Ark-main\node_modules\es-abstract\2017\IsCompatiblePropertyDescriptor.js'

npm warn tar TAR_ENTRY_ERROR ENOENT: no such file or directory, open 
'C:\Users\motaung\Desktop\Ark-main\Ark-main\node_modules\es-abstract\2015\IsConcatSpreadable.js'

npm warn tar TAR_ENTRY_ERROR ENOENT: no such file or directory, open 
'C:\Users\motaung\Desktop\Ark-main\Ark-main\node_modules\es-abstract\2016\IsConcatSpreadable.js'

npm warn tar TAR_ENTRY_ERROR ENOENT: no such file or directory, open 
'C:\Users\motaung\Desktop\Ark-main\Ark-main\node_modules\es-abstract\2017\IsConcatSpreadable.js'

npm warn tar TAR_ENTRY_ERROR EPERM: operation not permitted, unlink 'C:\Users\motaung\Desktop\Ark-main\Ark-main\node_mo
dules\es-abstract\2021\IsConcatSpreadable.js.DELETE.e08968e338b51749c5b0d09d262cd330'

npm warn tar TAR_ENTRY_ERROR EPERM: operation not permitted, unlink 'C:\Users\motaung\Desktop\Ark-main\Ark-main\node_mo
dules\es-abstract\2024\IsConcatSpreadable.js.DELETE.26c6e25a4472aecad5b4455de66a294d'

npm warn tar TAR_ENTRY_ERROR ENOENT: no such file or directory, open 
'C:\Users\motaung\Desktop\Ark-main\Ark-main\node_modules\es-abstract\2015\IsConstructor.js'

npm warn tar TAR_ENTRY_ERROR ENOENT: no such file or directory, open 
'C:\Users\motaung\Desktop\Ark-main\Ark-main\node_modules\es-abstract\2016\IsConstructor.js'

npm warn tar TAR_ENTRY_ERROR ENOENT: no such file or directory, open 
'C:\Users\motaung\Desktop\Ark-main\Ark-main\node_modules\es-abstract\2017\IsConstructor.js'

npm warn tar TAR_ENTRY_ERROR EPERM: operation not permitted, unlink 'C:\Users\motaung\Desktop\Ark-main\Ark-main\node_mo
dules\es-abstract\2021\IsConstructor.js.DELETE.44d8e94773256fd404b1ddcc49b4edc1'

npm warn tar TAR_ENTRY_ERROR ENOENT: no such file or directory, open 
'C:\Users\motaung\Desktop\Ark-main\Ark-main\node_modules\es-abstract\2015\IsDataDescriptor.js'

npm warn tar TAR_ENTRY_ERROR ENOENT: no such file or directory, open 
'C:\Users\motaung\Desktop\Ark-main\Ark-main\node_modules\es-abstract\2016\IsDataDescriptor.js'

npm warn tar TAR_ENTRY_ERROR ENOENT: no such file or directory, open 
'C:\Users\motaung\Desktop\Ark-main\Ark-main\node_modules\es-abstract\2017\IsDataDescriptor.js'

npm warn tar TAR_ENTRY_ERROR ENOENT: no such file or directory, open 
'C:\Users\motaung\Desktop\Ark-main\Ark-main\node_modules\es-abstract\2015\IsDetachedBuffer.js'

npm warn tar TAR_ENTRY_ERROR ENOENT: no such file or directory, open 
'C:\Users\motaung\Desktop\Ark-main\Ark-main\node_modules\es-abstract\2016\IsDetachedBuffer.js'

npm warn tar TAR_ENTRY_ERROR ENOENT: no such file or directory, lstat 
'C:\Users\motaung\Desktop\Ark-main\Ark-main\node_modules\next\dist\compiled\@babel\runtime\helpers'

npm warn tar TAR_ENTRY_ERROR ENOENT: no such file or directory, open 
'C:\Users\motaung\Desktop\Ark-main\Ark-main\node_modules\es-abstract\2017\IsDetachedBuffer.js'

npm warn tar TAR_ENTRY_ERROR ENOENT: no such file or directory, lstat 
'C:\Users\motaung\Desktop\Ark-main\Ark-main\node_modules\next\dist\compiled\@babel\runtime\helpers'

npm warn tar TAR_ENTRY_ERROR ENOENT: no such file or directory, rename 
'C:\Users\motaung\Desktop\Ark-main\Ark-main\node_modules\es-abstract\2020\IsDetachedBuffer.js' -> 'C:\Users\motaung\Des
ktop\Ark-main\Ark-main\node_modules\es-abstract\2020\IsDetachedBuffer.js.DELETE.dd2a678729c36f6949685693f00ae7dd'

npm warn tar TAR_ENTRY_ERROR UNKNOWN: unknown error, open 
'C:\Users\motaung\Desktop\Ark-main\Ark-main\node_modules\es-abstract\2022\IsDetachedBuffer.js'

npm warn tar TAR_ENTRY_ERROR ENOENT: no such file or directory, open 
'C:\Users\motaung\Desktop\Ark-main\Ark-main\node_modules\es-abstract\2015\IsExtensible.js'

npm warn tar TAR_ENTRY_ERROR ENOENT: no such file or directory, open 
'C:\Users\motaung\Desktop\Ark-main\Ark-main\node_modules\es-abstract\2016\IsExtensible.js'

npm warn tar TAR_ENTRY_ERROR ENOENT: no such file or directory, open 
'C:\Users\motaung\Desktop\Ark-main\Ark-main\node_modules\es-abstract\2017\IsExtensible.js'

npm warn tar TAR_ENTRY_ERROR ENOENT: no such file or directory, open 
'C:\Users\motaung\Desktop\Ark-main\Ark-main\node_modules\es-abstract\2015\IsGenericDescriptor.js'

npm warn tar TAR_ENTRY_ERROR ENOENT: no such file or directory, open 
'C:\Users\motaung\Desktop\Ark-main\Ark-main\node_modules\es-abstract\2016\IsGenericDescriptor.js'

npm warn tar TAR_ENTRY_ERROR ENOENT: no such file or directory, open 
'C:\Users\motaung\Desktop\Ark-main\Ark-main\node_modules\es-abstract\2017\IsGenericDescriptor.js'

npm warn tar TAR_ENTRY_ERROR ENOENT: no such file or directory, open 
'C:\Users\motaung\Desktop\Ark-main\Ark-main\node_modules\es-abstract\2015\IsInteger.js'

npm warn tar TAR_ENTRY_ERROR ENOENT: no such file or directory, open 
'C:\Users\motaung\Desktop\Ark-main\Ark-main\node_modules\es-abstract\2016\IsInteger.js'

npm warn tar TAR_ENTRY_ERROR ENOENT: no such file or directory, open 
'C:\Users\motaung\Desktop\Ark-main\Ark-main\node_modules\es-abstract\2017\IsInteger.js'

npm warn tar TAR_ENTRY_ERROR ENOENT: no such file or directory, open 
'C:\Users\motaung\Desktop\Ark-main\Ark-main\node_modules\es-abstract\2015\IsPromise.js'

npm warn tar TAR_ENTRY_ERROR ENOENT: no such file or directory, open 
'C:\Users\motaung\Desktop\Ark-main\Ark-main\node_modules\es-abstract\2016\IsPromise.js'

npm warn tar TAR_ENTRY_ERROR ENOENT: no such file or directory, open 
'C:\Users\motaung\Desktop\Ark-main\Ark-main\node_modules\es-abstract\2017\IsPromise.js'

npm warn tar TAR_ENTRY_ERROR ENOENT: no such file or directory, open 
'C:\Users\motaung\Desktop\Ark-main\Ark-main\node_modules\es-abstract\2015\IsPropertyDescriptor.js'

npm warn tar TAR_ENTRY_ERROR ENOENT: no such file or directory, open 
'C:\Users\motaung\Desktop\Ark-main\Ark-main\node_modules\es-abstract\2016\IsPropertyDescriptor.js'

npm warn tar TAR_ENTRY_ERROR ENOENT: no such file or directory, open 
'C:\Users\motaung\Desktop\Ark-main\Ark-main\node_modules\es-abstract\2017\IsPropertyDescriptor.js'

npm warn tar TAR_ENTRY_ERROR ENOENT: no such file or directory, open 
'C:\Users\motaung\Desktop\Ark-main\Ark-main\node_modules\es-abstract\2015\IsPropertyKey.js'

npm warn tar TAR_ENTRY_ERROR ENOENT: no such file or directory, open 
'C:\Users\motaung\Desktop\Ark-main\Ark-main\node_modules\es-abstract\2016\IsPropertyKey.js'

npm warn tar TAR_ENTRY_ERROR ENOENT: no such file or directory, open 
'C:\Users\motaung\Desktop\Ark-main\Ark-main\node_modules\es-abstract\2017\IsPropertyKey.js'

npm warn tar TAR_ENTRY_ERROR ENOENT: no such file or directory, open 
'C:\Users\motaung\Desktop\Ark-main\Ark-main\node_modules\es-abstract\2015\IsRegExp.js'

npm warn tar TAR_ENTRY_ERROR ENOENT: no such file or directory, open 
'C:\Users\motaung\Desktop\Ark-main\Ark-main\node_modules\es-abstract\2016\IsRegExp.js'

npm warn tar TAR_ENTRY_ERROR ENOENT: no such file or directory, open 
'C:\Users\motaung\Desktop\Ark-main\Ark-main\node_modules\es-abstract\2017\IsRegExp.js'

npm warn tar TAR_ENTRY_ERROR ENOENT: no such file or directory, open 
'C:\Users\motaung\Desktop\Ark-main\Ark-main\node_modules\es-abstract\2017\IsSharedArrayBuffer.js'

npm warn tar TAR_ENTRY_ERROR UNKNOWN: unknown error, open 
'C:\Users\motaung\Desktop\Ark-main\Ark-main\node_modules\next\dist\server\web\error.js'

npm warn tar TAR_ENTRY_ERROR ENOENT: no such file or directory, open 
'C:\Users\motaung\Desktop\Ark-main\Ark-main\node_modules\next\dist\compiled\babel\eslint-parser.js'

npm warn tar TAR_ENTRY_ERROR ENOENT: no such file or directory, lstat 
'C:\Users\motaung\Desktop\Ark-main\Ark-main\node_modules\next\dist\compiled\@babel\runtime\helpers'

npm warn tar TAR_ENTRY_ERROR ENOENT: no such file or directory, lstat 
'C:\Users\motaung\Desktop\Ark-main\Ark-main\node_modules\next\dist\compiled\@babel\runtime\helpers'

npm warn tar TAR_ENTRY_ERROR EPERM: operation not permitted, unlink 'C:\Users\motaung\Desktop\Ark-main\Ark-main\node_mo
dules\es-abstract\2025\IsViewOutOfBounds.js.DELETE.357624339e38df54c00ede56f1978c77'

npm warn tar TAR_ENTRY_ERROR ENOENT: no such file or directory, open 
'C:\Users\motaung\Desktop\Ark-main\Ark-main\node_modules\es-abstract\2015\IsWordChar.js'

npm warn tar TAR_ENTRY_ERROR UNKNOWN: unknown error, open 
'C:\Users\motaung\Desktop\Ark-main\Ark-main\node_modules\next\dist\esm\build\analysis\extract-const-value.js'

npm warn tar TAR_ENTRY_ERROR ENOENT: no such file or directory, open 
'C:\Users\motaung\Desktop\Ark-main\Ark-main\node_modules\es-abstract\2016\IsWordChar.js'

npm warn tar TAR_ENTRY_ERROR ENOENT: no such file or directory, open 
'C:\Users\motaung\Desktop\Ark-main\Ark-main\node_modules\es-abstract\2017\IsWordChar.js'

npm warn tar TAR_ENTRY_ERROR EPERM: operation not permitted, unlink 'C:\Users\motaung\Desktop\Ark-main\Ark-main\node_mo
dules\next\dist\server\dev\extract-modules-from-turbopack-message.js.DELETE.5b0c1af98808344ca96309a1a87c8f12'

npm warn tar TAR_ENTRY_ERROR EPERM: operation not permitted, unlink 'C:\Users\motaung\Desktop\Ark-main\Ark-main\node_mo
dules\next\dist\esm\server\lib\incremental-cache\fetch-cache.js.DELETE.7f6d1bce85e64c6c67eae94d5a4b1845'

npm warn tar TAR_ENTRY_ERROR ENOENT: no such file or directory, open 
'C:\Users\motaung\Desktop\Ark-main\Ark-main\node_modules\es-abstract\2016\IterableToArrayLike.js'

npm warn tar TAR_ENTRY_ERROR ENOENT: no such file or directory, open 
'C:\Users\motaung\Desktop\Ark-main\Ark-main\node_modules\es-abstract\2017\IterableToList.js'

npm warn tar TAR_ENTRY_ERROR EPERM: operation not permitted, unlink 'C:\Users\motaung\Desktop\Ark-main\Ark-main\node_mo
dules\next\dist\server\lib\incremental-cache\fetch-cache.js.DELETE.3d12a58066cb3719dd676a66b47895ba'

npm warn tar TAR_ENTRY_ERROR UNKNOWN: unknown error, open 
'C:\Users\motaung\Desktop\Ark-main\Ark-main\node_modules\next\dist\esm\server\web\spec-extension\fetch-event.js'

npm warn tar TAR_ENTRY_ERROR EPERM: operation not permitted, unlink 'C:\Users\motaung\Desktop\Ark-main\Ark-main\node_mo
dules\next\dist\esm\server\web\sandbox\fetch-inline-assets.js.DELETE.9da180dd94af43323d4b09072f5d79af'

npm warn tar TAR_ENTRY_ERROR ENOENT: no such file or directory, open 
'C:\Users\motaung\Desktop\Ark-main\Ark-main\node_modules\es-abstract\2015\IteratorClose.js'

npm warn tar TAR_ENTRY_ERROR ENOENT: no such file or directory, open 
'C:\Users\motaung\Desktop\Ark-main\Ark-main\node_modules\es-abstract\2016\IteratorClose.js'

npm warn tar TAR_ENTRY_ERROR ENOENT: no such file or directory, open 
'C:\Users\motaung\Desktop\Ark-main\Ark-main\node_modules\es-abstract\2017\IteratorClose.js'

npm warn tar TAR_ENTRY_ERROR ENOENT: no such file or directory, open 
'C:\Users\motaung\Desktop\Ark-main\Ark-main\node_modules\es-abstract\2015\IteratorComplete.js'

npm warn tar TAR_ENTRY_ERROR ENOENT: no such file or directory, open 
'C:\Users\motaung\Desktop\Ark-main\Ark-main\node_modules\es-abstract\2016\IteratorComplete.js'

npm warn tar TAR_ENTRY_ERROR ENOENT: no such file or directory, open 
'C:\Users\motaung\Desktop\Ark-main\Ark-main\node_modules\es-abstract\2017\IteratorComplete.js'

npm warn tar TAR_ENTRY_ERROR ENOENT: no such file or directory, open 
'C:\Users\motaung\Desktop\Ark-main\Ark-main\node_modules\es-abstract\2015\IteratorNext.js'

npm warn tar TAR_ENTRY_ERROR ENOENT: no such file or directory, open 
'C:\Users\motaung\Desktop\Ark-main\Ark-main\node_modules\es-abstract\2016\IteratorNext.js'

npm warn tar TAR_ENTRY_ERROR ENOENT: no such file or directory, open 
'C:\Users\motaung\Desktop\Ark-main\Ark-main\node_modules\es-abstract\2017\IteratorNext.js'

npm warn tar TAR_ENTRY_ERROR ENOENT: no such file or directory, open 
'C:\Users\motaung\Desktop\Ark-main\Ark-main\node_modules\es-abstract\2015\IteratorStep.js'

npm warn tar TAR_ENTRY_ERROR ENOENT: no such file or directory, open 
'C:\Users\motaung\Desktop\Ark-main\Ark-main\node_modules\es-abstract\2016\IteratorStep.js'

npm warn tar TAR_ENTRY_ERROR ENOENT: no such file or directory, open 
'C:\Users\motaung\Desktop\Ark-main\Ark-main\node_modules\es-abstract\2017\IteratorStep.js'

npm warn tar TAR_ENTRY_ERROR EPERM: operation not permitted, unlink 'C:\Users\motaung\Desktop\Ark-main\Ark-main\node_mo
dules\next\dist\esm\client\components\router-reducer\fill-cache-with-new-subtree-data.js.DELETE.28acc7deaa7e22e3d45eb9c
dc4e86408'

npm warn tar TAR_ENTRY_ERROR ENOENT: no such file or directory, open 
'C:\Users\motaung\Desktop\Ark-main\Ark-main\node_modules\es-abstract\2015\IteratorValue.js'

npm warn tar TAR_ENTRY_ERROR ENOENT: no such file or directory, open 
'C:\Users\motaung\Desktop\Ark-main\Ark-main\node_modules\es-abstract\2016\IteratorValue.js'

npm warn tar TAR_ENTRY_ERROR ENOENT: no such file or directory, open 
'C:\Users\motaung\Desktop\Ark-main\Ark-main\node_modules\es-abstract\2017\IteratorValue.js'

npm warn tar TAR_ENTRY_ERROR ENOENT: no such file or directory, open 
'C:\Users\motaung\Desktop\Ark-main\Ark-main\node_modules\es-abstract\2015\MakeDate.js'

npm warn tar TAR_ENTRY_ERROR ENOENT: no such file or directory, open 
'C:\Users\motaung\Desktop\Ark-main\Ark-main\node_modules\es-abstract\2016\MakeDate.js'

npm warn tar TAR_ENTRY_ERROR ENOENT: no such file or directory, open 
'C:\Users\motaung\Desktop\Ark-main\Ark-main\node_modules\es-abstract\2017\MakeDate.js'

npm warn tar TAR_ENTRY_ERROR ENOENT: no such file or directory, open 
'C:\Users\motaung\Desktop\Ark-main\Ark-main\node_modules\es-abstract\2015\MakeDay.js'

npm warn tar TAR_ENTRY_ERROR ENOENT: no such file or directory, open 
'C:\Users\motaung\Desktop\Ark-main\Ark-main\node_modules\es-abstract\2016\MakeDay.js'

npm warn tar TAR_ENTRY_ERROR ENOENT: no such file or directory, open 
'C:\Users\motaung\Desktop\Ark-main\Ark-main\node_modules\es-abstract\2017\MakeDay.js'

npm warn tar TAR_ENTRY_ERROR ENOENT: no such file or directory, open 
'C:\Users\motaung\Desktop\Ark-main\Ark-main\node_modules\next\dist\esm\server\app-render\flight-render-result.js'

npm warn tar TAR_ENTRY_ERROR ENOENT: no such file or directory, open 
'C:\Users\motaung\Desktop\Ark-main\Ark-main\node_modules\next\dist\server\app-render\flight-render-result.js'

npm warn tar TAR_ENTRY_ERROR ENOENT: no such file or directory, open 
'C:\Users\motaung\Desktop\Ark-main\Ark-main\node_modules\es-abstract\2015\MakeTime.js'

npm warn tar TAR_ENTRY_ERROR ENOENT: no such file or directory, open 
'C:\Users\motaung\Desktop\Ark-main\Ark-main\node_modules\es-abstract\2016\MakeTime.js'

npm warn tar TAR_ENTRY_ERROR ENOENT: no such file or directory, open 
'C:\Users\motaung\Desktop\Ark-main\Ark-main\node_modules\es-abstract\2017\MakeTime.js'

npm warn tar TAR_ENTRY_ERROR ENOENT: no such file or directory, open 'C:\Users\motaung\Desktop\Ark-main\Ark-main\node_m
odules\next\dist\shared\lib\router\utils\format-next-pathname-info.js'

npm warn tar TAR_ENTRY_ERROR ENOENT: no such file or directory, open 
'C:\Users\motaung\Desktop\Ark-main\Ark-main\node_modules\next\dist\shared\lib\router\utils\format-url.js'

npm warn tar TAR_ENTRY_ERROR ENOENT: no such file or directory, open 
'C:\Users\motaung\Desktop\Ark-main\Ark-main\node_modules\es-abstract\2015\max.js'

npm warn tar TAR_ENTRY_ERROR ENOENT: no such file or directory, open 
'C:\Users\motaung\Desktop\Ark-main\Ark-main\node_modules\es-abstract\2016\max.js'

npm warn tar TAR_ENTRY_ERROR ENOENT: no such file or directory, open 
'C:\Users\motaung\Desktop\Ark-main\Ark-main\node_modules\es-abstract\2017\max.js'

npm warn tar TAR_ENTRY_ERROR ENOENT: no such file or directory, open 
'C:\Users\motaung\Desktop\Ark-main\Ark-main\node_modules\es-abstract\2015\min.js'

npm warn tar TAR_ENTRY_ERROR ENOENT: no such file or directory, open 
'C:\Users\motaung\Desktop\Ark-main\Ark-main\node_modules\es-abstract\2016\min.js'

npm warn tar TAR_ENTRY_ERROR ENOENT: no such file or directory, open 
'C:\Users\motaung\Desktop\Ark-main\Ark-main\node_modules\es-abstract\2017\min.js'

npm warn tar TAR_ENTRY_ERROR ENOENT: no such file or directory, open 
'C:\Users\motaung\Desktop\Ark-main\Ark-main\node_modules\es-abstract\2015\MinFromTime.js'

npm warn tar TAR_ENTRY_ERROR ENOENT: no such file or directory, open 
'C:\Users\motaung\Desktop\Ark-main\Ark-main\node_modules\es-abstract\2016\MinFromTime.js'

npm warn tar TAR_ENTRY_ERROR ENOENT: no such file or directory, open 
'C:\Users\motaung\Desktop\Ark-main\Ark-main\node_modules\es-abstract\2017\MinFromTime.js'

npm warn tar TAR_ENTRY_ERROR ENOENT: no such file or directory, open 
'C:\Users\motaung\Desktop\Ark-main\Ark-main\node_modules\es-abstract\2015\modulo.js'

npm warn tar TAR_ENTRY_ERROR ENOENT: no such file or directory, open 
'C:\Users\motaung\Desktop\Ark-main\Ark-main\node_modules\es-abstract\2016\modulo.js'

npm warn tar TAR_ENTRY_ERROR ENOENT: no such file or directory, open 
'C:\Users\motaung\Desktop\Ark-main\Ark-main\node_modules\es-abstract\2017\modulo.js'

npm warn tar TAR_ENTRY_ERROR ENOENT: no such file or directory, open 
'C:\Users\motaung\Desktop\Ark-main\Ark-main\node_modules\es-abstract\2015\MonthFromTime.js'

npm warn tar TAR_ENTRY_ERROR ENOENT: no such file or directory, open 
'C:\Users\motaung\Desktop\Ark-main\Ark-main\node_modules\es-abstract\2016\MonthFromTime.js'

npm warn tar TAR_ENTRY_ERROR ENOENT: no such file or directory, open 
'C:\Users\motaung\Desktop\Ark-main\Ark-main\node_modules\es-abstract\2017\MonthFromTime.js'

npm warn tar TAR_ENTRY_ERROR ENOENT: no such file or directory, open 
'C:\Users\motaung\Desktop\Ark-main\Ark-main\node_modules\next\dist\esm\client\dev\fouc.js'

npm warn tar TAR_ENTRY_ERROR ENOENT: no such file or directory, open 
'C:\Users\motaung\Desktop\Ark-main\Ark-main\node_modules\es-abstract\2015\msFromTime.js'

npm warn tar TAR_ENTRY_ERROR ENOENT: no such file or directory, open 
'C:\Users\motaung\Desktop\Ark-main\Ark-main\node_modules\es-abstract\2016\msFromTime.js'

npm warn tar TAR_ENTRY_ERROR ENOENT: no such file or directory, open 
'C:\Users\motaung\Desktop\Ark-main\Ark-main\node_modules\es-abstract\2017\msFromTime.js'

npm warn tar TAR_ENTRY_ERROR ENOENT: no such file or directory, open 
'C:\Users\motaung\Desktop\Ark-main\Ark-main\node_modules\next\dist\compiled\babel\generator.js'

npm warn tar TAR_ENTRY_ERROR ENOENT: no such file or directory, open 'C:\Users\motaung\Desktop\Ark-main\Ark-main\node_m
odules\next\dist\shared\lib\router\utils\get-asset-path-from-route.js'

npm warn tar TAR_ENTRY_ERROR ENOENT: no such file or directory, open 
'C:\Users\motaung\Desktop\Ark-main\Ark-main\node_modules\next\dist\esm\server\app-render\get-asset-query-string.js'

npm warn tar TAR_ENTRY_ERROR ENOENT: no such file or directory, open 
'C:\Users\motaung\Desktop\Ark-main\Ark-main\node_modules\next\dist\server\app-render\get-asset-query-string.js'

npm warn tar TAR_ENTRY_ERROR ENOENT: no such file or directory, open 
'C:\Users\motaung\Desktop\Ark-main\Ark-main\node_modules\es-abstract\2015\NewPromiseCapability.js'

npm warn tar TAR_ENTRY_ERROR ENOENT: no such file or directory, open 
'C:\Users\motaung\Desktop\Ark-main\Ark-main\node_modules\es-abstract\2016\NewPromiseCapability.js'

npm warn tar TAR_ENTRY_ERROR ENOENT: no such file or directory, open 
'C:\Users\motaung\Desktop\Ark-main\Ark-main\node_modules\es-abstract\2017\NewPromiseCapability.js'

npm warn tar TAR_ENTRY_ERROR ENOENT: no such file or directory, open 
'C:\Users\motaung\Desktop\Ark-main\Ark-main\node_modules\next\dist\esm\server\app-render\get-css-inlined-link-tags.js'

npm warn tar TAR_ENTRY_ERROR ENOENT: no such file or directory, open 
'C:\Users\motaung\Desktop\Ark-main\Ark-main\node_modules\next\dist\server\app-render\get-css-inlined-link-tags.js'

npm warn tar TAR_ENTRY_ERROR ENOENT: no such file or directory, open 
'C:\Users\motaung\Desktop\Ark-main\Ark-main\node_modules\es-abstract\2015\NormalCompletion.js'

npm warn tar TAR_ENTRY_ERROR ENOENT: no such file or directory, open 
'C:\Users\motaung\Desktop\Ark-main\Ark-main\node_modules\es-abstract\2016\NormalCompletion.js'

npm warn tar TAR_ENTRY_ERROR ENOENT: no such file or directory, open 
'C:\Users\motaung\Desktop\Ark-main\Ark-main\node_modules\es-abstract\2017\NormalCompletion.js'

npm warn tar TAR_ENTRY_ERROR ENOENT: no such file or directory, open 
'C:\Users\motaung\Desktop\Ark-main\Ark-main\node_modules\next\dist\esm\server\app-render\get-layer-assets.js'

npm warn tar TAR_ENTRY_ERROR ENOENT: no such file or directory, open 
'C:\Users\motaung\Desktop\Ark-main\Ark-main\node_modules\next\dist\server\app-render\get-layer-assets.js'

npm warn tar TAR_ENTRY_ERROR ENOENT: no such file or directory, open 
'C:\Users\motaung\Desktop\Ark-main\Ark-main\node_modules\next\dist\esm\shared\lib\i18n\get-locale-redirect.js'

npm warn tar TAR_ENTRY_ERROR ENOENT: no such file or directory, open 
'C:\Users\motaung\Desktop\Ark-main\Ark-main\node_modules\next\dist\shared\lib\i18n\get-locale-redirect.js'

npm warn tar TAR_ENTRY_ERROR ENOENT: no such file or directory, open 
'C:\Users\motaung\Desktop\Ark-main\Ark-main\node_modules\next\dist\lib\metadata\get-metadata-route.js'

npm warn tar TAR_ENTRY_ERROR ENOENT: no such file or directory, open 'C:\Users\motaung\Desktop\Ark-main\Ark-main\node_m
odules\next\dist\esm\shared\lib\router\utils\get-next-pathname-info.js'

npm warn tar TAR_ENTRY_ERROR ENOENT: no such file or directory, open 
'C:\Users\motaung\Desktop\Ark-main\Ark-main\node_modules\next\dist\shared\lib\router\utils\get-next-pathname-info.js'

npm warn tar TAR_ENTRY_ERROR ENOENT: no such file or directory, open 
'C:\Users\motaung\Desktop\Ark-main\Ark-main\node_modules\es-abstract\2017\NumberToRawBytes.js'

npm warn tar TAR_ENTRY_ERROR ENOENT: no such file or directory, open 
'C:\Users\motaung\Desktop\Ark-main\Ark-main\node_modules\next\dist\esm\shared\lib\page-path\get-page-paths.js'

npm warn tar TAR_ENTRY_ERROR ENOENT: no such file or directory, open 
'C:\Users\motaung\Desktop\Ark-main\Ark-main\node_modules\next\dist\shared\lib\page-path\get-page-paths.js'

npm warn tar TAR_ENTRY_ERROR ENOENT: no such file or directory, open 
'C:\Users\motaung\Desktop\Ark-main\Ark-main\node_modules\next\dist\build\analysis\get-page-static-info.js'

npm warn tar TAR_ENTRY_ERROR ENOENT: no such file or directory, open 
'C:\Users\motaung\Desktop\Ark-main\Ark-main\node_modules\next\dist\esm\build\analysis\get-page-static-info.js'

npm warn tar TAR_ENTRY_ERROR ENOENT: no such file or directory, open 
'C:\Users\motaung\Desktop\Ark-main\Ark-main\node_modules\next\dist\esm\export\helpers\get-params.js'

npm warn tar TAR_ENTRY_ERROR ENOENT: no such file or directory, open 
'C:\Users\motaung\Desktop\Ark-main\Ark-main\node_modules\es-abstract\2015\ObjectCreate.js'

npm warn tar TAR_ENTRY_ERROR ENOENT: no such file or directory, open 
'C:\Users\motaung\Desktop\Ark-main\Ark-main\node_modules\next\dist\export\helpers\get-params.js'

npm warn tar TAR_ENTRY_ERROR ENOENT: no such file or directory, open 
'C:\Users\motaung\Desktop\Ark-main\Ark-main\node_modules\es-abstract\2016\ObjectCreate.js'

npm warn tar TAR_ENTRY_ERROR ENOENT: no such file or directory, open 
'C:\Users\motaung\Desktop\Ark-main\Ark-main\node_modules\es-abstract\2017\ObjectCreate.js'

npm warn tar TAR_ENTRY_ERROR ENOENT: no such file or directory, open 'C:\Users\motaung\Desktop\Ark-main\Ark-main\node_m
odules\next\dist\server\future\route-modules\app-route\helpers\get-pathname-from-absolute-path.js'

npm warn tar TAR_ENTRY_ERROR ENOENT: no such file or directory, open 
'C:\Users\motaung\Desktop\Ark-main\Ark-main\node_modules\es-abstract\2015\ObjectDefineProperties.js'

npm warn tar TAR_ENTRY_ERROR ENOENT: no such file or directory, open 
'C:\Users\motaung\Desktop\Ark-main\Ark-main\node_modules\es-abstract\2016\ObjectDefineProperties.js'

npm warn tar TAR_ENTRY_ERROR ENOENT: no such file or directory, open 
'C:\Users\motaung\Desktop\Ark-main\Ark-main\node_modules\es-abstract\2017\ObjectDefineProperties.js'

npm warn tar TAR_ENTRY_ERROR ENOENT: no such file or directory, open 
'C:\Users\motaung\Desktop\Ark-main\Ark-main\node_modules\next\dist\esm\server\app-render\get-preloadable-fonts.js'

npm warn tar TAR_ENTRY_ERROR ENOENT: no such file or directory, open 
'C:\Users\motaung\Desktop\Ark-main\Ark-main\node_modules\next\dist\server\app-render\get-preloadable-fonts.js'

npm warn tar TAR_ENTRY_ERROR ENOENT: no such file or directory, open 
'C:\Users\motaung\Desktop\Ark-main\Ark-main\node_modules\es-abstract\2015\OrdinaryCreateFromConstructor.js'

npm warn tar TAR_ENTRY_ERROR ENOENT: no such file or directory, open 
'C:\Users\motaung\Desktop\Ark-main\Ark-main\node_modules\es-abstract\2016\OrdinaryCreateFromConstructor.js'

npm warn tar TAR_ENTRY_ERROR ENOENT: no such file or directory, open 
'C:\Users\motaung\Desktop\Ark-main\Ark-main\node_modules\es-abstract\2017\OrdinaryCreateFromConstructor.js'

npm warn tar TAR_ENTRY_ERROR ENOENT: no such file or directory, open 'C:\Users\motaung\Desktop\Ark-main\Ark-main\node_m
odules\next\dist\esm\shared\lib\router\utils\get-route-from-asset-path.js'

npm warn tar TAR_ENTRY_ERROR ENOENT: no such file or directory, open 'C:\Users\motaung\Desktop\Ark-main\Ark-main\node_m
odules\next\dist\shared\lib\router\utils\get-route-from-asset-path.js'

npm warn tar TAR_ENTRY_ERROR ENOENT: no such file or directory, open 'C:\Users\motaung\Desktop\Ark-main\Ark-main\node_m
odules\next\dist\esm\server\app-render\get-script-nonce-from-header.js'

npm warn tar TAR_ENTRY_ERROR ENOENT: no such file or directory, open 
'C:\Users\motaung\Desktop\Ark-main\Ark-main\node_modules\next\dist\server\app-render\get-script-nonce-from-header.js'

npm warn tar TAR_ENTRY_ERROR ENOENT: no such file or directory, open 
'C:\Users\motaung\Desktop\Ark-main\Ark-main\node_modules\next\dist\esm\server\app-render\get-segment-param.js'

npm warn tar TAR_ENTRY_ERROR ENOENT: no such file or directory, open 
'C:\Users\motaung\Desktop\Ark-main\Ark-main\node_modules\next\dist\server\app-render\get-segment-param.js'

npm warn tar TAR_ENTRY_ERROR ENOENT: no such file or directory, open 'C:\Users\motaung\Desktop\Ark-main\Ark-main\node_m
odules\next\dist\client\components\router-reducer\reducers\get-segment-value.js'

npm warn tar TAR_ENTRY_ERROR ENOENT: no such file or directory, open 'C:\Users\motaung\Desktop\Ark-main\Ark-main\node_m
odules\next\dist\esm\client\components\router-reducer\reducers\get-segment-value.js'

npm warn tar TAR_ENTRY_ERROR ENOENT: no such file or directory, open 'C:\Users\motaung\Desktop\Ark-main\Ark-main\node_m
odules\next\dist\esm\server\app-render\get-short-dynamic-param-type.js'

npm warn tar TAR_ENTRY_ERROR ENOENT: no such file or directory, open 
'C:\Users\motaung\Desktop\Ark-main\Ark-main\node_modules\next\dist\server\app-render\get-short-dynamic-param-type.js'

npm warn tar TAR_ENTRY_ERROR ENOENT: no such file or directory, open 'C:\Users\motaung\Desktop\Ark-main\Ark-main\node_m
odules\next\dist\client\components\react-dev-overlay\internal\helpers\get-socket-url.js'

npm warn tar TAR_ENTRY_ERROR ENOENT: no such file or directory, lstat 
'C:\Users\motaung\Desktop\Ark-main\Ark-main\node_modules\next\dist\compiled\@babel\runtime\helpers'

npm warn tar TAR_ENTRY_ERROR ENOENT: no such file or directory, lstat 
'C:\Users\motaung\Desktop\Ark-main\Ark-main\node_modules\next\dist\compiled\@babel\runtime\helpers'

npm warn tar TAR_ENTRY_ERROR ENOENT: no such file or directory, open 'C:\Users\motaung\Desktop\Ark-main\Ark-main\node_m
odules\next\dist\client\components\react-dev-overlay\internal\helpers\getErrorByType.js'

npm warn tar TAR_ENTRY_ERROR ENOENT: no such file or directory, lstat 
'C:\Users\motaung\Desktop\Ark-main\Ark-main\node_modules\next\dist\compiled\@babel\runtime\helpers'

npm warn tar TAR_ENTRY_ERROR ENOENT: no such file or directory, lstat 
'C:\Users\motaung\Desktop\Ark-main\Ark-main\node_modules\next\dist\compiled\@babel\runtime\helpers'

npm warn tar TAR_ENTRY_ERROR ENOENT: no such file or directory, open 'C:\Users\motaung\Desktop\Ark-main\Ark-main\node_m
odules\next\dist\client\components\react-dev-overlay\internal\helpers\getRawSourceMap.js'

npm warn tar TAR_ENTRY_ERROR ENOENT: no such file or directory, open 'C:\Users\motaung\Desktop\Ark-main\Ark-main\node_m
odules\next\dist\client\components\react-dev-overlay\internal\helpers\getSourceMapUrl.js'

npm warn tar TAR_ENTRY_ERROR ENOENT: no such file or directory, open 
'C:\Users\motaung\Desktop\Ark-main\Ark-main\node_modules\es-abstract\2015\OrdinaryDefineOwnProperty.js'

npm warn tar TAR_ENTRY_ERROR ENOENT: no such file or directory, open 
'C:\Users\motaung\Desktop\Ark-main\Ark-main\node_modules\next\dist\esm\lib\typescript\getTypeScriptConfiguration.js'

npm warn tar TAR_ENTRY_ERROR ENOENT: no such file or directory, open 
'C:\Users\motaung\Desktop\Ark-main\Ark-main\node_modules\es-abstract\2016\OrdinaryDefineOwnProperty.js'

npm warn tar TAR_ENTRY_ERROR ENOENT: no such file or directory, open 
'C:\Users\motaung\Desktop\Ark-main\Ark-main\node_modules\next\dist\lib\typescript\getTypeScriptConfiguration.js'

npm warn tar TAR_ENTRY_ERROR ENOENT: no such file or directory, open 
'C:\Users\motaung\Desktop\Ark-main\Ark-main\node_modules\es-abstract\2017\OrdinaryDefineOwnProperty.js'

npm warn tar TAR_ENTRY_ERROR ENOENT: no such file or directory, open 
'C:\Users\motaung\Desktop\Ark-main\Ark-main\node_modules\next\dist\esm\lib\typescript\getTypeScriptIntent.js'

npm warn tar TAR_ENTRY_ERROR ENOENT: no such file or directory, open 
'C:\Users\motaung\Desktop\Ark-main\Ark-main\node_modules\next\dist\lib\typescript\getTypeScriptIntent.js'

npm warn tar TAR_ENTRY_ERROR ENOENT: no such file or directory, open 'C:\Users\motaung\Desktop\Ark-main\Ark-main\node_m
odules\next\dist\esm\build\webpack\loaders\css-loader\src\runtime\getUrl.js'

npm warn tar TAR_ENTRY_ERROR ENOENT: no such file or directory, open 
'C:\Users\motaung\Desktop\Ark-main\Ark-main\node_modules\next\dist\compiled\glob\glob.js'

npm warn tar TAR_ENTRY_ERROR ENOENT: no such file or directory, open 
'C:\Users\motaung\Desktop\Ark-main\Ark-main\node_modules\next\dist\server\web\globals.js'

npm warn tar TAR_ENTRY_ERROR ENOENT: no such file or directory, open 
'C:\Users\motaung\Desktop\Ark-main\Ark-main\node_modules\next\dist\compiled\webpack\GraphHelpers.js'

npm warn tar TAR_ENTRY_ERROR ENOENT: no such file or directory, open 'C:\Users\motaung\Desktop\Ark-main\Ark-main\node_m
odules\next\dist\client\components\react-dev-overlay\internal\helpers\group-stack-frames-by-framework.js'

npm warn tar TAR_ENTRY_ERROR ENOENT: no such file or directory, open 'C:\Users\motaung\Desktop\Ark-main\Ark-main\node_m
odules\next\dist\esm\client\components\react-dev-overlay\internal\container\RuntimeError\GroupedStackFrames.js'

npm warn tar TAR_ENTRY_ERROR ENOENT: no such file or directory, open 
'C:\Users\motaung\Desktop\Ark-main\Ark-main\node_modules\es-abstract\2015\OrdinaryGetOwnProperty.js'

npm warn tar TAR_ENTRY_ERROR ENOENT: no such file or directory, open 
'C:\Users\motaung\Desktop\Ark-main\Ark-main\node_modules\es-abstract\2016\OrdinaryGetOwnProperty.js'

npm warn tar TAR_ENTRY_ERROR ENOENT: no such file or directory, open 
'C:\Users\motaung\Desktop\Ark-main\Ark-main\node_modules\es-abstract\2017\OrdinaryGetOwnProperty.js'

npm warn tar TAR_ENTRY_ERROR ENOENT: no such file or directory, open 
'C:\Users\motaung\Desktop\Ark-main\Ark-main\node_modules\next\dist\client\components\router-reducer\handle-mutable.js'

npm warn tar TAR_ENTRY_ERROR ENOENT: no such file or directory, open 'C:\Users\motaung\Desktop\Ark-main\Ark-main\node_m
odules\next\dist\esm\client\components\router-reducer\handle-mutable.js'

npm warn tar TAR_ENTRY_ERROR ENOENT: no such file or directory, open 'C:\Users\motaung\Desktop\Ark-main\Ark-main\node_m
odules\next\dist\client\components\router-reducer\handle-segment-mismatch.js'

npm warn tar TAR_ENTRY_ERROR ENOENT: no such file or directory, open 'C:\Users\motaung\Desktop\Ark-main\Ark-main\node_m
odules\next\dist\esm\client\components\router-reducer\handle-segment-mismatch.js'

npm warn tar TAR_ENTRY_ERROR ENOENT: no such file or directory, open 
'C:\Users\motaung\Desktop\Ark-main\Ark-main\node_modules\next\dist\esm\shared\lib\router\utils\handle-smooth-scroll.js'

npm warn tar TAR_ENTRY_ERROR ENOENT: no such file or directory, open 
'C:\Users\motaung\Desktop\Ark-main\Ark-main\node_modules\next\dist\shared\lib\router\utils\handle-smooth-scroll.js'

npm warn tar TAR_ENTRY_ERROR ENOENT: no such file or directory, open 'C:\Users\motaung\Desktop\Ark-main\Ark-main\node_m
odules\next\dist\client\components\router-reducer\reducers\has-interception-route-in-current-tree.js'

npm warn tar TAR_ENTRY_ERROR ENOENT: no such file or directory, open 'C:\Users\motaung\Desktop\Ark-main\Ark-main\node_m
odules\next\dist\esm\client\components\router-reducer\reducers\has-interception-route-in-current-tree.js'

npm warn tar TAR_ENTRY_ERROR ENOENT: no such file or directory, open 'C:\Users\motaung\Desktop\Ark-main\Ark-main\node_m
odules\next\dist\esm\server\app-render\has-loading-component-in-tree.js'

npm warn tar TAR_ENTRY_ERROR ENOENT: no such file or directory, open 
'C:\Users\motaung\Desktop\Ark-main\Ark-main\node_modules\next\dist\server\app-render\has-loading-component-in-tree.js'

npm warn tar TAR_ENTRY_ERROR ENOENT: no such file or directory, open 
'C:\Users\motaung\Desktop\Ark-main\Ark-main\node_modules\next\dist\esm\lib\eslint\hasEslintConfiguration.js'

npm warn tar TAR_ENTRY_ERROR ENOENT: no such file or directory, open 
'C:\Users\motaung\Desktop\Ark-main\Ark-main\node_modules\next\dist\lib\eslint\hasEslintConfiguration.js'

npm warn tar TAR_ENTRY_ERROR ENOENT: no such file or directory, open 'C:\Users\motaung\Desktop\Ark-main\Ark-main\node_m
odules\next\dist\esm\server\future\route-modules\app-page\vendored\contexts\head-manager-context.js'

npm warn tar TAR_ENTRY_ERROR ENOENT: no such file or directory, open 
'C:\Users\motaung\Desktop\Ark-main\Ark-main\node_modules\es-abstract\2016\OrdinaryGetPrototypeOf.js'

npm warn tar TAR_ENTRY_ERROR ENOENT: no such file or directory, open 'C:\Users\motaung\Desktop\Ark-main\Ark-main\node_m
odules\next\dist\esm\server\future\route-modules\pages\vendored\contexts\head-manager-context.js'

npm warn tar TAR_ENTRY_ERROR ENOENT: no such file or directory, open 
'C:\Users\motaung\Desktop\Ark-main\Ark-main\node_modules\es-abstract\2017\OrdinaryGetPrototypeOf.js'

npm warn tar TAR_ENTRY_ERROR ENOENT: no such file or directory, open 'C:\Users\motaung\Desktop\Ark-main\Ark-main\node_m
odules\next\dist\server\future\route-modules\app-page\vendored\contexts\head-manager-context.js'

npm warn tar TAR_ENTRY_ERROR ENOENT: no such file or directory, open 'C:\Users\motaung\Desktop\Ark-main\Ark-main\node_m
odules\next\dist\server\future\route-modules\pages\vendored\contexts\head-manager-context.js'

npm warn tar TAR_ENTRY_ERROR ENOENT: no such file or directory, open 
'C:\Users\motaung\Desktop\Ark-main\Ark-main\node_modules\es-abstract\2015\OrdinaryHasInstance.js'

npm warn tar TAR_ENTRY_ERROR ENOENT: no such file or directory, open 
'C:\Users\motaung\Desktop\Ark-main\Ark-main\node_modules\es-abstract\2016\OrdinaryHasInstance.js'

npm warn tar TAR_ENTRY_ERROR ENOENT: no such file or directory, open 
'C:\Users\motaung\Desktop\Ark-main\Ark-main\node_modules\es-abstract\2017\OrdinaryHasInstance.js'

npm warn tar TAR_ENTRY_ERROR ENOENT: no such file or directory, open 
'C:\Users\motaung\Desktop\Ark-main\Ark-main\node_modules\next\dist\esm\api\head.js'

npm warn tar TAR_ENTRY_ERROR ENOENT: no such file or directory, open 
'C:\Users\motaung\Desktop\Ark-main\Ark-main\node_modules\es-abstract\2015\OrdinaryHasProperty.js'

npm warn tar TAR_ENTRY_ERROR ENOENT: no such file or directory, open 
'C:\Users\motaung\Desktop\Ark-main\Ark-main\node_modules\es-abstract\2016\OrdinaryHasProperty.js'

npm warn tar TAR_ENTRY_ERROR ENOENT: no such file or directory, open 
'C:\Users\motaung\Desktop\Ark-main\Ark-main\node_modules\es-abstract\2017\OrdinaryHasProperty.js'

npm warn tar TAR_ENTRY_ERROR ENOENT: no such file or directory, open 
'C:\Users\motaung\Desktop\Ark-main\Ark-main\node_modules\next\dist\esm\api\headers.js'

npm warn tar TAR_ENTRY_ERROR ENOENT: no such file or directory, lstat 
'C:\Users\motaung\Desktop\Ark-main\Ark-main\node_modules\next\dist\esm\server\web\spec-extension\adapters'

npm warn tar TAR_ENTRY_ERROR ENOENT: no such file or directory, lstat 
'C:\Users\motaung\Desktop\Ark-main\Ark-main\node_modules\next\dist\server\web\spec-extension\adapters'

npm warn tar TAR_ENTRY_ERROR ENOENT: no such file or directory, open 
'C:\Users\motaung\Desktop\Ark-main\Ark-main\node_modules\next\dist\build\templates\helpers.js'

npm warn tar TAR_ENTRY_ERROR ENOENT: no such file or directory, open 
'C:\Users\motaung\Desktop\Ark-main\Ark-main\node_modules\next\dist\build\turborepo-access-trace\helpers.js'

npm warn tar TAR_ENTRY_ERROR ENOENT: no such file or directory, open 
'C:\Users\motaung\Desktop\Ark-main\Ark-main\node_modules\next\dist\esm\build\templates\helpers.js'

npm warn tar TAR_ENTRY_ERROR ENOENT: no such file or directory, open 
'C:\Users\motaung\Desktop\Ark-main\Ark-main\node_modules\next\dist\esm\build\turborepo-access-trace\helpers.js'

npm warn tar TAR_ENTRY_ERROR ENOENT: no such file or directory, open 'C:\Users\motaung\Desktop\Ark-main\Ark-main\node_m
odules\next\dist\esm\server\future\route-modules\app-page\vendored\contexts\hooks-client-context.js'

npm warn tar TAR_ENTRY_ERROR ENOENT: no such file or directory, open 'C:\Users\motaung\Desktop\Ark-main\Ark-main\node_m
odules\next\dist\esm\server\future\route-modules\pages\vendored\contexts\hooks-client-context.js'

npm warn tar TAR_ENTRY_ERROR ENOENT: no such file or directory, open 'C:\Users\motaung\Desktop\Ark-main\Ark-main\node_m
odules\next\dist\server\future\route-modules\app-page\vendored\contexts\hooks-client-context.js'

npm warn tar TAR_ENTRY_ERROR ENOENT: no such file or directory, open 'C:\Users\motaung\Desktop\Ark-main\Ark-main\node_m
odules\next\dist\server\future\route-modules\pages\vendored\contexts\hooks-client-context.js'

npm warn tar TAR_ENTRY_ERROR ENOENT: no such file or directory, open 
'C:\Users\motaung\Desktop\Ark-main\Ark-main\node_modules\es-abstract\2016\OrdinarySetPrototypeOf.js'

npm warn tar TAR_ENTRY_ERROR ENOENT: no such file or directory, open 
'C:\Users\motaung\Desktop\Ark-main\Ark-main\node_modules\es-abstract\2017\OrdinarySetPrototypeOf.js'

npm warn tar TAR_ENTRY_ERROR ENOENT: no such file or directory, open 
'C:\Users\motaung\Desktop\Ark-main\Ark-main\node_modules\next\dist\esm\client\dev\hot-middleware-client.js'

npm warn tar TAR_ENTRY_ERROR ENOENT: no such file or directory, open 
'C:\Users\motaung\Desktop\Ark-main\Ark-main\node_modules\next\dist\esm\server\dev\hot-middleware.js'

npm warn tar TAR_ENTRY_ERROR ENOENT: no such file or directory, open 
'C:\Users\motaung\Desktop\Ark-main\Ark-main\node_modules\next\dist\server\dev\hot-middleware.js'

npm warn tar TAR_ENTRY_ERROR ENOENT: no such file or directory, open 'C:\Users\motaung\Desktop\Ark-main\Ark-main\node_m
odules\next\dist\client\components\react-dev-overlay\pages\hot-reloader-client.js'

npm warn tar TAR_ENTRY_ERROR ENOENT: no such file or directory, open 'C:\Users\motaung\Desktop\Ark-main\Ark-main\node_m
odules\next\dist\esm\client\components\react-dev-overlay\pages\hot-reloader-client.js'

npm warn tar TAR_ENTRY_ERROR ENOENT: no such file or directory, open 
'C:\Users\motaung\Desktop\Ark-main\Ark-main\node_modules\next\dist\esm\server\dev\hot-reloader-turbopack.js'

npm warn tar TAR_ENTRY_ERROR ENOENT: no such file or directory, open 
'C:\Users\motaung\Desktop\Ark-main\Ark-main\node_modules\next\dist\server\dev\hot-reloader-turbopack.js'

npm warn tar TAR_ENTRY_ERROR ENOENT: no such file or directory, open 
'C:\Users\motaung\Desktop\Ark-main\Ark-main\node_modules\next\dist\esm\server\dev\hot-reloader-types.js'

npm warn tar TAR_ENTRY_ERROR ENOENT: no such file or directory, open 
'C:\Users\motaung\Desktop\Ark-main\Ark-main\node_modules\next\dist\server\dev\hot-reloader-types.js'

npm warn tar TAR_ENTRY_ERROR ENOENT: no such file or directory, open 
'C:\Users\motaung\Desktop\Ark-main\Ark-main\node_modules\next\dist\esm\server\dev\hot-reloader-webpack.js'

npm warn tar TAR_ENTRY_ERROR ENOENT: no such file or directory, open 
'C:\Users\motaung\Desktop\Ark-main\Ark-main\node_modules\next\dist\server\dev\hot-reloader-webpack.js'

npm warn tar TAR_ENTRY_ERROR ENOENT: no such file or directory, lstat 
'C:\Users\motaung\Desktop\Ark-main\Ark-main\node_modules\next\dist\compiled\mini-css-extract-plugin\hmr'

npm warn tar TAR_ENTRY_ERROR ENOENT: no such file or directory, open 
'C:\Users\motaung\Desktop\Ark-main\Ark-main\node_modules\next\dist\compiled\webpack\HotModuleReplacement.runtime.js'

npm warn tar TAR_ENTRY_ERROR ENOENT: no such file or directory, open 'C:\Users\motaung\Desktop\Ark-main\Ark-main\node_m
odules\next\dist\esm\server\future\route-modules\app-page\vendored\contexts\html-context.js'

npm warn tar TAR_ENTRY_ERROR ENOENT: no such file or directory, open 'C:\Users\motaung\Desktop\Ark-main\Ark-main\node_m
odules\next\dist\esm\server\future\route-modules\pages\vendored\contexts\html-context.js'

npm warn tar TAR_ENTRY_ERROR ENOENT: no such file or directory, open 'C:\Users\motaung\Desktop\Ark-main\Ark-main\node_m
odules\next\dist\server\future\route-modules\app-page\vendored\contexts\html-context.js'

npm warn tar TAR_ENTRY_ERROR ENOENT: no such file or directory, open 'C:\Users\motaung\Desktop\Ark-main\Ark-main\node_m
odules\next\dist\server\future\route-modules\pages\vendored\contexts\html-context.js'

npm warn tar TAR_ENTRY_ERROR ENOENT: no such file or directory, open 
'C:\Users\motaung\Desktop\Ark-main\Ark-main\node_modules\es-abstract\2017\OrdinaryToPrimitive.js'

npm warn tar TAR_ENTRY_ERROR ENOENT: no such file or directory, open 
'C:\Users\motaung\Desktop\Ark-main\Ark-main\node_modules\next\dist\server\web\http.js'

npm warn tar TAR_ENTRY_ERROR ENOENT: no such file or directory, open 
'C:\Users\motaung\Desktop\Ark-main\Ark-main\node_modules\next\dist\experimental\testmode\httpget.js'

npm warn tar TAR_ENTRY_ERROR ENOENT: no such file or directory, open 'C:\Users\motaung\Desktop\Ark-main\Ark-main\node_m
odules\next\dist\client\components\react-dev-overlay\internal\helpers\hydration-error-info.js'

npm warn tar TAR_ENTRY_ERROR ENOENT: no such file or directory, open 
'C:\Users\motaung\Desktop\Ark-main\Ark-main\node_modules\next\dist\esm\lib\metadata\generate\icons.js'

npm warn tar TAR_ENTRY_ERROR ENOENT: no such file or directory, open 
'C:\Users\motaung\Desktop\Ark-main\Ark-main\node_modules\next\dist\lib\metadata\generate\icons.js'

npm warn tar TAR_ENTRY_ERROR ENOENT: no such file or directory, lstat 
'C:\Users\motaung\Desktop\Ark-main\Ark-main\node_modules\next\dist\compiled\@babel\runtime\helpers'

npm warn tar TAR_ENTRY_ERROR ENOENT: no such file or directory, lstat 
'C:\Users\motaung\Desktop\Ark-main\Ark-main\node_modules\next\dist\compiled\@babel\runtime\helpers'

npm warn tar TAR_ENTRY_ERROR ENOENT: no such file or directory, open 
'C:\Users\motaung\Desktop\Ark-main\Ark-main\node_modules\next\dist\esm\server\lib\squoosh\image_data.js'

npm warn tar TAR_ENTRY_ERROR ENOENT: no such file or directory, open 
'C:\Users\motaung\Desktop\Ark-main\Ark-main\node_modules\next\dist\server\lib\squoosh\image_data.js'

npm warn tar TAR_ENTRY_ERROR ENOENT: no such file or directory, open 'C:\Users\motaung\Desktop\Ark-main\Ark-main\node_m
odules\next\dist\esm\server\future\route-modules\app-page\vendored\contexts\image-config-context.js'

npm warn tar TAR_ENTRY_ERROR ENOENT: no such file or directory, open 'C:\Users\motaung\Desktop\Ark-main\Ark-main\node_m
odules\next\dist\esm\server\future\route-modules\pages\vendored\contexts\image-config-context.js'

npm warn tar TAR_ENTRY_ERROR ENOENT: no such file or directory, open 'C:\Users\motaung\Desktop\Ark-main\Ark-main\node_m
odules\next\dist\server\future\route-modules\app-page\vendored\contexts\image-config-context.js'

npm warn tar TAR_ENTRY_ERROR ENOENT: no such file or directory, open 'C:\Users\motaung\Desktop\Ark-main\Ark-main\node_m
odules\next\dist\server\future\route-modules\pages\vendored\contexts\image-config-context.js'

npm warn tar TAR_ENTRY_ERROR ENOENT: no such file or directory, open 
'C:\Users\motaung\Desktop\Ark-main\Ark-main\node_modules\es-abstract\2015\QuoteJSONString.js'

npm warn tar TAR_ENTRY_ERROR ENOENT: no such file or directory, open 
'C:\Users\motaung\Desktop\Ark-main\Ark-main\node_modules\es-abstract\2016\QuoteJSONString.js'

npm warn tar TAR_ENTRY_ERROR ENOENT: no such file or directory, open 
'C:\Users\motaung\Desktop\Ark-main\Ark-main\node_modules\es-abstract\2017\QuoteJSONString.js'

npm warn tar TAR_ENTRY_ERROR ENOENT: no such file or directory, open 
'C:\Users\motaung\Desktop\Ark-main\Ark-main\node_modules\next\dist\esm\server\web\spec-extension\image-response.js'

npm warn tar TAR_ENTRY_ERROR ENOENT: no such file or directory, open 
'C:\Users\motaung\Desktop\Ark-main\Ark-main\node_modules\next\dist\server\web\spec-extension\image-response.js'

npm warn tar TAR_ENTRY_ERROR ENOENT: no such file or directory, open 
'C:\Users\motaung\Desktop\Ark-main\Ark-main\node_modules\next\dist\esm\api\image.js'

npm warn tar TAR_ENTRY_ERROR ENOENT: no such file or directory, open 
'C:\Users\motaung\Desktop\Ark-main\Ark-main\node_modules\es-abstract\2017\RawBytesToNumber.js'

npm warn tar TAR_ENTRY_ERROR ENOENT: no such file or directory, open 
'C:\Users\motaung\Desktop\Ark-main\Ark-main\node_modules\next\dist\esm\server\lib\squoosh\impl.js'

npm warn tar TAR_ENTRY_ERROR ENOENT: no such file or directory, open 
'C:\Users\motaung\Desktop\Ark-main\Ark-main\node_modules\next\dist\server\lib\squoosh\impl.js'

npm warn tar TAR_ENTRY_ERROR ENOENT: no such file or directory, open 
'C:\Users\motaung\Desktop\Ark-main\Ark-main\node_modules\next\dist\build\polyfills\object.assign\implementation.js'

npm warn tar TAR_ENTRY_ERROR ENOENT: no such file or directory, open 
'C:\Users\motaung\Desktop\Ark-main\Ark-main\node_modules\next\dist\esm\build\polyfills\object.assign\implementation.js'

npm warn tar TAR_ENTRY_ERROR ENOENT: no such file or directory, open 
'C:\Users\motaung\Desktop\Ark-main\Ark-main\node_modules\es-abstract\2015\RegExpCreate.js'

npm warn tar TAR_ENTRY_ERROR ENOENT: no such file or directory, open 
'C:\Users\motaung\Desktop\Ark-main\Ark-main\node_modules\es-abstract\2016\RegExpCreate.js'

npm warn tar TAR_ENTRY_ERROR ENOENT: no such file or directory, open 
'C:\Users\motaung\Desktop\Ark-main\Ark-main\node_modules\es-abstract\2017\RegExpCreate.js'

npm warn tar TAR_ENTRY_ERROR ENOENT: no such file or directory, open 
'C:\Users\motaung\Desktop\Ark-main\Ark-main\node_modules\next\dist\compiled\@vercel\og\index.edge.js'

npm warn tar TAR_ENTRY_ERROR ENOENT: no such file or directory, open 
'C:\Users\motaung\Desktop\Ark-main\Ark-main\node_modules\es-abstract\2015\RegExpExec.js'

npm warn tar TAR_ENTRY_ERROR ENOENT: no such file or directory, open 
'C:\Users\motaung\Desktop\Ark-main\Ark-main\node_modules\es-abstract\2016\RegExpExec.js'

npm warn tar TAR_ENTRY_ERROR ENOENT: no such file or directory, open 
'C:\Users\motaung\Desktop\Ark-main\Ark-main\node_modules\es-abstract\2017\RegExpExec.js'

npm warn tar TAR_ENTRY_ERROR ENOENT: no such file or directory, open 
'C:\Users\motaung\Desktop\Ark-main\Ark-main\node_modules\next\dist\build\polyfills\object.assign\index.js'

npm warn tar TAR_ENTRY_ERROR ENOENT: no such file or directory, open 
'C:\Users\motaung\Desktop\Ark-main\Ark-main\node_modules\next\dist\build\turborepo-access-trace\index.js'

npm warn tar TAR_ENTRY_ERROR ENOENT: no such file or directory, open 
'C:\Users\motaung\Desktop\Ark-main\Ark-main\node_modules\next\dist\build\webpack\loaders\next-flight-loader\index.js'

npm warn tar TAR_ENTRY_ERROR ENOENT: no such file or directory, open 
'C:\Users\motaung\Desktop\Ark-main\Ark-main\node_modules\next\dist\build\webpack\loaders\next-image-loader\index.js'

npm warn tar TAR_ENTRY_ERROR ENOENT: no such file or directory, open 
'C:\Users\motaung\Desktop\Ark-main\Ark-main\node_modules\next\dist\build\webpack\loaders\postcss-loader\src\index.js'

npm warn tar TAR_ENTRY_ERROR ENOENT: no such file or directory, open 
'C:\Users\motaung\Desktop\Ark-main\Ark-main\node_modules\es-abstract\2015\RequireObjectCoercible.js'

npm warn tar TAR_ENTRY_ERROR ENOENT: no such file or directory, open 
'C:\Users\motaung\Desktop\Ark-main\Ark-main\node_modules\es-abstract\2016\RequireObjectCoercible.js'

npm warn tar TAR_ENTRY_ERROR ENOENT: no such file or directory, open 
'C:\Users\motaung\Desktop\Ark-main\Ark-main\node_modules\es-abstract\2017\RequireObjectCoercible.js'

npm warn tar TAR_ENTRY_ERROR ENOENT: no such file or directory, open 'C:\Users\motaung\Desktop\Ark-main\Ark-main\node_m
odules\next\dist\client\components\react-dev-overlay\internal\components\Dialog\index.js'

npm warn tar TAR_ENTRY_ERROR ENOENT: no such file or directory, open 
'C:\Users\motaung\Desktop\Ark-main\Ark-main\node_modules\es-abstract\2015\SameValue.js'

npm warn tar TAR_ENTRY_ERROR ENOENT: no such file or directory, open 
'C:\Users\motaung\Desktop\Ark-main\Ark-main\node_modules\es-abstract\2016\SameValue.js'

npm warn tar TAR_ENTRY_ERROR ENOENT: no such file or directory, open 
'C:\Users\motaung\Desktop\Ark-main\Ark-main\node_modules\es-abstract\2017\SameValue.js'

npm warn tar TAR_ENTRY_ERROR ENOENT: no such file or directory, open 'C:\Users\motaung\Desktop\Ark-main\Ark-main\node_m
odules\next\dist\client\components\react-dev-overlay\internal\components\Overlay\index.js'

npm warn tar TAR_ENTRY_ERROR ENOENT: no such file or directory, open 'C:\Users\motaung\Desktop\Ark-main\Ark-main\node_m
odules\next\dist\client\components\react-dev-overlay\internal\components\Terminal\index.js'

npm warn tar TAR_ENTRY_ERROR ENOENT: no such file or directory, open 
'C:\Users\motaung\Desktop\Ark-main\Ark-main\node_modules\es-abstract\2016\SameValueNonNumber.js'

npm warn tar TAR_ENTRY_ERROR ENOENT: no such file or directory, open 
'C:\Users\motaung\Desktop\Ark-main\Ark-main\node_modules\es-abstract\2017\SameValueNonNumber.js'

npm warn tar TAR_ENTRY_ERROR ENOENT: no such file or directory, lstat 
'C:\Users\motaung\Desktop\Ark-main\Ark-main\node_modules\next\dist\compiled\@babel\runtime\regenerator'

npm warn tar TAR_ENTRY_ERROR ENOENT: no such file or directory, open 
'C:\Users\motaung\Desktop\Ark-main\Ark-main\node_modules\es-abstract\2015\SameValueZero.js'

npm warn tar TAR_ENTRY_ERROR ENOENT: no such file or directory, open 
'C:\Users\motaung\Desktop\Ark-main\Ark-main\node_modules\es-abstract\2016\SameValueZero.js'

npm warn tar TAR_ENTRY_ERROR ENOENT: no such file or directory, open 
'C:\Users\motaung\Desktop\Ark-main\Ark-main\node_modules\es-abstract\2017\SameValueZero.js'

npm warn tar TAR_ENTRY_ERROR ENOENT: no such file or directory, open 
'C:\Users\motaung\Desktop\Ark-main\Ark-main\node_modules\next\dist\compiled\@edge-runtime\primitives\index.js'

npm warn tar TAR_ENTRY_ERROR ENOENT: no such file or directory, open 
'C:\Users\motaung\Desktop\Ark-main\Ark-main\node_modules\next\dist\compiled\@mswjs\interceptors\ClientRequest\index.js'

npm warn tar TAR_ENTRY_ERROR ENOENT: no such file or directory, open 
'C:\Users\motaung\Desktop\Ark-main\Ark-main\node_modules\next\dist\compiled\@napi-rs\triples\index.js'

npm warn tar TAR_ENTRY_ERROR ENOENT: no such file or directory, open 
'C:\Users\motaung\Desktop\Ark-main\Ark-main\node_modules\es-abstract\2015\SecFromTime.js'

npm warn tar TAR_ENTRY_ERROR ENOENT: no such file or directory, open 
'C:\Users\motaung\Desktop\Ark-main\Ark-main\node_modules\es-abstract\2016\SecFromTime.js'

npm warn tar TAR_ENTRY_ERROR ENOENT: no such file or directory, open 
'C:\Users\motaung\Desktop\Ark-main\Ark-main\node_modules\es-abstract\2017\SecFromTime.js'

npm warn tar TAR_ENTRY_ERROR ENOENT: no such file or directory, open 
'C:\Users\motaung\Desktop\Ark-main\Ark-main\node_modules\next\dist\compiled\@opentelemetry\api\index.js'

npm warn tar TAR_ENTRY_ERROR ENOENT: no such file or directory, open 
'C:\Users\motaung\Desktop\Ark-main\Ark-main\node_modules\next\dist\compiled\@vercel\nft\index.js'

npm warn tar TAR_ENTRY_ERROR ENOENT: no such file or directory, open 
'C:\Users\motaung\Desktop\Ark-main\Ark-main\node_modules\next\dist\compiled\anser\index.js'

npm warn tar TAR_ENTRY_ERROR ENOENT: no such file or directory, open 
'C:\Users\motaung\Desktop\Ark-main\Ark-main\node_modules\es-abstract\2015\Set.js'

npm warn tar TAR_ENTRY_ERROR ENOENT: no such file or directory, open 
'C:\Users\motaung\Desktop\Ark-main\Ark-main\node_modules\es-abstract\2016\Set.js'

npm warn tar TAR_ENTRY_ERROR ENOENT: no such file or directory, open 
'C:\Users\motaung\Desktop\Ark-main\Ark-main\node_modules\es-abstract\2017\Set.js'

npm warn tar TAR_ENTRY_ERROR ENOENT: no such file or directory, open 
'C:\Users\motaung\Desktop\Ark-main\Ark-main\node_modules\next\dist\compiled\browserify-zlib\index.js'

npm warn tar TAR_ENTRY_ERROR ENOENT: no such file or directory, open 
'C:\Users\motaung\Desktop\Ark-main\Ark-main\node_modules\next\dist\compiled\browserslist\index.js'

npm warn tar TAR_ENTRY_ERROR ENOENT: no such file or directory, open 
'C:\Users\motaung\Desktop\Ark-main\Ark-main\node_modules\next\dist\compiled\buffer\index.js'

npm warn tar TAR_ENTRY_ERROR ENOENT: no such file or directory, open 
'C:\Users\motaung\Desktop\Ark-main\Ark-main\node_modules\next\dist\compiled\bytes\index.js'

npm warn tar TAR_ENTRY_ERROR ENOENT: no such file or directory, open 
'C:\Users\motaung\Desktop\Ark-main\Ark-main\node_modules\next\dist\compiled\ci-info\index.js'

npm warn tar TAR_ENTRY_ERROR ENOENT: no such file or directory, open 
'C:\Users\motaung\Desktop\Ark-main\Ark-main\node_modules\next\dist\compiled\cli-select\index.js'

npm warn tar TAR_ENTRY_ERROR ENOENT: no such file or directory, open 
'C:\Users\motaung\Desktop\Ark-main\Ark-main\node_modules\next\dist\compiled\client-only\index.js'

npm warn tar TAR_ENTRY_ERROR ENOENT: no such file or directory, open 
'C:\Users\motaung\Desktop\Ark-main\Ark-main\node_modules\next\dist\compiled\commander\index.js'

npm warn tar TAR_ENTRY_ERROR ENOENT: no such file or directory, open 
'C:\Users\motaung\Desktop\Ark-main\Ark-main\node_modules\next\dist\compiled\comment-json\index.js'

npm warn tar TAR_ENTRY_ERROR ENOENT: no such file or directory, open 
'C:\Users\motaung\Desktop\Ark-main\Ark-main\node_modules\next\dist\compiled\compression\index.js'

npm warn tar TAR_ENTRY_ERROR ENOENT: no such file or directory, open 
'C:\Users\motaung\Desktop\Ark-main\Ark-main\node_modules\next\dist\compiled\conf\index.js'

npm warn tar TAR_ENTRY_ERROR ENOENT: no such file or directory, open 
'C:\Users\motaung\Desktop\Ark-main\Ark-main\node_modules\next\dist\compiled\content-disposition\index.js'

npm warn tar TAR_ENTRY_ERROR ENOENT: no such file or directory, open 
'C:\Users\motaung\Desktop\Ark-main\Ark-main\node_modules\next\dist\compiled\content-type\index.js'

npm warn tar TAR_ENTRY_ERROR ENOENT: no such file or directory, open 
'C:\Users\motaung\Desktop\Ark-main\Ark-main\node_modules\next\dist\compiled\cookie\index.js'

npm warn tar TAR_ENTRY_ERROR ENOENT: no such file or directory, open 
'C:\Users\motaung\Desktop\Ark-main\Ark-main\node_modules\next\dist\compiled\cross-spawn\index.js'

npm warn tar TAR_ENTRY_ERROR ENOENT: no such file or directory, open 
'C:\Users\motaung\Desktop\Ark-main\Ark-main\node_modules\next\dist\compiled\crypto-browserify\index.js'

npm warn tar TAR_ENTRY_ERROR ENOENT: no such file or directory, open 
'C:\Users\motaung\Desktop\Ark-main\Ark-main\node_modules\next\dist\compiled\debug\index.js'

npm warn tar TAR_ENTRY_ERROR ENOENT: no such file or directory, open 
'C:\Users\motaung\Desktop\Ark-main\Ark-main\node_modules\next\dist\compiled\find-cache-dir\index.js'

npm warn tar TAR_ENTRY_ERROR ENOENT: no such file or directory, open 
'C:\Users\motaung\Desktop\Ark-main\Ark-main\node_modules\next\dist\compiled\find-up\index.js'

npm warn tar TAR_ENTRY_ERROR ENOENT: no such file or directory, open 
'C:\Users\motaung\Desktop\Ark-main\Ark-main\node_modules\next\dist\compiled\fresh\index.js'

npm warn tar TAR_ENTRY_ERROR ENOENT: no such file or directory, open 
'C:\Users\motaung\Desktop\Ark-main\Ark-main\node_modules\next\dist\compiled\get-orientation\index.js'

npm warn tar TAR_ENTRY_ERROR ENOENT: no such file or directory, open 
'C:\Users\motaung\Desktop\Ark-main\Ark-main\node_modules\next\dist\compiled\gzip-size\index.js'

npm warn tar TAR_ENTRY_ERROR ENOENT: no such file or directory, open 
'C:\Users\motaung\Desktop\Ark-main\Ark-main\node_modules\next\dist\compiled\http-proxy\index.js'

npm warn tar TAR_ENTRY_ERROR ENOENT: no such file or directory, open 
'C:\Users\motaung\Desktop\Ark-main\Ark-main\node_modules\next\dist\compiled\https-browserify\index.js'

npm warn tar TAR_ENTRY_ERROR ENOENT: no such file or directory, open 
'C:\Users\motaung\Desktop\Ark-main\Ark-main\node_modules\next\dist\compiled\ignore-loader\index.js'

npm warn tar TAR_ENTRY_ERROR ENOENT: no such file or directory, open 
'C:\Users\motaung\Desktop\Ark-main\Ark-main\node_modules\next\dist\compiled\image-size\index.js'

npm warn tar TAR_ENTRY_ERROR ENOENT: no such file or directory, open 
'C:\Users\motaung\Desktop\Ark-main\Ark-main\node_modules\next\dist\compiled\is-docker\index.js'

npm warn tar TAR_ENTRY_ERROR ENOENT: no such file or directory, open 
'C:\Users\motaung\Desktop\Ark-main\Ark-main\node_modules\next\dist\compiled\is-wsl\index.js'

npm warn tar TAR_ENTRY_ERROR ENOENT: no such file or directory, open 
'C:\Users\motaung\Desktop\Ark-main\Ark-main\node_modules\next\dist\compiled\jest-worker\index.js'

npm warn tar TAR_ENTRY_ERROR ENOENT: no such file or directory, open 
'C:\Users\motaung\Desktop\Ark-main\Ark-main\node_modules\next\dist\compiled\jsonwebtoken\index.js'

npm warn tar TAR_ENTRY_ERROR ENOENT: no such file or directory, open 
'C:\Users\motaung\Desktop\Ark-main\Ark-main\node_modules\next\dist\compiled\loader-utils2\index.js'

npm warn tar TAR_ENTRY_ERROR ENOENT: no such file or directory, open 
'C:\Users\motaung\Desktop\Ark-main\Ark-main\node_modules\next\dist\compiled\loader-utils3\index.js'

npm warn tar TAR_ENTRY_ERROR ENOENT: no such file or directory, open 
'C:\Users\motaung\Desktop\Ark-main\Ark-main\node_modules\next\dist\compiled\lodash.curry\index.js'

npm warn tar TAR_ENTRY_ERROR ENOENT: no such file or directory, open 
'C:\Users\motaung\Desktop\Ark-main\Ark-main\node_modules\next\dist\compiled\lru-cache\index.js'

npm warn tar TAR_ENTRY_ERROR ENOENT: no such file or directory, open 
'C:\Users\motaung\Desktop\Ark-main\Ark-main\node_modules\next\dist\compiled\mini-css-extract-plugin\index.js'

npm warn tar TAR_ENTRY_ERROR ENOENT: no such file or directory, open 
'C:\Users\motaung\Desktop\Ark-main\Ark-main\node_modules\next\dist\compiled\native-url\index.js'

npm warn tar TAR_ENTRY_ERROR ENOENT: no such file or directory, open 
'C:\Users\motaung\Desktop\Ark-main\Ark-main\node_modules\es-abstract\2015\SetFunctionName.js'

npm warn tar TAR_ENTRY_ERROR ENOENT: no such file or directory, open 
'C:\Users\motaung\Desktop\Ark-main\Ark-main\node_modules\es-abstract\2016\SetFunctionName.js'

npm warn tar TAR_ENTRY_ERROR ENOENT: no such file or directory, open 
'C:\Users\motaung\Desktop\Ark-main\Ark-main\node_modules\es-abstract\2017\SetFunctionName.js'

npm warn tar TAR_ENTRY_ERROR ENOENT: no such file or directory, open 
'C:\Users\motaung\Desktop\Ark-main\Ark-main\node_modules\next\dist\compiled\node-html-parser\index.js'

npm warn tar TAR_ENTRY_ERROR ENOENT: no such file or directory, open 
'C:\Users\motaung\Desktop\Ark-main\Ark-main\node_modules\next\dist\compiled\ora\index.js'

npm warn tar TAR_ENTRY_ERROR ENOENT: no such file or directory, open 
'C:\Users\motaung\Desktop\Ark-main\Ark-main\node_modules\next\dist\compiled\p-limit\index.js'

npm warn tar TAR_ENTRY_ERROR ENOENT: no such file or directory, open 
'C:\Users\motaung\Desktop\Ark-main\Ark-main\node_modules\next\dist\compiled\path-browserify\index.js'

npm warn tar TAR_ENTRY_ERROR ENOENT: no such file or directory, open 
'C:\Users\motaung\Desktop\Ark-main\Ark-main\node_modules\next\dist\compiled\picomatch\index.js'

npm warn tar TAR_ENTRY_ERROR ENOENT: no such file or directory, open 
'C:\Users\motaung\Desktop\Ark-main\Ark-main\node_modules\next\dist\compiled\postcss-flexbugs-fixes\index.js'

npm warn tar TAR_ENTRY_ERROR ENOENT: no such file or directory, open 
'C:\Users\motaung\Desktop\Ark-main\Ark-main\node_modules\next\dist\compiled\postcss-modules-extract-imports\index.js'

npm warn tar TAR_ENTRY_ERROR ENOENT: no such file or directory, open 
'C:\Users\motaung\Desktop\Ark-main\Ark-main\node_modules\next\dist\compiled\postcss-modules-local-by-default\index.js'

npm warn tar TAR_ENTRY_ERROR ENOENT: no such file or directory, open 
'C:\Users\motaung\Desktop\Ark-main\Ark-main\node_modules\next\dist\compiled\postcss-modules-scope\index.js'

npm warn tar TAR_ENTRY_ERROR ENOENT: no such file or directory, open 
'C:\Users\motaung\Desktop\Ark-main\Ark-main\node_modules\next\dist\compiled\postcss-modules-values\index.js'

                                                                                                                                                                                                                                                                                                                                                                                                                                                                                                                                                                                                                                                                                                                                                                                                                                                                                                                                                                                                                                                                                                                                                                                                                                                                                                                                                                                                                                                                                                                                                                                                                                                                                                                                                                                                                                                                                                                                                                                                                                                                                                                                                                                                                                                                                                                                                                                                                                                                                                                                                                                                                                                                                                                                                                                                                                                                                                                                                                                                                                                                                                                                                                                                                                                                                                                                                                                                                                                                                                                                                                                                                                                                                                                                                                                                                                                                                                                                                                                                                                                                                                                                                                                                                                                                                                                                                                                                                                                                                                                                                                                                                                                                                                                                                                                                                                                                                                                                                                                                                                                                                                                                                                                                                                                                                                                                                                                                                                                                                                                                                                                                                                                                                                                                                                                                                                                                                                                                                                                                                                                                                                                                                                                                                                                                                                                                                                                                                                                                                                                                                                                                                                                                                                                                                                                                                                                                                                                                                                                                                                                                                                                                                                                                                                                                                                                                                                                                                                                                                                                                                                                                                                                                                                                                                                                                                                                                                                                                                                                                                                                                                                                                                                                                                                                                                                                                                                                                                                                                                                                                                                                                                                                                                                                                                                                                                                                                                                                                                                                                                                                                                                                                                                                                                                                                                                                                                                                                                                                                                                                                                                                                                                                                                                                                                                                                                                                                                                                                                                                                                                                                                                                                                                                                                                                                                                                                                                                                                                                                                                                                                                                                                                                                                                                                                                                                                                                                                                                                                                                                                                                                                                                                                                                                                                                                                                                                                                                                                                                                                                                                                                                                                                                                                                                                                                                                                                                                                                                                                                                                                                                                                                                                                                                                                                                                                                                                                                                                                                                                                                                                                                                                                                                                                                                                                                                                                                                                                                                                                                                                                                                                                                                                                                                                                                                                                                                                                                                                                                                                                                                                                                                                                                                                                                                                                                                                                                                                                                                                                                                                                                                                                                                                                                                                                                                                                                                                                                                                                                                                                                                                                                                                                                                                                                                                                                                                                                                                                                                                                                                                                                                                                                                                                                                                                                                                                                                                                                                                                                                                                                                                                                                                                                                                                                                                                                                                                                                                                                                                                                                                                                                                                                                                                                                                                                                                                                                                                                                                                                                                                                                                                                                                                                                                                                                                                                                                                                                                                                                                                                                                                                                                             